Copyright 1986-2022 Xilinx, Inc. All Rights Reserved. Copyright 2022-2026 Advanced Micro Devices, Inc. All Rights Reserved.
---------------------------------------------------------------------------------------------------------------------------------------------------------------------------------
| Tool Version : Vivado v.2025.2.1 (lin64) Build 6403652 Thu Mar 19 13:47:00 MDT 2026
| Date         : Thu Sep 24 23:37:53 2026
| Host         : ubuntu running 64-bit Ubuntu 24.04.2 LTS
| Command      : report_utilization -hierarchical -file /home/engineer/fpga/worktrees/ips-fetch32/experiments/IPS-campaign/build-fetch32/reports/post_synth_utilization_hier.rpt
| Design       : rocketchip_wrapper
| Device       : xc7z020clg400-1
| Speed File   : -1
| Design State : Synthesized
---------------------------------------------------------------------------------------------------------------------------------------------------------------------------------

Utilization Design Information

Table of Contents
-----------------
1. Utilization by Hierarchy

1. Utilization by Hierarchy
---------------------------

+-------------------------------------------------------+----------------------------------------------------------------------------------------------------+------------+------------+---------+------+------+--------+--------+------------+
|                        Instance                       |                                               Module                                               | Total LUTs | Logic LUTs | LUTRAMs | SRLs |  FFs | RAMB36 | RAMB18 | DSP Blocks |
+-------------------------------------------------------+----------------------------------------------------------------------------------------------------+------------+------------+---------+------+------+--------+--------+------------+
| rocketchip_wrapper                                    |                                                                                              (top) |      14311 |      13522 |     788 |    1 | 6071 |      0 |      0 |          0 |
|   (rocketchip_wrapper)                                |                                                                                              (top) |          0 |          0 |       0 |    0 |    0 |      0 |      0 |          0 |
|   system_i                                            |                                                                                             system |        447 |        432 |      14 |    1 |  500 |      0 |      0 |          0 |
|     axi_interconnect_1                                |                                                                        system_axi_interconnect_1_0 |        404 |        390 |      14 |    0 |  460 |      0 |      0 |          0 |
|       s00_couplers                                    |                                                                            s00_couplers_imp_8CNLH6 |        404 |        390 |      14 |    0 |  460 |      0 |      0 |          0 |
|         auto_pc                                       |                                                            system_axi_interconnect_1_imp_auto_pc_0 |        404 |        390 |      14 |    0 |  460 |      0 |      0 |          0 |
|           inst                                        |      system_axi_interconnect_1_imp_auto_pc_0_axi_protocol_converter_v2_1_37_axi_protocol_converter |        404 |        390 |      14 |    0 |  460 |      0 |      0 |          0 |
|             gen_axi4_axi3.axi3_conv_inst              |                   system_axi_interconnect_1_imp_auto_pc_0_axi_protocol_converter_v2_1_37_axi3_conv |        404 |        390 |      14 |    0 |  460 |      0 |      0 |          0 |
|               USE_READ.USE_SPLIT_R.read_addr_inst     | system_axi_interconnect_1_imp_auto_pc_0_axi_protocol_converter_v2_1_37_a_axi3_conv__parameterized0 |        160 |        158 |       2 |    0 |  185 |      0 |      0 |          0 |
|                 (USE_READ.USE_SPLIT_R.read_addr_inst) | system_axi_interconnect_1_imp_auto_pc_0_axi_protocol_converter_v2_1_37_a_axi3_conv__parameterized0 |        102 |        102 |       0 |    0 |  147 |      0 |      0 |          0 |
|                 USE_R_CHANNEL.cmd_queue               |            system_axi_interconnect_1_imp_auto_pc_0_axi_data_fifo_v2_1_36_axic_fifo__parameterized1 |         58 |         56 |       2 |    0 |   38 |      0 |      0 |          0 |
|                   inst                                |             system_axi_interconnect_1_imp_auto_pc_0_axi_data_fifo_v2_1_36_fifo_gen__parameterized1 |         58 |         56 |       2 |    0 |   38 |      0 |      0 |          0 |
|               USE_WRITE.write_addr_inst               |                 system_axi_interconnect_1_imp_auto_pc_0_axi_protocol_converter_v2_1_37_a_axi3_conv |        219 |        207 |      12 |    0 |  259 |      0 |      0 |          0 |
|                 (USE_WRITE.write_addr_inst)           |                 system_axi_interconnect_1_imp_auto_pc_0_axi_protocol_converter_v2_1_37_a_axi3_conv |        102 |        102 |       0 |    0 |  157 |      0 |      0 |          0 |
|                 USE_BURSTS.cmd_queue                  |                            system_axi_interconnect_1_imp_auto_pc_0_axi_data_fifo_v2_1_36_axic_fifo |         67 |         59 |       8 |    0 |   56 |      0 |      0 |          0 |
|                   inst                                |                             system_axi_interconnect_1_imp_auto_pc_0_axi_data_fifo_v2_1_36_fifo_gen |         67 |         59 |       8 |    0 |   56 |      0 |      0 |          0 |
|                     fifo_gen_inst                     |                                    system_axi_interconnect_1_imp_auto_pc_0_fifo_generator_v13_2_14 |         43 |         35 |       8 |    0 |   56 |      0 |      0 |          0 |
|                       inst_fifo_gen                   |                              system_axi_interconnect_1_imp_auto_pc_0_fifo_generator_v13_2_14_synth |         43 |         35 |       8 |    0 |   56 |      0 |      0 |          0 |
|                         gconvfifo.rf                  |                                         system_axi_interconnect_1_imp_auto_pc_0_fifo_generator_top |         43 |         35 |       8 |    0 |   56 |      0 |      0 |          0 |
|                           grf.rf                      |                                     system_axi_interconnect_1_imp_auto_pc_0_fifo_generator_ramfifo |         43 |         35 |       8 |    0 |   56 |      0 |      0 |          0 |
|                 USE_B_CHANNEL.cmd_b_queue             |            system_axi_interconnect_1_imp_auto_pc_0_axi_data_fifo_v2_1_36_axic_fifo__parameterized0 |         50 |         46 |       4 |    0 |   46 |      0 |      0 |          0 |
|                   inst                                |             system_axi_interconnect_1_imp_auto_pc_0_axi_data_fifo_v2_1_36_fifo_gen__parameterized0 |         50 |         46 |       4 |    0 |   46 |      0 |      0 |          0 |
|   top                                                 |                                                                                                Top |      13864 |      13090 |     774 |    0 | 5571 |      0 |      0 |          0 |
|     teaching_board_top                                |                                                                                        RD2BoardTop |      13864 |      13090 |     774 |    0 | 5571 |      0 |      0 |          0 |
|       adapter                                         |                                                                                     ZynqAdapterRD2 |        709 |        555 |     154 |    0 |  545 |      0 |      0 |          0 |
|         core                                          |                                                                                 ZynqAdapterRD2Core |        454 |        300 |     154 |    0 |  380 |      0 |      0 |          0 |
|           (core)                                      |                                                                                 ZynqAdapterRD2Core |          1 |          1 |       0 |    0 |   66 |      0 |      0 |          0 |
|           Queue                                       |                                                                                           Queue_57 |        132 |        132 |       0 |    0 |   61 |      0 |      0 |          0 |
|           bdev_serdes                                 |                                                                                  BlockDeviceSerdes |        101 |        101 |       0 |    0 |  205 |      0 |      0 |          0 |
|         axi4frag                                      |                                                                                     AXI4Fragmenter |        239 |        239 |       0 |    0 |  165 |      0 |      0 |          0 |
|           (axi4frag)                                  |                                                                                     AXI4Fragmenter |          0 |          0 |       0 |    0 |   52 |      0 |      0 |          0 |
|           Queue                                       |                                                                                           Queue_59 |        114 |        114 |       0 |    0 |   38 |      0 |      0 |          0 |
|           Queue_1                                     |                                                                                        Queue_59_47 |         98 |         98 |       0 |    0 |   38 |      0 |      0 |          0 |
|       target                                          |                                                                                         RD2ZynqTop |      13155 |      12535 |     620 |    0 | 5026 |      0 |      0 |          0 |
|         (target)                                      |                                                                                         RD2ZynqTop |         57 |         57 |       0 |    0 |   52 |      0 |      0 |          0 |
|         backend                                       |                                                                                      AtomicBackend |       1138 |       1138 |       0 |    0 |  234 |      0 |      0 |          0 |
|           (backend)                                   |                                                                                      AtomicBackend |       1131 |       1131 |       0 |    0 |  231 |      0 |      0 |          0 |
|         bdevWatch                                     |                                                                                         RD2Watch_1 |         71 |         71 |       0 |    0 |   52 |      0 |      0 |          0 |
|         bh                                            |                                                                                        TLBroadcast |        585 |        393 |     192 |    0 |  225 |      0 |      0 |          0 |
|           TLBroadcastTracker_3                        |                                                                               TLBroadcastTracker_3 |        101 |         53 |      48 |    0 |   52 |      0 |      0 |          0 |
|             o_data                                    |                                                                                            Queue_7 |         90 |         42 |      48 |    0 |    7 |      0 |      0 |          0 |
|           TLBroadcastTracker                          |                                                                                 TLBroadcastTracker |         85 |         37 |      48 |    0 |   52 |      0 |      0 |          0 |
|             o_data                                    |                                                                                         Queue_7_42 |         74 |         26 |      48 |    0 |    7 |      0 |      0 |          0 |
|           TLBroadcastTracker_1                        |                                                                               TLBroadcastTracker_1 |        187 |        139 |      48 |    0 |   52 |      0 |      0 |          0 |
|             o_data                                    |                                                                                         Queue_7_41 |        177 |        129 |      48 |    0 |    7 |      0 |      0 |          0 |
|           TLBroadcastTracker_2                        |                                                                               TLBroadcastTracker_2 |        199 |        151 |      48 |    0 |   52 |      0 |      0 |          0 |
|             o_data                                    |                                                                                         Queue_7_40 |        188 |        140 |      48 |    0 |    7 |      0 |      0 |          0 |
|         bootrom                                       |                                                                                              TLROM |        365 |        365 |       0 |    0 |    0 |      0 |      0 |          0 |
|         bridgeV2                                      |                                                                                        RD2BridgeV2 |        570 |        570 |       0 |    0 |  251 |      0 |      0 |          0 |
|         clint                                         |                                                                                              CLINT |          3 |          3 |       0 |    0 |   64 |      0 |      0 |          0 |
|         controller                                    |                                                                           RD2BlockDeviceController |        518 |        514 |       4 |    0 |  452 |      0 |      0 |          0 |
|           frontend                                    |                                                                                BlockDeviceFrontend |        129 |        129 |       0 |    0 |  219 |      0 |      0 |          0 |
|             (frontend)                                |                                                                                BlockDeviceFrontend |          0 |          0 |       0 |    0 |  129 |      0 |      0 |          0 |
|             Queue                                     |                                                                                           Queue_47 |        129 |        129 |       0 |    0 |   90 |      0 |      0 |          0 |
|           trackers                                    |                                                                                 BlockDeviceTracker |        206 |        206 |       0 |    0 |  112 |      0 |      0 |          0 |
|           trackers_1                                  |                                                                              BlockDeviceTracker_38 |        162 |        162 |       0 |    0 |  112 |      0 |      0 |          0 |
|         cpuV2                                         |                                                                                      TeachingCpuV2 |       6180 |       6092 |      88 |    0 | 2327 |      0 |      0 |          0 |
|           (cpuV2)                                     |                                                                                      TeachingCpuV2 |       1169 |       1169 |       0 |    0 |    0 |      0 |      0 |          0 |
|           core                                        |                                                                                          tcpu_core |       5016 |       4928 |      88 |    0 | 2327 |      0 |      0 |          0 |
|             (core)                                    |                                                                                          tcpu_core |        305 |        305 |       0 |    0 |  827 |      0 |      0 |          0 |
|             csrfile                                   |                                                                                           tcpu_csr |       1103 |       1103 |       0 |    0 |  848 |      0 |      0 |          0 |
|             muldiv                                    |                                                                                        tcpu_muldiv |        890 |        890 |       0 |    0 |  466 |      0 |      0 |          0 |
|             ptw                                       |                                                                                           tcpu_ptw |        256 |        256 |       0 |    0 |  186 |      0 |      0 |          0 |
|             rf                                        |                                                                                       tcpu_regfile |       2462 |       2374 |      88 |    0 |    0 |      0 |      0 |          0 |
|         mbus                                          |                                                                                          MemoryBus |        301 |        301 |       0 |    0 |  394 |      0 |      0 |          0 |
|           coupler_to_memory_controller_named_axi4     |                                                                                SimpleLazyModule_16 |        301 |        301 |       0 |    0 |  394 |      0 |      0 |          0 |
|             axi4yank                                  |                                                                                     AXI4UserYanker |        132 |        132 |       0 |    0 |  256 |      0 |      0 |          0 |
|             tl2axi4                                   |                                                                                           TLToAXI4 |        169 |        169 |       0 |    0 |  138 |      0 |      0 |          0 |
|               Queue_1                                 |                                                                                           Queue_44 |         82 |         82 |       0 |    0 |   42 |      0 |      0 |          0 |
|               Queue                                   |                                                                                           Queue_43 |         57 |         57 |       0 |    0 |   74 |      0 |      0 |          0 |
|         pbus                                          |                                                                                       PeripheryBus |       1706 |       1438 |     268 |    0 |  401 |      0 |      0 |          0 |
|           coupler_from_sbus                           |                                                                                 SimpleLazyModule_7 |        705 |        573 |     132 |    0 |  196 |      0 |      0 |          0 |
|             atomics                                   |                                                                                   TLAtomicAutomata |        468 |        468 |       0 |    0 |  190 |      0 |      0 |          0 |
|             buffer                                    |                                                                                       TLBuffer_5_4 |        237 |        105 |     132 |    0 |    6 |      0 |      0 |          0 |
|               Queue                                   |                                                                                          Queue_2_5 |        175 |         95 |      80 |    0 |    3 |      0 |      0 |          0 |
|               Queue_1                                 |                                                                                          Queue_3_6 |         62 |         10 |      52 |    0 |    3 |      0 |      0 |          0 |
|           coupler_to_slave_named_clint                |                                                                                 SimpleLazyModule_9 |        127 |        127 |       0 |    0 |   31 |      0 |      0 |          0 |
|             fragmenter                                |                                                                                   TLFragmenter_1_2 |        127 |        127 |       0 |    0 |   31 |      0 |      0 |          0 |
|               Repeater                                |                                                                                       Repeater_1_3 |        126 |        126 |       0 |    0 |   22 |      0 |      0 |          0 |
|           coupler_to_slave_named_debug                |                                                                                SimpleLazyModule_10 |         76 |         76 |       0 |    0 |   27 |      0 |      0 |          0 |
|             fragmenter                                |                                                                                     TLFragmenter_2 |         76 |         76 |       0 |    0 |   27 |      0 |      0 |          0 |
|               Repeater                                |                                                                                         Repeater_2 |         70 |         70 |       0 |    0 |   18 |      0 |      0 |          0 |
|           coupler_to_slave_named_rd2clint             |                                                                               SimpleLazyModule_9_1 |         64 |         64 |       0 |    0 |   31 |      0 |      0 |          0 |
|             fragmenter                                |                                                                                     TLFragmenter_1 |         64 |         64 |       0 |    0 |   31 |      0 |      0 |          0 |
|               Repeater                                |                                                                                         Repeater_1 |         63 |         63 |       0 |    0 |   22 |      0 |      0 |          0 |
|           periphery_bus_xbar                          |                                                                                           TLXbar_1 |        316 |        316 |       0 |    0 |   14 |      0 |      0 |          0 |
|           sync_xing                                   |                                                                                         TLBuffer_5 |        318 |        182 |     136 |    0 |    6 |      0 |      0 |          0 |
|             Queue                                     |                                                                                            Queue_2 |        101 |         17 |      84 |    0 |    3 |      0 |      0 |          0 |
|             Queue_1                                   |                                                                                            Queue_3 |        217 |        165 |      52 |    0 |    3 |      0 |      0 |          0 |
|         plic                                          |                                                                                             TLPLIC |         47 |         47 |       0 |    0 |   63 |      0 |      0 |          0 |
|         rd2clint                                      |                                                                                           RD2Clint |         95 |         95 |       0 |    0 |  129 |      0 |      0 |          0 |
|         rd2serial                                     |                                                                                   RD2SerialAdapter |        581 |        581 |       0 |    0 |  231 |      0 |      0 |          0 |
|         sbus                                          |                                                                                          SystemBus |        841 |        821 |      20 |    0 |  117 |      0 |      0 |          0 |
|           coupler_to_slave_named_Error                |                                                                                 SimpleLazyModule_3 |         59 |         39 |      20 |    0 |    6 |      0 |      0 |          0 |
|             buffer                                    |                                                                                         TLBuffer_1 |         59 |         39 |      20 |    0 |    6 |      0 |      0 |          0 |
|           system_bus_xbar                             |                                                                                             TLXbar |        782 |        782 |       0 |    0 |  111 |      0 |      0 |          0 |
+-------------------------------------------------------+----------------------------------------------------------------------------------------------------+------------+------------+---------+------+------+--------+--------+------------+


