  evidence bundle /home/engineer/fpga/worktrees/pipe-dual/experiments/pipeline/p4c/ws/sessions/session-pipedual-20261001T002837Z/memory: session 1e44b36c-0340-4c30-9d18-cb02e55602d6, digest bf9add88b6b45512
  memory preflight: re-run now, accepted
  board's live boot id: 1e44b36c-0340-4c30-9d18-cb02e55602d6
  roles bound to exact paths: disk at start=/root/xv6run/fs-run.img, host binary=/root/xv6run/fesvr-teaching-static, kernel=/root/xv6run/kernel-dual-128mib
  3 deployment files hashed on the board, all as approved
  [phase    0.00s] commands: begin
  [    5.4s] kernel banner: seen
  [    9.6s] init started / first prompt: seen
  [    9.6s] shell prompt: seen
  [    9.6s] typed: 'b0compute'
  [   11.7s] command b0compute: ok
  [   11.7s] typed: 'm3par2'
  [   13.8s] command m3par2: ok
  [   13.8s] typed: 'm3fs'
  [   17.9s] command m3fs: ok
  [phase   14.61s] commands: end; teardown begins
  [phase   14.61s] teardown: settle pump
  [phase   15.22s] teardown: stop()
  [phase   16.86s] teardown: stop() returned 0
  [phase   16.86s] teardown: final drain
  [phase   16.86s] teardown: drain done
  [phase   18.09s] teardown: closing logs
BOARD_RUN stages=6 failed=0 host_exit=0 (deliberate-stop-after-all-commands)
