Copyright 1986-2022 Xilinx, Inc. All Rights Reserved. Copyright 2022-2026 Advanced Micro Devices, Inc. All Rights Reserved.
---------------------------------------------------------------------------------------------------------------------------------------------------------------------------------
| Tool Version : Vivado v.2025.2.1 (lin64) Build 6403652 Thu Mar 19 13:47:00 MDT 2026
| Date         : Tue Sep 29 18:06:13 2026
| Host         : ubuntu running 64-bit Ubuntu 24.04.2 LTS
| Command      : report_utilization -hierarchical -file /home/engineer/fpga/worktrees/pipe-single/experiments/pipeline/p3/runs/attempt-1/reports/post_route_utilization_hier.rpt
| Design       : rocketchip_wrapper
| Device       : xc7z020clg400-1
| Speed File   : -1
| Design State : Routed
---------------------------------------------------------------------------------------------------------------------------------------------------------------------------------

Utilization Design Information

Table of Contents
-----------------
1. Utilization by Hierarchy

1. Utilization by Hierarchy
---------------------------

+-----------------------------------------------------+----------------------------------------------------------------------------------------------------+------------+------------+---------+------+------+--------+--------+------------+
|                       Instance                      |                                               Module                                               | Total LUTs | Logic LUTs | LUTRAMs | SRLs |  FFs | RAMB36 | RAMB18 | DSP Blocks |
+-----------------------------------------------------+----------------------------------------------------------------------------------------------------+------------+------------+---------+------+------+--------+--------+------------+
| rocketchip_wrapper                                  |                                                                                              (top) |      18208 |      17245 |     962 |    1 | 9154 |      0 |      0 |          0 |
|   (rocketchip_wrapper)                              |                                                                                              (top) |          0 |          0 |       0 |    0 |    0 |      0 |      0 |          0 |
|   system_i                                          |                                                                                             system |        202 |        187 |      14 |    1 |  321 |      0 |      0 |          0 |
|     axi_interconnect_1                              |                                                                        system_axi_interconnect_1_0 |        185 |        171 |      14 |    0 |  288 |      0 |      0 |          0 |
|       s00_couplers                                  |                                                                            s00_couplers_imp_8CNLH6 |        185 |        171 |      14 |    0 |  288 |      0 |      0 |          0 |
|         auto_pc                                     |                                                            system_axi_interconnect_1_imp_auto_pc_0 |        185 |        171 |      14 |    0 |  288 |      0 |      0 |          0 |
|           inst                                      |      system_axi_interconnect_1_imp_auto_pc_0_axi_protocol_converter_v2_1_37_axi_protocol_converter |        185 |        171 |      14 |    0 |  288 |      0 |      0 |          0 |
|             gen_axi4_axi3.axi3_conv_inst            |                   system_axi_interconnect_1_imp_auto_pc_0_axi_protocol_converter_v2_1_37_axi3_conv |        185 |        171 |      14 |    0 |  288 |      0 |      0 |          0 |
|               (USE_READ.USE_SPLIT_R.read_addr_inst) | system_axi_interconnect_1_imp_auto_pc_0_axi_protocol_converter_v2_1_37_a_axi3_conv__parameterized0 |          8 |          8 |       0 |    0 |   61 |      0 |      0 |          0 |
|               USE_WRITE.write_addr_inst             |                 system_axi_interconnect_1_imp_auto_pc_0_axi_protocol_converter_v2_1_37_a_axi3_conv |        105 |         93 |      12 |    0 |  173 |      0 |      0 |          0 |
|                 (USE_WRITE.write_addr_inst)         |                 system_axi_interconnect_1_imp_auto_pc_0_axi_protocol_converter_v2_1_37_a_axi3_conv |         13 |         13 |       0 |    0 |   71 |      0 |      0 |          0 |
|                 USE_BURSTS.cmd_queue                |                            system_axi_interconnect_1_imp_auto_pc_0_axi_data_fifo_v2_1_36_axic_fifo |         52 |         44 |       8 |    0 |   56 |      0 |      0 |          0 |
|                   inst                              |                             system_axi_interconnect_1_imp_auto_pc_0_axi_data_fifo_v2_1_36_fifo_gen |         52 |         44 |       8 |    0 |   56 |      0 |      0 |          0 |
|                     fifo_gen_inst                   |                                    system_axi_interconnect_1_imp_auto_pc_0_fifo_generator_v13_2_14 |         33 |         25 |       8 |    0 |   56 |      0 |      0 |          0 |
|                       inst_fifo_gen                 |                              system_axi_interconnect_1_imp_auto_pc_0_fifo_generator_v13_2_14_synth |         33 |         25 |       8 |    0 |   56 |      0 |      0 |          0 |
|                         gconvfifo.rf                |                                         system_axi_interconnect_1_imp_auto_pc_0_fifo_generator_top |         33 |         25 |       8 |    0 |   56 |      0 |      0 |          0 |
|                           grf.rf                    |                                     system_axi_interconnect_1_imp_auto_pc_0_fifo_generator_ramfifo |         33 |         25 |       8 |    0 |   56 |      0 |      0 |          0 |
|   top                                               |                                                                                                Top |      18006 |      17058 |     948 |    0 | 8833 |      0 |      0 |          0 |
|     teaching_board_top                              |                                                                                        RD2BoardTop |      18006 |      17058 |     948 |    0 | 8833 |      0 |      0 |          0 |
|       adapter                                       |                                                                                     ZynqAdapterRD2 |        659 |        515 |     144 |    0 |  535 |      0 |      0 |          0 |
|         core                                        |                                                                                 ZynqAdapterRD2Core |        443 |        299 |     144 |    0 |  380 |      0 |      0 |          0 |
|           (core)                                    |                                                                                 ZynqAdapterRD2Core |          1 |          1 |       0 |    0 |   66 |      0 |      0 |          0 |
|           Queue                                     |                                                                                           Queue_57 |        131 |        131 |       0 |    0 |   61 |      0 |      0 |          0 |
|           bdev_serdes                               |                                                                                  BlockDeviceSerdes |        101 |        101 |       0 |    0 |  205 |      0 |      0 |          0 |
|         axi4frag                                    |                                                                                     AXI4Fragmenter |        203 |        203 |       0 |    0 |  155 |      0 |      0 |          0 |
|           (axi4frag)                                |                                                                                     AXI4Fragmenter |          0 |          0 |       0 |    0 |   52 |      0 |      0 |          0 |
|           Queue                                     |                                                                                           Queue_59 |         96 |         96 |       0 |    0 |   33 |      0 |      0 |          0 |
|           Queue_1                                   |                                                                                        Queue_59_47 |         80 |         80 |       0 |    0 |   33 |      0 |      0 |          0 |
|       target                                        |                                                                                         RD2ZynqTop |      17350 |      16546 |     804 |    0 | 8298 |      0 |      0 |          0 |
|         (target)                                    |                                                                                         RD2ZynqTop |         28 |         28 |       0 |    0 |   52 |      0 |      0 |          0 |
|         backend                                     |                                                                                      AtomicBackend |       1130 |       1130 |       0 |    0 |  235 |      0 |      0 |          0 |
|           (backend)                                 |                                                                                      AtomicBackend |       1122 |       1122 |       0 |    0 |  232 |      0 |      0 |          0 |
|         bdevWatch                                   |                                                                                         RD2Watch_1 |         62 |         62 |       0 |    0 |   50 |      0 |      0 |          0 |
|         bh                                          |                                                                                        TLBroadcast |        563 |        371 |     192 |    0 |  225 |      0 |      0 |          0 |
|           TLBroadcastTracker_3                      |                                                                               TLBroadcastTracker_3 |        178 |        130 |      48 |    0 |   52 |      0 |      0 |          0 |
|             o_data                                  |                                                                                            Queue_7 |        166 |        118 |      48 |    0 |    7 |      0 |      0 |          0 |
|           TLBroadcastTracker                        |                                                                                 TLBroadcastTracker |        222 |        174 |      48 |    0 |   52 |      0 |      0 |          0 |
|             o_data                                  |                                                                                         Queue_7_42 |        209 |        161 |      48 |    0 |    7 |      0 |      0 |          0 |
|           TLBroadcastTracker_1                      |                                                                               TLBroadcastTracker_1 |         78 |         30 |      48 |    0 |   52 |      0 |      0 |          0 |
|             o_data                                  |                                                                                         Queue_7_41 |         68 |         20 |      48 |    0 |    7 |      0 |      0 |          0 |
|           TLBroadcastTracker_2                      |                                                                               TLBroadcastTracker_2 |         78 |         30 |      48 |    0 |   52 |      0 |      0 |          0 |
|             o_data                                  |                                                                                         Queue_7_40 |         61 |         13 |      48 |    0 |    7 |      0 |      0 |          0 |
|         clint                                       |                                                                                              CLINT |          3 |          3 |       0 |    0 |   64 |      0 |      0 |          0 |
|         controller                                  |                                                                           RD2BlockDeviceController |        542 |        538 |       4 |    0 |  452 |      0 |      0 |          0 |
|           frontend                                  |                                                                                BlockDeviceFrontend |        118 |        118 |       0 |    0 |  219 |      0 |      0 |          0 |
|             (frontend)                              |                                                                                BlockDeviceFrontend |          0 |          0 |       0 |    0 |  129 |      0 |      0 |          0 |
|             Queue                                   |                                                                                           Queue_47 |        118 |        118 |       0 |    0 |   90 |      0 |      0 |          0 |
|           trackers                                  |                                                                                 BlockDeviceTracker |        233 |        233 |       0 |    0 |  112 |      0 |      0 |          0 |
|           trackers_1                                |                                                                              BlockDeviceTracker_38 |        166 |        166 |       0 |    0 |  112 |      0 |      0 |          0 |
|         harts                                       |                                                                                       TeachingHart |      11093 |      10805 |     288 |    0 | 5855 |      0 |      0 |          0 |
|           bridge                                    |                                                                                        RD2BridgeV2 |        268 |        268 |       0 |    0 |  251 |      0 |      0 |          0 |
|           cpu                                       |                                                                                      TeachingCpuV2 |      10826 |      10538 |     288 |    0 | 5604 |      0 |      0 |          0 |
|             core                                    |                                                                                     tcpu_core_pipe |      10826 |      10538 |     288 |    0 | 5604 |      0 |      0 |          0 |
|               (core)                                |                                                                                     tcpu_core_pipe |       3329 |       3329 |       0 |    0 | 3381 |      0 |      0 |          0 |
|               csrfile                               |                                                                                           tcpu_csr |       1731 |       1731 |       0 |    0 |  848 |      0 |      0 |          0 |
|               g_md.muldiv                           |                                                                                        tcpu_muldiv |       1696 |       1696 |       0 |    0 |  466 |      0 |      0 |          0 |
|               g_sv39.tlb                            |                                                                                          tcpu_tlb2 |        789 |        789 |       0 |    0 |  643 |      0 |      0 |          0 |
|               g_sv39.walk                           |                                                                                      tcpu_ptw_wrap |        791 |        791 |       0 |    0 |  202 |      0 |      0 |          0 |
|                 (g_sv39.walk)                       |                                                                                      tcpu_ptw_wrap |        100 |        100 |       0 |    0 |   32 |      0 |      0 |          0 |
|                 walker                              |                                                                                           tcpu_ptw |        691 |        691 |       0 |    0 |  170 |      0 |      0 |          0 |
|               icache                                |                                                                                        tcpu_icache |       2265 |       2065 |     200 |    0 |   64 |      0 |      0 |          0 |
|               rf                                    |                                                                                       tcpu_regfile |        245 |        157 |      88 |    0 |    0 |      0 |      0 |          0 |
|         mbus                                        |                                                                                          MemoryBus |        245 |        245 |       0 |    0 |  393 |      0 |      0 |          0 |
|           coupler_to_memory_controller_named_axi4   |                                                                                SimpleLazyModule_16 |        245 |        245 |       0 |    0 |  393 |      0 |      0 |          0 |
|             axi4yank                                |                                                                                     AXI4UserYanker |        121 |        121 |       0 |    0 |  256 |      0 |      0 |          0 |
|             tl2axi4                                 |                                                                                           TLToAXI4 |        124 |        124 |       0 |    0 |  137 |      0 |      0 |          0 |
|               Queue_1                               |                                                                                           Queue_44 |         68 |         68 |       0 |    0 |   42 |      0 |      0 |          0 |
|               Queue                                 |                                                                                           Queue_43 |         21 |         21 |       0 |    0 |   73 |      0 |      0 |          0 |
|         pbus                                        |                                                                                       PeripheryBus |       1845 |       1585 |     260 |    0 |  401 |      0 |      0 |          0 |
|           coupler_from_sbus                         |                                                                                 SimpleLazyModule_7 |        683 |        555 |     128 |    0 |  196 |      0 |      0 |          0 |
|             atomics                                 |                                                                                   TLAtomicAutomata |        451 |        451 |       0 |    0 |  190 |      0 |      0 |          0 |
|             buffer                                  |                                                                                       TLBuffer_5_4 |        233 |        105 |     128 |    0 |    6 |      0 |      0 |          0 |
|               Queue                                 |                                                                                          Queue_2_5 |        174 |         96 |      78 |    0 |    3 |      0 |      0 |          0 |
|               Queue_1                               |                                                                                          Queue_3_6 |         59 |          9 |      50 |    0 |    3 |      0 |      0 |          0 |
|           coupler_to_slave_named_bootrom            |                                                                                SimpleLazyModule_11 |        460 |        460 |       0 |    0 |   28 |      0 |      0 |          0 |
|             fragmenter                              |                                                                                     TLFragmenter_3 |        460 |        460 |       0 |    0 |   28 |      0 |      0 |          0 |
|               Repeater                              |                                                                                         Repeater_3 |        460 |        460 |       0 |    0 |   19 |      0 |      0 |          0 |
|           coupler_to_slave_named_clint              |                                                                                 SimpleLazyModule_9 |        192 |        192 |       0 |    0 |   31 |      0 |      0 |          0 |
|             fragmenter                              |                                                                                   TLFragmenter_1_2 |        192 |        192 |       0 |    0 |   31 |      0 |      0 |          0 |
|               Repeater                              |                                                                                       Repeater_1_3 |        192 |        192 |       0 |    0 |   22 |      0 |      0 |          0 |
|           coupler_to_slave_named_rd2clint           |                                                                               SimpleLazyModule_9_1 |         62 |         62 |       0 |    0 |   31 |      0 |      0 |          0 |
|             fragmenter                              |                                                                                     TLFragmenter_1 |         62 |         62 |       0 |    0 |   31 |      0 |      0 |          0 |
|               Repeater                              |                                                                                         Repeater_1 |         62 |         62 |       0 |    0 |   22 |      0 |      0 |          0 |
|           periphery_bus_xbar                        |                                                                                           TLXbar_1 |        192 |        192 |       0 |    0 |   14 |      0 |      0 |          0 |
|           sync_xing                                 |                                                                                         TLBuffer_5 |        160 |         28 |     132 |    0 |    6 |      0 |      0 |          0 |
|             Queue                                   |                                                                                            Queue_2 |         95 |         13 |      82 |    0 |    3 |      0 |      0 |          0 |
|             Queue_1                                 |                                                                                            Queue_3 |         65 |         15 |      50 |    0 |    3 |      0 |      0 |          0 |
|         plic                                        |                                                                                             TLPLIC |         45 |         45 |       0 |    0 |   63 |      0 |      0 |          0 |
|         rd2clint                                    |                                                                                           RD2Clint |         95 |         95 |       0 |    0 |  129 |      0 |      0 |          0 |
|         rd2serial                                   |                                                                                   RD2SerialAdapter |        595 |        595 |       0 |    0 |  231 |      0 |      0 |          0 |
|         sbus                                        |                                                                                          SystemBus |       1008 |        992 |      16 |    0 |  114 |      0 |      0 |          0 |
|           system_bus_xbar                           |                                                                                             TLXbar |        962 |        962 |       0 |    0 |  108 |      0 |      0 |          0 |
+-----------------------------------------------------+----------------------------------------------------------------------------------------------------+------------+------------+---------+------+------+--------+--------+------------+
* Note: The sum of lower-level cells may be larger than their parent cells total, due to cross-hierarchy LUT combining


