### 05:00:10 cache.bit.bin -> /root/xv6run/cache.bit.bin: 4045564 bytes, sha256 79a114aed6ab0895
mkdir -p $(dirname /root/xv6run/cache.bit.bin); echo __R610508__=$?
__R610508__=0
~ # stty -echo ixoff; echo __R611015__=$?
__R611015__=0
~ # ### 05:00:12 128/5394088 b64 chars, 9.6 KB/s, eta 9.1 min
### 05:00:14 25728/5394088 b64 chars, 11.2 KB/s, eta 7.8 min
### 05:00:16 51328/5394088 b64 chars, 11.2 KB/s, eta 7.8 min
### 05:00:18 76928/5394088 b64 chars, 11.2 KB/s, eta 7.8 min
### 05:00:20 102528/5394088 b64 chars, 11.2 KB/s, eta 7.7 min
### 05:00:23 128128/5394088 b64 chars, 11.2 KB/s, eta 7.7 min
### 05:00:25 153728/5394088 b64 chars, 11.2 KB/s, eta 7.6 min
### 05:00:27 179328/5394088 b64 chars, 11.2 KB/s, eta 7.6 min
### 05:00:29 204928/5394088 b64 chars, 11.2 KB/s, eta 7.6 min
### 05:00:32 230528/5394088 b64 chars, 11.2 KB/s, eta 7.5 min
### 05:00:34 256128/5394088 b64 chars, 11.2 KB/s, eta 7.5 min
### 05:00:36 281728/5394088 b64 chars, 11.2 KB/s, eta 7.5 min
### 05:00:38 307328/5394088 b64 chars, 11.2 KB/s, eta 7.4 min
### 05:00:41 332928/5394088 b64 chars, 11.2 KB/s, eta 7.4 min
### 05:00:43 358528/5394088 b64 chars, 11.2 KB/s, eta 7.3 min
### 05:00:45 384128/5394088 b64 chars, 11.2 KB/s, eta 7.3 min
### 05:00:47 409728/5394088 b64 chars, 11.2 KB/s, eta 7.3 min
### 05:00:50 435328/5394088 b64 chars, 11.2 KB/s, eta 7.2 min
### 05:00:52 460928/5394088 b64 chars, 11.2 KB/s, eta 7.2 min
### 05:00:54 486528/5394088 b64 chars, 11.2 KB/s, eta 7.2 min
### 05:00:56 512128/5394088 b64 chars, 11.2 KB/s, eta 7.1 min
### 05:00:59 537728/5394088 b64 chars, 11.2 KB/s, eta 7.1 min
### 05:01:01 563328/5394088 b64 chars, 11.2 KB/s, eta 7.0 min
### 05:01:03 588928/5394088 b64 chars, 11.2 KB/s, eta 7.0 min
### 05:01:05 614528/5394088 b64 chars, 11.2 KB/s, eta 7.0 min
### 05:01:08 640128/5394088 b64 chars, 11.2 KB/s, eta 6.9 min
### 05:01:10 665728/5394088 b64 chars, 11.2 KB/s, eta 6.9 min
### 05:01:12 691328/5394088 b64 chars, 11.2 KB/s, eta 6.9 min
### 05:01:14 716928/5394088 b64 chars, 11.2 KB/s, eta 6.8 min
### 05:01:16 742528/5394088 b64 chars, 11.2 KB/s, eta 6.8 min
### 05:01:19 768128/5394088 b64 chars, 11.2 KB/s, eta 6.7 min
### 05:01:21 793728/5394088 b64 chars, 11.2 KB/s, eta 6.7 min
### 05:01:23 819328/5394088 b64 chars, 11.2 KB/s, eta 6.7 min
### 05:01:25 844928/5394088 b64 chars, 11.2 KB/s, eta 6.6 min
### 05:01:28 870528/5394088 b64 chars, 11.2 KB/s, eta 6.6 min
### 05:01:30 896128/5394088 b64 chars, 11.2 KB/s, eta 6.6 min
### 05:01:32 921728/5394088 b64 chars, 11.2 KB/s, eta 6.5 min
### 05:01:34 947328/5394088 b64 chars, 11.2 KB/s, eta 6.5 min
### 05:01:37 972928/5394088 b64 chars, 11.2 KB/s, eta 6.4 min
### 05:01:39 998528/5394088 b64 chars, 11.2 KB/s, eta 6.4 min
### 05:01:41 1024128/5394088 b64 chars, 11.2 KB/s, eta 6.4 min
### 05:01:43 1049728/5394088 b64 chars, 11.2 KB/s, eta 6.3 min
### 05:01:46 1075328/5394088 b64 chars, 11.2 KB/s, eta 6.3 min
### 05:01:48 1100928/5394088 b64 chars, 11.2 KB/s, eta 6.3 min
### 05:01:50 1126528/5394088 b64 chars, 11.2 KB/s, eta 6.2 min
### 05:01:52 1152128/5394088 b64 chars, 11.2 KB/s, eta 6.2 min
### 05:01:55 1177728/5394088 b64 chars, 11.2 KB/s, eta 6.1 min
### 05:01:57 1203328/5394088 b64 chars, 11.2 KB/s, eta 6.1 min
### 05:01:59 1228928/5394088 b64 chars, 11.2 KB/s, eta 6.1 min
### 05:02:01 1254528/5394088 b64 chars, 11.2 KB/s, eta 6.0 min
### 05:02:04 1280128/5394088 b64 chars, 11.2 KB/s, eta 6.0 min
### 05:02:06 1305728/5394088 b64 chars, 11.2 KB/s, eta 6.0 min
### 05:02:08 1331328/5394088 b64 chars, 11.2 KB/s, eta 5.9 min
### 05:02:10 1356928/5394088 b64 chars, 11.2 KB/s, eta 5.9 min
### 05:02:12 1382528/5394088 b64 chars, 11.2 KB/s, eta 5.8 min
### 05:02:15 1408128/5394088 b64 chars, 11.2 KB/s, eta 5.8 min
### 05:02:17 1433728/5394088 b64 chars, 11.2 KB/s, eta 5.8 min
### 05:02:19 1459328/5394088 b64 chars, 11.2 KB/s, eta 5.7 min
### 05:02:21 1484928/5394088 b64 chars, 11.2 KB/s, eta 5.7 min
### 05:02:24 1510528/5394088 b64 chars, 11.2 KB/s, eta 5.7 min
### 05:02:26 1536128/5394088 b64 chars, 11.2 KB/s, eta 5.6 min
### 05:02:28 1561728/5394088 b64 chars, 11.2 KB/s, eta 5.6 min
### 05:02:30 1587328/5394088 b64 chars, 11.2 KB/s, eta 5.6 min
### 05:02:33 1612928/5394088 b64 chars, 11.2 KB/s, eta 5.5 min
### 05:02:35 1638528/5394088 b64 chars, 11.2 KB/s, eta 5.5 min
### 05:02:37 1664128/5394088 b64 chars, 11.2 KB/s, eta 5.4 min
### 05:02:39 1689728/5394088 b64 chars, 11.2 KB/s, eta 5.4 min
### 05:02:42 1715328/5394088 b64 chars, 11.2 KB/s, eta 5.4 min
### 05:02:44 1740928/5394088 b64 chars, 11.2 KB/s, eta 5.3 min
### 05:02:46 1766528/5394088 b64 chars, 11.2 KB/s, eta 5.3 min
### 05:02:48 1792128/5394088 b64 chars, 11.2 KB/s, eta 5.3 min
### 05:02:51 1817728/5394088 b64 chars, 11.2 KB/s, eta 5.2 min
### 05:02:53 1843328/5394088 b64 chars, 11.2 KB/s, eta 5.2 min
### 05:02:55 1868928/5394088 b64 chars, 11.2 KB/s, eta 5.1 min
### 05:02:57 1894528/5394088 b64 chars, 11.2 KB/s, eta 5.1 min
### 05:02:59 1920128/5394088 b64 chars, 11.2 KB/s, eta 5.1 min
### 05:03:02 1945728/5394088 b64 chars, 11.2 KB/s, eta 5.0 min
### 05:03:04 1971328/5394088 b64 chars, 11.2 KB/s, eta 5.0 min
### 05:03:06 1996928/5394088 b64 chars, 11.2 KB/s, eta 5.0 min
### 05:03:08 2022528/5394088 b64 chars, 11.2 KB/s, eta 4.9 min
### 05:03:11 2048128/5394088 b64 chars, 11.2 KB/s, eta 4.9 min
### 05:03:13 2073728/5394088 b64 chars, 11.2 KB/s, eta 4.8 min
### 05:03:15 2099328/5394088 b64 chars, 11.2 KB/s, eta 4.8 min
### 05:03:17 2124928/5394088 b64 chars, 11.2 KB/s, eta 4.8 min
### 05:03:20 2150528/5394088 b64 chars, 11.2 KB/s, eta 4.7 min
### 05:03:22 2176128/5394088 b64 chars, 11.2 KB/s, eta 4.7 min
### 05:03:24 2201728/5394088 b64 chars, 11.2 KB/s, eta 4.7 min
### 05:03:26 2227328/5394088 b64 chars, 11.2 KB/s, eta 4.6 min
### 05:03:29 2252928/5394088 b64 chars, 11.2 KB/s, eta 4.6 min
### 05:03:31 2278528/5394088 b64 chars, 11.2 KB/s, eta 4.5 min
### 05:03:33 2304128/5394088 b64 chars, 11.2 KB/s, eta 4.5 min
### 05:03:35 2329728/5394088 b64 chars, 11.2 KB/s, eta 4.5 min
### 05:03:38 2355328/5394088 b64 chars, 11.2 KB/s, eta 4.4 min
### 05:03:40 2380928/5394088 b64 chars, 11.2 KB/s, eta 4.4 min
### 05:03:42 2406528/5394088 b64 chars, 11.2 KB/s, eta 4.4 min
### 05:03:44 2432128/5394088 b64 chars, 11.2 KB/s, eta 4.3 min
### 05:03:47 2457728/5394088 b64 chars, 11.2 KB/s, eta 4.3 min
### 05:03:49 2483328/5394088 b64 chars, 11.2 KB/s, eta 4.2 min
### 05:03:51 2508928/5394088 b64 chars, 11.2 KB/s, eta 4.2 min
### 05:03:53 2534528/5394088 b64 chars, 11.2 KB/s, eta 4.2 min
### 05:03:55 2560128/5394088 b64 chars, 11.2 KB/s, eta 4.1 min
### 05:03:58 2585728/5394088 b64 chars, 11.2 KB/s, eta 4.1 min
### 05:04:00 2611328/5394088 b64 chars, 11.2 KB/s, eta 4.1 min
### 05:04:02 2636928/5394088 b64 chars, 11.2 KB/s, eta 4.0 min
### 05:04:04 2662528/5394088 b64 chars, 11.2 KB/s, eta 4.0 min
### 05:04:07 2688128/5394088 b64 chars, 11.2 KB/s, eta 3.9 min
### 05:04:09 2713728/5394088 b64 chars, 11.2 KB/s, eta 3.9 min
### 05:04:11 2739328/5394088 b64 chars, 11.2 KB/s, eta 3.9 min
### 05:04:13 2764928/5394088 b64 chars, 11.2 KB/s, eta 3.8 min
### 05:04:16 2790528/5394088 b64 chars, 11.2 KB/s, eta 3.8 min
### 05:04:18 2816128/5394088 b64 chars, 11.2 KB/s, eta 3.8 min
### 05:04:20 2841728/5394088 b64 chars, 11.2 KB/s, eta 3.7 min
### 05:04:22 2867328/5394088 b64 chars, 11.2 KB/s, eta 3.7 min
### 05:04:25 2892928/5394088 b64 chars, 11.2 KB/s, eta 3.6 min
### 05:04:27 2918528/5394088 b64 chars, 11.2 KB/s, eta 3.6 min
### 05:04:29 2944128/5394088 b64 chars, 11.2 KB/s, eta 3.6 min
### 05:04:31 2969728/5394088 b64 chars, 11.2 KB/s, eta 3.5 min
### 05:04:34 2995328/5394088 b64 chars, 11.2 KB/s, eta 3.5 min
### 05:04:36 3020928/5394088 b64 chars, 11.2 KB/s, eta 3.5 min
### 05:04:38 3046528/5394088 b64 chars, 11.2 KB/s, eta 3.4 min
### 05:04:40 3072128/5394088 b64 chars, 11.2 KB/s, eta 3.4 min
### 05:04:43 3097728/5394088 b64 chars, 11.2 KB/s, eta 3.3 min
### 05:04:45 3123328/5394088 b64 chars, 11.2 KB/s, eta 3.3 min
### 05:04:47 3148928/5394088 b64 chars, 11.2 KB/s, eta 3.3 min
### 05:04:49 3174528/5394088 b64 chars, 11.2 KB/s, eta 3.2 min
### 05:04:51 3200128/5394088 b64 chars, 11.2 KB/s, eta 3.2 min
### 05:04:54 3225728/5394088 b64 chars, 11.2 KB/s, eta 3.2 min
### 05:04:56 3251328/5394088 b64 chars, 11.2 KB/s, eta 3.1 min
### 05:04:58 3276928/5394088 b64 chars, 11.2 KB/s, eta 3.1 min
### 05:05:00 3302528/5394088 b64 chars, 11.2 KB/s, eta 3.0 min
### 05:05:03 3328128/5394088 b64 chars, 11.2 KB/s, eta 3.0 min
### 05:05:05 3353728/5394088 b64 chars, 11.2 KB/s, eta 3.0 min
### 05:05:07 3379328/5394088 b64 chars, 11.2 KB/s, eta 2.9 min
### 05:05:09 3404928/5394088 b64 chars, 11.2 KB/s, eta 2.9 min
### 05:05:12 3430528/5394088 b64 chars, 11.2 KB/s, eta 2.9 min
### 05:05:14 3456128/5394088 b64 chars, 11.2 KB/s, eta 2.8 min
### 05:05:16 3481728/5394088 b64 chars, 11.2 KB/s, eta 2.8 min
### 05:05:18 3507328/5394088 b64 chars, 11.2 KB/s, eta 2.8 min
### 05:05:21 3532928/5394088 b64 chars, 11.2 KB/s, eta 2.7 min
### 05:05:23 3558528/5394088 b64 chars, 11.2 KB/s, eta 2.7 min
### 05:05:25 3584128/5394088 b64 chars, 11.2 KB/s, eta 2.6 min
### 05:05:27 3609728/5394088 b64 chars, 11.2 KB/s, eta 2.6 min
### 05:05:30 3635328/5394088 b64 chars, 11.2 KB/s, eta 2.6 min
### 05:05:32 3660928/5394088 b64 chars, 11.2 KB/s, eta 2.5 min
### 05:05:34 3686528/5394088 b64 chars, 11.2 KB/s, eta 2.5 min
### 05:05:36 3712128/5394088 b64 chars, 11.2 KB/s, eta 2.5 min
### 05:05:39 3737728/5394088 b64 chars, 11.2 KB/s, eta 2.4 min
### 05:05:41 3763328/5394088 b64 chars, 11.2 KB/s, eta 2.4 min
### 05:05:43 3788928/5394088 b64 chars, 11.2 KB/s, eta 2.3 min
### 05:05:45 3814528/5394088 b64 chars, 11.2 KB/s, eta 2.3 min
### 05:05:47 3840128/5394088 b64 chars, 11.2 KB/s, eta 2.3 min
### 05:05:50 3865728/5394088 b64 chars, 11.2 KB/s, eta 2.2 min
### 05:05:52 3891328/5394088 b64 chars, 11.2 KB/s, eta 2.2 min
### 05:05:54 3916928/5394088 b64 chars, 11.2 KB/s, eta 2.2 min
### 05:05:56 3942528/5394088 b64 chars, 11.2 KB/s, eta 2.1 min
### 05:05:59 3968128/5394088 b64 chars, 11.2 KB/s, eta 2.1 min
### 05:06:01 3993728/5394088 b64 chars, 11.2 KB/s, eta 2.0 min
### 05:06:03 4019328/5394088 b64 chars, 11.2 KB/s, eta 2.0 min
### 05:06:05 4044928/5394088 b64 chars, 11.2 KB/s, eta 2.0 min
### 05:06:08 4070528/5394088 b64 chars, 11.2 KB/s, eta 1.9 min
### 05:06:10 4096128/5394088 b64 chars, 11.2 KB/s, eta 1.9 min
### 05:06:12 4121728/5394088 b64 chars, 11.2 KB/s, eta 1.9 min
### 05:06:14 4147328/5394088 b64 chars, 11.2 KB/s, eta 1.8 min
### 05:06:17 4172928/5394088 b64 chars, 11.2 KB/s, eta 1.8 min
### 05:06:19 4198528/5394088 b64 chars, 11.2 KB/s, eta 1.7 min
### 05:06:21 4224128/5394088 b64 chars, 11.2 KB/s, eta 1.7 min
### 05:06:23 4249728/5394088 b64 chars, 11.2 KB/s, eta 1.7 min
### 05:06:26 4275328/5394088 b64 chars, 11.2 KB/s, eta 1.6 min
### 05:06:28 4300928/5394088 b64 chars, 11.2 KB/s, eta 1.6 min
### 05:06:30 4326528/5394088 b64 chars, 11.2 KB/s, eta 1.6 min
### 05:06:32 4352128/5394088 b64 chars, 11.2 KB/s, eta 1.5 min
### 05:06:34 4377728/5394088 b64 chars, 11.2 KB/s, eta 1.5 min
### 05:06:37 4403328/5394088 b64 chars, 11.2 KB/s, eta 1.4 min
### 05:06:39 4428928/5394088 b64 chars, 11.2 KB/s, eta 1.4 min
### 05:06:41 4454528/5394088 b64 chars, 11.2 KB/s, eta 1.4 min
### 05:06:43 4480128/5394088 b64 chars, 11.2 KB/s, eta 1.3 min
### 05:06:46 4505728/5394088 b64 chars, 11.2 KB/s, eta 1.3 min
### 05:06:48 4531328/5394088 b64 chars, 11.2 KB/s, eta 1.3 min
### 05:06:50 4556928/5394088 b64 chars, 11.2 KB/s, eta 1.2 min
### 05:06:52 4582528/5394088 b64 chars, 11.2 KB/s, eta 1.2 min
### 05:06:55 4608128/5394088 b64 chars, 11.2 KB/s, eta 1.1 min
### 05:06:57 4633728/5394088 b64 chars, 11.2 KB/s, eta 1.1 min
### 05:06:59 4659328/5394088 b64 chars, 11.2 KB/s, eta 1.1 min
### 05:07:01 4684928/5394088 b64 chars, 11.2 KB/s, eta 1.0 min
### 05:07:04 4710528/5394088 b64 chars, 11.2 KB/s, eta 1.0 min
### 05:07:06 4736128/5394088 b64 chars, 11.2 KB/s, eta 1.0 min
### 05:07:08 4761728/5394088 b64 chars, 11.2 KB/s, eta 0.9 min
### 05:07:10 4787328/5394088 b64 chars, 11.2 KB/s, eta 0.9 min
### 05:07:13 4812928/5394088 b64 chars, 11.2 KB/s, eta 0.8 min
### 05:07:15 4838528/5394088 b64 chars, 11.2 KB/s, eta 0.8 min
### 05:07:17 4864128/5394088 b64 chars, 11.2 KB/s, eta 0.8 min
### 05:07:19 4889728/5394088 b64 chars, 11.2 KB/s, eta 0.7 min
### 05:07:22 4915328/5394088 b64 chars, 11.2 KB/s, eta 0.7 min
### 05:07:24 4940928/5394088 b64 chars, 11.2 KB/s, eta 0.7 min
### 05:07:26 4966528/5394088 b64 chars, 11.2 KB/s, eta 0.6 min
### 05:07:28 4992128/5394088 b64 chars, 11.2 KB/s, eta 0.6 min
### 05:07:30 5017728/5394088 b64 chars, 11.2 KB/s, eta 0.5 min
### 05:07:33 5043328/5394088 b64 chars, 11.2 KB/s, eta 0.5 min
### 05:07:35 5068928/5394088 b64 chars, 11.2 KB/s, eta 0.5 min
### 05:07:37 5094528/5394088 b64 chars, 11.2 KB/s, eta 0.4 min
### 05:07:39 5120128/5394088 b64 chars, 11.2 KB/s, eta 0.4 min
### 05:07:42 5145728/5394088 b64 chars, 11.2 KB/s, eta 0.4 min
### 05:07:44 5171328/5394088 b64 chars, 11.2 KB/s, eta 0.3 min
### 05:07:46 5196928/5394088 b64 chars, 11.2 KB/s, eta 0.3 min
### 05:07:48 5222528/5394088 b64 chars, 11.2 KB/s, eta 0.3 min
### 05:07:51 5248128/5394088 b64 chars, 11.2 KB/s, eta 0.2 min
### 05:07:53 5273728/5394088 b64 chars, 11.2 KB/s, eta 0.2 min
### 05:07:55 5299328/5394088 b64 chars, 11.2 KB/s, eta 0.1 min
### 05:07:57 5324928/5394088 b64 chars, 11.2 KB/s, eta 0.1 min
### 05:08:00 5350528/5394088 b64 chars, 11.2 KB/s, eta 0.1 min
### 05:08:02 5376128/5394088 b64 chars, 11.2 KB/s, eta 0.0 min
### 05:08:04 stream finished in 473s
__R85913__=0
~ # sha256sum /root/xv6run/cache.bit.bin; echo __R86416__=$?
79a114aed6ab089514210dc182e7595a57d795851b3a3ed4715d41819bef92c1  /root/xv6run/cache.bit.bin
__R86416__=0
~ # ### 05:08:06 sha256 verified on the board: 79a114aed6ab089514210dc182e7595a57d795851b3a3ed4715d41819bef92c1
### 05:08:06 SEND_OK /root/xv6run/cache.bit.bin 4045564 bytes in 473s (8.4 KB/s)
### 05:08:07 fesvr-teaching-static -> /root/xv6run/fesvr-teaching-static: 1806656 bytes, sha256 c050eab30f80a21a
mkdir -p $(dirname /root/xv6run/fesvr-teaching-static); echo __R87005__=$?
__R87005__=0
~ # stty -echo ixoff; echo __R87514__=$?
__R87514__=0
~ # ### 05:08:08 128/2408876 b64 chars, 10.5 KB/s, eta 3.7 min
### 05:08:10 25728/2408876 b64 chars, 11.2 KB/s, eta 3.5 min
### 05:08:13 51328/2408876 b64 chars, 11.2 KB/s, eta 3.4 min
### 05:08:15 76928/2408876 b64 chars, 11.2 KB/s, eta 3.4 min
### 05:08:17 102528/2408876 b64 chars, 11.2 KB/s, eta 3.4 min
### 05:08:19 128128/2408876 b64 chars, 11.2 KB/s, eta 3.3 min
### 05:08:21 153728/2408876 b64 chars, 11.2 KB/s, eta 3.3 min
### 05:08:24 179328/2408876 b64 chars, 11.2 KB/s, eta 3.3 min
### 05:08:26 204928/2408876 b64 chars, 11.2 KB/s, eta 3.2 min
### 05:08:28 230528/2408876 b64 chars, 11.2 KB/s, eta 3.2 min
### 05:08:30 256128/2408876 b64 chars, 11.2 KB/s, eta 3.1 min
### 05:08:33 281728/2408876 b64 chars, 11.2 KB/s, eta 3.1 min
### 05:08:35 307328/2408876 b64 chars, 11.2 KB/s, eta 3.1 min
### 05:08:37 332928/2408876 b64 chars, 11.2 KB/s, eta 3.0 min
### 05:08:39 358528/2408876 b64 chars, 11.2 KB/s, eta 3.0 min
### 05:08:42 384128/2408876 b64 chars, 11.2 KB/s, eta 3.0 min
### 05:08:44 409728/2408876 b64 chars, 11.2 KB/s, eta 2.9 min
### 05:08:46 435328/2408876 b64 chars, 11.2 KB/s, eta 2.9 min
### 05:08:48 460928/2408876 b64 chars, 11.2 KB/s, eta 2.8 min
### 05:08:51 486528/2408876 b64 chars, 11.2 KB/s, eta 2.8 min
### 05:08:53 512128/2408876 b64 chars, 11.2 KB/s, eta 2.8 min
### 05:08:55 537728/2408876 b64 chars, 11.2 KB/s, eta 2.7 min
### 05:08:57 563328/2408876 b64 chars, 11.2 KB/s, eta 2.7 min
### 05:09:00 588928/2408876 b64 chars, 11.2 KB/s, eta 2.7 min
### 05:09:02 614528/2408876 b64 chars, 11.2 KB/s, eta 2.6 min
### 05:09:04 640128/2408876 b64 chars, 11.2 KB/s, eta 2.6 min
### 05:09:06 665728/2408876 b64 chars, 11.2 KB/s, eta 2.5 min
### 05:09:09 691328/2408876 b64 chars, 11.2 KB/s, eta 2.5 min
### 05:09:11 716928/2408876 b64 chars, 11.2 KB/s, eta 2.5 min
### 05:09:13 742528/2408876 b64 chars, 11.2 KB/s, eta 2.4 min
### 05:09:15 768128/2408876 b64 chars, 11.2 KB/s, eta 2.4 min
### 05:09:17 793728/2408876 b64 chars, 11.2 KB/s, eta 2.4 min
### 05:09:20 819328/2408876 b64 chars, 11.2 KB/s, eta 2.3 min
### 05:09:22 844928/2408876 b64 chars, 11.2 KB/s, eta 2.3 min
### 05:09:24 870528/2408876 b64 chars, 11.2 KB/s, eta 2.2 min
### 05:09:26 896128/2408876 b64 chars, 11.2 KB/s, eta 2.2 min
### 05:09:29 921728/2408876 b64 chars, 11.2 KB/s, eta 2.2 min
### 05:09:31 947328/2408876 b64 chars, 11.2 KB/s, eta 2.1 min
### 05:09:33 972928/2408876 b64 chars, 11.2 KB/s, eta 2.1 min
### 05:09:35 998528/2408876 b64 chars, 11.2 KB/s, eta 2.1 min
### 05:09:38 1024128/2408876 b64 chars, 11.2 KB/s, eta 2.0 min
### 05:09:40 1049728/2408876 b64 chars, 11.2 KB/s, eta 2.0 min
### 05:09:42 1075328/2408876 b64 chars, 11.2 KB/s, eta 1.9 min
### 05:09:44 1100928/2408876 b64 chars, 11.2 KB/s, eta 1.9 min
### 05:09:47 1126528/2408876 b64 chars, 11.2 KB/s, eta 1.9 min
### 05:09:49 1152128/2408876 b64 chars, 11.2 KB/s, eta 1.8 min
### 05:09:51 1177728/2408876 b64 chars, 11.2 KB/s, eta 1.8 min
### 05:09:53 1203328/2408876 b64 chars, 11.2 KB/s, eta 1.8 min
### 05:09:56 1228928/2408876 b64 chars, 11.2 KB/s, eta 1.7 min
### 05:09:58 1254528/2408876 b64 chars, 11.2 KB/s, eta 1.7 min
### 05:10:00 1280128/2408876 b64 chars, 11.2 KB/s, eta 1.6 min
### 05:10:02 1305728/2408876 b64 chars, 11.2 KB/s, eta 1.6 min
### 05:10:04 1331328/2408876 b64 chars, 11.2 KB/s, eta 1.6 min
### 05:10:07 1356928/2408876 b64 chars, 11.2 KB/s, eta 1.5 min
### 05:10:09 1382528/2408876 b64 chars, 11.2 KB/s, eta 1.5 min
### 05:10:11 1408128/2408876 b64 chars, 11.2 KB/s, eta 1.5 min
### 05:10:13 1433728/2408876 b64 chars, 11.2 KB/s, eta 1.4 min
### 05:10:16 1459328/2408876 b64 chars, 11.2 KB/s, eta 1.4 min
### 05:10:18 1484928/2408876 b64 chars, 11.2 KB/s, eta 1.3 min
### 05:10:20 1510528/2408876 b64 chars, 11.2 KB/s, eta 1.3 min
### 05:10:22 1536128/2408876 b64 chars, 11.2 KB/s, eta 1.3 min
### 05:10:25 1561728/2408876 b64 chars, 11.2 KB/s, eta 1.2 min
### 05:10:27 1587328/2408876 b64 chars, 11.2 KB/s, eta 1.2 min
### 05:10:29 1612928/2408876 b64 chars, 11.2 KB/s, eta 1.2 min
### 05:10:31 1638528/2408876 b64 chars, 11.2 KB/s, eta 1.1 min
### 05:10:34 1664128/2408876 b64 chars, 11.2 KB/s, eta 1.1 min
### 05:10:36 1689728/2408876 b64 chars, 11.2 KB/s, eta 1.0 min
### 05:10:38 1715328/2408876 b64 chars, 11.2 KB/s, eta 1.0 min
### 05:10:40 1740928/2408876 b64 chars, 11.2 KB/s, eta 1.0 min
### 05:10:43 1766528/2408876 b64 chars, 11.2 KB/s, eta 0.9 min
### 05:10:45 1792128/2408876 b64 chars, 11.2 KB/s, eta 0.9 min
### 05:10:47 1817728/2408876 b64 chars, 11.2 KB/s, eta 0.9 min
### 05:10:49 1843328/2408876 b64 chars, 11.2 KB/s, eta 0.8 min
### 05:10:52 1868928/2408876 b64 chars, 11.2 KB/s, eta 0.8 min
### 05:10:54 1894528/2408876 b64 chars, 11.2 KB/s, eta 0.7 min
### 05:10:56 1920128/2408876 b64 chars, 11.2 KB/s, eta 0.7 min
### 05:10:58 1945728/2408876 b64 chars, 11.2 KB/s, eta 0.7 min
### 05:11:00 1971328/2408876 b64 chars, 11.2 KB/s, eta 0.6 min
### 05:11:03 1996928/2408876 b64 chars, 11.2 KB/s, eta 0.6 min
### 05:11:05 2022528/2408876 b64 chars, 11.2 KB/s, eta 0.6 min
### 05:11:07 2048128/2408876 b64 chars, 11.2 KB/s, eta 0.5 min
### 05:11:09 2073728/2408876 b64 chars, 11.2 KB/s, eta 0.5 min
### 05:11:12 2099328/2408876 b64 chars, 11.2 KB/s, eta 0.5 min
### 05:11:14 2124928/2408876 b64 chars, 11.2 KB/s, eta 0.4 min
### 05:11:16 2150528/2408876 b64 chars, 11.2 KB/s, eta 0.4 min
### 05:11:18 2176128/2408876 b64 chars, 11.2 KB/s, eta 0.3 min
### 05:11:21 2201728/2408876 b64 chars, 11.2 KB/s, eta 0.3 min
### 05:11:23 2227328/2408876 b64 chars, 11.2 KB/s, eta 0.3 min
### 05:11:25 2252928/2408876 b64 chars, 11.2 KB/s, eta 0.2 min
### 05:11:27 2278528/2408876 b64 chars, 11.2 KB/s, eta 0.2 min
### 05:11:30 2304128/2408876 b64 chars, 11.2 KB/s, eta 0.2 min
### 05:11:32 2329728/2408876 b64 chars, 11.2 KB/s, eta 0.1 min
### 05:11:34 2355328/2408876 b64 chars, 11.2 KB/s, eta 0.1 min
### 05:11:36 2380928/2408876 b64 chars, 11.2 KB/s, eta 0.0 min
### 05:11:39 2406528/2408876 b64 chars, 11.2 KB/s, eta 0.0 min
### 05:11:40 stream finished in 212s
__R301260__=0
~ # sha256sum /root/xv6run/fesvr-teaching-static; echo __R301765__=$?
c050eab30f80a21a7c92c8688faa2f043c67aa2900fbc08b80f3dd8de2ba1fb9  /root/xv6run/fesvr-teaching-static
__R301765__=0
~ # ### 05:11:42 sha256 verified on the board: c050eab30f80a21a7c92c8688faa2f043c67aa2900fbc08b80f3dd8de2ba1fb9
### 05:11:42 SEND_OK /root/xv6run/fesvr-teaching-static 1806656 bytes in 212s (8.3 KB/s)
### 05:11:42 boot01_marker.elf -> /root/xv6run/boot01_marker.elf: 5600 bytes, sha256 69ca91994567a44f
mkdir -p $(dirname /root/xv6run/boot01_marker.elf); echo __R302323__=$?
__R302323__=0
~ # stty -echo ixoff; echo __R302833__=$?
__R302833__=0
~ # ### 05:11:43 128/7468 b64 chars, 10.5 KB/s, eta 0.0 min
### 05:11:45 stream finished in 2s
__R306497__=0
~ # sha256sum /root/xv6run/boot01_marker.elf; echo __R307001__=$?
69ca91994567a44f9afb0303013bb8412eb6142749c28b631000e92156da61a2  /root/xv6run/boot01_marker.elf
__R307001__=0
~ # ### 05:11:47 sha256 verified on the board: 69ca91994567a44f9afb0303013bb8412eb6142749c28b631000e92156da61a2
### 05:11:47 SEND_OK /root/xv6run/boot01_marker.elf 5600 bytes in 2s (3.3 KB/s)
### 05:11:47 boot02_clint.elf -> /root/xv6run/boot02_clint.elf: 6824 bytes, sha256 0c4ebbb7648a34c0
mkdir -p $(dirname /root/xv6run/boot02_clint.elf); echo __R307560__=$?
__R307560__=0
~ # stty -echo ixoff; echo __R308067__=$?
__R308067__=0
~ # ### 05:11:49 128/9100 b64 chars, 9.7 KB/s, eta 0.0 min
### 05:11:50 stream finished in 2s
__R311876__=0
~ # sha256sum /root/xv6run/boot02_clint.elf; echo __R312382__=$?
0c4ebbb7648a34c013bbf77b0c7a5f03f901993fbe0e690732c46f15f8fb2c0f  /root/xv6run/boot02_clint.elf
__R312382__=0
~ # ### 05:11:52 sha256 verified on the board: 0c4ebbb7648a34c013bbf77b0c7a5f03f901993fbe0e690732c46f15f8fb2c0f
### 05:11:52 SEND_OK /root/xv6run/boot02_clint.elf 6824 bytes in 2s (3.7 KB/s)
### 05:11:52 boot03_ddr.elf -> /root/xv6run/boot03_ddr.elf: 7384 bytes, sha256 3089c7e72514eded
mkdir -p $(dirname /root/xv6run/boot03_ddr.elf); echo __R312943__=$?
__R312943__=0
~ # stty -echo ixoff; echo __R313451__=$?
__R313451__=0
~ # ### 05:11:54 128/9848 b64 chars, 10.5 KB/s, eta 0.0 min
### 05:11:56 stream finished in 2s
__R317325__=0
~ # sha256sum /root/xv6run/boot03_ddr.elf; echo __R317829__=$?
3089c7e72514eded26b80b02f9dcd57c0ee74609ca42803dd800e360daff39d0  /root/xv6run/boot03_ddr.elf
__R317829__=0
~ # ### 05:11:58 sha256 verified on the board: 3089c7e72514eded26b80b02f9dcd57c0ee74609ca42803dd800e360daff39d0
### 05:11:58 SEND_OK /root/xv6run/boot03_ddr.elf 7384 bytes in 2s (3.9 KB/s)
### 05:11:58 boot04_badaddr.elf -> /root/xv6run/boot04_badaddr.elf: 6536 bytes, sha256 fc3b16962f69e53a
mkdir -p $(dirname /root/xv6run/boot04_badaddr.elf); echo __R318385__=$?
__R318385__=0
~ # stty -echo ixoff; echo __R318895__=$?
__R318895__=0
~ # ### 05:11:59 128/8716 b64 chars, 10.5 KB/s, eta 0.0 min
### 05:12:01 stream finished in 2s
__R322669__=0
~ # sha256sum /root/xv6run/boot04_badaddr.elf; echo __R323173__=$?
fc3b16962f69e53abfa37a30ddd1490091926a47f4dda1c16fa04e37ea592380  /root/xv6run/boot04_badaddr.elf
__R323173__=0
~ # ### 05:12:03 sha256 verified on the board: fc3b16962f69e53abfa37a30ddd1490091926a47f4dda1c16fa04e37ea592380
### 05:12:03 SEND_OK /root/xv6run/boot04_badaddr.elf 6536 bytes in 2s (3.6 KB/s)
### 05:12:03 ext01_m.elf -> /root/xv6run/ext01_m.elf: 5880 bytes, sha256 b57e1b63d9d29688
mkdir -p $(dirname /root/xv6run/ext01_m.elf); echo __R323734__=$?
__R323734__=0
~ # stty -echo ixoff; echo __R324242__=$?
__R324242__=0
~ # ### 05:12:05 128/7840 b64 chars, 9.6 KB/s, eta 0.0 min
### 05:12:06 stream finished in 2s
__R327940__=0
~ # sha256sum /root/xv6run/ext01_m.elf; echo __R328444__=$?
b57e1b63d9d29688fd9ce3a04390d5eddf26edc6007e78fd6314da5df11d07e4  /root/xv6run/ext01_m.elf
__R328444__=0
~ # ### 05:12:08 sha256 verified on the board: b57e1b63d9d29688fd9ce3a04390d5eddf26edc6007e78fd6314da5df11d07e4
### 05:12:08 SEND_OK /root/xv6run/ext01_m.elf 5880 bytes in 2s (3.4 KB/s)
### 05:12:09 ext02_c.elf -> /root/xv6run/ext02_c.elf: 5776 bytes, sha256 f8f9f75e2134c084
mkdir -p $(dirname /root/xv6run/ext02_c.elf); echo __R329003__=$?
__R329003__=0
~ # stty -echo ixoff; echo __R329511__=$?
__R329511__=0
~ # ### 05:12:10 128/7704 b64 chars, 10.6 KB/s, eta 0.0 min
### 05:12:12 stream finished in 2s
__R333197__=0
~ # sha256sum /root/xv6run/ext02_c.elf; echo __R333701__=$?
f8f9f75e2134c084f53561efd77ae77e8ed05f6eeaf752b52b2ff86a9711abd6  /root/xv6run/ext02_c.elf
__R333701__=0
~ # ### 05:12:14 sha256 verified on the board: f8f9f75e2134c084f53561efd77ae77e8ed05f6eeaf752b52b2ff86a9711abd6
### 05:12:14 SEND_OK /root/xv6run/ext02_c.elf 5776 bytes in 2s (3.4 KB/s)
### 05:12:14 ext03_a.elf -> /root/xv6run/ext03_a.elf: 6048 bytes, sha256 3d1cda4b1d6af6f8
mkdir -p $(dirname /root/xv6run/ext03_a.elf); echo __R334256__=$?
__R334256__=0
~ # stty -echo ixoff; echo __R334762__=$?
__R334762__=0
~ # ### 05:12:15 128/8064 b64 chars, 8.9 KB/s, eta 0.0 min
### 05:12:17 stream finished in 2s
__R338482__=0
~ # sha256sum /root/xv6run/ext03_a.elf; echo __R338988__=$?
3d1cda4b1d6af6f8a8a3fe3a97277bfc01714a77ad4901993ca36c6addaf8ced  /root/xv6run/ext03_a.elf
__R338988__=0
~ # ### 05:12:19 sha256 verified on the board: 3d1cda4b1d6af6f8a8a3fe3a97277bfc01714a77ad4901993ca36c6addaf8ced
### 05:12:19 SEND_OK /root/xv6run/ext03_a.elf 6048 bytes in 2s (3.5 KB/s)
### 05:12:19 ext04_sv39.elf -> /root/xv6run/ext04_sv39.elf: 13912 bytes, sha256 0251f1512a16cf6b
mkdir -p $(dirname /root/xv6run/ext04_sv39.elf); echo __R339541__=$?
__R339541__=0
~ # stty -echo ixoff; echo __R340048__=$?
__R340048__=0
~ # ### 05:12:21 128/18552 b64 chars, 10.6 KB/s, eta 0.0 min
### 05:12:23 stream finished in 3s
__R344683__=0
~ # sha256sum /root/xv6run/ext04_sv39.elf; echo __R345187__=$?
0251f1512a16cf6b9c3bf2ad98663105a82b5ce304642378a94cc3dc0bf50023  /root/xv6run/ext04_sv39.elf
__R345187__=0
~ # ### 05:12:25 sha256 verified on the board: 0251f1512a16cf6b9c3bf2ad98663105a82b5ce304642378a94cc3dc0bf50023
### 05:12:25 SEND_OK /root/xv6run/ext04_sv39.elf 13912 bytes in 3s (5.2 KB/s)
### 05:12:25 perf02_sv39.elf -> /root/xv6run/perf02_sv39.elf: 26584 bytes, sha256 bc6185566c5de9da
mkdir -p $(dirname /root/xv6run/perf02_sv39.elf); echo __R345743__=$?
__R345743__=0
~ # stty -echo ixoff; echo __R346251__=$?
__R346251__=0
~ # ### 05:12:27 128/35448 b64 chars, 10.6 KB/s, eta 0.1 min
### 05:12:29 25728/35448 b64 chars, 11.2 KB/s, eta 0.0 min
### 05:12:31 stream finished in 4s
__R352363__=0
~ # sha256sum /root/xv6run/perf02_sv39.elf; echo __R352869__=$?
bc6185566c5de9da7a4dbce1942262dbeb68b1c8e556ac8f72f15fc1465596ab  /root/xv6run/perf02_sv39.elf
__R352869__=0
~ # ### 05:12:33 sha256 verified on the board: bc6185566c5de9da7a4dbce1942262dbeb68b1c8e556ac8f72f15fc1465596ab
### 05:12:33 SEND_OK /root/xv6run/perf02_sv39.elf 26584 bytes in 4s (6.3 KB/s)
### 05:12:33 perf03_fetch.elf -> /root/xv6run/perf03_fetch.elf: 6480 bytes, sha256 6498f89970d429e9
mkdir -p $(dirname /root/xv6run/perf03_fetch.elf); echo __R353423__=$?
__R353423__=0
~ # stty -echo ixoff; echo __R353931__=$?
__R353931__=0
~ # ### 05:12:34 128/8640 b64 chars, 10.5 KB/s, eta 0.0 min
### 05:12:36 stream finished in 2s
__R357699__=0
~ # sha256sum /root/xv6run/perf03_fetch.elf; echo __R358206__=$?
6498f89970d429e92a944036d91b20801410be8b14df88f7f59d6512efff05b5  /root/xv6run/perf03_fetch.elf
__R358206__=0
~ # ### 05:12:38 sha256 verified on the board: 6498f89970d429e92a944036d91b20801410be8b14df88f7f59d6512efff05b5
### 05:12:38 SEND_OK /root/xv6run/perf03_fetch.elf 6480 bytes in 2s (3.6 KB/s)
### 05:12:38 perf04_where.elf -> /root/xv6run/perf04_where.elf: 6408 bytes, sha256 235f2318149ed206
mkdir -p $(dirname /root/xv6run/perf04_where.elf); echo __R358762__=$?
__R358762__=0
~ # stty -echo ixoff; echo __R359270__=$?
__R359270__=0
~ # ### 05:12:40 128/8544 b64 chars, 10.6 KB/s, eta 0.0 min
### 05:12:42 stream finished in 2s
__R363029__=0
~ # sha256sum /root/xv6run/perf04_where.elf; echo __R363533__=$?
235f2318149ed2064904c92d4cab6849115d576fe80f478eea603e77c067315d  /root/xv6run/perf04_where.elf
__R363533__=0
~ # ### 05:12:44 sha256 verified on the board: 235f2318149ed2064904c92d4cab6849115d576fe80f478eea603e77c067315d
### 05:12:44 SEND_OK /root/xv6run/perf04_where.elf 6408 bytes in 2s (3.6 KB/s)
### 05:12:44 perf06_iws.elf -> /root/xv6run/perf06_iws.elf: 10904 bytes, sha256 e6be12db60bd7668
mkdir -p $(dirname /root/xv6run/perf06_iws.elf); echo __R364088__=$?
__R364088__=0
~ # stty -echo ixoff; echo __R364596__=$?
__R364596__=0
~ # ### 05:12:45 128/14540 b64 chars, 10.6 KB/s, eta 0.0 min
### 05:12:47 stream finished in 2s
__R368879__=0
~ # sha256sum /root/xv6run/perf06_iws.elf; echo __R369383__=$?
e6be12db60bd76683f9c5286c759316466cc68c4e79eac9e3d1a3985ccb8d64a  /root/xv6run/perf06_iws.elf
__R369383__=0
~ # ### 05:12:49 sha256 verified on the board: e6be12db60bd76683f9c5286c759316466cc68c4e79eac9e3d1a3985ccb8d64a
### 05:12:49 SEND_OK /root/xv6run/perf06_iws.elf 10904 bytes in 2s (4.7 KB/s)
