=== IPS board campaign, variant 'cache', session /home/engineer/fpga/experiments/multicore/perf/sessions/session-restore-cache-20260928T050004Z
  frozen ELF set verified: 13 artefacts
  payload for 'cache' matches the frozen table: 79a114aed6ab0895…
  board has 'timeout' (recorded by the precheck): probes bounded on both sides
== leases, before any transport
  claimed lease: board
  claimed lease: serial
== step 1: the cold cycle
  power removal: ATTESTED by the user at 2026-09-28T04:59:46Z (attested, not measured)
  boot id now    : e6930db4-05a4-484a-9e93-508e17127ea2
  pinned before  : a1b62d8e-0bdb-4495-a1fe-c95a191f810b
  uptime         : 28 s;  /root/xv6run entries: 0;  fesvr: 0;  lock: NO_LOCK
  boot evidence consistent with a cold start (new boot id e6930db4-05a4-484a-9e93-508e17127ea2)
== step 2: this boot's memory evidence, then the production preflight
  captured memory evidence for session e6930db4-05a4-484a-9e93-508e17127ea2
## evidence: /home/engineer/fpga/experiments/multicore/perf/sessions/session-restore-cache-20260928T050004Z/memory
   session e6930db4-05a4-484a-9e93-508e17127ea2
   #address-cells=1 #size-cells=1
   DT memory: 0x00000000 + 0x10000000 (256 MiB)
   no reserved-memory captured (absent is acceptable; unreadable is not)
   iomem System RAM: 0x00000000-0x0fffffff
   MemTotal 247 MiB
## target window: 0x10000000-0x1fffffff
MEM_PREFLIGHT OK refusals=0
  MEM_PREFLIGHT passed for session e6930db4-05a4-484a-9e93-508e17127ea2
== step 3: deploy, each artefact hash-verified on the board
  deployed+verified: /root/xv6run/cache.bit.bin
  deployed+verified: /root/xv6run/fesvr-teaching-static
  deployed+verified: /root/xv6run/boot01_marker.elf
  deployed+verified: /root/xv6run/boot02_clint.elf
  deployed+verified: /root/xv6run/boot03_ddr.elf
  deployed+verified: /root/xv6run/boot04_badaddr.elf
  deployed+verified: /root/xv6run/ext01_m.elf
  deployed+verified: /root/xv6run/ext02_c.elf
  deployed+verified: /root/xv6run/ext03_a.elf
  deployed+verified: /root/xv6run/ext04_sv39.elf
  deployed+verified: /root/xv6run/perf02_sv39.elf
  deployed+verified: /root/xv6run/perf03_fetch.elf
  deployed+verified: /root/xv6run/perf04_where.elf
  deployed+verified: /root/xv6run/perf06_iws.elf
  executable mode set
== step 4: program from the cold, quiescent platform
  programming /root/xv6run/cache.bit.bin
  programming reported rc=0 and prog_done=1
  the payload on the board still hashes 79a114aed6ab0895… after programming
== step 5: ALL EIGHT startup gates, including ext03_a
  (ext03_a does not complete in the simulation harness; that is not a hardware waiver)
  gate boot01_marker: ok (TEACHING-CPU-M3-OK)
  gate boot02_clint: ok (M3-CLINT-OK)
  gate boot03_ddr: ok (M3-DDR-OK)
  gate boot04_badaddr: ok (M3-BADADDR-OK)
  gate ext01_m: ok (TEACHING-EXT-M-OK)
  gate ext02_c: ok (TEACHING-EXT-C-OK)
  gate ext03_a: ok (TEACHING-EXT-A-OK)
  gate ext04_sv39: ok (TEACHING-EXT-SV39-OK)
  STARTUP GATES 8/8
  adapter status recorded: status=0x00000011 cpu_restart_safe=1 pl_reconfig_safe=0 draining=0 dra
== step 6: perf02 / perf03 / perf04 / perf06, >= 3 valid samples each
USABLE /home/engineer/fpga/experiments/multicore/perf/sessions/session-restore-cache-20260928T050004Z/samples/perf02_sv39.1.out: bare_alu=180047c, bare_load=356727c, k4_alu=240016c, k4_load=442334c, mega_alu=240016c, mega_load=442343c
  perf02_sv39 sample 1: usable
USABLE /home/engineer/fpga/experiments/multicore/perf/sessions/session-restore-cache-20260928T050004Z/samples/perf02_sv39.2.out: bare_alu=180047c, bare_load=356991c, k4_alu=240016c, k4_load=442345c, mega_alu=240016c, mega_load=442329c
  perf02_sv39 sample 2: usable
USABLE /home/engineer/fpga/experiments/multicore/perf/sessions/session-restore-cache-20260928T050004Z/samples/perf02_sv39.3.out: bare_alu=180046c, bare_load=356625c, k4_alu=240016c, k4_load=442346c, mega_alu=240016c, mega_load=442353c
  perf02_sv39 sample 3: usable
  perf02_sv39: 3/3 usable
USABLE /home/engineer/fpga/experiments/multicore/perf/sessions/session-restore-cache-20260928T050004Z/samples/perf03_fetch.1.out: insn16=180050c, insn32=180047c
  perf03_fetch sample 1: usable
USABLE /home/engineer/fpga/experiments/multicore/perf/sessions/session-restore-cache-20260928T050004Z/samples/perf03_fetch.2.out: insn16=180049c, insn32=180046c
  perf03_fetch sample 2: usable
USABLE /home/engineer/fpga/experiments/multicore/perf/sessions/session-restore-cache-20260928T050004Z/samples/perf03_fetch.3.out: insn16=180063c, insn32=180049c
  perf03_fetch sample 3: usable
  perf03_fetch: 3/3 usable
USABLE /home/engineer/fpga/experiments/multicore/perf/sessions/session-restore-cache-20260928T050004Z/samples/perf04_where.1.out: load_clint=250012c, load_dram=357402c
  perf04_where sample 1: usable
USABLE /home/engineer/fpga/experiments/multicore/perf/sessions/session-restore-cache-20260928T050004Z/samples/perf04_where.2.out: load_clint=250012c, load_dram=357323c
  perf04_where sample 2: usable
USABLE /home/engineer/fpga/experiments/multicore/perf/sessions/session-restore-cache-20260928T050004Z/samples/perf04_where.3.out: load_clint=250012c, load_dram=356504c
  perf04_where sample 3: usable
  perf04_where: 3/3 usable
USABLE /home/engineer/fpga/experiments/multicore/perf/sessions/session-restore-cache-20260928T050004Z/samples/perf06_iws.1.out: iws_exceeds=990620c, iws_resident=420335c
  perf06_iws sample 1: usable
USABLE /home/engineer/fpga/experiments/multicore/perf/sessions/session-restore-cache-20260928T050004Z/samples/perf06_iws.2.out: iws_exceeds=981624c, iws_resident=420338c
  perf06_iws sample 2: usable
USABLE /home/engineer/fpga/experiments/multicore/perf/sessions/session-restore-cache-20260928T050004Z/samples/perf06_iws.3.out: iws_exceeds=989778c, iws_resident=420332c
  perf06_iws sample 3: usable
  perf06_iws: 3/3 usable
== step 7: state and health
IPS_INSTALL_DONE variant=cache session=/home/engineer/fpga/experiments/multicore/perf/sessions/session-restore-cache-20260928T050004Z

The board now holds the 'cache' bitstream. The campaign is NOT finished until the accepted 40 MHz
payload 20fae71e… is restored and its eight gates pass.
  released lease: board
  released lease: serial
