
*** Running vivado
    with args -log system_axi_interconnect_1_imp_auto_pc_0.vds -m64 -product Vivado -mode batch -messageDb vivado.pb -notrace -source system_axi_interconnect_1_imp_auto_pc_0.tcl


****** Vivado v2025.2.1 (64-bit)
  **** SW Build 6403652 on Thu Mar 19 13:47:00 MDT 2026
  **** IP Build 6403511 on Thu Mar 19 12:41:45 MDT 2026
  **** SharedData Build 6403650 on Thu Mar 19 14:02:13 MDT 2026
  **** Start of session at: Fri Sep 25 00:02:27 2026
    ** Copyright 1986-2022 Xilinx, Inc. All Rights Reserved.
    ** Copyright 2022-2026 Advanced Micro Devices, Inc. All Rights Reserved.

source system_axi_interconnect_1_imp_auto_pc_0.tcl -notrace
Command: synth_design -top system_axi_interconnect_1_imp_auto_pc_0 -part xc7z020clg400-1 -incremental_mode off -mode out_of_context
Starting synth_design
Attempting to get a license for feature 'Synthesis' and/or device 'xc7z020'
INFO: [Common 17-349] Got license for feature 'Synthesis' and/or device 'xc7z020'
INFO: [Device 21-403] Loading part xc7z020clg400-1
INFO: [Synth 8-7079] Multithreading enabled for synth_design using a maximum of 7 processes.
INFO: [Synth 8-7078] Launching helper process for spawning children vivado processes
INFO: [Synth 8-7075] Helper process launched with PID 820
---------------------------------------------------------------------------------
Starting RTL Elaboration : Time (s): cpu = 00:00:05 ; elapsed = 00:00:05 . Memory (MB): peak = 2252.336 ; gain = 481.875 ; free physical = 6701 ; free virtual = 28879
---------------------------------------------------------------------------------
INFO: [Synth 8-6157] synthesizing module 'system_axi_interconnect_1_imp_auto_pc_0' [/home/engineer/fpga/worktrees/ips-cache/experiments/IPS-campaign/build-cache/vivado-project/teaching_pynqz1.gen/sources_1/bd/system/ip/system_axi_interconnect_1_imp_auto_pc_0/synth/system_axi_interconnect_1_imp_auto_pc_0.v:53]
INFO: [Synth 8-6157] synthesizing module 'axi_protocol_converter_v2_1_37_axi_protocol_converter' [/home/engineer/fpga/worktrees/ips-cache/experiments/IPS-campaign/build-cache/vivado-project/teaching_pynqz1.gen/sources_1/bd/system/ipshared/d98a/hdl/axi_protocol_converter_v2_1_vl_rfs.v:5285]
INFO: [Synth 8-6157] synthesizing module 'axi_protocol_converter_v2_1_37_axi3_conv' [/home/engineer/fpga/worktrees/ips-cache/experiments/IPS-campaign/build-cache/vivado-project/teaching_pynqz1.gen/sources_1/bd/system/ipshared/d98a/hdl/axi_protocol_converter_v2_1_vl_rfs.v:951]
INFO: [Synth 8-6157] synthesizing module 'axi_protocol_converter_v2_1_37_b_downsizer' [/home/engineer/fpga/worktrees/ips-cache/experiments/IPS-campaign/build-cache/vivado-project/teaching_pynqz1.gen/sources_1/bd/system/ipshared/d98a/hdl/axi_protocol_converter_v2_1_vl_rfs.v:2269]
INFO: [Synth 8-6155] done synthesizing module 'axi_protocol_converter_v2_1_37_b_downsizer' (0#1) [/home/engineer/fpga/worktrees/ips-cache/experiments/IPS-campaign/build-cache/vivado-project/teaching_pynqz1.gen/sources_1/bd/system/ipshared/d98a/hdl/axi_protocol_converter_v2_1_vl_rfs.v:2269]
INFO: [Synth 8-6157] synthesizing module 'axi_protocol_converter_v2_1_37_a_axi3_conv' [/home/engineer/fpga/worktrees/ips-cache/experiments/IPS-campaign/build-cache/vivado-project/teaching_pynqz1.gen/sources_1/bd/system/ipshared/d98a/hdl/axi_protocol_converter_v2_1_vl_rfs.v:60]
INFO: [Synth 8-6157] synthesizing module 'axi_data_fifo_v2_1_36_axic_fifo' [/home/engineer/fpga/worktrees/ips-cache/experiments/IPS-campaign/build-cache/vivado-project/teaching_pynqz1.gen/sources_1/bd/system/ipshared/fb46/hdl/axi_data_fifo_v2_1_vl_rfs.v:62]
INFO: [Synth 8-6157] synthesizing module 'axi_data_fifo_v2_1_36_fifo_gen' [/home/engineer/fpga/worktrees/ips-cache/experiments/IPS-campaign/build-cache/vivado-project/teaching_pynqz1.gen/sources_1/bd/system/ipshared/fb46/hdl/axi_data_fifo_v2_1_vl_rfs.v:165]
INFO: [Synth 8-6157] synthesizing module 'xpm_cdc_async_rst' [/opt/Xilinx/2025.2.1/data/ip/xpm/xpm_cdc/hdl/xpm_cdc.sv:1175]
INFO: [Synth 8-6155] done synthesizing module 'xpm_cdc_async_rst' (0#1) [/opt/Xilinx/2025.2.1/data/ip/xpm/xpm_cdc/hdl/xpm_cdc.sv:1175]
INFO: [Synth 8-6155] done synthesizing module 'axi_data_fifo_v2_1_36_fifo_gen' (0#1) [/home/engineer/fpga/worktrees/ips-cache/experiments/IPS-campaign/build-cache/vivado-project/teaching_pynqz1.gen/sources_1/bd/system/ipshared/fb46/hdl/axi_data_fifo_v2_1_vl_rfs.v:165]
INFO: [Synth 8-6155] done synthesizing module 'axi_data_fifo_v2_1_36_axic_fifo' (0#1) [/home/engineer/fpga/worktrees/ips-cache/experiments/IPS-campaign/build-cache/vivado-project/teaching_pynqz1.gen/sources_1/bd/system/ipshared/fb46/hdl/axi_data_fifo_v2_1_vl_rfs.v:62]
INFO: [Synth 8-6157] synthesizing module 'axi_data_fifo_v2_1_36_axic_fifo__parameterized0' [/home/engineer/fpga/worktrees/ips-cache/experiments/IPS-campaign/build-cache/vivado-project/teaching_pynqz1.gen/sources_1/bd/system/ipshared/fb46/hdl/axi_data_fifo_v2_1_vl_rfs.v:62]
INFO: [Synth 8-6157] synthesizing module 'axi_data_fifo_v2_1_36_fifo_gen__parameterized0' [/home/engineer/fpga/worktrees/ips-cache/experiments/IPS-campaign/build-cache/vivado-project/teaching_pynqz1.gen/sources_1/bd/system/ipshared/fb46/hdl/axi_data_fifo_v2_1_vl_rfs.v:165]
INFO: [Synth 8-6155] done synthesizing module 'axi_data_fifo_v2_1_36_fifo_gen__parameterized0' (0#1) [/home/engineer/fpga/worktrees/ips-cache/experiments/IPS-campaign/build-cache/vivado-project/teaching_pynqz1.gen/sources_1/bd/system/ipshared/fb46/hdl/axi_data_fifo_v2_1_vl_rfs.v:165]
INFO: [Synth 8-6155] done synthesizing module 'axi_data_fifo_v2_1_36_axic_fifo__parameterized0' (0#1) [/home/engineer/fpga/worktrees/ips-cache/experiments/IPS-campaign/build-cache/vivado-project/teaching_pynqz1.gen/sources_1/bd/system/ipshared/fb46/hdl/axi_data_fifo_v2_1_vl_rfs.v:62]
INFO: [Synth 8-6155] done synthesizing module 'axi_protocol_converter_v2_1_37_a_axi3_conv' (0#1) [/home/engineer/fpga/worktrees/ips-cache/experiments/IPS-campaign/build-cache/vivado-project/teaching_pynqz1.gen/sources_1/bd/system/ipshared/d98a/hdl/axi_protocol_converter_v2_1_vl_rfs.v:60]
INFO: [Synth 8-6157] synthesizing module 'axi_protocol_converter_v2_1_37_w_axi3_conv' [/home/engineer/fpga/worktrees/ips-cache/experiments/IPS-campaign/build-cache/vivado-project/teaching_pynqz1.gen/sources_1/bd/system/ipshared/d98a/hdl/axi_protocol_converter_v2_1_vl_rfs.v:1998]
INFO: [Synth 8-6155] done synthesizing module 'axi_protocol_converter_v2_1_37_w_axi3_conv' (0#1) [/home/engineer/fpga/worktrees/ips-cache/experiments/IPS-campaign/build-cache/vivado-project/teaching_pynqz1.gen/sources_1/bd/system/ipshared/d98a/hdl/axi_protocol_converter_v2_1_vl_rfs.v:1998]
INFO: [Synth 8-6157] synthesizing module 'axi_protocol_converter_v2_1_37_a_axi3_conv__parameterized0' [/home/engineer/fpga/worktrees/ips-cache/experiments/IPS-campaign/build-cache/vivado-project/teaching_pynqz1.gen/sources_1/bd/system/ipshared/d98a/hdl/axi_protocol_converter_v2_1_vl_rfs.v:60]
INFO: [Synth 8-6157] synthesizing module 'axi_data_fifo_v2_1_36_axic_fifo__parameterized1' [/home/engineer/fpga/worktrees/ips-cache/experiments/IPS-campaign/build-cache/vivado-project/teaching_pynqz1.gen/sources_1/bd/system/ipshared/fb46/hdl/axi_data_fifo_v2_1_vl_rfs.v:62]
INFO: [Synth 8-6157] synthesizing module 'axi_data_fifo_v2_1_36_fifo_gen__parameterized1' [/home/engineer/fpga/worktrees/ips-cache/experiments/IPS-campaign/build-cache/vivado-project/teaching_pynqz1.gen/sources_1/bd/system/ipshared/fb46/hdl/axi_data_fifo_v2_1_vl_rfs.v:165]
INFO: [Synth 8-6155] done synthesizing module 'axi_data_fifo_v2_1_36_fifo_gen__parameterized1' (0#1) [/home/engineer/fpga/worktrees/ips-cache/experiments/IPS-campaign/build-cache/vivado-project/teaching_pynqz1.gen/sources_1/bd/system/ipshared/fb46/hdl/axi_data_fifo_v2_1_vl_rfs.v:165]
INFO: [Synth 8-6155] done synthesizing module 'axi_data_fifo_v2_1_36_axic_fifo__parameterized1' (0#1) [/home/engineer/fpga/worktrees/ips-cache/experiments/IPS-campaign/build-cache/vivado-project/teaching_pynqz1.gen/sources_1/bd/system/ipshared/fb46/hdl/axi_data_fifo_v2_1_vl_rfs.v:62]
INFO: [Synth 8-6155] done synthesizing module 'axi_protocol_converter_v2_1_37_a_axi3_conv__parameterized0' (0#1) [/home/engineer/fpga/worktrees/ips-cache/experiments/IPS-campaign/build-cache/vivado-project/teaching_pynqz1.gen/sources_1/bd/system/ipshared/d98a/hdl/axi_protocol_converter_v2_1_vl_rfs.v:60]
INFO: [Synth 8-6157] synthesizing module 'axi_protocol_converter_v2_1_37_r_axi3_conv' [/home/engineer/fpga/worktrees/ips-cache/experiments/IPS-campaign/build-cache/vivado-project/teaching_pynqz1.gen/sources_1/bd/system/ipshared/d98a/hdl/axi_protocol_converter_v2_1_vl_rfs.v:1784]
INFO: [Synth 8-6155] done synthesizing module 'axi_protocol_converter_v2_1_37_r_axi3_conv' (0#1) [/home/engineer/fpga/worktrees/ips-cache/experiments/IPS-campaign/build-cache/vivado-project/teaching_pynqz1.gen/sources_1/bd/system/ipshared/d98a/hdl/axi_protocol_converter_v2_1_vl_rfs.v:1784]
INFO: [Synth 8-6155] done synthesizing module 'axi_protocol_converter_v2_1_37_axi3_conv' (0#1) [/home/engineer/fpga/worktrees/ips-cache/experiments/IPS-campaign/build-cache/vivado-project/teaching_pynqz1.gen/sources_1/bd/system/ipshared/d98a/hdl/axi_protocol_converter_v2_1_vl_rfs.v:951]
INFO: [Synth 8-6155] done synthesizing module 'axi_protocol_converter_v2_1_37_axi_protocol_converter' (0#1) [/home/engineer/fpga/worktrees/ips-cache/experiments/IPS-campaign/build-cache/vivado-project/teaching_pynqz1.gen/sources_1/bd/system/ipshared/d98a/hdl/axi_protocol_converter_v2_1_vl_rfs.v:5285]
INFO: [Synth 8-6155] done synthesizing module 'system_axi_interconnect_1_imp_auto_pc_0' (0#1) [/home/engineer/fpga/worktrees/ips-cache/experiments/IPS-campaign/build-cache/vivado-project/teaching_pynqz1.gen/sources_1/bd/system/ip/system_axi_interconnect_1_imp_auto_pc_0/synth/system_axi_interconnect_1_imp_auto_pc_0.v:53]
INFO: [Synth 8-6014] Unused sequential element S_AXI_AUSER_Q_reg was removed.  [/home/engineer/fpga/worktrees/ips-cache/experiments/IPS-campaign/build-cache/vivado-project/teaching_pynqz1.gen/sources_1/bd/system/ipshared/d98a/hdl/axi_protocol_converter_v2_1_vl_rfs.v:280]
INFO: [Synth 8-6014] Unused sequential element NO_B_CHANNEL.cmd_b_depth_reg was removed.  [/home/engineer/fpga/worktrees/ips-cache/experiments/IPS-campaign/build-cache/vivado-project/teaching_pynqz1.gen/sources_1/bd/system/ipshared/d98a/hdl/axi_protocol_converter_v2_1_vl_rfs.v:852]
INFO: [Synth 8-6014] Unused sequential element S_AXI_AUSER_Q_reg was removed.  [/home/engineer/fpga/worktrees/ips-cache/experiments/IPS-campaign/build-cache/vivado-project/teaching_pynqz1.gen/sources_1/bd/system/ipshared/d98a/hdl/axi_protocol_converter_v2_1_vl_rfs.v:280]
INFO: [Synth 8-6014] Unused sequential element cmd_b_push_block_reg was removed.  [/home/engineer/fpga/worktrees/ips-cache/experiments/IPS-campaign/build-cache/vivado-project/teaching_pynqz1.gen/sources_1/bd/system/ipshared/d98a/hdl/axi_protocol_converter_v2_1_vl_rfs.v:636]
INFO: [Synth 8-7129] Port ACLK in module axi_protocol_converter_v2_1_37_r_axi3_conv is either unconnected or has no load
INFO: [Synth 8-7129] Port ARESET in module axi_protocol_converter_v2_1_37_r_axi3_conv is either unconnected or has no load
INFO: [Synth 8-7129] Port ALMOST_FULL_I in module output_blk__parameterized1 is either unconnected or has no load
INFO: [Synth 8-7129] Port PROG_FULL_I in module output_blk__parameterized1 is either unconnected or has no load
INFO: [Synth 8-7129] Port ALMOST_EMPTY_I in module output_blk__parameterized1 is either unconnected or has no load
INFO: [Synth 8-7129] Port PROG_EMPTY_I in module output_blk__parameterized1 is either unconnected or has no load
INFO: [Synth 8-7129] Port WR_ACK_I in module output_blk__parameterized1 is either unconnected or has no load
INFO: [Synth 8-7129] Port VALID_I in module output_blk__parameterized1 is either unconnected or has no load
INFO: [Synth 8-7129] Port OVERFLOW_I in module output_blk__parameterized1 is either unconnected or has no load
INFO: [Synth 8-7129] Port UNDERFLOW_I in module output_blk__parameterized1 is either unconnected or has no load
INFO: [Synth 8-7129] Port DATA_COUNT_I[5] in module output_blk__parameterized1 is either unconnected or has no load
INFO: [Synth 8-7129] Port DATA_COUNT_I[4] in module output_blk__parameterized1 is either unconnected or has no load
INFO: [Synth 8-7129] Port DATA_COUNT_I[3] in module output_blk__parameterized1 is either unconnected or has no load
INFO: [Synth 8-7129] Port DATA_COUNT_I[2] in module output_blk__parameterized1 is either unconnected or has no load
INFO: [Synth 8-7129] Port DATA_COUNT_I[1] in module output_blk__parameterized1 is either unconnected or has no load
INFO: [Synth 8-7129] Port DATA_COUNT_I[0] in module output_blk__parameterized1 is either unconnected or has no load
INFO: [Synth 8-7129] Port WR_DATA_COUNT_I[5] in module output_blk__parameterized1 is either unconnected or has no load
INFO: [Synth 8-7129] Port WR_DATA_COUNT_I[4] in module output_blk__parameterized1 is either unconnected or has no load
INFO: [Synth 8-7129] Port WR_DATA_COUNT_I[3] in module output_blk__parameterized1 is either unconnected or has no load
INFO: [Synth 8-7129] Port WR_DATA_COUNT_I[2] in module output_blk__parameterized1 is either unconnected or has no load
INFO: [Synth 8-7129] Port WR_DATA_COUNT_I[1] in module output_blk__parameterized1 is either unconnected or has no load
INFO: [Synth 8-7129] Port WR_DATA_COUNT_I[0] in module output_blk__parameterized1 is either unconnected or has no load
INFO: [Synth 8-7129] Port RD_DATA_COUNT_I[5] in module output_blk__parameterized1 is either unconnected or has no load
INFO: [Synth 8-7129] Port RD_DATA_COUNT_I[4] in module output_blk__parameterized1 is either unconnected or has no load
INFO: [Synth 8-7129] Port RD_DATA_COUNT_I[3] in module output_blk__parameterized1 is either unconnected or has no load
INFO: [Synth 8-7129] Port RD_DATA_COUNT_I[2] in module output_blk__parameterized1 is either unconnected or has no load
INFO: [Synth 8-7129] Port RD_DATA_COUNT_I[1] in module output_blk__parameterized1 is either unconnected or has no load
INFO: [Synth 8-7129] Port RD_DATA_COUNT_I[0] in module output_blk__parameterized1 is either unconnected or has no load
INFO: [Synth 8-7129] Port SBITERR_I in module output_blk__parameterized1 is either unconnected or has no load
INFO: [Synth 8-7129] Port DBITERR_I in module output_blk__parameterized1 is either unconnected or has no load
INFO: [Synth 8-7129] Port SRST_FULL_FF in module wr_status_flags_ss is either unconnected or has no load
INFO: [Synth 8-7129] Port WR_RST in module wr_status_flags_ss is either unconnected or has no load
INFO: [Synth 8-7129] Port SRST in module wr_status_flags_ss is either unconnected or has no load
INFO: [Synth 8-7129] Port SAFETY_CKT_WR_RST in module wr_status_flags_ss is either unconnected or has no load
INFO: [Synth 8-7129] Port WR_PNTR_PLUS2[4] in module wr_status_flags_ss is either unconnected or has no load
INFO: [Synth 8-7129] Port WR_PNTR_PLUS2[3] in module wr_status_flags_ss is either unconnected or has no load
INFO: [Synth 8-7129] Port WR_PNTR_PLUS2[2] in module wr_status_flags_ss is either unconnected or has no load
INFO: [Synth 8-7129] Port WR_PNTR_PLUS2[1] in module wr_status_flags_ss is either unconnected or has no load
INFO: [Synth 8-7129] Port WR_PNTR_PLUS2[0] in module wr_status_flags_ss is either unconnected or has no load
INFO: [Synth 8-7129] Port WR_PNTR_PLUS3[4] in module wr_status_flags_ss is either unconnected or has no load
INFO: [Synth 8-7129] Port WR_PNTR_PLUS3[3] in module wr_status_flags_ss is either unconnected or has no load
INFO: [Synth 8-7129] Port WR_PNTR_PLUS3[2] in module wr_status_flags_ss is either unconnected or has no load
INFO: [Synth 8-7129] Port WR_PNTR_PLUS3[1] in module wr_status_flags_ss is either unconnected or has no load
INFO: [Synth 8-7129] Port WR_PNTR_PLUS3[0] in module wr_status_flags_ss is either unconnected or has no load
INFO: [Synth 8-7129] Port SRST in module wr_bin_cntr is either unconnected or has no load
INFO: [Synth 8-7129] Port WR_EN_INTO_LOGIC in module wr_logic is either unconnected or has no load
INFO: [Synth 8-7129] Port WR_RST_INTO_LOGIC in module wr_logic is either unconnected or has no load
INFO: [Synth 8-7129] Port RD_EN in module wr_logic is either unconnected or has no load
INFO: [Synth 8-7129] Port WR_RST_BUSY in module wr_logic is either unconnected or has no load
INFO: [Synth 8-7129] Port EMPTY in module wr_logic is either unconnected or has no load
INFO: [Synth 8-7129] Port ALMOST_EMPTY in module wr_logic is either unconnected or has no load
INFO: [Synth 8-7129] Port PROG_FULL_THRESH[4] in module wr_logic is either unconnected or has no load
INFO: [Synth 8-7129] Port PROG_FULL_THRESH[3] in module wr_logic is either unconnected or has no load
INFO: [Synth 8-7129] Port PROG_FULL_THRESH[2] in module wr_logic is either unconnected or has no load
INFO: [Synth 8-7129] Port PROG_FULL_THRESH[1] in module wr_logic is either unconnected or has no load
INFO: [Synth 8-7129] Port PROG_FULL_THRESH[0] in module wr_logic is either unconnected or has no load
INFO: [Synth 8-7129] Port PROG_FULL_THRESH_ASSERT[4] in module wr_logic is either unconnected or has no load
INFO: [Synth 8-7129] Port PROG_FULL_THRESH_ASSERT[3] in module wr_logic is either unconnected or has no load
INFO: [Synth 8-7129] Port PROG_FULL_THRESH_ASSERT[2] in module wr_logic is either unconnected or has no load
INFO: [Synth 8-7129] Port PROG_FULL_THRESH_ASSERT[1] in module wr_logic is either unconnected or has no load
INFO: [Synth 8-7129] Port PROG_FULL_THRESH_ASSERT[0] in module wr_logic is either unconnected or has no load
INFO: [Synth 8-7129] Port PROG_FULL_THRESH_NEGATE[4] in module wr_logic is either unconnected or has no load
INFO: [Synth 8-7129] Port PROG_FULL_THRESH_NEGATE[3] in module wr_logic is either unconnected or has no load
INFO: [Synth 8-7129] Port PROG_FULL_THRESH_NEGATE[2] in module wr_logic is either unconnected or has no load
INFO: [Synth 8-7129] Port PROG_FULL_THRESH_NEGATE[1] in module wr_logic is either unconnected or has no load
INFO: [Synth 8-7129] Port PROG_FULL_THRESH_NEGATE[0] in module wr_logic is either unconnected or has no load
INFO: [Synth 8-7129] Port SRST in module rd_fwft is either unconnected or has no load
INFO: [Synth 8-7129] Port SAFETY_CKT_RD_RST in module rd_fwft is either unconnected or has no load
INFO: [Synth 8-7129] Port RAM_ALMOST_EMPTY in module rd_fwft is either unconnected or has no load
INFO: [Synth 8-7129] Port SRST in module rd_status_flags_ss is either unconnected or has no load
INFO: [Synth 8-7129] Port SAFETY_CKT_RD_RST in module rd_status_flags_ss is either unconnected or has no load
INFO: [Synth 8-7129] Port RD_PNTR_PLUS2[4] in module rd_status_flags_ss is either unconnected or has no load
INFO: [Synth 8-7129] Port RD_PNTR_PLUS2[3] in module rd_status_flags_ss is either unconnected or has no load
INFO: [Synth 8-7129] Port RD_PNTR_PLUS2[2] in module rd_status_flags_ss is either unconnected or has no load
INFO: [Synth 8-7129] Port RD_PNTR_PLUS2[1] in module rd_status_flags_ss is either unconnected or has no load
INFO: [Synth 8-7129] Port RD_PNTR_PLUS2[0] in module rd_status_flags_ss is either unconnected or has no load
INFO: [Synth 8-7129] Port SRST in module rd_bin_cntr is either unconnected or has no load
INFO: [Synth 8-7129] Port RD_EN_INTO_LOGIC in module rd_logic is either unconnected or has no load
INFO: [Synth 8-7129] Port RD_RST_INTO_LOGIC in module rd_logic is either unconnected or has no load
INFO: [Synth 8-7129] Port RD_RST_BUSY in module rd_logic is either unconnected or has no load
INFO: [Synth 8-7129] Port RST_FULL_FF in module rd_logic is either unconnected or has no load
INFO: [Synth 8-7129] Port ALMOST_FULL_FB in module rd_logic is either unconnected or has no load
INFO: [Synth 8-7129] Port FULL in module rd_logic is either unconnected or has no load
INFO: [Synth 8-7129] Port WR_PNTR_PLUS1_RD[4] in module rd_logic is either unconnected or has no load
INFO: [Synth 8-7129] Port WR_PNTR_PLUS1_RD[3] in module rd_logic is either unconnected or has no load
INFO: [Synth 8-7129] Port WR_PNTR_PLUS1_RD[2] in module rd_logic is either unconnected or has no load
INFO: [Synth 8-7129] Port WR_PNTR_PLUS1_RD[1] in module rd_logic is either unconnected or has no load
INFO: [Synth 8-7129] Port WR_PNTR_PLUS1_RD[0] in module rd_logic is either unconnected or has no load
INFO: [Synth 8-7129] Port PROG_EMPTY_THRESH[4] in module rd_logic is either unconnected or has no load
INFO: [Synth 8-7129] Port PROG_EMPTY_THRESH[3] in module rd_logic is either unconnected or has no load
INFO: [Synth 8-7129] Port PROG_EMPTY_THRESH[2] in module rd_logic is either unconnected or has no load
INFO: [Synth 8-7129] Port PROG_EMPTY_THRESH[1] in module rd_logic is either unconnected or has no load
INFO: [Synth 8-7129] Port PROG_EMPTY_THRESH[0] in module rd_logic is either unconnected or has no load
INFO: [Synth 8-7129] Port PROG_EMPTY_THRESH_ASSERT[4] in module rd_logic is either unconnected or has no load
INFO: [Synth 8-7129] Port PROG_EMPTY_THRESH_ASSERT[3] in module rd_logic is either unconnected or has no load
INFO: [Synth 8-7129] Port PROG_EMPTY_THRESH_ASSERT[2] in module rd_logic is either unconnected or has no load
INFO: [Synth 8-7129] Port PROG_EMPTY_THRESH_ASSERT[1] in module rd_logic is either unconnected or has no load
INFO: [Synth 8-7129] Port PROG_EMPTY_THRESH_ASSERT[0] in module rd_logic is either unconnected or has no load
INFO: [Synth 8-7129] Port PROG_EMPTY_THRESH_NEGATE[4] in module rd_logic is either unconnected or has no load
INFO: [Synth 8-7129] Port PROG_EMPTY_THRESH_NEGATE[3] in module rd_logic is either unconnected or has no load
INFO: [Common 17-14] Message 'Synth 8-7129' appears 100 times and further instances of the messages will be disabled. Use the Tcl command set_msg_config to change the current settings.
---------------------------------------------------------------------------------
Finished RTL Elaboration : Time (s): cpu = 00:00:09 ; elapsed = 00:00:10 . Memory (MB): peak = 2467.273 ; gain = 696.812 ; free physical = 6381 ; free virtual = 28561
---------------------------------------------------------------------------------
---------------------------------------------------------------------------------
Start Handling Custom Attributes
---------------------------------------------------------------------------------
---------------------------------------------------------------------------------
Finished Handling Custom Attributes : Time (s): cpu = 00:00:09 ; elapsed = 00:00:10 . Memory (MB): peak = 2467.273 ; gain = 696.812 ; free physical = 6381 ; free virtual = 28561
---------------------------------------------------------------------------------
---------------------------------------------------------------------------------
Finished RTL Optimization Phase 1 : Time (s): cpu = 00:00:09 ; elapsed = 00:00:10 . Memory (MB): peak = 2467.273 ; gain = 696.812 ; free physical = 6381 ; free virtual = 28561
---------------------------------------------------------------------------------
Netlist sorting complete. Time (s): cpu = 00:00:00.02 ; elapsed = 00:00:00.02 . Memory (MB): peak = 2467.273 ; gain = 0.000 ; free physical = 6389 ; free virtual = 28569
INFO: [Project 1-570] Preparing netlist for logic optimization

Processing XDC Constraints
Initializing timing engine
Parsing XDC File [/home/engineer/fpga/worktrees/ips-cache/experiments/IPS-campaign/build-cache/vivado-project/teaching_pynqz1.gen/sources_1/bd/system/ip/system_axi_interconnect_1_imp_auto_pc_0/system_axi_interconnect_1_imp_auto_pc_0_ooc.xdc] for cell 'inst'
Finished Parsing XDC File [/home/engineer/fpga/worktrees/ips-cache/experiments/IPS-campaign/build-cache/vivado-project/teaching_pynqz1.gen/sources_1/bd/system/ip/system_axi_interconnect_1_imp_auto_pc_0/system_axi_interconnect_1_imp_auto_pc_0_ooc.xdc] for cell 'inst'
Parsing XDC File [/home/engineer/fpga/worktrees/ips-cache/experiments/IPS-campaign/build-cache/vivado-project/teaching_pynqz1.runs/system_axi_interconnect_1_imp_auto_pc_0_synth_1/dont_touch.xdc]
Finished Parsing XDC File [/home/engineer/fpga/worktrees/ips-cache/experiments/IPS-campaign/build-cache/vivado-project/teaching_pynqz1.runs/system_axi_interconnect_1_imp_auto_pc_0_synth_1/dont_touch.xdc]
INFO: [Project 1-1714] 3 XPM XDC files have been applied to the design.
Completed Processing XDC Constraints

Netlist sorting complete. Time (s): cpu = 00:00:00 ; elapsed = 00:00:00 . Memory (MB): peak = 2525.105 ; gain = 0.000 ; free physical = 6418 ; free virtual = 28598
INFO: [Project 1-111] Unisim Transformation Summary:
No Unisim elements were transformed.

Constraint Validation Runtime : Time (s): cpu = 00:00:00.04 ; elapsed = 00:00:00.03 . Memory (MB): peak = 2525.141 ; gain = 0.000 ; free physical = 6418 ; free virtual = 28598
INFO: [Designutils 20-5008] Incremental synthesis strategy off
---------------------------------------------------------------------------------
Finished Constraint Validation : Time (s): cpu = 00:00:15 ; elapsed = 00:00:16 . Memory (MB): peak = 2525.141 ; gain = 754.680 ; free physical = 6470 ; free virtual = 28651
---------------------------------------------------------------------------------
---------------------------------------------------------------------------------
Start Loading Part and Timing Information
---------------------------------------------------------------------------------
Loading part: xc7z020clg400-1
---------------------------------------------------------------------------------
Finished Loading Part and Timing Information : Time (s): cpu = 00:00:15 ; elapsed = 00:00:16 . Memory (MB): peak = 2533.109 ; gain = 762.648 ; free physical = 6470 ; free virtual = 28651
---------------------------------------------------------------------------------
---------------------------------------------------------------------------------
Start Applying 'set_property' XDC Constraints
---------------------------------------------------------------------------------
---------------------------------------------------------------------------------
Finished applying 'set_property' XDC Constraints : Time (s): cpu = 00:00:15 ; elapsed = 00:00:17 . Memory (MB): peak = 2533.109 ; gain = 762.648 ; free physical = 6470 ; free virtual = 28651
---------------------------------------------------------------------------------
INFO: [Synth 8-802] inferred FSM for state register 'gpregsm1.curr_fwft_state_reg' in module 'rd_fwft'
INFO: [Synth 8-6159] Found Keep on FSM register 'gpregsm1.curr_fwft_state_reg' in module 'rd_fwft', re-encoding will not be performed
---------------------------------------------------------------------------------------------------
                   State |                     New Encoding |                Previous Encoding 
---------------------------------------------------------------------------------------------------
                 invalid |                               00 |                               00
            stage1_valid |                               10 |                               10
       both_stages_valid |                               11 |                               11
            stage2_valid |                               01 |                               01
---------------------------------------------------------------------------------------------------
---------------------------------------------------------------------------------
Finished RTL Optimization Phase 2 : Time (s): cpu = 00:00:16 ; elapsed = 00:00:17 . Memory (MB): peak = 2533.109 ; gain = 762.648 ; free physical = 6404 ; free virtual = 28586
---------------------------------------------------------------------------------
---------------------------------------------------------------------------------
Start RTL Component Statistics 
---------------------------------------------------------------------------------
---------------------------------------------------------------------------------
Finished RTL Component Statistics 
---------------------------------------------------------------------------------
---------------------------------------------------------------------------------
Start Part Resource Summary
---------------------------------------------------------------------------------
Part Resources:
DSPs: 220 (col length:60)
BRAMs: 280 (col length: RAMB18 60 RAMB36 30)
---------------------------------------------------------------------------------
Finished Part Resource Summary
---------------------------------------------------------------------------------
---------------------------------------------------------------------------------
Start Cross Boundary and Area Optimization
---------------------------------------------------------------------------------
---------------------------------------------------------------------------------
Finished Cross Boundary and Area Optimization : Time (s): cpu = 00:00:19 ; elapsed = 00:00:20 . Memory (MB): peak = 2533.109 ; gain = 762.648 ; free physical = 6307 ; free virtual = 28489
---------------------------------------------------------------------------------
---------------------------------------------------------------------------------
Start Applying XDC Timing Constraints
---------------------------------------------------------------------------------
---------------------------------------------------------------------------------
Finished Applying XDC Timing Constraints : Time (s): cpu = 00:00:23 ; elapsed = 00:00:25 . Memory (MB): peak = 2539.109 ; gain = 768.648 ; free physical = 7860 ; free virtual = 30042
---------------------------------------------------------------------------------
---------------------------------------------------------------------------------
Start Timing Optimization
---------------------------------------------------------------------------------
---------------------------------------------------------------------------------
Finished Timing Optimization : Time (s): cpu = 00:00:24 ; elapsed = 00:00:25 . Memory (MB): peak = 2584.156 ; gain = 813.695 ; free physical = 7851 ; free virtual = 30033
---------------------------------------------------------------------------------
---------------------------------------------------------------------------------
Start Technology Mapping
---------------------------------------------------------------------------------
---------------------------------------------------------------------------------
Finished Technology Mapping : Time (s): cpu = 00:00:24 ; elapsed = 00:00:26 . Memory (MB): peak = 2584.156 ; gain = 813.695 ; free physical = 7843 ; free virtual = 30025
---------------------------------------------------------------------------------
---------------------------------------------------------------------------------
Start IO Insertion
---------------------------------------------------------------------------------
---------------------------------------------------------------------------------
Start Flattening Before IO Insertion
---------------------------------------------------------------------------------
---------------------------------------------------------------------------------
Finished Flattening Before IO Insertion
---------------------------------------------------------------------------------
---------------------------------------------------------------------------------
Start Final Netlist Cleanup
---------------------------------------------------------------------------------
---------------------------------------------------------------------------------
Finished Final Netlist Cleanup
---------------------------------------------------------------------------------
---------------------------------------------------------------------------------
Finished IO Insertion : Time (s): cpu = 00:00:28 ; elapsed = 00:00:30 . Memory (MB): peak = 2743.969 ; gain = 973.508 ; free physical = 8891 ; free virtual = 31071
---------------------------------------------------------------------------------
---------------------------------------------------------------------------------
Start Renaming Generated Instances
---------------------------------------------------------------------------------
---------------------------------------------------------------------------------
Finished Renaming Generated Instances : Time (s): cpu = 00:00:28 ; elapsed = 00:00:30 . Memory (MB): peak = 2743.969 ; gain = 973.508 ; free physical = 8891 ; free virtual = 31071
---------------------------------------------------------------------------------
---------------------------------------------------------------------------------
Start Rebuilding User Hierarchy
---------------------------------------------------------------------------------
---------------------------------------------------------------------------------
Finished Rebuilding User Hierarchy : Time (s): cpu = 00:00:28 ; elapsed = 00:00:30 . Memory (MB): peak = 2743.969 ; gain = 973.508 ; free physical = 8891 ; free virtual = 31071
---------------------------------------------------------------------------------
---------------------------------------------------------------------------------
Start Renaming Generated Ports
---------------------------------------------------------------------------------
---------------------------------------------------------------------------------
Finished Renaming Generated Ports : Time (s): cpu = 00:00:28 ; elapsed = 00:00:30 . Memory (MB): peak = 2743.969 ; gain = 973.508 ; free physical = 8891 ; free virtual = 31071
---------------------------------------------------------------------------------
---------------------------------------------------------------------------------
Start Handling Custom Attributes
---------------------------------------------------------------------------------
---------------------------------------------------------------------------------
Finished Handling Custom Attributes : Time (s): cpu = 00:00:29 ; elapsed = 00:00:30 . Memory (MB): peak = 2743.969 ; gain = 973.508 ; free physical = 8891 ; free virtual = 31071
---------------------------------------------------------------------------------
---------------------------------------------------------------------------------
Start Renaming Generated Nets
---------------------------------------------------------------------------------
---------------------------------------------------------------------------------
Finished Renaming Generated Nets : Time (s): cpu = 00:00:29 ; elapsed = 00:00:30 . Memory (MB): peak = 2743.969 ; gain = 973.508 ; free physical = 8891 ; free virtual = 31071
---------------------------------------------------------------------------------
---------------------------------------------------------------------------------
Start Writing Synthesis Report
---------------------------------------------------------------------------------

Report BlackBoxes: 
+-+--------------+----------+
| |BlackBox name |Instances |
+-+--------------+----------+
+-+--------------+----------+

Report Cell Usage: 
+------+---------+------+
|      |Cell     |Count |
+------+---------+------+
|1     |CARRY4   |    16|
|2     |LUT1     |    47|
|3     |LUT2     |    47|
|4     |LUT3     |    52|
|5     |LUT4     |    63|
|6     |LUT5     |   166|
|7     |LUT6     |    89|
|8     |RAM32M   |     3|
|9     |RAM32X1D |     1|
|10    |FDCE     |    69|
|11    |FDPE     |    33|
|12    |FDRE     |   353|
|13    |FDSE     |     5|
+------+---------+------+
---------------------------------------------------------------------------------
Finished Writing Synthesis Report : Time (s): cpu = 00:00:29 ; elapsed = 00:00:30 . Memory (MB): peak = 2743.969 ; gain = 973.508 ; free physical = 8891 ; free virtual = 31071
---------------------------------------------------------------------------------
Synthesis finished with 0 errors, 0 critical warnings and 0 warnings.
Synthesis Optimization Runtime : Time (s): cpu = 00:00:27 ; elapsed = 00:00:28 . Memory (MB): peak = 2743.969 ; gain = 915.641 ; free physical = 8891 ; free virtual = 31071
Synthesis Optimization Complete : Time (s): cpu = 00:00:29 ; elapsed = 00:00:30 . Memory (MB): peak = 2743.977 ; gain = 973.508 ; free physical = 8891 ; free virtual = 31071
INFO: [Project 1-571] Translating synthesized netlist
Netlist sorting complete. Time (s): cpu = 00:00:00.01 ; elapsed = 00:00:00.01 . Memory (MB): peak = 2743.977 ; gain = 0.000 ; free physical = 8970 ; free virtual = 31150
INFO: [Netlist 29-17] Analyzing 20 Unisim elements for replacement
INFO: [Netlist 29-28] Unisim Transformation completed in 0 CPU seconds
INFO: [Project 1-570] Preparing netlist for logic optimization
INFO: [Opt 31-138] Pushed 0 inverter(s) to 0 load pin(s).
Netlist sorting complete. Time (s): cpu = 00:00:00 ; elapsed = 00:00:00 . Memory (MB): peak = 2799.996 ; gain = 0.000 ; free physical = 8897 ; free virtual = 31078
INFO: [Project 1-111] Unisim Transformation Summary:
  A total of 4 instances were transformed.
  RAM32M => RAM32M (RAMD32(x6), RAMS32(x2)): 3 instances
  RAM32X1D => RAM32X1D (RAMD32(x2)): 1 instance 

Synth Design complete | Checksum: 162e5738
INFO: [Common 17-83] Releasing license: Synthesis
153 Infos, 0 Warnings, 0 Critical Warnings and 0 Errors encountered.
synth_design completed successfully
synth_design: Time (s): cpu = 00:00:35 ; elapsed = 00:00:34 . Memory (MB): peak = 2800.031 ; gain = 1157.461 ; free physical = 8884 ; free virtual = 31064
INFO: [Common 17-2834] synth_design peak Physical Memory [PSS] (MB): overall = 1780.842; main = 1780.842; forked = 227.350
INFO: [Common 17-2834] synth_design peak Virtual Memory [VSS] (MB): overall = 3541.410; main = 2800.000; forked = 1008.297
Write ShapeDB Complete: Time (s): cpu = 00:00:00.01 ; elapsed = 00:00:00 . Memory (MB): peak = 2824.008 ; gain = 0.000 ; free physical = 8876 ; free virtual = 31056
INFO: [Common 17-1381] The checkpoint '/home/engineer/fpga/worktrees/ips-cache/experiments/IPS-campaign/build-cache/vivado-project/teaching_pynqz1.runs/system_axi_interconnect_1_imp_auto_pc_0_synth_1/system_axi_interconnect_1_imp_auto_pc_0.dcp' has been generated.
INFO: [Coretcl 2-1648] Added synthesis output to IP cache for IP system_axi_interconnect_1_imp_auto_pc_0, cache-ID = eb110e9e2a3ecf9e
INFO: [Coretcl 2-1174] Renamed 57 cell refs.
Write ShapeDB Complete: Time (s): cpu = 00:00:00 ; elapsed = 00:00:00 . Memory (MB): peak = 2824.008 ; gain = 0.000 ; free physical = 8718 ; free virtual = 30900
INFO: [Common 17-1381] The checkpoint '/home/engineer/fpga/worktrees/ips-cache/experiments/IPS-campaign/build-cache/vivado-project/teaching_pynqz1.runs/system_axi_interconnect_1_imp_auto_pc_0_synth_1/system_axi_interconnect_1_imp_auto_pc_0.dcp' has been generated.
INFO: [Vivado 12-24828] Executing command : report_utilization -file system_axi_interconnect_1_imp_auto_pc_0_utilization_synth.rpt -pb system_axi_interconnect_1_imp_auto_pc_0_utilization_synth.pb
INFO: [Common 17-206] Exiting Vivado at Fri Sep 25 00:03:08 2026...
