  evidence bundle /home/engineer/fpga/worktrees/pipe-single/experiments/pipeline/p3/board/sessions/session-pipe-20260929T231052Z/memory: session 4d45136e-7c10-46fd-b6f8-dfcd30775917, digest b79b79e98394bf62
  memory preflight: re-run now, accepted
  board's live boot id: 4d45136e-7c10-46fd-b6f8-dfcd30775917
  roles bound to exact paths: disk at start=/root/xv6run/fs-run.img, host binary=/root/xv6run/fesvr-teaching-static, kernel=/root/xv6run/kernel-dual-128mib
  3 deployment files hashed on the board, all as approved
  [phase    0.00s] commands: begin
  [    5.4s] kernel banner: seen
  [    7.5s] init started / first prompt: seen
  [    7.5s] shell prompt: seen
  [    7.5s] typed: 'b0compute'
  [    9.6s] command b0compute: ok
  [    9.6s] typed: 'm3par2'
  [   11.6s] command m3par2: ok
  [   11.6s] typed: 'm3fs'
  [   15.7s] command m3fs: ok
  [phase   12.31s] commands: end; teardown begins
  [phase   12.31s] teardown: settle pump
  [phase   12.91s] teardown: stop()
  [phase   14.56s] teardown: stop() returned 0
  [phase   14.56s] teardown: final drain
  [phase   14.56s] teardown: drain done
  [phase   15.79s] teardown: closing logs
BOARD_RUN stages=6 failed=0 host_exit=0 (deliberate-stop-after-all-commands)
