
****** Vivado v2025.2.1 (64-bit)
  **** SW Build 6403652 on Thu Mar 19 13:47:00 MDT 2026
  **** IP Build 6403511 on Thu Mar 19 12:41:45 MDT 2026
  **** SharedData Build 6403650 on Thu Mar 19 14:02:13 MDT 2026
  **** Start of session at: Thu Sep 24 23:44:55 2026
    ** Copyright 1986-2022 Xilinx, Inc. All Rights Reserved.
    ** Copyright 2022-2026 Advanced Micro Devices, Inc. All Rights Reserved.

source /home/engineer/fpga/worktrees/ips-cache/experiments/IPS-campaign/build-baseline/project.tcl
# set proj_dir "/home/engineer/fpga/worktrees/ips-cache/experiments/IPS-campaign/build-baseline/vivado-project"
# if {[file exists $proj_dir]} {
#   puts "REFUSE: $proj_dir already exists; this script will not write into an existing build"
#   exit 2
# }
# set_param board.repoPaths [list "/home/engineer/fpga/riscv-lab/boards/pynq-z1/board_files"]
# create_project teaching_pynqz1 $proj_dir -part xc7z020clg400-1
# set obj [get_projects teaching_pynqz1]
# set_property "default_lib" "xil_defaultlib" $obj
# set_property "board_part" "www.digilentinc.com:pynq-z1:part0:1.0" $obj
# set_property "simulator_language" "Mixed" $obj
# set files [list \
#   "/home/engineer/fpga/worktrees/ips-cache/experiments/IPS-campaign/build-baseline/inputs/teaching_top_shim.v" \
#   "/home/engineer/fpga/worktrees/ips-cache/experiments/IPS-campaign/build-baseline/inputs/RD2BoardTop.RD2AtomicBoardConfig.v" \
#   "/home/engineer/fpga/worktrees/ips-cache/experiments/IPS-campaign/build-baseline/inputs/rocketchip_wrapper.v" \
#   "/home/engineer/fpga/worktrees/ips-cache/experiments/IPS-campaign/build-baseline/inputs/tcpu_cdecode.v" \
#   "/home/engineer/fpga/worktrees/ips-cache/experiments/IPS-campaign/build-baseline/inputs/tcpu_core.v" \
#   "/home/engineer/fpga/worktrees/ips-cache/experiments/IPS-campaign/build-baseline/inputs/tcpu_csr.v" \
#   "/home/engineer/fpga/worktrees/ips-cache/experiments/IPS-campaign/build-baseline/inputs/tcpu_muldiv.v" \
#   "/home/engineer/fpga/worktrees/ips-cache/experiments/IPS-campaign/build-baseline/inputs/tcpu_ptw.v" \
#   "/home/engineer/fpga/worktrees/ips-cache/experiments/IPS-campaign/build-baseline/inputs/tcpu_regfile.v" \
#   "/home/engineer/fpga/worktrees/ips-cache/experiments/IPS-campaign/build-baseline/inputs/AsyncResetReg.v" \
#   "/home/engineer/fpga/worktrees/ips-cache/experiments/IPS-campaign/build-baseline/inputs/plusarg_reader.v" \
# ]
# add_files -norecurse -fileset [get_filesets sources_1] $files
# set_property include_dirs [list "/home/engineer/fpga/worktrees/ips-cache/experiments/IPS-campaign/build-baseline/inputs"] [get_filesets sources_1]
# set_property verilog_define {SYNTHESIS} [get_filesets sources_1]
# set_property "top" "rocketchip_wrapper" [get_filesets sources_1]
# foreach f [get_files -quiet *Top.ZynqFPGAConfig.v] {
#   puts "REFUSE: the baseline Rocket top is in this project: $f"
#   exit 2
# }
# if {[string equal [get_filesets -quiet constrs_1] ""]} { create_fileset -constrset constrs_1 }
# add_files -norecurse -fileset [get_filesets constrs_1] "/home/engineer/fpga/worktrees/ips-cache/experiments/IPS-campaign/build-baseline/inputs/base.xdc"
# set_property "file_type" "XDC" [get_files -of_objects [get_filesets constrs_1] "/home/engineer/fpga/worktrees/ips-cache/experiments/IPS-campaign/build-baseline/inputs/base.xdc"]
# set_property "target_constrs_file" "/home/engineer/fpga/worktrees/ips-cache/experiments/IPS-campaign/build-baseline/inputs/base.xdc" [get_filesets constrs_1]
# if {[string equal [get_runs -quiet synth_1] ""]} {
#   create_run -name synth_1 -part xc7z020clg400-1 -flow {Vivado Synthesis 2015} -strategy "Vivado Synthesis Defaults" -constrset constrs_1
# }
# if {[string equal [get_runs -quiet impl_1] ""]} {
#   create_run -name impl_1 -part xc7z020clg400-1 -flow {Vivado Implementation 2015} -strategy "Vivado Implementation Defaults" -constrset constrs_1 -parent_run synth_1
# }
# puts "INFO: recreating the block design from /home/engineer/fpga/worktrees/ips-cache/experiments/IPS-campaign/build-baseline/inputs/pynqz1_bd.tcl"
INFO: recreating the block design from /home/engineer/fpga/worktrees/ips-cache/experiments/IPS-campaign/build-baseline/inputs/pynqz1_bd.tcl
# source "/home/engineer/fpga/worktrees/ips-cache/experiments/IPS-campaign/build-baseline/inputs/pynqz1_bd.tcl"
## namespace eval _tcl {
## proc get_script_folder {} {
##    set script_path [file normalize [info script]]
##    set script_folder [file dirname $script_path]
##    return $script_folder
## }
## }
## variable script_folder
## set script_folder [_tcl::get_script_folder]
## set scripts_vivado_version 2025.2.1
## set current_vivado_version [version -short]
## if { [string first $scripts_vivado_version $current_vivado_version] == -1 } {
##    puts ""
##    catch {common::send_msg_id "BD_TCL-109" "ERROR" "This script was generated using Vivado <$scripts_vivado_version> and is being run in <$current_vivado_version> of Vivado. Please run the script in Vivado <$scripts_vivado_version> then open the design in Vivado <$current_vivado_version>. Upgrade the design by running \"Tools => Report => Report IP Status...\", then run write_bd_tcl to create an updated script."}
## 
##    return 1
## }
## set list_projs [get_projects -quiet]
## if { $list_projs eq "" } {
##    create_project project_1 myproj -part xc7z020clg484-1
##    set_property BOARD_PART em.avnet.com:zed:part0:1.0 [current_project]
## }
## set design_name system
## set errMsg ""
## set nRet 0
## set cur_design [current_bd_design -quiet]
## set list_cells [get_bd_cells -quiet]
## if { ${design_name} eq "" } {
##    # USE CASES:
##    #    1) Design_name not set
## 
##    set errMsg "Please set the variable <design_name> to a non-empty value."
##    set nRet 1
## 
## } elseif { ${cur_design} ne "" && ${list_cells} eq "" } {
##    # USE CASES:
##    #    2): Current design opened AND is empty AND names same.
##    #    3): Current design opened AND is empty AND names diff; design_name NOT in project.
##    #    4): Current design opened AND is empty AND names diff; design_name exists in project.
## 
##    if { $cur_design ne $design_name } {
##       common::send_msg_id "BD_TCL-001" "INFO" "Changing value of <design_name> from <$design_name> to <$cur_design> since current design is empty."
##       set design_name [get_property NAME $cur_design]
##    }
##    common::send_msg_id "BD_TCL-002" "INFO" "Constructing design in IPI design <$cur_design>..."
## 
## } elseif { ${cur_design} ne "" && $list_cells ne "" && $cur_design eq $design_name } {
##    # USE CASES:
##    #    5) Current design opened AND has components AND same names.
## 
##    set errMsg "Design <$design_name> already exists in your project, please set the variable <design_name> to another value."
##    set nRet 1
## } elseif { [get_files -quiet ${design_name}.bd] ne "" } {
##    # USE CASES: 
##    #    6) Current opened design, has components, but diff names, design_name exists in project.
##    #    7) No opened design, design_name exists in project.
## 
##    set errMsg "Design <$design_name> already exists in your project, please set the variable <design_name> to another value."
##    set nRet 2
## 
## } else {
##    # USE CASES:
##    #    8) No opened design, design_name not in project.
##    #    9) Current opened design, has components, but diff names, design_name not in project.
## 
##    common::send_msg_id "BD_TCL-003" "INFO" "Currently there is no design <$design_name> in project, so creating one..."
## 
##    create_bd_design $design_name
## 
##    common::send_msg_id "BD_TCL-004" "INFO" "Making design <$design_name> as current_bd_design."
##    current_bd_design $design_name
## 
## }
INFO: [BD_TCL-3] Currently there is no design <system> in project, so creating one...
Wrote  : </home/engineer/fpga/worktrees/ips-cache/experiments/IPS-campaign/build-baseline/vivado-project/teaching_pynqz1.srcs/sources_1/bd/system/system.bd> 
INFO: [BD_TCL-4] Making design <system> as current_bd_design.
## common::send_msg_id "BD_TCL-005" "INFO" "Currently the variable <design_name> is equal to \"$design_name\"."
INFO: [BD_TCL-5] Currently the variable <design_name> is equal to "system".
## if { $nRet != 0 } {
##    catch {common::send_msg_id "BD_TCL-114" "ERROR" $errMsg}
##    return $nRet
## }
## proc create_root_design { parentCell } {
## 
##   variable script_folder
## 
##   if { $parentCell eq "" } {
##      set parentCell [get_bd_cells /]
##   }
## 
##   # Get object for parentCell
##   set parentObj [get_bd_cells $parentCell]
##   if { $parentObj == "" } {
##      catch {common::send_msg_id "BD_TCL-100" "ERROR" "Unable to find parent cell <$parentCell>!"}
##      return
##   }
## 
##   # Make sure parentObj is hier blk
##   set parentType [get_property TYPE $parentObj]
##   if { $parentType ne "hier" } {
##      catch {common::send_msg_id "BD_TCL-101" "ERROR" "Parent <$parentObj> has TYPE = <$parentType>. Expected to be <hier>."}
##      return
##   }
## 
##   # Save current instance; Restore later
##   set oldCurInst [current_bd_instance .]
## 
##   # Set parent object as current
##   current_bd_instance $parentObj
## 
## 
##   # Create interface ports
##   set DDR [ create_bd_intf_port -mode Master -vlnv xilinx.com:interface:ddrx_rtl:1.0 DDR ]
##   set FIXED_IO [ create_bd_intf_port -mode Master -vlnv xilinx.com:display_processing_system7:fixedio_rtl:1.0 FIXED_IO ]
##   set M_AXI [ create_bd_intf_port -mode Master -vlnv xilinx.com:interface:aximm_rtl:1.0 M_AXI ]
##   set_property -dict [ list \
## CONFIG.ADDR_WIDTH {32} \
## CONFIG.DATA_WIDTH {32} \
## CONFIG.FREQ_HZ {25000000} \
## CONFIG.PROTOCOL {AXI4} \
##  ] $M_AXI
##   set S_AXI [ create_bd_intf_port -mode Slave -vlnv xilinx.com:interface:aximm_rtl:1.0 S_AXI ]
##   set_property -dict [ list \
## CONFIG.ADDR_WIDTH {32} \
## CONFIG.ARUSER_WIDTH {0} \
## CONFIG.AWUSER_WIDTH {0} \
## CONFIG.BUSER_WIDTH {0} \
## CONFIG.DATA_WIDTH {64} \
## CONFIG.HAS_BRESP {1} \
## CONFIG.HAS_BURST {1} \
## CONFIG.HAS_CACHE {1} \
## CONFIG.HAS_LOCK {1} \
## CONFIG.HAS_PROT {1} \
## CONFIG.HAS_QOS {1} \
## CONFIG.HAS_REGION {1} \
## CONFIG.HAS_RRESP {1} \
## CONFIG.HAS_WSTRB {1} \
## CONFIG.ID_WIDTH {6} \
## CONFIG.MAX_BURST_LENGTH {16} \
## CONFIG.NUM_READ_OUTSTANDING {1} \
## CONFIG.NUM_WRITE_OUTSTANDING {1} \
## CONFIG.PROTOCOL {AXI4} \
## CONFIG.READ_WRITE_MODE {READ_WRITE} \
## CONFIG.RUSER_WIDTH {0} \
## CONFIG.SUPPORTS_NARROW_BURST {1} \
## CONFIG.WUSER_WIDTH {0} \
##  ] $S_AXI
## 
##   # Create ports
##   set FCLK_RESET0_N [ create_bd_port -dir O -type rst FCLK_RESET0_N ]
##   set ext_clk_in [ create_bd_port -dir I -type clk ext_clk_in ]
##   set_property -dict [ list \
## CONFIG.ASSOCIATED_BUSIF {M_AXI:S_AXI} \
## CONFIG.FREQ_HZ {25000000} \
##  ] $ext_clk_in
## 
##   # Create instance: axi_interconnect_0, and set properties
##   set axi_interconnect_0 [ create_bd_cell -type ip -vlnv xilinx.com:ip:axi_interconnect:2.1 axi_interconnect_0 ]
##   set_property -dict [ list \
## CONFIG.ENABLE_ADVANCED_OPTIONS {0} \
## CONFIG.NUM_MI {1} \
##  ] $axi_interconnect_0
## 
##   # Create instance: axi_interconnect_1, and set properties
##   set axi_interconnect_1 [ create_bd_cell -type ip -vlnv xilinx.com:ip:axi_interconnect:2.1 axi_interconnect_1 ]
##   set_property -dict [ list \
## CONFIG.NUM_MI {1} \
##  ] $axi_interconnect_1
## 
##   # Create instance: proc_sys_reset_0, and set properties
##   set proc_sys_reset_0 [ create_bd_cell -type ip -vlnv xilinx.com:ip:proc_sys_reset:5.0 proc_sys_reset_0 ]
## 
##   # Create instance: processing_system7_0, and set properties
##   set processing_system7_0 [ create_bd_cell -type ip -vlnv xilinx.com:ip:processing_system7:5.5 processing_system7_0 ]
##   apply_bd_automation -rule xilinx.com:bd_rule:processing_system7 -config {apply_board_preset "1"}  [get_bd_cells processing_system7_0]
##   set_property -dict [ list \
## CONFIG.PCW_USE_S_AXI_HP0 {1} \
##  ] $processing_system7_0
## 
##   # Create interface connections
##   connect_bd_intf_net -intf_net S00_AXI_1 [get_bd_intf_ports S_AXI] [get_bd_intf_pins axi_interconnect_1/S00_AXI]
##   connect_bd_intf_net -intf_net axi_interconnect_0_M00_AXI [get_bd_intf_ports M_AXI] [get_bd_intf_pins axi_interconnect_0/M00_AXI]
##   connect_bd_intf_net -intf_net axi_interconnect_1_M00_AXI [get_bd_intf_pins axi_interconnect_1/M00_AXI] [get_bd_intf_pins processing_system7_0/S_AXI_HP0]
##   # NOTE: DDR and FIXED_IO are already connected by apply_bd_automation's
##   # apply_board_preset above, so the original zedboard_bd.tcl's explicit
##   # connect_bd_intf_net calls for them are omitted here (they errored as
##   # duplicate connections).
##   connect_bd_intf_net -intf_net processing_system7_0_M_AXI_GP0 [get_bd_intf_pins axi_interconnect_0/S00_AXI] [get_bd_intf_pins processing_system7_0/M_AXI_GP0]
## 
##   # Create port connections
##   connect_bd_net -net proc_sys_reset_0_interconnect_aresetn [get_bd_pins axi_interconnect_0/ARESETN] [get_bd_pins axi_interconnect_1/ARESETN] [get_bd_pins proc_sys_reset_0/interconnect_aresetn]
##   connect_bd_net -net proc_sys_reset_0_peripheral_aresetn [get_bd_pins axi_interconnect_0/M00_ARESETN] [get_bd_pins axi_interconnect_0/S00_ARESETN] [get_bd_pins axi_interconnect_1/M00_ARESETN] [get_bd_pins axi_interconnect_1/S00_ARESETN] [get_bd_pins proc_sys_reset_0/peripheral_aresetn]
##   connect_bd_net -net processing_system7_0_FCLK_RESET0_N [get_bd_ports FCLK_RESET0_N] [get_bd_pins proc_sys_reset_0/ext_reset_in] [get_bd_pins processing_system7_0/FCLK_RESET0_N]
##   connect_bd_net -net rocketchip_clk_1 [get_bd_ports ext_clk_in] [get_bd_pins axi_interconnect_0/ACLK] [get_bd_pins axi_interconnect_0/M00_ACLK] [get_bd_pins axi_interconnect_0/S00_ACLK] [get_bd_pins axi_interconnect_1/ACLK] [get_bd_pins axi_interconnect_1/M00_ACLK] [get_bd_pins axi_interconnect_1/S00_ACLK] [get_bd_pins proc_sys_reset_0/slowest_sync_clk] [get_bd_pins processing_system7_0/M_AXI_GP0_ACLK] [get_bd_pins processing_system7_0/S_AXI_HP0_ACLK]
## 
##   # Create address segments
##   create_bd_addr_seg -range 0x00001000 -offset 0x43C00000 [get_bd_addr_spaces processing_system7_0/Data] [get_bd_addr_segs M_AXI/Reg] SEG_zedboard_rocketchip_Reg
##   create_bd_addr_seg -range 0x20000000 -offset 0x00000000 [get_bd_addr_spaces S_AXI] [get_bd_addr_segs processing_system7_0/S_AXI_HP0/HP0_DDR_LOWOCM] SEG_processing_system7_0_HP0_DDR_LOWOCM
## 
## 
##   # Restore current instance
##   current_bd_instance $oldCurInst
## 
##   save_bd_design
## }
## create_root_design ""
WARNING: [BD 5-670] It is required to provide a frequency value for a user created input clock port. Please use the <-freq_hz $freq_val> argument of the create_bd_port command. ie create_bd_port -dir I -type clk -freq_hz 100000000 clkin
INFO: [Ipptcl 7-1463] No Compatible Board Interface found. Board Tab not created in customize GUI
CRITICAL WARNING: [PSU-1]  Parameter : PCW_UIPARAM_DDR_DQS_TO_CLK_DELAY_2 has negative value -0.009 . PS DDR interfaces might fail when entering negative DQS skew values. 
CRITICAL WARNING: [PSU-2]  Parameter : PCW_UIPARAM_DDR_DQS_TO_CLK_DELAY_3 has negative value -0.033 . PS DDR interfaces might fail when entering negative DQS skew values. 
Wrote  : </home/engineer/fpga/worktrees/ips-cache/experiments/IPS-campaign/build-baseline/vivado-project/teaching_pynqz1.srcs/sources_1/bd/system/system.bd> 
# set ps [get_bd_cells -quiet processing_system7_0]
# if {$ps eq ""} {
#   puts "FAIL: no processing_system7_0 cell -- the block design did not build"
#   exit 3
# }
# set xtal [get_property -quiet CONFIG.PCW_CRYSTAL_PERIPHERAL_FREQMHZ $ps]
# if {$xtal != 50} {
#   puts "FAIL: crystal is <$xtal>, expected 50 -- the Digilent preset did not apply"
#   exit 3
# }
# puts "PASS: crystal is 50 MHz -- the Digilent preset applied"
PASS: crystal is 50 MHz -- the Digilent preset applied
# puts "PROJECT_CREATED $proj_dir"
PROJECT_CREATED /home/engineer/fpga/worktrees/ips-cache/experiments/IPS-campaign/build-baseline/vivado-project
INFO: [Common 17-206] Exiting Vivado at Thu Sep 24 23:45:04 2026...
