### 04:50:26 teaching.bit.bin -> /root/xv6run/teaching.bit.bin: 4045564 bytes, sha256 20fae71e4661c6c9
mkdir -p $(dirname /root/xv6run/teaching.bit.bin); echo __R426635__=$?
__R426635__=0
~ # stty -echo ixoff; echo __R427143__=$?
__R427143__=0
~ # ### 04:50:28 128/5394088 b64 chars, 10.5 KB/s, eta 8.4 min
### 04:50:30 25728/5394088 b64 chars, 11.2 KB/s, eta 7.8 min
### 04:50:32 51328/5394088 b64 chars, 11.2 KB/s, eta 7.8 min
### 04:50:34 76928/5394088 b64 chars, 11.2 KB/s, eta 7.8 min
### 04:50:37 102528/5394088 b64 chars, 11.2 KB/s, eta 7.7 min
### 04:50:39 128128/5394088 b64 chars, 11.2 KB/s, eta 7.7 min
### 04:50:41 153728/5394088 b64 chars, 11.2 KB/s, eta 7.6 min
### 04:50:43 179328/5394088 b64 chars, 11.2 KB/s, eta 7.6 min
### 04:50:46 204928/5394088 b64 chars, 11.2 KB/s, eta 7.6 min
### 04:50:48 230528/5394088 b64 chars, 11.2 KB/s, eta 7.5 min
### 04:50:50 256128/5394088 b64 chars, 11.2 KB/s, eta 7.5 min
### 04:50:52 281728/5394088 b64 chars, 11.2 KB/s, eta 7.5 min
### 04:50:55 307328/5394088 b64 chars, 11.2 KB/s, eta 7.4 min
### 04:50:57 332928/5394088 b64 chars, 11.2 KB/s, eta 7.4 min
### 04:50:59 358528/5394088 b64 chars, 11.2 KB/s, eta 7.3 min
### 04:51:01 384128/5394088 b64 chars, 11.2 KB/s, eta 7.3 min
### 04:51:03 409728/5394088 b64 chars, 11.2 KB/s, eta 7.3 min
### 04:51:06 435328/5394088 b64 chars, 11.2 KB/s, eta 7.2 min
### 04:51:08 460928/5394088 b64 chars, 11.2 KB/s, eta 7.2 min
### 04:51:10 486528/5394088 b64 chars, 11.2 KB/s, eta 7.2 min
### 04:51:12 512128/5394088 b64 chars, 11.2 KB/s, eta 7.1 min
### 04:51:15 537728/5394088 b64 chars, 11.2 KB/s, eta 7.1 min
### 04:51:17 563328/5394088 b64 chars, 11.2 KB/s, eta 7.0 min
### 04:51:19 588928/5394088 b64 chars, 11.2 KB/s, eta 7.0 min
### 04:51:21 614528/5394088 b64 chars, 11.2 KB/s, eta 7.0 min
### 04:51:24 640128/5394088 b64 chars, 11.2 KB/s, eta 6.9 min
### 04:51:26 665728/5394088 b64 chars, 11.2 KB/s, eta 6.9 min
### 04:51:28 691328/5394088 b64 chars, 11.2 KB/s, eta 6.9 min
### 04:51:30 716928/5394088 b64 chars, 11.2 KB/s, eta 6.8 min
### 04:51:33 742528/5394088 b64 chars, 11.2 KB/s, eta 6.8 min
### 04:51:35 768128/5394088 b64 chars, 11.2 KB/s, eta 6.7 min
### 04:51:37 793728/5394088 b64 chars, 11.2 KB/s, eta 6.7 min
### 04:51:39 819328/5394088 b64 chars, 11.2 KB/s, eta 6.7 min
### 04:51:42 844928/5394088 b64 chars, 11.2 KB/s, eta 6.6 min
### 04:51:44 870528/5394088 b64 chars, 11.2 KB/s, eta 6.6 min
### 04:51:46 896128/5394088 b64 chars, 11.2 KB/s, eta 6.6 min
### 04:51:48 921728/5394088 b64 chars, 11.2 KB/s, eta 6.5 min
### 04:51:51 947328/5394088 b64 chars, 11.2 KB/s, eta 6.5 min
### 04:51:53 972928/5394088 b64 chars, 11.2 KB/s, eta 6.4 min
### 04:51:55 998528/5394088 b64 chars, 11.2 KB/s, eta 6.4 min
### 04:51:57 1024128/5394088 b64 chars, 11.2 KB/s, eta 6.4 min
### 04:51:59 1049728/5394088 b64 chars, 11.2 KB/s, eta 6.3 min
### 04:52:02 1075328/5394088 b64 chars, 11.2 KB/s, eta 6.3 min
### 04:52:04 1100928/5394088 b64 chars, 11.2 KB/s, eta 6.3 min
### 04:52:06 1126528/5394088 b64 chars, 11.2 KB/s, eta 6.2 min
### 04:52:08 1152128/5394088 b64 chars, 11.2 KB/s, eta 6.2 min
### 04:52:11 1177728/5394088 b64 chars, 11.2 KB/s, eta 6.1 min
### 04:52:13 1203328/5394088 b64 chars, 11.2 KB/s, eta 6.1 min
### 04:52:15 1228928/5394088 b64 chars, 11.2 KB/s, eta 6.1 min
### 04:52:17 1254528/5394088 b64 chars, 11.2 KB/s, eta 6.0 min
### 04:52:20 1280128/5394088 b64 chars, 11.2 KB/s, eta 6.0 min
### 04:52:22 1305728/5394088 b64 chars, 11.2 KB/s, eta 6.0 min
### 04:52:24 1331328/5394088 b64 chars, 11.2 KB/s, eta 5.9 min
### 04:52:26 1356928/5394088 b64 chars, 11.2 KB/s, eta 5.9 min
### 04:52:29 1382528/5394088 b64 chars, 11.2 KB/s, eta 5.8 min
### 04:52:31 1408128/5394088 b64 chars, 11.2 KB/s, eta 5.8 min
### 04:52:33 1433728/5394088 b64 chars, 11.2 KB/s, eta 5.8 min
### 04:52:35 1459328/5394088 b64 chars, 11.2 KB/s, eta 5.7 min
### 04:52:38 1484928/5394088 b64 chars, 11.2 KB/s, eta 5.7 min
### 04:52:40 1510528/5394088 b64 chars, 11.2 KB/s, eta 5.7 min
### 04:52:42 1536128/5394088 b64 chars, 11.2 KB/s, eta 5.6 min
### 04:52:44 1561728/5394088 b64 chars, 11.2 KB/s, eta 5.6 min
### 04:52:47 1587328/5394088 b64 chars, 11.2 KB/s, eta 5.5 min
### 04:52:49 1612928/5394088 b64 chars, 11.2 KB/s, eta 5.5 min
### 04:52:51 1638528/5394088 b64 chars, 11.2 KB/s, eta 5.5 min
### 04:52:53 1664128/5394088 b64 chars, 11.2 KB/s, eta 5.4 min
### 04:52:55 1689728/5394088 b64 chars, 11.2 KB/s, eta 5.4 min
### 04:52:58 1715328/5394088 b64 chars, 11.2 KB/s, eta 5.4 min
### 04:53:00 1740928/5394088 b64 chars, 11.2 KB/s, eta 5.3 min
### 04:53:02 1766528/5394088 b64 chars, 11.2 KB/s, eta 5.3 min
### 04:53:04 1792128/5394088 b64 chars, 11.2 KB/s, eta 5.3 min
### 04:53:07 1817728/5394088 b64 chars, 11.2 KB/s, eta 5.2 min
### 04:53:09 1843328/5394088 b64 chars, 11.2 KB/s, eta 5.2 min
### 04:53:11 1868928/5394088 b64 chars, 11.2 KB/s, eta 5.1 min
### 04:53:13 1894528/5394088 b64 chars, 11.2 KB/s, eta 5.1 min
### 04:53:16 1920128/5394088 b64 chars, 11.2 KB/s, eta 5.1 min
### 04:53:18 1945728/5394088 b64 chars, 11.2 KB/s, eta 5.0 min
### 04:53:20 1971328/5394088 b64 chars, 11.2 KB/s, eta 5.0 min
### 04:53:22 1996928/5394088 b64 chars, 11.2 KB/s, eta 5.0 min
### 04:53:25 2022528/5394088 b64 chars, 11.2 KB/s, eta 4.9 min
### 04:53:27 2048128/5394088 b64 chars, 11.2 KB/s, eta 4.9 min
### 04:53:29 2073728/5394088 b64 chars, 11.2 KB/s, eta 4.8 min
### 04:53:31 2099328/5394088 b64 chars, 11.2 KB/s, eta 4.8 min
### 04:53:34 2124928/5394088 b64 chars, 11.2 KB/s, eta 4.8 min
### 04:53:36 2150528/5394088 b64 chars, 11.2 KB/s, eta 4.7 min
### 04:53:38 2176128/5394088 b64 chars, 11.2 KB/s, eta 4.7 min
### 04:53:40 2201728/5394088 b64 chars, 11.2 KB/s, eta 4.7 min
### 04:53:42 2227328/5394088 b64 chars, 11.2 KB/s, eta 4.6 min
### 04:53:45 2252928/5394088 b64 chars, 11.2 KB/s, eta 4.6 min
### 04:53:47 2278528/5394088 b64 chars, 11.2 KB/s, eta 4.5 min
### 04:53:49 2304128/5394088 b64 chars, 11.2 KB/s, eta 4.5 min
### 04:53:51 2329728/5394088 b64 chars, 11.2 KB/s, eta 4.5 min
### 04:53:54 2355328/5394088 b64 chars, 11.2 KB/s, eta 4.4 min
### 04:53:56 2380928/5394088 b64 chars, 11.2 KB/s, eta 4.4 min
### 04:53:58 2406528/5394088 b64 chars, 11.2 KB/s, eta 4.4 min
### 04:54:00 2432128/5394088 b64 chars, 11.2 KB/s, eta 4.3 min
### 04:54:03 2457728/5394088 b64 chars, 11.2 KB/s, eta 4.3 min
### 04:54:05 2483328/5394088 b64 chars, 11.2 KB/s, eta 4.2 min
### 04:54:07 2508928/5394088 b64 chars, 11.2 KB/s, eta 4.2 min
### 04:54:09 2534528/5394088 b64 chars, 11.2 KB/s, eta 4.2 min
### 04:54:12 2560128/5394088 b64 chars, 11.2 KB/s, eta 4.1 min
### 04:54:14 2585728/5394088 b64 chars, 11.2 KB/s, eta 4.1 min
### 04:54:16 2611328/5394088 b64 chars, 11.2 KB/s, eta 4.1 min
### 04:54:18 2636928/5394088 b64 chars, 11.2 KB/s, eta 4.0 min
### 04:54:21 2662528/5394088 b64 chars, 11.2 KB/s, eta 4.0 min
### 04:54:23 2688128/5394088 b64 chars, 11.2 KB/s, eta 3.9 min
### 04:54:25 2713728/5394088 b64 chars, 11.2 KB/s, eta 3.9 min
### 04:54:27 2739328/5394088 b64 chars, 11.2 KB/s, eta 3.9 min
### 04:54:30 2764928/5394088 b64 chars, 11.2 KB/s, eta 3.8 min
### 04:54:32 2790528/5394088 b64 chars, 11.2 KB/s, eta 3.8 min
### 04:54:34 2816128/5394088 b64 chars, 11.2 KB/s, eta 3.8 min
### 04:54:36 2841728/5394088 b64 chars, 11.2 KB/s, eta 3.7 min
### 04:54:38 2867328/5394088 b64 chars, 11.2 KB/s, eta 3.7 min
### 04:54:41 2892928/5394088 b64 chars, 11.2 KB/s, eta 3.6 min
### 04:54:43 2918528/5394088 b64 chars, 11.2 KB/s, eta 3.6 min
### 04:54:45 2944128/5394088 b64 chars, 11.2 KB/s, eta 3.6 min
### 04:54:47 2969728/5394088 b64 chars, 11.2 KB/s, eta 3.5 min
### 04:54:50 2995328/5394088 b64 chars, 11.2 KB/s, eta 3.5 min
### 04:54:52 3020928/5394088 b64 chars, 11.2 KB/s, eta 3.5 min
### 04:54:54 3046528/5394088 b64 chars, 11.2 KB/s, eta 3.4 min
### 04:54:56 3072128/5394088 b64 chars, 11.2 KB/s, eta 3.4 min
### 04:54:59 3097728/5394088 b64 chars, 11.2 KB/s, eta 3.3 min
### 04:55:01 3123328/5394088 b64 chars, 11.2 KB/s, eta 3.3 min
### 04:55:03 3148928/5394088 b64 chars, 11.2 KB/s, eta 3.3 min
### 04:55:05 3174528/5394088 b64 chars, 11.2 KB/s, eta 3.2 min
### 04:55:08 3200128/5394088 b64 chars, 11.2 KB/s, eta 3.2 min
### 04:55:10 3225728/5394088 b64 chars, 11.2 KB/s, eta 3.2 min
### 04:55:12 3251328/5394088 b64 chars, 11.2 KB/s, eta 3.1 min
### 04:55:14 3276928/5394088 b64 chars, 11.2 KB/s, eta 3.1 min
### 04:55:17 3302528/5394088 b64 chars, 11.2 KB/s, eta 3.0 min
### 04:55:19 3328128/5394088 b64 chars, 11.2 KB/s, eta 3.0 min
### 04:55:21 3353728/5394088 b64 chars, 11.2 KB/s, eta 3.0 min
### 04:55:23 3379328/5394088 b64 chars, 11.2 KB/s, eta 2.9 min
### 04:55:26 3404928/5394088 b64 chars, 11.2 KB/s, eta 2.9 min
### 04:55:28 3430528/5394088 b64 chars, 11.2 KB/s, eta 2.9 min
### 04:55:30 3456128/5394088 b64 chars, 11.2 KB/s, eta 2.8 min
### 04:55:32 3481728/5394088 b64 chars, 11.2 KB/s, eta 2.8 min
### 04:55:34 3507328/5394088 b64 chars, 11.2 KB/s, eta 2.8 min
### 04:55:37 3532928/5394088 b64 chars, 11.2 KB/s, eta 2.7 min
### 04:55:39 3558528/5394088 b64 chars, 11.2 KB/s, eta 2.7 min
### 04:55:41 3584128/5394088 b64 chars, 11.2 KB/s, eta 2.6 min
### 04:55:43 3609728/5394088 b64 chars, 11.2 KB/s, eta 2.6 min
### 04:55:46 3635328/5394088 b64 chars, 11.2 KB/s, eta 2.6 min
### 04:55:48 3660928/5394088 b64 chars, 11.2 KB/s, eta 2.5 min
### 04:55:50 3686528/5394088 b64 chars, 11.2 KB/s, eta 2.5 min
### 04:55:52 3712128/5394088 b64 chars, 11.2 KB/s, eta 2.5 min
### 04:55:55 3737728/5394088 b64 chars, 11.2 KB/s, eta 2.4 min
### 04:55:57 3763328/5394088 b64 chars, 11.2 KB/s, eta 2.4 min
### 04:55:59 3788928/5394088 b64 chars, 11.2 KB/s, eta 2.3 min
### 04:56:01 3814528/5394088 b64 chars, 11.2 KB/s, eta 2.3 min
### 04:56:04 3840128/5394088 b64 chars, 11.2 KB/s, eta 2.3 min
### 04:56:06 3865728/5394088 b64 chars, 11.2 KB/s, eta 2.2 min
### 04:56:08 3891328/5394088 b64 chars, 11.2 KB/s, eta 2.2 min
### 04:56:10 3916928/5394088 b64 chars, 11.2 KB/s, eta 2.2 min
### 04:56:13 3942528/5394088 b64 chars, 11.2 KB/s, eta 2.1 min
### 04:56:15 3968128/5394088 b64 chars, 11.2 KB/s, eta 2.1 min
### 04:56:17 3993728/5394088 b64 chars, 11.2 KB/s, eta 2.0 min
### 04:56:19 4019328/5394088 b64 chars, 11.2 KB/s, eta 2.0 min
### 04:56:21 4044928/5394088 b64 chars, 11.2 KB/s, eta 2.0 min
### 04:56:24 4070528/5394088 b64 chars, 11.2 KB/s, eta 1.9 min
### 04:56:26 4096128/5394088 b64 chars, 11.2 KB/s, eta 1.9 min
### 04:56:28 4121728/5394088 b64 chars, 11.2 KB/s, eta 1.9 min
### 04:56:30 4147328/5394088 b64 chars, 11.2 KB/s, eta 1.8 min
### 04:56:33 4172928/5394088 b64 chars, 11.2 KB/s, eta 1.8 min
### 04:56:35 4198528/5394088 b64 chars, 11.2 KB/s, eta 1.7 min
### 04:56:37 4224128/5394088 b64 chars, 11.2 KB/s, eta 1.7 min
### 04:56:39 4249728/5394088 b64 chars, 11.2 KB/s, eta 1.7 min
### 04:56:42 4275328/5394088 b64 chars, 11.2 KB/s, eta 1.6 min
### 04:56:44 4300928/5394088 b64 chars, 11.2 KB/s, eta 1.6 min
### 04:56:46 4326528/5394088 b64 chars, 11.2 KB/s, eta 1.6 min
### 04:56:48 4352128/5394088 b64 chars, 11.2 KB/s, eta 1.5 min
### 04:56:51 4377728/5394088 b64 chars, 11.2 KB/s, eta 1.5 min
### 04:56:53 4403328/5394088 b64 chars, 11.2 KB/s, eta 1.4 min
### 04:56:55 4428928/5394088 b64 chars, 11.2 KB/s, eta 1.4 min
### 04:56:57 4454528/5394088 b64 chars, 11.2 KB/s, eta 1.4 min
### 04:57:00 4480128/5394088 b64 chars, 11.2 KB/s, eta 1.3 min
### 04:57:02 4505728/5394088 b64 chars, 11.2 KB/s, eta 1.3 min
### 04:57:04 4531328/5394088 b64 chars, 11.2 KB/s, eta 1.3 min
### 04:57:06 4556928/5394088 b64 chars, 11.2 KB/s, eta 1.2 min
### 04:57:09 4582528/5394088 b64 chars, 11.2 KB/s, eta 1.2 min
### 04:57:11 4608128/5394088 b64 chars, 11.2 KB/s, eta 1.1 min
### 04:57:13 4633728/5394088 b64 chars, 11.2 KB/s, eta 1.1 min
### 04:57:15 4659328/5394088 b64 chars, 11.2 KB/s, eta 1.1 min
### 04:57:17 4684928/5394088 b64 chars, 11.2 KB/s, eta 1.0 min
### 04:57:20 4710528/5394088 b64 chars, 11.2 KB/s, eta 1.0 min
### 04:57:22 4736128/5394088 b64 chars, 11.2 KB/s, eta 1.0 min
### 04:57:24 4761728/5394088 b64 chars, 11.2 KB/s, eta 0.9 min
### 04:57:26 4787328/5394088 b64 chars, 11.2 KB/s, eta 0.9 min
### 04:57:29 4812928/5394088 b64 chars, 11.2 KB/s, eta 0.8 min
### 04:57:31 4838528/5394088 b64 chars, 11.2 KB/s, eta 0.8 min
### 04:57:33 4864128/5394088 b64 chars, 11.2 KB/s, eta 0.8 min
### 04:57:35 4889728/5394088 b64 chars, 11.2 KB/s, eta 0.7 min
### 04:57:38 4915328/5394088 b64 chars, 11.2 KB/s, eta 0.7 min
### 04:57:40 4940928/5394088 b64 chars, 11.2 KB/s, eta 0.7 min
### 04:57:42 4966528/5394088 b64 chars, 11.2 KB/s, eta 0.6 min
### 04:57:44 4992128/5394088 b64 chars, 11.2 KB/s, eta 0.6 min
### 04:57:47 5017728/5394088 b64 chars, 11.2 KB/s, eta 0.5 min
### 04:57:49 5043328/5394088 b64 chars, 11.2 KB/s, eta 0.5 min
### 04:57:51 5068928/5394088 b64 chars, 11.2 KB/s, eta 0.5 min
### 04:57:53 5094528/5394088 b64 chars, 11.2 KB/s, eta 0.4 min
### 04:57:56 5120128/5394088 b64 chars, 11.2 KB/s, eta 0.4 min
### 04:57:58 5145728/5394088 b64 chars, 11.2 KB/s, eta 0.4 min
### 04:58:00 5171328/5394088 b64 chars, 11.2 KB/s, eta 0.3 min
### 04:58:02 5196928/5394088 b64 chars, 11.2 KB/s, eta 0.3 min
### 04:58:05 5222528/5394088 b64 chars, 11.2 KB/s, eta 0.3 min
### 04:58:07 5248128/5394088 b64 chars, 11.2 KB/s, eta 0.2 min
### 04:58:09 5273728/5394088 b64 chars, 11.2 KB/s, eta 0.2 min
### 04:58:11 5299328/5394088 b64 chars, 11.2 KB/s, eta 0.1 min
### 04:58:13 5324928/5394088 b64 chars, 11.2 KB/s, eta 0.1 min
### 04:58:16 5350528/5394088 b64 chars, 11.2 KB/s, eta 0.1 min
### 04:58:18 5376128/5394088 b64 chars, 11.2 KB/s, eta 0.0 min
### 04:58:21 stream finished in 473s
__R902021__=0
~ # sha256sum /root/xv6run/teaching.bit.bin; echo __R902527__=$?
20fae71e4661c6c93a9826397594e058ef4bf6dc01071a41809ebb3a312c9f5a  /root/xv6run/teaching.bit.bin
__R902527__=0
~ # ### 04:58:23 sha256 verified on the board: 20fae71e4661c6c93a9826397594e058ef4bf6dc01071a41809ebb3a312c9f5a
### 04:58:23 SEND_OK /root/xv6run/teaching.bit.bin 4045564 bytes in 473s (8.4 KB/s)
### 04:58:23 fesvr-teaching-static -> /root/xv6run/fesvr-teaching-static: 1806656 bytes, sha256 c050eab30f80a21a
mkdir -p $(dirname /root/xv6run/fesvr-teaching-static); echo __R903089__=$?
__R903089__=0
~ # stty -echo ixoff; echo __R903598__=$?
__R903598__=0
~ # ### 04:58:24 128/2408876 b64 chars, 10.5 KB/s, eta 3.7 min
### 04:58:26 25728/2408876 b64 chars, 11.2 KB/s, eta 3.5 min
### 04:58:29 51328/2408876 b64 chars, 11.2 KB/s, eta 3.4 min
### 04:58:31 76928/2408876 b64 chars, 11.2 KB/s, eta 3.4 min
### 04:58:33 102528/2408876 b64 chars, 11.2 KB/s, eta 3.4 min
### 04:58:35 128128/2408876 b64 chars, 11.2 KB/s, eta 3.3 min
### 04:58:38 153728/2408876 b64 chars, 11.2 KB/s, eta 3.3 min
### 04:58:40 179328/2408876 b64 chars, 11.2 KB/s, eta 3.3 min
### 04:58:42 204928/2408876 b64 chars, 11.2 KB/s, eta 3.2 min
### 04:58:44 230528/2408876 b64 chars, 11.2 KB/s, eta 3.2 min
### 04:58:47 256128/2408876 b64 chars, 11.2 KB/s, eta 3.1 min
### 04:58:49 281728/2408876 b64 chars, 11.2 KB/s, eta 3.1 min
### 04:58:51 307328/2408876 b64 chars, 11.2 KB/s, eta 3.1 min
### 04:58:53 332928/2408876 b64 chars, 11.2 KB/s, eta 3.0 min
### 04:58:55 358528/2408876 b64 chars, 11.2 KB/s, eta 3.0 min
### 04:58:58 384128/2408876 b64 chars, 11.2 KB/s, eta 3.0 min
### 04:59:00 409728/2408876 b64 chars, 11.2 KB/s, eta 2.9 min
### 04:59:02 435328/2408876 b64 chars, 11.2 KB/s, eta 2.9 min
### 04:59:04 460928/2408876 b64 chars, 11.2 KB/s, eta 2.8 min
### 04:59:07 486528/2408876 b64 chars, 11.2 KB/s, eta 2.8 min
### 04:59:09 512128/2408876 b64 chars, 11.2 KB/s, eta 2.8 min
### 04:59:11 537728/2408876 b64 chars, 11.2 KB/s, eta 2.7 min
### 04:59:13 563328/2408876 b64 chars, 11.2 KB/s, eta 2.7 min
### 04:59:16 588928/2408876 b64 chars, 11.2 KB/s, eta 2.7 min
### 04:59:18 614528/2408876 b64 chars, 11.2 KB/s, eta 2.6 min
### 04:59:20 640128/2408876 b64 chars, 11.2 KB/s, eta 2.6 min
### 04:59:22 665728/2408876 b64 chars, 11.2 KB/s, eta 2.5 min
### 04:59:25 691328/2408876 b64 chars, 11.2 KB/s, eta 2.5 min
### 04:59:27 716928/2408876 b64 chars, 11.2 KB/s, eta 2.5 min
### 04:59:29 742528/2408876 b64 chars, 11.2 KB/s, eta 2.4 min
### 04:59:31 768128/2408876 b64 chars, 11.2 KB/s, eta 2.4 min
### 04:59:34 793728/2408876 b64 chars, 11.2 KB/s, eta 2.4 min
### 04:59:36 819328/2408876 b64 chars, 11.2 KB/s, eta 2.3 min
### 04:59:38 844928/2408876 b64 chars, 11.2 KB/s, eta 2.3 min
### 04:59:40 870528/2408876 b64 chars, 11.2 KB/s, eta 2.2 min
### 04:59:43 896128/2408876 b64 chars, 11.2 KB/s, eta 2.2 min
### 04:59:45 921728/2408876 b64 chars, 11.2 KB/s, eta 2.2 min
### 04:59:47 947328/2408876 b64 chars, 11.2 KB/s, eta 2.1 min
### 04:59:49 972928/2408876 b64 chars, 11.2 KB/s, eta 2.1 min
### 04:59:51 998528/2408876 b64 chars, 11.2 KB/s, eta 2.1 min
### 04:59:54 1024128/2408876 b64 chars, 11.2 KB/s, eta 2.0 min
### 04:59:56 1049728/2408876 b64 chars, 11.2 KB/s, eta 2.0 min
### 04:59:58 1075328/2408876 b64 chars, 11.2 KB/s, eta 1.9 min
### 05:00:00 1100928/2408876 b64 chars, 11.2 KB/s, eta 1.9 min
### 05:00:03 1126528/2408876 b64 chars, 11.2 KB/s, eta 1.9 min
### 05:00:05 1152128/2408876 b64 chars, 11.2 KB/s, eta 1.8 min
### 05:00:07 1177728/2408876 b64 chars, 11.2 KB/s, eta 1.8 min
### 05:00:09 1203328/2408876 b64 chars, 11.2 KB/s, eta 1.8 min
### 05:00:12 1228928/2408876 b64 chars, 11.2 KB/s, eta 1.7 min
### 05:00:14 1254528/2408876 b64 chars, 11.2 KB/s, eta 1.7 min
### 05:00:16 1280128/2408876 b64 chars, 11.2 KB/s, eta 1.6 min
### 05:00:18 1305728/2408876 b64 chars, 11.2 KB/s, eta 1.6 min
### 05:00:21 1331328/2408876 b64 chars, 11.2 KB/s, eta 1.6 min
### 05:00:23 1356928/2408876 b64 chars, 11.2 KB/s, eta 1.5 min
### 05:00:25 1382528/2408876 b64 chars, 11.2 KB/s, eta 1.5 min
### 05:00:27 1408128/2408876 b64 chars, 11.2 KB/s, eta 1.5 min
### 05:00:30 1433728/2408876 b64 chars, 11.2 KB/s, eta 1.4 min
### 05:00:32 1459328/2408876 b64 chars, 11.2 KB/s, eta 1.4 min
### 05:00:34 1484928/2408876 b64 chars, 11.2 KB/s, eta 1.3 min
### 05:00:36 1510528/2408876 b64 chars, 11.2 KB/s, eta 1.3 min
### 05:00:38 1536128/2408876 b64 chars, 11.2 KB/s, eta 1.3 min
### 05:00:41 1561728/2408876 b64 chars, 11.2 KB/s, eta 1.2 min
### 05:00:43 1587328/2408876 b64 chars, 11.2 KB/s, eta 1.2 min
### 05:00:45 1612928/2408876 b64 chars, 11.2 KB/s, eta 1.2 min
### 05:00:47 1638528/2408876 b64 chars, 11.2 KB/s, eta 1.1 min
### 05:00:50 1664128/2408876 b64 chars, 11.2 KB/s, eta 1.1 min
### 05:00:52 1689728/2408876 b64 chars, 11.2 KB/s, eta 1.0 min
### 05:00:54 1715328/2408876 b64 chars, 11.2 KB/s, eta 1.0 min
### 05:00:56 1740928/2408876 b64 chars, 11.2 KB/s, eta 1.0 min
### 05:00:59 1766528/2408876 b64 chars, 11.2 KB/s, eta 0.9 min
### 05:01:01 1792128/2408876 b64 chars, 11.2 KB/s, eta 0.9 min
### 05:01:03 1817728/2408876 b64 chars, 11.2 KB/s, eta 0.9 min
### 05:01:05 1843328/2408876 b64 chars, 11.2 KB/s, eta 0.8 min
### 05:01:08 1868928/2408876 b64 chars, 11.2 KB/s, eta 0.8 min
### 05:01:10 1894528/2408876 b64 chars, 11.2 KB/s, eta 0.7 min
### 05:01:12 1920128/2408876 b64 chars, 11.2 KB/s, eta 0.7 min
### 05:01:14 1945728/2408876 b64 chars, 11.2 KB/s, eta 0.7 min
### 05:01:17 1971328/2408876 b64 chars, 11.2 KB/s, eta 0.6 min
### 05:01:19 1996928/2408876 b64 chars, 11.2 KB/s, eta 0.6 min
### 05:01:21 2022528/2408876 b64 chars, 11.2 KB/s, eta 0.6 min
### 05:01:23 2048128/2408876 b64 chars, 11.2 KB/s, eta 0.5 min
### 05:01:26 2073728/2408876 b64 chars, 11.2 KB/s, eta 0.5 min
### 05:01:28 2099328/2408876 b64 chars, 11.2 KB/s, eta 0.5 min
### 05:01:30 2124928/2408876 b64 chars, 11.2 KB/s, eta 0.4 min
### 05:01:32 2150528/2408876 b64 chars, 11.2 KB/s, eta 0.4 min
### 05:01:34 2176128/2408876 b64 chars, 11.2 KB/s, eta 0.3 min
### 05:01:37 2201728/2408876 b64 chars, 11.2 KB/s, eta 0.3 min
### 05:01:39 2227328/2408876 b64 chars, 11.2 KB/s, eta 0.3 min
### 05:01:41 2252928/2408876 b64 chars, 11.2 KB/s, eta 0.2 min
### 05:01:43 2278528/2408876 b64 chars, 11.2 KB/s, eta 0.2 min
### 05:01:46 2304128/2408876 b64 chars, 11.2 KB/s, eta 0.2 min
### 05:01:48 2329728/2408876 b64 chars, 11.2 KB/s, eta 0.1 min
### 05:01:50 2355328/2408876 b64 chars, 11.2 KB/s, eta 0.1 min
### 05:01:52 2380928/2408876 b64 chars, 11.2 KB/s, eta 0.0 min
### 05:01:55 2406528/2408876 b64 chars, 11.2 KB/s, eta 0.0 min
### 05:01:56 stream finished in 212s
__R117348__=0
~ # sha256sum /root/xv6run/fesvr-teaching-static; echo __R117852__=$?
c050eab30f80a21a7c92c8688faa2f043c67aa2900fbc08b80f3dd8de2ba1fb9  /root/xv6run/fesvr-teaching-static
__R117852__=0
~ # ### 05:01:58 sha256 verified on the board: c050eab30f80a21a7c92c8688faa2f043c67aa2900fbc08b80f3dd8de2ba1fb9
### 05:01:58 SEND_OK /root/xv6run/fesvr-teaching-static 1806656 bytes in 212s (8.3 KB/s)
### 05:01:58 boot01_marker.elf -> /root/xv6run/boot01_marker.elf: 5600 bytes, sha256 69ca91994567a44f
mkdir -p $(dirname /root/xv6run/boot01_marker.elf); echo __R118405__=$?
__R118405__=0
~ # stty -echo ixoff; echo __R118914__=$?
__R118914__=0
~ # ### 05:01:59 128/7468 b64 chars, 10.5 KB/s, eta 0.0 min
### 05:02:01 stream finished in 2s
__R122579__=0
~ # sha256sum /root/xv6run/boot01_marker.elf; echo __R123084__=$?
69ca91994567a44f9afb0303013bb8412eb6142749c28b631000e92156da61a2  /root/xv6run/boot01_marker.elf
__R123084__=0
~ # ### 05:02:03 sha256 verified on the board: 69ca91994567a44f9afb0303013bb8412eb6142749c28b631000e92156da61a2
### 05:02:03 SEND_OK /root/xv6run/boot01_marker.elf 5600 bytes in 2s (3.3 KB/s)
### 05:02:03 boot02_clint.elf -> /root/xv6run/boot02_clint.elf: 6824 bytes, sha256 0c4ebbb7648a34c0
mkdir -p $(dirname /root/xv6run/boot02_clint.elf); echo __R123638__=$?
__R123638__=0
~ # stty -echo ixoff; echo __R124147__=$?
__R124147__=0
~ # ### 05:02:05 128/9100 b64 chars, 10.6 KB/s, eta 0.0 min
### 05:02:06 stream finished in 2s
__R127954__=0
~ # sha256sum /root/xv6run/boot02_clint.elf; echo __R128458__=$?
0c4ebbb7648a34c013bbf77b0c7a5f03f901993fbe0e690732c46f15f8fb2c0f  /root/xv6run/boot02_clint.elf
__R128458__=0
~ # ### 05:02:08 sha256 verified on the board: 0c4ebbb7648a34c013bbf77b0c7a5f03f901993fbe0e690732c46f15f8fb2c0f
### 05:02:08 SEND_OK /root/xv6run/boot02_clint.elf 6824 bytes in 2s (3.7 KB/s)
### 05:02:09 boot03_ddr.elf -> /root/xv6run/boot03_ddr.elf: 7384 bytes, sha256 3089c7e72514eded
mkdir -p $(dirname /root/xv6run/boot03_ddr.elf); echo __R129016__=$?
__R129016__=0
~ # stty -echo ixoff; echo __R129525__=$?
__R129525__=0
~ # ### 05:02:10 128/9848 b64 chars, 10.6 KB/s, eta 0.0 min
### 05:02:12 stream finished in 2s
__R133397__=0
~ # sha256sum /root/xv6run/boot03_ddr.elf; echo __R133902__=$?
3089c7e72514eded26b80b02f9dcd57c0ee74609ca42803dd800e360daff39d0  /root/xv6run/boot03_ddr.elf
__R133902__=0
~ # ### 05:02:14 sha256 verified on the board: 3089c7e72514eded26b80b02f9dcd57c0ee74609ca42803dd800e360daff39d0
### 05:02:14 SEND_OK /root/xv6run/boot03_ddr.elf 7384 bytes in 2s (3.9 KB/s)
### 05:02:14 boot04_badaddr.elf -> /root/xv6run/boot04_badaddr.elf: 6536 bytes, sha256 fc3b16962f69e53a
mkdir -p $(dirname /root/xv6run/boot04_badaddr.elf); echo __R134459__=$?
__R134459__=0
~ # stty -echo ixoff; echo __R134969__=$?
__R134969__=0
~ # ### 05:02:15 128/8716 b64 chars, 10.4 KB/s, eta 0.0 min
### 05:02:17 stream finished in 2s
__R138743__=0
~ # sha256sum /root/xv6run/boot04_badaddr.elf; echo __R139248__=$?
fc3b16962f69e53abfa37a30ddd1490091926a47f4dda1c16fa04e37ea592380  /root/xv6run/boot04_badaddr.elf
__R139248__=0
~ # ### 05:02:19 sha256 verified on the board: fc3b16962f69e53abfa37a30ddd1490091926a47f4dda1c16fa04e37ea592380
### 05:02:19 SEND_OK /root/xv6run/boot04_badaddr.elf 6536 bytes in 2s (3.6 KB/s)
### 05:02:19 ext01_m.elf -> /root/xv6run/ext01_m.elf: 5880 bytes, sha256 b57e1b63d9d29688
mkdir -p $(dirname /root/xv6run/ext01_m.elf); echo __R139803__=$?
__R139803__=0
~ # stty -echo ixoff; echo __R140310__=$?
__R140310__=0
~ # ### 05:02:21 128/7840 b64 chars, 10.4 KB/s, eta 0.0 min
### 05:02:23 stream finished in 2s
__R144008__=0
~ # sha256sum /root/xv6run/ext01_m.elf; echo __R144512__=$?
b57e1b63d9d29688fd9ce3a04390d5eddf26edc6007e78fd6314da5df11d07e4  /root/xv6run/ext01_m.elf
__R144512__=0
~ # ### 05:02:25 sha256 verified on the board: b57e1b63d9d29688fd9ce3a04390d5eddf26edc6007e78fd6314da5df11d07e4
### 05:02:25 SEND_OK /root/xv6run/ext01_m.elf 5880 bytes in 2s (3.4 KB/s)
### 05:02:25 ext02_c.elf -> /root/xv6run/ext02_c.elf: 5776 bytes, sha256 f8f9f75e2134c084
mkdir -p $(dirname /root/xv6run/ext02_c.elf); echo __R145071__=$?
__R145071__=0
~ # stty -echo ixoff; echo __R145577__=$?
__R145577__=0
~ # ### 05:02:26 128/7704 b64 chars, 10.6 KB/s, eta 0.0 min
### 05:02:28 stream finished in 2s
__R149263__=0
~ # sha256sum /root/xv6run/ext02_c.elf; echo __R149768__=$?
f8f9f75e2134c084f53561efd77ae77e8ed05f6eeaf752b52b2ff86a9711abd6  /root/xv6run/ext02_c.elf
__R149768__=0
~ # ### 05:02:30 sha256 verified on the board: f8f9f75e2134c084f53561efd77ae77e8ed05f6eeaf752b52b2ff86a9711abd6
### 05:02:30 SEND_OK /root/xv6run/ext02_c.elf 5776 bytes in 2s (3.4 KB/s)
### 05:02:30 ext03_a.elf -> /root/xv6run/ext03_a.elf: 6048 bytes, sha256 3d1cda4b1d6af6f8
mkdir -p $(dirname /root/xv6run/ext03_a.elf); echo __R150325__=$?
__R150325__=0
~ # stty -echo ixoff; echo __R150833__=$?
__R150833__=0
~ # ### 05:02:31 128/8064 b64 chars, 10.5 KB/s, eta 0.0 min
### 05:02:33 stream finished in 2s
__R154550__=0
~ # sha256sum /root/xv6run/ext03_a.elf; echo __R155055__=$?
3d1cda4b1d6af6f8a8a3fe3a97277bfc01714a77ad4901993ca36c6addaf8ced  /root/xv6run/ext03_a.elf
__R155055__=0
~ # ### 05:02:35 sha256 verified on the board: 3d1cda4b1d6af6f8a8a3fe3a97277bfc01714a77ad4901993ca36c6addaf8ced
### 05:02:35 SEND_OK /root/xv6run/ext03_a.elf 6048 bytes in 2s (3.5 KB/s)
### 05:02:35 ext04_sv39.elf -> /root/xv6run/ext04_sv39.elf: 13912 bytes, sha256 0251f1512a16cf6b
mkdir -p $(dirname /root/xv6run/ext04_sv39.elf); echo __R155611__=$?
__R155611__=0
~ # stty -echo ixoff; echo __R156118__=$?
__R156118__=0
~ # ### 05:02:37 128/18552 b64 chars, 9.7 KB/s, eta 0.0 min
### 05:02:39 stream finished in 3s
__R160753__=0
~ # sha256sum /root/xv6run/ext04_sv39.elf; echo __R161259__=$?
0251f1512a16cf6b9c3bf2ad98663105a82b5ce304642378a94cc3dc0bf50023  /root/xv6run/ext04_sv39.elf
__R161259__=0
~ # ### 05:02:41 sha256 verified on the board: 0251f1512a16cf6b9c3bf2ad98663105a82b5ce304642378a94cc3dc0bf50023
### 05:02:41 SEND_OK /root/xv6run/ext04_sv39.elf 13912 bytes in 3s (5.2 KB/s)
