
****** Vivado v2025.2.1 (64-bit)
  **** SW Build 6403652 on Thu Mar 19 13:47:00 MDT 2026
  **** IP Build 6403511 on Thu Mar 19 12:41:45 MDT 2026
  **** SharedData Build 6403650 on Thu Mar 19 14:02:13 MDT 2026
  **** Start of session at: Fri Sep 25 01:46:57 2026
    ** Copyright 1986-2022 Xilinx, Inc. All Rights Reserved.
    ** Copyright 2022-2026 Advanced Micro Devices, Inc. All Rights Reserved.

source /home/engineer/fpga/worktrees/ips-cache/experiments/IPS-campaign/build-cache/util.tcl
# open_checkpoint /home/engineer/fpga/worktrees/ips-cache/experiments/IPS-campaign/build-cache/reports/post_route.dcp
Command: open_checkpoint /home/engineer/fpga/worktrees/ips-cache/experiments/IPS-campaign/build-cache/reports/post_route.dcp

Starting open_checkpoint Task

Time (s): cpu = 00:00:00.06 ; elapsed = 00:00:00.03 . Memory (MB): peak = 1562.566 ; gain = 0.000 ; free physical = 11180 ; free virtual = 32936
INFO: [Device 21-403] Loading part xc7z020clg400-1
Netlist sorting complete. Time (s): cpu = 00:00:00.14 ; elapsed = 00:00:00.14 . Memory (MB): peak = 1797.188 ; gain = 0.000 ; free physical = 11016 ; free virtual = 32773
INFO: [Netlist 29-17] Analyzing 1192 Unisim elements for replacement
INFO: [Netlist 29-28] Unisim Transformation completed in 0 CPU seconds
INFO: [Project 1-479] Netlist was created with Vivado 2025.2.1
INFO: [Project 1-570] Preparing netlist for logic optimization
Read ShapeDB Complete: Time (s): cpu = 00:00:00.03 ; elapsed = 00:00:00.04 . Memory (MB): peak = 1901.781 ; gain = 4.000 ; free physical = 10903 ; free virtual = 32660
INFO: [Timing 38-478] Restoring timing data from binary archive.
INFO: [Timing 38-479] Binary timing data restore complete.
INFO: [Project 1-856] Restoring constraints from binary archive.
INFO: [Project 1-853] Binary constraint restore complete.
INFO: [Designutils 20-5722] Start Reading Physical Databases.
Reading placement.
Read Netlist Cache: Time (s): cpu = 00:00:00.02 ; elapsed = 00:00:00.02 . Memory (MB): peak = 2492.250 ; gain = 0.000 ; free physical = 10369 ; free virtual = 32126
Reading placer database...
Read Device Cache: Time (s): cpu = 00:00:00.01 ; elapsed = 00:00:00.01 . Memory (MB): peak = 2492.250 ; gain = 0.000 ; free physical = 10369 ; free virtual = 32126
Read PlaceDB: Time (s): cpu = 00:00:00 ; elapsed = 00:00:00 . Memory (MB): peak = 2492.250 ; gain = 0.000 ; free physical = 10369 ; free virtual = 32126
Read placeStorage: Time (s): cpu = 00:00:00.5 ; elapsed = 00:00:00.5 . Memory (MB): peak = 2493.250 ; gain = 1.000 ; free physical = 10362 ; free virtual = 32119
Read PulsedLatchDB: Time (s): cpu = 00:00:00 ; elapsed = 00:00:00 . Memory (MB): peak = 2493.250 ; gain = 0.000 ; free physical = 10362 ; free virtual = 32119
Reading routing.
Read RouteStorage: Time (s): cpu = 00:00:00.48 ; elapsed = 00:00:00.15 . Memory (MB): peak = 2506.250 ; gain = 13.000 ; free physical = 10346 ; free virtual = 32103
Read Physdb Files: Time (s): cpu = 00:00:01 ; elapsed = 00:00:00.68 . Memory (MB): peak = 2506.250 ; gain = 14.000 ; free physical = 10346 ; free virtual = 32103
Restored from archive | CPU: 1.060000 secs | Memory: 21.454132 MB |
Finished XDEF File Restore: Time (s): cpu = 00:00:01 ; elapsed = 00:00:00.71 . Memory (MB): peak = 2506.250 ; gain = 19.938 ; free physical = 10346 ; free virtual = 32103
Netlist sorting complete. Time (s): cpu = 00:00:00 ; elapsed = 00:00:00 . Memory (MB): peak = 2507.250 ; gain = 0.000 ; free physical = 10346 ; free virtual = 32103
INFO: [Project 1-111] Unisim Transformation Summary:
  A total of 262 instances were transformed.
  RAM16X1D => RAM32X1D (RAMD32(x2)): 15 instances
  RAM32M => RAM32M (RAMD32(x6), RAMS32(x2)): 182 instances
  RAM32X1D => RAM32X1D (RAMD32(x2)): 15 instances
  RAM64M => RAM64M (RAMD64E(x4)): 50 instances

INFO: [Project 1-604] Checkpoint was created with Vivado v2025.2.1 (64-bit) build 6403652
open_checkpoint: Time (s): cpu = 00:00:23 ; elapsed = 00:00:12 . Memory (MB): peak = 2515.285 ; gain = 952.719 ; free physical = 10346 ; free virtual = 32103
# report_utilization -file /home/engineer/fpga/worktrees/ips-cache/experiments/IPS-campaign/build-cache/reports/post_route_util.rpt
# puts "UTIL_DONE"
UTIL_DONE
# exit
INFO: [Common 17-206] Exiting Vivado at Fri Sep 25 01:47:12 2026...
