  evidence bundle /home/engineer/fpga/worktrees/pipe-single/experiments/pipeline/p3/board/sessions/session-pipe-20260929T231052Z/memory: session 4d45136e-7c10-46fd-b6f8-dfcd30775917, digest b79b79e98394bf62
  memory preflight: re-run now, accepted
  board's live boot id: 4d45136e-7c10-46fd-b6f8-dfcd30775917
  roles bound to exact paths: disk at start=/root/xv6run/fs-run.img, host binary=/root/xv6run/fesvr-teaching-static, kernel=/root/xv6run/kernel-perf-128mib
  3 deployment files hashed on the board, all as approved
  [phase    0.00s] commands: begin
  [    5.4s] kernel banner: seen
  [    7.6s] init started / first prompt: seen
  [    7.6s] shell prompt: seen
  [    7.6s] typed: 'mtimetest'
  [    9.6s] command mtimetest: ok
  [    9.6s] typed: 'perfcompute'
  [   25.8s] command perfcompute-1: ok
  [   25.8s] typed: 'perfcompute'
  [   42.0s] command perfcompute-2: ok
  [   42.0s] typed: 'perfcompute'
  [   58.2s] command perfcompute-3: ok
  [   58.2s] typed: 'perfarray'
  [   72.3s] command perfarray-1: ok
  [   72.3s] typed: 'perfarray'
  [   86.6s] command perfarray-2: ok
  [   86.6s] typed: 'perfarray'
  [  100.9s] command perfarray-3: ok
  [phase   97.56s] commands: end; teardown begins
  [phase   97.56s] teardown: settle pump
  [phase   98.16s] teardown: stop()
  [phase   99.80s] teardown: stop() returned 0
  [phase   99.80s] teardown: final drain
  [phase   99.80s] teardown: drain done
  [phase  101.04s] teardown: closing logs
BOARD_RUN stages=10 failed=0 host_exit=0 (deliberate-stop-after-all-commands)
