
*** Running vivado
    with args -log rocketchip_wrapper.vdi -applog -m64 -product Vivado -messageDb vivado.pb -mode batch -source rocketchip_wrapper.tcl -notrace


****** Vivado v2025.2.1 (64-bit)
  **** SW Build 6403652 on Thu Mar 19 13:47:00 MDT 2026
  **** IP Build 6403511 on Thu Mar 19 12:41:45 MDT 2026
  **** SharedData Build 6403650 on Thu Mar 19 14:02:13 MDT 2026
  **** Start of session at: Fri Sep 25 01:44:16 2026
    ** Copyright 1986-2022 Xilinx, Inc. All Rights Reserved.
    ** Copyright 2022-2026 Advanced Micro Devices, Inc. All Rights Reserved.

source rocketchip_wrapper.tcl -notrace
Command: open_checkpoint /home/engineer/fpga/worktrees/ips-cache/experiments/IPS-campaign/build-cache/vivado-project/teaching_pynqz1.runs/impl_1/rocketchip_wrapper.dcp
INFO: [Device 21-403] Loading part xc7z020clg400-1
Netlist sorting complete. Time (s): cpu = 00:00:00.14 ; elapsed = 00:00:00.13 . Memory (MB): peak = 1796.707 ; gain = 0.000 ; free physical = 9719 ; free virtual = 31384
INFO: [Netlist 29-17] Analyzing 1208 Unisim elements for replacement
INFO: [Netlist 29-28] Unisim Transformation completed in 0 CPU seconds
INFO: [Project 1-479] Netlist was created with Vivado 2025.2.1
INFO: [Project 1-570] Preparing netlist for logic optimization
Read ShapeDB Complete: Time (s): cpu = 00:00:00.02 ; elapsed = 00:00:00.02 . Memory (MB): peak = 1902.270 ; gain = 3.000 ; free physical = 9597 ; free virtual = 31262
INFO: [Timing 38-478] Restoring timing data from binary archive.
INFO: [Timing 38-479] Binary timing data restore complete.
INFO: [Project 1-856] Restoring constraints from binary archive.
INFO: [Project 1-853] Binary constraint restore complete.
INFO: [Designutils 20-5722] Start Reading Physical Databases.
Reading placement.
Read Netlist Cache: Time (s): cpu = 00:00:00 ; elapsed = 00:00:00.01 . Memory (MB): peak = 2375.910 ; gain = 0.000 ; free physical = 9141 ; free virtual = 30806
Reading placer database...
Read Device Cache: Time (s): cpu = 00:00:00.01 ; elapsed = 00:00:00.01 . Memory (MB): peak = 2375.910 ; gain = 0.000 ; free physical = 9141 ; free virtual = 30806
Read PlaceDB: Time (s): cpu = 00:00:00 ; elapsed = 00:00:00 . Memory (MB): peak = 2375.910 ; gain = 0.000 ; free physical = 9141 ; free virtual = 30806
Read placeStorage: Time (s): cpu = 00:00:00.07 ; elapsed = 00:00:00.06 . Memory (MB): peak = 2407.926 ; gain = 0.000 ; free physical = 9141 ; free virtual = 30806
Read PulsedLatchDB: Time (s): cpu = 00:00:00 ; elapsed = 00:00:00 . Memory (MB): peak = 2407.926 ; gain = 0.000 ; free physical = 9141 ; free virtual = 30806
Reading routing.
Read RouteStorage: Time (s): cpu = 00:00:00 ; elapsed = 00:00:00 . Memory (MB): peak = 2407.926 ; gain = 0.000 ; free physical = 9141 ; free virtual = 30806
Read Physdb Files: Time (s): cpu = 00:00:00.08 ; elapsed = 00:00:00.09 . Memory (MB): peak = 2407.926 ; gain = 32.016 ; free physical = 9141 ; free virtual = 30806
Restored from archive | CPU: 0.110000 secs | Memory: 1.280884 MB |
Finished XDEF File Restore: Time (s): cpu = 00:00:00.11 ; elapsed = 00:00:00.12 . Memory (MB): peak = 2407.926 ; gain = 32.016 ; free physical = 9141 ; free virtual = 30806
Netlist sorting complete. Time (s): cpu = 00:00:00 ; elapsed = 00:00:00 . Memory (MB): peak = 2407.926 ; gain = 0.000 ; free physical = 9140 ; free virtual = 30806
INFO: [Project 1-111] Unisim Transformation Summary:
  A total of 262 instances were transformed.
  RAM16X1D => RAM32X1D (RAMD32(x2)): 15 instances
  RAM32M => RAM32M (RAMD32(x6), RAMS32(x2)): 182 instances
  RAM32X1D => RAM32X1D (RAMD32(x2)): 15 instances
  RAM64M => RAM64M (RAMD64E(x4)): 50 instances

INFO: [Project 1-604] Checkpoint was created with Vivado v2025.2.1 (64-bit) build 6403652
open_checkpoint: Time (s): cpu = 00:00:21 ; elapsed = 00:00:11 . Memory (MB): peak = 2407.961 ; gain = 843.945 ; free physical = 9140 ; free virtual = 30806
Command: opt_design
Attempting to get a license for feature 'Implementation' and/or device 'xc7z020'
INFO: [Common 17-349] Got license for feature 'Implementation' and/or device 'xc7z020'
Running DRC as a precondition to command opt_design

Starting DRC Task
INFO: [DRC 23-27] Running DRC with 8 threads
INFO: [Project 1-461] DRC finished with 0 Errors
INFO: [Project 1-462] Please refer to the DRC report (report_drc) for more information.

Time (s): cpu = 00:00:01 ; elapsed = 00:00:00.42 . Memory (MB): peak = 2484.066 ; gain = 76.105 ; free physical = 9109 ; free virtual = 30775

Starting Cache Timing Information Task
INFO: [Timing 38-35] Done setting XDC timing constraints.
Ending Cache Timing Information Task | Checksum: 1e3e290fc

Time (s): cpu = 00:00:01 ; elapsed = 00:00:00.37 . Memory (MB): peak = 2528.879 ; gain = 44.812 ; free physical = 9092 ; free virtual = 30758

Starting Logic Optimization Task

Phase 1 Initialization

Phase 1.1 Core Generation And Design Setup
Phase 1.1 Core Generation And Design Setup | Checksum: 1e3e290fc

Time (s): cpu = 00:00:00.02 ; elapsed = 00:00:00.02 . Memory (MB): peak = 2886.691 ; gain = 0.000 ; free physical = 8724 ; free virtual = 30390

Phase 1.2 Setup Constraints And Sort Netlist
Phase 1.2 Setup Constraints And Sort Netlist | Checksum: 1e3e290fc

Time (s): cpu = 00:00:00.03 ; elapsed = 00:00:00.03 . Memory (MB): peak = 2886.691 ; gain = 0.000 ; free physical = 8724 ; free virtual = 30390
Phase 1 Initialization | Checksum: 1e3e290fc

Time (s): cpu = 00:00:00.03 ; elapsed = 00:00:00.03 . Memory (MB): peak = 2886.691 ; gain = 0.000 ; free physical = 8724 ; free virtual = 30390

Phase 2 Timer Update And Timing Data Collection

Phase 2.1 Detect if minReqCache needed
Phase 2.1 Detect if minReqCache needed | Checksum: 1e3e290fc

Time (s): cpu = 00:00:00.04 ; elapsed = 00:00:00.05 . Memory (MB): peak = 2889.660 ; gain = 2.969 ; free physical = 8724 ; free virtual = 30390

Phase 2.2 Timer Update
Phase 2.2 Timer Update | Checksum: 1e3e290fc

Time (s): cpu = 00:00:01 ; elapsed = 00:00:00.29 . Memory (MB): peak = 2889.660 ; gain = 2.969 ; free physical = 8724 ; free virtual = 30390

Phase 2.3 Timing Data Collection
Phase 2.3 Timing Data Collection | Checksum: 1e3e290fc

Time (s): cpu = 00:00:01 ; elapsed = 00:00:00.31 . Memory (MB): peak = 2889.660 ; gain = 2.969 ; free physical = 8724 ; free virtual = 30390
Phase 2 Timer Update And Timing Data Collection | Checksum: 1e3e290fc

Time (s): cpu = 00:00:01 ; elapsed = 00:00:00.31 . Memory (MB): peak = 2889.660 ; gain = 2.969 ; free physical = 8724 ; free virtual = 30390

Phase 3 Retarget
INFO: [Opt 31-1851] Number of loadless carry chains removed were: 0
INFO: [Opt 31-1834] Total Chains To Be Transformed Were: 0 AND Number of Transformed insts Created are: 0
INFO: [Opt 31-1566] Pulled 47 inverters resulting in an inversion of 2185 pins
INFO: [Opt 31-138] Pushed 0 inverter(s) to 0 load pin(s).
INFO: [Opt 31-49] Retargeted 0 cell(s).
Phase 3 Retarget | Checksum: 1299a8891

Time (s): cpu = 00:00:02 ; elapsed = 00:00:00.72 . Memory (MB): peak = 2945.688 ; gain = 58.996 ; free physical = 8724 ; free virtual = 30390
Retarget | Checksum: 1299a8891
INFO: [Opt 31-389] Phase Retarget created 72 cells and removed 165 cells
INFO: [Opt 31-1021] In phase Retarget, 28 netlist objects are constrained preventing optimization. Please run opt_design with -debug_log to get more detail. 

Phase 4 Constant propagation
INFO: [Opt 31-138] Pushed 7 inverter(s) to 7 load pin(s).
Phase 4 Constant propagation | Checksum: 1bfeff33b

Time (s): cpu = 00:00:02 ; elapsed = 00:00:00.92 . Memory (MB): peak = 2945.688 ; gain = 58.996 ; free physical = 8724 ; free virtual = 30390
Constant propagation | Checksum: 1bfeff33b
INFO: [Opt 31-389] Phase Constant propagation created 75 cells and removed 350 cells
INFO: [Opt 31-1021] In phase Constant propagation, 27 netlist objects are constrained preventing optimization. Please run opt_design with -debug_log to get more detail. 

Phase 5 Sweep
INFO: [Constraints 18-11670] Building netlist checker database with flags, 0x8
Done building netlist checker database: Time (s): cpu = 00:00:00.01 ; elapsed = 00:00:00.01 . Memory (MB): peak = 2945.688 ; gain = 0.000 ; free physical = 8724 ; free virtual = 30390
INFO: [Constraints 18-11670] Building netlist checker database with flags, 0x8
Done building netlist checker database: Time (s): cpu = 00:00:00 ; elapsed = 00:00:00 . Memory (MB): peak = 2945.688 ; gain = 0.000 ; free physical = 8724 ; free virtual = 30390
Phase 5 Sweep | Checksum: 1ba2f9deb

Time (s): cpu = 00:00:02 ; elapsed = 00:00:01 . Memory (MB): peak = 2945.688 ; gain = 58.996 ; free physical = 8724 ; free virtual = 30390
Sweep | Checksum: 1ba2f9deb
INFO: [Opt 31-389] Phase Sweep created 0 cells and removed 195 cells
INFO: [Opt 31-1021] In phase Sweep, 96 netlist objects are constrained preventing optimization. Please run opt_design with -debug_log to get more detail. 

Phase 6 BUFG optimization
Phase 6 BUFG optimization | Checksum: 1ba2f9deb

Time (s): cpu = 00:00:02 ; elapsed = 00:00:01 . Memory (MB): peak = 2977.703 ; gain = 91.012 ; free physical = 8724 ; free virtual = 30390
BUFG optimization | Checksum: 1ba2f9deb
INFO: [Opt 31-662] Phase BUFG optimization created 0 cells of which 0 are BUFGs and removed 0 cells.

Phase 7 Shift Register Optimization
INFO: [Opt 31-1064] SRL Remap converted 0 SRLs to 0 registers and converted 0 registers of register chains to 0 SRLs
Phase 7 Shift Register Optimization | Checksum: 1ba2f9deb

Time (s): cpu = 00:00:02 ; elapsed = 00:00:01 . Memory (MB): peak = 2977.703 ; gain = 91.012 ; free physical = 8724 ; free virtual = 30390
Shift Register Optimization | Checksum: 1ba2f9deb
INFO: [Opt 31-389] Phase Shift Register Optimization created 0 cells and removed 0 cells

Phase 8 Post Processing Netlist
INFO: [Opt 31-1566] Pulled 1 inverters resulting in an inversion of 1 pins
Phase 8 Post Processing Netlist | Checksum: 182ce7f68

Time (s): cpu = 00:00:03 ; elapsed = 00:00:01 . Memory (MB): peak = 2977.703 ; gain = 91.012 ; free physical = 8724 ; free virtual = 30390
Post Processing Netlist | Checksum: 182ce7f68
INFO: [Opt 31-389] Phase Post Processing Netlist created 0 cells and removed 1 cells
INFO: [Opt 31-1021] In phase Post Processing Netlist, 33 netlist objects are constrained preventing optimization. Please run opt_design with -debug_log to get more detail. 

Phase 9 Finalization

Phase 9.1 Finalizing Design Cores and Updating Shapes
Phase 9.1 Finalizing Design Cores and Updating Shapes | Checksum: 14754d208

Time (s): cpu = 00:00:03 ; elapsed = 00:00:02 . Memory (MB): peak = 2977.703 ; gain = 91.012 ; free physical = 8724 ; free virtual = 30390

Phase 9.2 Verifying Netlist Connectivity

Starting Connectivity Check Task

Time (s): cpu = 00:00:00.03 ; elapsed = 00:00:00.03 . Memory (MB): peak = 2977.703 ; gain = 0.000 ; free physical = 8724 ; free virtual = 30390
Phase 9.2 Verifying Netlist Connectivity | Checksum: 14754d208

Time (s): cpu = 00:00:03 ; elapsed = 00:00:02 . Memory (MB): peak = 2977.703 ; gain = 91.012 ; free physical = 8724 ; free virtual = 30390
Phase 9 Finalization | Checksum: 14754d208

Time (s): cpu = 00:00:03 ; elapsed = 00:00:02 . Memory (MB): peak = 2977.703 ; gain = 91.012 ; free physical = 8724 ; free virtual = 30390
Opt_design Change Summary
=========================


-------------------------------------------------------------------------------------------------------------------------
|  Phase                        |  #Cells created  |  #Cells Removed  |  #Constrained objects preventing optimizations  |
-------------------------------------------------------------------------------------------------------------------------
|  Retarget                     |              72  |             165  |                                             28  |
|  Constant propagation         |              75  |             350  |                                             27  |
|  Sweep                        |               0  |             195  |                                             96  |
|  BUFG optimization            |               0  |               0  |                                              0  |
|  Shift Register Optimization  |               0  |               0  |                                              0  |
|  Post Processing Netlist      |               0  |               1  |                                             33  |
-------------------------------------------------------------------------------------------------------------------------


Ending Logic Optimization Task | Checksum: 14754d208

Time (s): cpu = 00:00:03 ; elapsed = 00:00:02 . Memory (MB): peak = 2977.703 ; gain = 91.012 ; free physical = 8724 ; free virtual = 30390

Starting Power Optimization Task
INFO: [Pwropt 34-132] Skipping clock gating for clocks with a period < 2.00 ns.
Ending Power Optimization Task | Checksum: 14754d208

Time (s): cpu = 00:00:00.01 ; elapsed = 00:00:00.02 . Memory (MB): peak = 2977.703 ; gain = 0.000 ; free physical = 8724 ; free virtual = 30390

Starting Final Cleanup Task
Ending Final Cleanup Task | Checksum: 14754d208

Time (s): cpu = 00:00:00.01 ; elapsed = 00:00:00 . Memory (MB): peak = 2977.703 ; gain = 0.000 ; free physical = 8724 ; free virtual = 30390
Netlist sorting complete. Time (s): cpu = 00:00:00 ; elapsed = 00:00:00 . Memory (MB): peak = 2977.703 ; gain = 0.000 ; free physical = 8724 ; free virtual = 30390
INFO: [Common 17-83] Releasing license: Implementation
39 Infos, 0 Warnings, 0 Critical Warnings and 0 Errors encountered.
opt_design completed successfully
INFO: [Vivado 12-24828] Executing command : report_drc -file rocketchip_wrapper_drc_opted.rpt -pb rocketchip_wrapper_drc_opted.pb -rpx rocketchip_wrapper_drc_opted.rpx
Command: report_drc -file rocketchip_wrapper_drc_opted.rpt -pb rocketchip_wrapper_drc_opted.pb -rpx rocketchip_wrapper_drc_opted.rpx
INFO: [IP_Flow 19-234] Refreshing IP repositories
INFO: [IP_Flow 19-1704] No user IP repositories specified
INFO: [IP_Flow 19-2313] Loaded Vivado IP repository '/opt/Xilinx/2025.2.1/data/ip'.
INFO: [DRC 23-27] Running DRC with 8 threads
INFO: [Vivado_Tcl 2-168] The results of DRC are in file /home/engineer/fpga/worktrees/ips-cache/experiments/IPS-campaign/build-cache/vivado-project/teaching_pynqz1.runs/impl_1/rocketchip_wrapper_drc_opted.rpt.
report_drc completed successfully
INFO: [Timing 38-480] Writing timing data to binary archive.
Wrote PlaceDB: Time (s): cpu = 00:00:00 ; elapsed = 00:00:00 . Memory (MB): peak = 2977.703 ; gain = 0.000 ; free physical = 8715 ; free virtual = 30389
Wrote PulsedLatchDB: Time (s): cpu = 00:00:00 ; elapsed = 00:00:00 . Memory (MB): peak = 2977.703 ; gain = 0.000 ; free physical = 8715 ; free virtual = 30389
Writing XDEF routing.
Writing XDEF routing logical nets.
Write ShapeDB Complete: Time (s): cpu = 00:00:00.12 ; elapsed = 00:00:00.02 . Memory (MB): peak = 2977.703 ; gain = 0.000 ; free physical = 8715 ; free virtual = 30391
Writing XDEF routing special nets.
Wrote RouteStorage: Time (s): cpu = 00:00:00.16 ; elapsed = 00:00:00.03 . Memory (MB): peak = 2977.703 ; gain = 0.000 ; free physical = 8715 ; free virtual = 30391
Wrote PlaceStorage: Time (s): cpu = 00:00:00.02 ; elapsed = 00:00:00.01 . Memory (MB): peak = 2977.703 ; gain = 0.000 ; free physical = 8715 ; free virtual = 30391
Wrote Netlist Cache: Time (s): cpu = 00:00:00.01 ; elapsed = 00:00:00 . Memory (MB): peak = 2977.703 ; gain = 0.000 ; free physical = 8715 ; free virtual = 30391
Wrote Device Cache: Time (s): cpu = 00:00:00.02 ; elapsed = 00:00:00.01 . Memory (MB): peak = 2977.703 ; gain = 0.000 ; free physical = 8713 ; free virtual = 30390
Write Physdb Complete: Time (s): cpu = 00:00:00.22 ; elapsed = 00:00:00.05 . Memory (MB): peak = 2977.703 ; gain = 0.000 ; free physical = 8713 ; free virtual = 30390
INFO: [Common 17-1381] The checkpoint '/home/engineer/fpga/worktrees/ips-cache/experiments/IPS-campaign/build-cache/vivado-project/teaching_pynqz1.runs/impl_1/rocketchip_wrapper_opt.dcp' has been generated.
Command: place_design
Attempting to get a license for feature 'Implementation' and/or device 'xc7z020'
INFO: [Common 17-349] Got license for feature 'Implementation' and/or device 'xc7z020'
INFO: [Common 17-83] Releasing license: Implementation
INFO: [DRC 23-27] Running DRC with 8 threads
INFO: [Vivado_Tcl 4-198] DRC finished with 0 Errors
INFO: [Vivado_Tcl 4-199] Please refer to the DRC report (report_drc) for more information.
INFO: [Timing 38-35] Done setting XDC timing constraints.
Running DRC as a precondition to command place_design
INFO: [DRC 23-27] Running DRC with 8 threads
INFO: [Vivado_Tcl 4-198] DRC finished with 0 Errors
INFO: [Vivado_Tcl 4-199] Please refer to the DRC report (report_drc) for more information.
INFO: [Place 30-611] Multithreading enabled for place_design using a maximum of 8 CPUs

Starting Placer Task

Phase 1 Placer Initialization

Phase 1.1 Placer Initialization Netlist Sorting
Netlist sorting complete. Time (s): cpu = 00:00:00 ; elapsed = 00:00:00 . Memory (MB): peak = 2977.703 ; gain = 0.000 ; free physical = 8718 ; free virtual = 30396
Phase 1.1 Placer Initialization Netlist Sorting | Checksum: 12feb68ba

Time (s): cpu = 00:00:00.01 ; elapsed = 00:00:00.01 . Memory (MB): peak = 2977.703 ; gain = 0.000 ; free physical = 8718 ; free virtual = 30397
Netlist sorting complete. Time (s): cpu = 00:00:00.01 ; elapsed = 00:00:00.01 . Memory (MB): peak = 2977.703 ; gain = 0.000 ; free physical = 8718 ; free virtual = 30397

Phase 1.2 IO Placement/ Clock Placement/ Build Placer Device
Phase 1.2 IO Placement/ Clock Placement/ Build Placer Device | Checksum: 128712118

Time (s): cpu = 00:00:02 ; elapsed = 00:00:00.88 . Memory (MB): peak = 2977.703 ; gain = 0.000 ; free physical = 8716 ; free virtual = 30399

Phase 1.3 Build Placer Netlist Model
Phase 1.3 Build Placer Netlist Model | Checksum: 18603f72e

Time (s): cpu = 00:00:10 ; elapsed = 00:00:04 . Memory (MB): peak = 3016.746 ; gain = 39.043 ; free physical = 8710 ; free virtual = 30394

Phase 1.4 Constrain Clocks/Macros
Phase 1.4 Constrain Clocks/Macros | Checksum: 18603f72e

Time (s): cpu = 00:00:10 ; elapsed = 00:00:04 . Memory (MB): peak = 3016.746 ; gain = 39.043 ; free physical = 8710 ; free virtual = 30395
Phase 1 Placer Initialization | Checksum: 18603f72e

Time (s): cpu = 00:00:10 ; elapsed = 00:00:04 . Memory (MB): peak = 3016.746 ; gain = 39.043 ; free physical = 8710 ; free virtual = 30395

Phase 2 Global Placement

Phase 2.1 Floorplanning
Phase 2.1 Floorplanning | Checksum: 1b39cc138

Time (s): cpu = 00:00:15 ; elapsed = 00:00:05 . Memory (MB): peak = 3016.746 ; gain = 39.043 ; free physical = 8715 ; free virtual = 30400

Phase 2.2 Update Timing before SLR Path Opt
Phase 2.2 Update Timing before SLR Path Opt | Checksum: 1f6d2e605

Time (s): cpu = 00:00:20 ; elapsed = 00:00:06 . Memory (MB): peak = 3016.746 ; gain = 39.043 ; free physical = 8718 ; free virtual = 30403

Phase 2.3 Post-Processing in Floorplanning
Phase 2.3 Post-Processing in Floorplanning | Checksum: 1f6d2e605

Time (s): cpu = 00:00:20 ; elapsed = 00:00:06 . Memory (MB): peak = 3016.746 ; gain = 39.043 ; free physical = 8718 ; free virtual = 30403

Phase 2.4 Global Place Phase1
Phase 2.4 Global Place Phase1 | Checksum: 1e8cc3e9b

Time (s): cpu = 00:00:40 ; elapsed = 00:00:11 . Memory (MB): peak = 3016.746 ; gain = 39.043 ; free physical = 8711 ; free virtual = 30397

Phase 2.5 Global Place Phase2

Phase 2.5.1 UpdateTiming Before Physical Synthesis
Phase 2.5.1 UpdateTiming Before Physical Synthesis | Checksum: 1919033d7

Time (s): cpu = 00:00:46 ; elapsed = 00:00:12 . Memory (MB): peak = 3016.746 ; gain = 39.043 ; free physical = 8710 ; free virtual = 30397

Phase 2.5.2 Physical Synthesis In Placer
INFO: [Physopt 32-1035] Found 21 LUTNM shape to break, 588 LUT instances to create LUTNM shape
INFO: [Physopt 32-1044] Break lutnm for timing: one critical 8, two critical 13, total 21, new lutff created 0
INFO: [Physopt 32-1138] End 1 Pass. Optimized 230 nets or LUTs. Breaked 21 LUTs, combined 209 existing LUTs and moved 0 existing LUT
INFO: [Physopt 32-65] No nets found for high-fanout optimization.
INFO: [Physopt 32-232] Optimized 0 net. Created 0 new instance.
INFO: [Physopt 32-775] End 1 Pass. Optimized 0 net or cell. Created 0 new cell, deleted 0 existing cell and moved 0 existing cell
INFO: [Physopt 32-456] No candidate cells for DSP register optimization found in the design.
INFO: [Physopt 32-775] End 2 Pass. Optimized 0 net or cell. Created 0 new cell, deleted 0 existing cell and moved 0 existing cell
INFO: [Physopt 32-1123] No candidate cells found for Shift Register to Pipeline optimization
INFO: [Physopt 32-775] End 2 Pass. Optimized 0 net or cell. Created 0 new cell, deleted 0 existing cell and moved 0 existing cell
INFO: [Physopt 32-1401] No candidate cells found for Shift Register optimization.
INFO: [Physopt 32-677] No candidate cells for Shift Register optimization found in the design
INFO: [Physopt 32-775] End 1 Pass. Optimized 0 net or cell. Created 0 new cell, deleted 0 existing cell and moved 0 existing cell
INFO: [Physopt 32-526] No candidate cells for BRAM register optimization found in the design
INFO: [Physopt 32-775] End 1 Pass. Optimized 0 net or cell. Created 0 new cell, deleted 0 existing cell and moved 0 existing cell
INFO: [Physopt 32-846] No candidate cells for URAM register optimization found in the design
INFO: [Physopt 32-775] End 1 Pass. Optimized 0 net or cell. Created 0 new cell, deleted 0 existing cell and moved 0 existing cell
INFO: [Physopt 32-846] No candidate cells for URAM register optimization found in the design
INFO: [Physopt 32-775] End 1 Pass. Optimized 0 net or cell. Created 0 new cell, deleted 0 existing cell and moved 0 existing cell
INFO: [Physopt 32-949] No candidate nets found for dynamic/static region interface net replication
INFO: [Physopt 32-775] End 1 Pass. Optimized 0 net or cell. Created 0 new cell, deleted 0 existing cell and moved 0 existing cell
Netlist sorting complete. Time (s): cpu = 00:00:00 ; elapsed = 00:00:00 . Memory (MB): peak = 3016.746 ; gain = 0.000 ; free physical = 8707 ; free virtual = 30397

Summary of Physical Synthesis Optimizations
============================================


-----------------------------------------------------------------------------------------------------------------------------------------------------------
|  Optimization                                     |  Added Cells  |  Removed Cells  |  Optimized Cells/Nets  |  Dont Touch  |  Iterations  |  Elapsed   |
-----------------------------------------------------------------------------------------------------------------------------------------------------------
|  LUT Combining                                    |           21  |            209  |                   230  |           0  |           1  |  00:00:01  |
|  Retime                                           |            0  |              0  |                     0  |           0  |           1  |  00:00:00  |
|  Very High Fanout                                 |            0  |              0  |                     0  |           0  |           1  |  00:00:00  |
|  DSP Register                                     |            0  |              0  |                     0  |           0  |           1  |  00:00:00  |
|  Shift Register to Pipeline                       |            0  |              0  |                     0  |           0  |           1  |  00:00:00  |
|  Shift Register                                   |            0  |              0  |                     0  |           0  |           1  |  00:00:00  |
|  BRAM Register                                    |            0  |              0  |                     0  |           0  |           1  |  00:00:00  |
|  URAM Register                                    |            0  |              0  |                     0  |           0  |           1  |  00:00:00  |
|  Dynamic/Static Region Interface Net Replication  |            0  |              0  |                     0  |           0  |           1  |  00:00:00  |
|  Total                                            |           21  |            209  |                   230  |           0  |           9  |  00:00:01  |
-----------------------------------------------------------------------------------------------------------------------------------------------------------


Phase 2.5.2 Physical Synthesis In Placer | Checksum: 12b6865b7

Time (s): cpu = 00:00:52 ; elapsed = 00:00:14 . Memory (MB): peak = 3016.746 ; gain = 39.043 ; free physical = 8707 ; free virtual = 30397
Phase 2.5 Global Place Phase2 | Checksum: 14b23cdd5

Time (s): cpu = 00:00:54 ; elapsed = 00:00:15 . Memory (MB): peak = 3016.746 ; gain = 39.043 ; free physical = 8707 ; free virtual = 30397
Phase 2 Global Placement | Checksum: 14b23cdd5

Time (s): cpu = 00:00:54 ; elapsed = 00:00:15 . Memory (MB): peak = 3016.746 ; gain = 39.043 ; free physical = 8707 ; free virtual = 30397

Phase 3 Detail Placement

Phase 3.1 Commit Multi Column Macros
Phase 3.1 Commit Multi Column Macros | Checksum: 14bb59e54

Time (s): cpu = 00:00:59 ; elapsed = 00:00:16 . Memory (MB): peak = 3016.746 ; gain = 39.043 ; free physical = 8707 ; free virtual = 30397

Phase 3.2 Commit Most Macros & LUTRAMs
Phase 3.2 Commit Most Macros & LUTRAMs | Checksum: 201c6362f

Time (s): cpu = 00:01:08 ; elapsed = 00:00:18 . Memory (MB): peak = 3016.746 ; gain = 39.043 ; free physical = 8706 ; free virtual = 30397

Phase 3.3 Area Swap Optimization
Phase 3.3 Area Swap Optimization | Checksum: 22c773768

Time (s): cpu = 00:01:08 ; elapsed = 00:00:18 . Memory (MB): peak = 3016.746 ; gain = 39.043 ; free physical = 8706 ; free virtual = 30397

Phase 3.4 Pipeline Register Optimization
Phase 3.4 Pipeline Register Optimization | Checksum: 18eab86f8

Time (s): cpu = 00:01:08 ; elapsed = 00:00:18 . Memory (MB): peak = 3016.746 ; gain = 39.043 ; free physical = 8706 ; free virtual = 30397

Phase 3.5 Fast Optimization
Phase 3.5 Fast Optimization | Checksum: 23135716b

Time (s): cpu = 00:01:18 ; elapsed = 00:00:21 . Memory (MB): peak = 3016.746 ; gain = 39.043 ; free physical = 8694 ; free virtual = 30385

Phase 3.6 Small Shape Detail Placement
Phase 3.6 Small Shape Detail Placement | Checksum: 21fc4459e

Time (s): cpu = 00:01:25 ; elapsed = 00:00:27 . Memory (MB): peak = 3016.746 ; gain = 39.043 ; free physical = 8693 ; free virtual = 30385

Phase 3.7 Re-assign LUT pins
Phase 3.7 Re-assign LUT pins | Checksum: 25472f6af

Time (s): cpu = 00:01:26 ; elapsed = 00:00:28 . Memory (MB): peak = 3016.746 ; gain = 39.043 ; free physical = 8690 ; free virtual = 30382

Phase 3.8 Pipeline Register Optimization
Phase 3.8 Pipeline Register Optimization | Checksum: 1b61f095f

Time (s): cpu = 00:01:26 ; elapsed = 00:00:28 . Memory (MB): peak = 3016.746 ; gain = 39.043 ; free physical = 8690 ; free virtual = 30382

Phase 3.9 Fast Optimization
Phase 3.9 Fast Optimization | Checksum: 21653aa49

Time (s): cpu = 00:01:40 ; elapsed = 00:00:30 . Memory (MB): peak = 3016.746 ; gain = 39.043 ; free physical = 8696 ; free virtual = 30387
Phase 3 Detail Placement | Checksum: 21653aa49

Time (s): cpu = 00:01:40 ; elapsed = 00:00:30 . Memory (MB): peak = 3016.746 ; gain = 39.043 ; free physical = 8696 ; free virtual = 30387

Phase 4 Post Placement Optimization and Clean-Up

Phase 4.1 Post Commit Optimization
INFO: [Timing 38-35] Done setting XDC timing constraints.

Phase 4.1.1 Post Placement Optimization
Post Placement Optimization Initialization | Checksum: 197798aff

Phase 4.1.1.1 BUFG Insertion

Starting Physical Synthesis Task

Phase 1 Physical Synthesis Initialization
INFO: [Physopt 32-721] Multithreading enabled for phys_opt_design using a maximum of 8 CPUs
INFO: [Physopt 32-619] Estimated Timing Summary | WNS=0.324 | TNS=0.000 |
Phase 1 Physical Synthesis Initialization | Checksum: c35b7228

Time (s): cpu = 00:00:00.93 ; elapsed = 00:00:00.19 . Memory (MB): peak = 3016.746 ; gain = 0.000 ; free physical = 8699 ; free virtual = 30391
INFO: [Place 46-33] Processed net top/teaching_board_top/target/bridgeV2/cpuV2_reset, BUFG insertion was skipped due to placement/routing conflicts.
INFO: [Place 46-56] BUFG insertion identified 1 candidate nets. Inserted BUFG: 0, Replicated BUFG Driver: 0, Skipped due to Placement/Routing Conflicts: 1, Skipped due to Timing Degradation: 0, Skipped due to netlist editing failed: 0.
Ending Physical Synthesis Task | Checksum: 182327149

Time (s): cpu = 00:00:01 ; elapsed = 00:00:00.43 . Memory (MB): peak = 3016.746 ; gain = 0.000 ; free physical = 8699 ; free virtual = 30391
Phase 4.1.1.1 BUFG Insertion | Checksum: 197798aff

Time (s): cpu = 00:01:52 ; elapsed = 00:00:33 . Memory (MB): peak = 3016.746 ; gain = 39.043 ; free physical = 8699 ; free virtual = 30391

Phase 4.1.1.2 Post Placement Timing Optimization
INFO: [Place 30-746] Post Placement Timing Summary WNS=0.633. For the most accurate timing information please run report_timing.
Phase 4.1.1.2 Post Placement Timing Optimization | Checksum: 206160bfc

Time (s): cpu = 00:01:52 ; elapsed = 00:00:33 . Memory (MB): peak = 3016.746 ; gain = 39.043 ; free physical = 8701 ; free virtual = 30393

Time (s): cpu = 00:01:52 ; elapsed = 00:00:33 . Memory (MB): peak = 3016.746 ; gain = 39.043 ; free physical = 8701 ; free virtual = 30393
Phase 4.1 Post Commit Optimization | Checksum: 206160bfc

Time (s): cpu = 00:01:53 ; elapsed = 00:00:33 . Memory (MB): peak = 3016.746 ; gain = 39.043 ; free physical = 8701 ; free virtual = 30393

Phase 4.2 Post Placement Cleanup
Phase 4.2 Post Placement Cleanup | Checksum: 206160bfc

Time (s): cpu = 00:01:53 ; elapsed = 00:00:33 . Memory (MB): peak = 3016.746 ; gain = 39.043 ; free physical = 8701 ; free virtual = 30393

Phase 4.3 Placer Reporting

Phase 4.3.1 Print Estimated Congestion
INFO: [Place 30-612] Post-Placement Estimated Congestion 
 ____________________________________________________
|           | Global Congestion | Short Congestion  |
| Direction | Region Size       | Region Size       |
|___________|___________________|___________________|
|      North|                1x1|                4x4|
|___________|___________________|___________________|
|      South|                1x1|                2x2|
|___________|___________________|___________________|
|       East|                1x1|                4x4|
|___________|___________________|___________________|
|       West|                1x1|                1x1|
|___________|___________________|___________________|

Phase 4.3.1 Print Estimated Congestion | Checksum: 206160bfc

Time (s): cpu = 00:01:53 ; elapsed = 00:00:33 . Memory (MB): peak = 3016.746 ; gain = 39.043 ; free physical = 8701 ; free virtual = 30393
Phase 4.3 Placer Reporting | Checksum: 206160bfc

Time (s): cpu = 00:01:53 ; elapsed = 00:00:33 . Memory (MB): peak = 3016.746 ; gain = 39.043 ; free physical = 8701 ; free virtual = 30393

Phase 4.4 Final Placement Cleanup
Netlist sorting complete. Time (s): cpu = 00:00:00 ; elapsed = 00:00:00.01 . Memory (MB): peak = 3016.746 ; gain = 0.000 ; free physical = 8701 ; free virtual = 30393

Time (s): cpu = 00:01:53 ; elapsed = 00:00:33 . Memory (MB): peak = 3016.746 ; gain = 39.043 ; free physical = 8701 ; free virtual = 30393
Phase 4 Post Placement Optimization and Clean-Up | Checksum: 29387f01a

Time (s): cpu = 00:01:53 ; elapsed = 00:00:34 . Memory (MB): peak = 3016.746 ; gain = 39.043 ; free physical = 8701 ; free virtual = 30393
Ending Placer Task | Checksum: 1bc7f5009

Time (s): cpu = 00:01:53 ; elapsed = 00:00:34 . Memory (MB): peak = 3016.746 ; gain = 39.043 ; free physical = 8701 ; free virtual = 30393
85 Infos, 0 Warnings, 0 Critical Warnings and 0 Errors encountered.
place_design completed successfully
place_design: Time (s): cpu = 00:01:57 ; elapsed = 00:00:35 . Memory (MB): peak = 3016.746 ; gain = 39.043 ; free physical = 8701 ; free virtual = 30393
INFO: [Vivado 12-24838] Running report commands "report_control_sets, report_io, report_utilization" in parallel.
Running report generation with 3 threads.
INFO: [Vivado 12-24828] Executing command : report_control_sets -verbose -file rocketchip_wrapper_control_sets_placed.rpt
report_control_sets: Time (s): cpu = 00:00:00.19 ; elapsed = 00:00:00.1 . Memory (MB): peak = 3016.746 ; gain = 0.000 ; free physical = 8701 ; free virtual = 30394
INFO: [Vivado 12-24828] Executing command : report_io -file rocketchip_wrapper_io_placed.rpt
report_io: Time (s): cpu = 00:00:00.27 ; elapsed = 00:00:00.16 . Memory (MB): peak = 3016.746 ; gain = 0.000 ; free physical = 8683 ; free virtual = 30375
INFO: [Vivado 12-24828] Executing command : report_utilization -file rocketchip_wrapper_utilization_placed.rpt -pb rocketchip_wrapper_utilization_placed.pb
INFO: [Timing 38-480] Writing timing data to binary archive.
Wrote PlaceDB: Time (s): cpu = 00:00:00 ; elapsed = 00:00:00 . Memory (MB): peak = 3016.746 ; gain = 0.000 ; free physical = 8676 ; free virtual = 30369
Wrote PulsedLatchDB: Time (s): cpu = 00:00:00 ; elapsed = 00:00:00 . Memory (MB): peak = 3016.746 ; gain = 0.000 ; free physical = 8676 ; free virtual = 30369
Writing XDEF routing.
Writing XDEF routing logical nets.
Write ShapeDB Complete: Time (s): cpu = 00:00:00.16 ; elapsed = 00:00:00.04 . Memory (MB): peak = 3016.746 ; gain = 0.000 ; free physical = 8676 ; free virtual = 30371
Writing XDEF routing special nets.
Wrote RouteStorage: Time (s): cpu = 00:00:00.17 ; elapsed = 00:00:00.04 . Memory (MB): peak = 3016.746 ; gain = 0.000 ; free physical = 8676 ; free virtual = 30371
Wrote PlaceStorage: Time (s): cpu = 00:00:02 ; elapsed = 00:00:00.63 . Memory (MB): peak = 3016.746 ; gain = 0.000 ; free physical = 8652 ; free virtual = 30366
Wrote Netlist Cache: Time (s): cpu = 00:00:00.03 ; elapsed = 00:00:00.02 . Memory (MB): peak = 3016.746 ; gain = 0.000 ; free physical = 8652 ; free virtual = 30368
Wrote Device Cache: Time (s): cpu = 00:00:00.02 ; elapsed = 00:00:00.01 . Memory (MB): peak = 3016.746 ; gain = 0.000 ; free physical = 8645 ; free virtual = 30361
Write Physdb Complete: Time (s): cpu = 00:00:02 ; elapsed = 00:00:00.7 . Memory (MB): peak = 3016.746 ; gain = 0.000 ; free physical = 8644 ; free virtual = 30361
INFO: [Common 17-1381] The checkpoint '/home/engineer/fpga/worktrees/ips-cache/experiments/IPS-campaign/build-cache/vivado-project/teaching_pynqz1.runs/impl_1/rocketchip_wrapper_placed.dcp' has been generated.
Command: phys_opt_design
Attempting to get a license for feature 'Implementation' and/or device 'xc7z020'
INFO: [Common 17-349] Got license for feature 'Implementation' and/or device 'xc7z020'

Starting Initial Update Timing Task

Time (s): cpu = 00:00:09 ; elapsed = 00:00:02 . Memory (MB): peak = 3016.746 ; gain = 0.000 ; free physical = 8664 ; free virtual = 30365
INFO: [Vivado_Tcl 4-2279] Estimated Timing Summary | WNS= 0.633 | TNS= 0.000 | 
INFO: [Vivado_Tcl 4-383] Design worst setup slack (WNS) is greater than or equal to 0.000 ns. All physical synthesis setup optimizations will be skipped.
INFO: [Vivado_Tcl 4-232] No setup violation found. The netlist was not modified.
INFO: [Common 17-83] Releasing license: Implementation
96 Infos, 0 Warnings, 0 Critical Warnings and 0 Errors encountered.
phys_opt_design completed successfully
INFO: [Timing 38-480] Writing timing data to binary archive.
Wrote PlaceDB: Time (s): cpu = 00:00:00 ; elapsed = 00:00:00 . Memory (MB): peak = 3016.746 ; gain = 0.000 ; free physical = 8664 ; free virtual = 30365
Wrote PulsedLatchDB: Time (s): cpu = 00:00:00 ; elapsed = 00:00:00 . Memory (MB): peak = 3016.746 ; gain = 0.000 ; free physical = 8664 ; free virtual = 30365
Writing XDEF routing.
Writing XDEF routing logical nets.
Write ShapeDB Complete: Time (s): cpu = 00:00:00.15 ; elapsed = 00:00:00.04 . Memory (MB): peak = 3016.746 ; gain = 0.000 ; free physical = 8662 ; free virtual = 30364
Writing XDEF routing special nets.
Wrote RouteStorage: Time (s): cpu = 00:00:00.17 ; elapsed = 00:00:00.04 . Memory (MB): peak = 3016.746 ; gain = 0.000 ; free physical = 8662 ; free virtual = 30364
Wrote PlaceStorage: Time (s): cpu = 00:00:02 ; elapsed = 00:00:00.62 . Memory (MB): peak = 3016.746 ; gain = 0.000 ; free physical = 8639 ; free virtual = 30360
Wrote Netlist Cache: Time (s): cpu = 00:00:00.04 ; elapsed = 00:00:00.02 . Memory (MB): peak = 3016.746 ; gain = 0.000 ; free physical = 8639 ; free virtual = 30362
Wrote Device Cache: Time (s): cpu = 00:00:00.01 ; elapsed = 00:00:00.01 . Memory (MB): peak = 3016.746 ; gain = 0.000 ; free physical = 8639 ; free virtual = 30364
Write Physdb Complete: Time (s): cpu = 00:00:02 ; elapsed = 00:00:00.7 . Memory (MB): peak = 3016.746 ; gain = 0.000 ; free physical = 8639 ; free virtual = 30364
INFO: [Common 17-1381] The checkpoint '/home/engineer/fpga/worktrees/ips-cache/experiments/IPS-campaign/build-cache/vivado-project/teaching_pynqz1.runs/impl_1/rocketchip_wrapper_physopt.dcp' has been generated.
Command: route_design
Attempting to get a license for feature 'Implementation' and/or device 'xc7z020'
INFO: [Common 17-349] Got license for feature 'Implementation' and/or device 'xc7z020'


Starting Routing Task
INFO: [Route 35-254] Multithreading enabled for route_design using a maximum of 8 CPUs

Phase 1 Build RT Design
Checksum: PlaceDB: e4ba3f80 ConstDB: 0 ShapeSum: c1cb9d99 RouteDB: 15f972f0
Post Restoration Checksum: NetGraph: 71099076 | NumContArr: 1f683a3c | Constraints: c2a8fa9d | Timing: c2a8fa9d
Phase 1 Build RT Design | Checksum: 215c3bfec

Time (s): cpu = 00:00:31 ; elapsed = 00:00:19 . Memory (MB): peak = 3016.746 ; gain = 0.000 ; free physical = 8635 ; free virtual = 30346

Phase 2 Router Initialization

Phase 2.1 Fix Topology Constraints
Phase 2.1 Fix Topology Constraints | Checksum: 215c3bfec

Time (s): cpu = 00:00:31 ; elapsed = 00:00:19 . Memory (MB): peak = 3016.746 ; gain = 0.000 ; free physical = 8635 ; free virtual = 30346

Phase 2.2 Pre Route Cleanup
Phase 2.2 Pre Route Cleanup | Checksum: 215c3bfec

Time (s): cpu = 00:00:31 ; elapsed = 00:00:19 . Memory (MB): peak = 3016.746 ; gain = 0.000 ; free physical = 8635 ; free virtual = 30346
 Number of Nodes with overlaps = 0

Phase 2.3 Update Timing
Phase 2.3 Update Timing | Checksum: 24c3b27dd

Time (s): cpu = 00:00:44 ; elapsed = 00:00:22 . Memory (MB): peak = 3016.746 ; gain = 0.000 ; free physical = 8626 ; free virtual = 30338
INFO: [Route 35-416] Intermediate Timing Summary | WNS=1.074  | TNS=0.000  | WHS=-0.205 | THS=-213.120|


Phase 2.4 Soft Constraint Pins - Fast Budgeting
Phase 2.4 Soft Constraint Pins - Fast Budgeting | Checksum: 278fb8dce

Time (s): cpu = 00:00:47 ; elapsed = 00:00:22 . Memory (MB): peak = 3016.746 ; gain = 0.000 ; free physical = 8617 ; free virtual = 30329

Router Utilization Summary
  Global Vertical Routing Utilization    = 0 %
  Global Horizontal Routing Utilization  = 0 %
  Routable Net Status*
  *Does not include unroutable nets such as driverless and loadless.
  Run report_route_status for detailed report.
  Number of Failed Nets               = 21149
    (Failed Nets is the sum of unrouted and partially routed nets)
  Number of Unrouted Nets             = 21148
  Number of Partially Routed Nets     = 1
  Number of Node Overlaps             = 0

Phase 2 Router Initialization | Checksum: 280f4b7f7

Time (s): cpu = 00:00:48 ; elapsed = 00:00:23 . Memory (MB): peak = 3016.746 ; gain = 0.000 ; free physical = 8618 ; free virtual = 30330

Phase 3 Global Routing
Phase 3 Global Routing | Checksum: 280f4b7f7

Time (s): cpu = 00:00:48 ; elapsed = 00:00:23 . Memory (MB): peak = 3016.746 ; gain = 0.000 ; free physical = 8618 ; free virtual = 30330

Phase 4 Initial Routing

Phase 4.1 Initial Net Routing Pass
Phase 4.1 Initial Net Routing Pass | Checksum: 1e94cb193

Time (s): cpu = 00:00:54 ; elapsed = 00:00:24 . Memory (MB): peak = 3016.746 ; gain = 0.000 ; free physical = 8618 ; free virtual = 30330
Phase 4 Initial Routing | Checksum: 1e94cb193

Time (s): cpu = 00:00:54 ; elapsed = 00:00:24 . Memory (MB): peak = 3016.746 ; gain = 0.000 ; free physical = 8618 ; free virtual = 30330

Phase 5 Rip-up And Reroute

Phase 5.1 Global Iteration 0
 Number of Nodes with overlaps = 3579
 Number of Nodes with overlaps = 326
 Number of Nodes with overlaps = 88
 Number of Nodes with overlaps = 27
 Number of Nodes with overlaps = 13
 Number of Nodes with overlaps = 6
 Number of Nodes with overlaps = 1
 Number of Nodes with overlaps = 0
INFO: [Route 35-416] Intermediate Timing Summary | WNS=0.399  | TNS=0.000  | WHS=N/A    | THS=N/A    |

Phase 5.1 Global Iteration 0 | Checksum: 1a66003e1

Time (s): cpu = 00:01:15 ; elapsed = 00:00:36 . Memory (MB): peak = 3016.746 ; gain = 0.000 ; free physical = 8618 ; free virtual = 30331

Phase 5.2 Global Iteration 1
 Number of Nodes with overlaps = 8
 Number of Nodes with overlaps = 1
 Number of Nodes with overlaps = 1
 Number of Nodes with overlaps = 0
INFO: [Route 35-416] Intermediate Timing Summary | WNS=0.399  | TNS=0.000  | WHS=N/A    | THS=N/A    |

Phase 5.2 Global Iteration 1 | Checksum: 1eb23b05d

Time (s): cpu = 00:01:16 ; elapsed = 00:00:36 . Memory (MB): peak = 3016.746 ; gain = 0.000 ; free physical = 8618 ; free virtual = 30330

Phase 5.3 Global Iteration 2
 Number of Nodes with overlaps = 8
 Number of Nodes with overlaps = 1
 Number of Nodes with overlaps = 0
INFO: [Route 35-416] Intermediate Timing Summary | WNS=0.399  | TNS=0.000  | WHS=N/A    | THS=N/A    |

Phase 5.3 Global Iteration 2 | Checksum: 1c8009ad6

Time (s): cpu = 00:01:18 ; elapsed = 00:00:37 . Memory (MB): peak = 3016.746 ; gain = 0.000 ; free physical = 8618 ; free virtual = 30330
Phase 5 Rip-up And Reroute | Checksum: 1c8009ad6

Time (s): cpu = 00:01:18 ; elapsed = 00:00:37 . Memory (MB): peak = 3016.746 ; gain = 0.000 ; free physical = 8618 ; free virtual = 30330

Phase 6 Delay and Skew Optimization

Phase 6.1 Delay CleanUp
Phase 6.1 Delay CleanUp | Checksum: 1c8009ad6

Time (s): cpu = 00:01:18 ; elapsed = 00:00:37 . Memory (MB): peak = 3016.746 ; gain = 0.000 ; free physical = 8618 ; free virtual = 30330

Phase 6.2 Clock Skew Optimization
Phase 6.2 Clock Skew Optimization | Checksum: 1c8009ad6

Time (s): cpu = 00:01:18 ; elapsed = 00:00:37 . Memory (MB): peak = 3016.746 ; gain = 0.000 ; free physical = 8618 ; free virtual = 30330
Phase 6 Delay and Skew Optimization | Checksum: 1c8009ad6

Time (s): cpu = 00:01:18 ; elapsed = 00:00:37 . Memory (MB): peak = 3016.746 ; gain = 0.000 ; free physical = 8618 ; free virtual = 30330

Phase 7 Post Hold Fix

Phase 7.1 Hold Fix Iter
INFO: [Route 35-416] Intermediate Timing Summary | WNS=0.412  | TNS=0.000  | WHS=0.033  | THS=0.000  |

Phase 7.1 Hold Fix Iter | Checksum: 2309dc396

Time (s): cpu = 00:01:20 ; elapsed = 00:00:37 . Memory (MB): peak = 3016.746 ; gain = 0.000 ; free physical = 8618 ; free virtual = 30330
Phase 7 Post Hold Fix | Checksum: 2309dc396

Time (s): cpu = 00:01:20 ; elapsed = 00:00:37 . Memory (MB): peak = 3016.746 ; gain = 0.000 ; free physical = 8618 ; free virtual = 30330

Phase 8 Route finalize

Router Utilization Summary
  Global Vertical Routing Utilization    = 5.52066 %
  Global Horizontal Routing Utilization  = 7.54099 %
  Routable Net Status*
  *Does not include unroutable nets such as driverless and loadless.
  Run report_route_status for detailed report.
  Number of Failed Nets               = 0
    (Failed Nets is the sum of unrouted and partially routed nets)
  Number of Unrouted Nets             = 0
  Number of Partially Routed Nets     = 0
  Number of Node Overlaps             = 0

Phase 8 Route finalize | Checksum: 2309dc396

Time (s): cpu = 00:01:20 ; elapsed = 00:00:37 . Memory (MB): peak = 3016.746 ; gain = 0.000 ; free physical = 8618 ; free virtual = 30330

Phase 9 Verifying routed nets

 Verification completed successfully
Phase 9 Verifying routed nets | Checksum: 2309dc396

Time (s): cpu = 00:01:20 ; elapsed = 00:00:37 . Memory (MB): peak = 3016.746 ; gain = 0.000 ; free physical = 8618 ; free virtual = 30330

Phase 10 Depositing Routes
Phase 10 Depositing Routes | Checksum: 264b51e6a

Time (s): cpu = 00:01:23 ; elapsed = 00:00:39 . Memory (MB): peak = 3016.746 ; gain = 0.000 ; free physical = 8618 ; free virtual = 30330

Phase 11 Post Process Routing
Phase 11 Post Process Routing | Checksum: 264b51e6a

Time (s): cpu = 00:01:23 ; elapsed = 00:00:39 . Memory (MB): peak = 3016.746 ; gain = 0.000 ; free physical = 8618 ; free virtual = 30330

Phase 12 Post Router Timing
INFO: [Route 35-57] Estimated Timing Summary | WNS=0.412  | TNS=0.000  | WHS=0.033  | THS=0.000  |

INFO: [Route 35-327] The final timing numbers are based on the router estimated timing analysis. For a complete and accurate timing signoff, please run report_timing_summary.
Phase 12 Post Router Timing | Checksum: 264b51e6a

Time (s): cpu = 00:01:23 ; elapsed = 00:00:39 . Memory (MB): peak = 3016.746 ; gain = 0.000 ; free physical = 8618 ; free virtual = 30330
Total Elapsed time in route_design: 39.21 secs

Phase 13 Post-Route Event Processing
Phase 13 Post-Route Event Processing | Checksum: 2b6e43fde

Time (s): cpu = 00:01:23 ; elapsed = 00:00:39 . Memory (MB): peak = 3016.746 ; gain = 0.000 ; free physical = 8618 ; free virtual = 30330
INFO: [Route 35-16] Router Completed Successfully
Ending Routing Task | Checksum: 2b6e43fde

Time (s): cpu = 00:01:23 ; elapsed = 00:00:39 . Memory (MB): peak = 3016.746 ; gain = 0.000 ; free physical = 8618 ; free virtual = 30330

Routing Is Done.
INFO: [Common 17-83] Releasing license: Implementation
109 Infos, 0 Warnings, 0 Critical Warnings and 0 Errors encountered.
route_design completed successfully
route_design: Time (s): cpu = 00:01:24 ; elapsed = 00:00:39 . Memory (MB): peak = 3016.746 ; gain = 0.000 ; free physical = 8618 ; free virtual = 30330
INFO: [Vivado 12-24828] Executing command : report_drc -file rocketchip_wrapper_drc_routed.rpt -pb rocketchip_wrapper_drc_routed.pb -rpx rocketchip_wrapper_drc_routed.rpx
Command: report_drc -file rocketchip_wrapper_drc_routed.rpt -pb rocketchip_wrapper_drc_routed.pb -rpx rocketchip_wrapper_drc_routed.rpx
INFO: [IP_Flow 19-1839] IP Catalog is up to date.
INFO: [DRC 23-27] Running DRC with 8 threads
INFO: [Vivado_Tcl 2-168] The results of DRC are in file /home/engineer/fpga/worktrees/ips-cache/experiments/IPS-campaign/build-cache/vivado-project/teaching_pynqz1.runs/impl_1/rocketchip_wrapper_drc_routed.rpt.
report_drc completed successfully
INFO: [Vivado 12-24828] Executing command : report_methodology -file rocketchip_wrapper_methodology_drc_routed.rpt -pb rocketchip_wrapper_methodology_drc_routed.pb -rpx rocketchip_wrapper_methodology_drc_routed.rpx
Command: report_methodology -file rocketchip_wrapper_methodology_drc_routed.rpt -pb rocketchip_wrapper_methodology_drc_routed.pb -rpx rocketchip_wrapper_methodology_drc_routed.rpx
INFO: [Timing 38-35] Done setting XDC timing constraints.
INFO: [DRC 23-133] Running Methodology with 8 threads
INFO: [Vivado_Tcl 2-1520] The results of Report Methodology are in file /home/engineer/fpga/worktrees/ips-cache/experiments/IPS-campaign/build-cache/vivado-project/teaching_pynqz1.runs/impl_1/rocketchip_wrapper_methodology_drc_routed.rpt.
report_methodology completed successfully
INFO: [Vivado 12-24828] Executing command : report_timing_summary -max_paths 10 -routable_nets -report_unconstrained -file rocketchip_wrapper_timing_summary_routed.rpt -pb rocketchip_wrapper_timing_summary_routed.pb -rpx rocketchip_wrapper_timing_summary_routed.rpx -warn_on_violation 
INFO: [Timing 38-35] Done setting XDC timing constraints.
INFO: [Timing 38-91] UpdateTimingParams: Speed grade: -1, Delay Type: min_max.
INFO: [Timing 38-191] Multithreading enabled for timing update using a maximum of 8 CPUs
INFO: [Vivado 12-24838] Running report commands "report_bus_skew, report_incremental_reuse, report_route_status" in parallel.
Running report generation with 3 threads.
INFO: [Vivado 12-24828] Executing command : report_incremental_reuse -file rocketchip_wrapper_incremental_reuse_routed.rpt
INFO: [Vivado_Tcl 4-1062] Incremental flow is disabled. No incremental reuse Info to report.
INFO: [Vivado 12-24828] Executing command : report_bus_skew -warn_on_violation -file rocketchip_wrapper_bus_skew_routed.rpt -pb rocketchip_wrapper_bus_skew_routed.pb -rpx rocketchip_wrapper_bus_skew_routed.rpx
INFO: [Timing 38-91] UpdateTimingParams: Speed grade: -1, Delay Type: min_max.
INFO: [Timing 38-191] Multithreading enabled for timing update using a maximum of 8 CPUs
INFO: [Vivado 12-24828] Executing command : report_route_status -file rocketchip_wrapper_route_status.rpt -pb rocketchip_wrapper_route_status.pb
INFO: [Vivado 12-24828] Executing command : report_power -file rocketchip_wrapper_power_routed.rpt -pb rocketchip_wrapper_power_summary_routed.pb -rpx rocketchip_wrapper_power_routed.rpx
Command: report_power -file rocketchip_wrapper_power_routed.rpt -pb rocketchip_wrapper_power_summary_routed.pb -rpx rocketchip_wrapper_power_routed.rpx
Running Vector-less Activity Propagation...

Finished Running Vector-less Activity Propagation
WARNING: [Power 33-332] Found switching activity that implies high-fanout reset nets being asserted for excessive periods of time which may result in inaccurate power analysis.
Resolution: To review and fix problems, please run Power Constraints Advisor in the GUI from Tools > Power Constraints Advisor or run report_power with the -advisory option to generate a text report.
129 Infos, 1 Warnings, 0 Critical Warnings and 0 Errors encountered.
report_power completed successfully
INFO: [Vivado 12-24828] Executing command : report_clock_utilization -file rocketchip_wrapper_clock_utilization_routed.rpt
generate_parallel_reports: Time (s): cpu = 00:00:44 ; elapsed = 00:00:12 . Memory (MB): peak = 3084.363 ; gain = 67.617 ; free physical = 8538 ; free virtual = 30261
INFO: [Timing 38-480] Writing timing data to binary archive.
Wrote PlaceDB: Time (s): cpu = 00:00:00 ; elapsed = 00:00:00 . Memory (MB): peak = 3084.363 ; gain = 0.000 ; free physical = 8538 ; free virtual = 30261
Wrote PulsedLatchDB: Time (s): cpu = 00:00:00 ; elapsed = 00:00:00 . Memory (MB): peak = 3084.363 ; gain = 0.000 ; free physical = 8538 ; free virtual = 30261
Writing XDEF routing.
Writing XDEF routing logical nets.
Write ShapeDB Complete: Time (s): cpu = 00:00:00.16 ; elapsed = 00:00:00.03 . Memory (MB): peak = 3084.363 ; gain = 0.000 ; free physical = 8538 ; free virtual = 30263
Writing XDEF routing special nets.
Wrote RouteStorage: Time (s): cpu = 00:00:01 ; elapsed = 00:00:00.27 . Memory (MB): peak = 3084.363 ; gain = 0.000 ; free physical = 8532 ; free virtual = 30266
Wrote PlaceStorage: Time (s): cpu = 00:00:02 ; elapsed = 00:00:00.63 . Memory (MB): peak = 3084.363 ; gain = 0.000 ; free physical = 8514 ; free virtual = 30263
Wrote Netlist Cache: Time (s): cpu = 00:00:00.01 ; elapsed = 00:00:00.02 . Memory (MB): peak = 3084.363 ; gain = 0.000 ; free physical = 8514 ; free virtual = 30265
Wrote Device Cache: Time (s): cpu = 00:00:00.01 ; elapsed = 00:00:00 . Memory (MB): peak = 3084.363 ; gain = 0.000 ; free physical = 8514 ; free virtual = 30266
Write Physdb Complete: Time (s): cpu = 00:00:03 ; elapsed = 00:00:00.93 . Memory (MB): peak = 3084.363 ; gain = 0.000 ; free physical = 8514 ; free virtual = 30266
INFO: [Common 17-1381] The checkpoint '/home/engineer/fpga/worktrees/ips-cache/experiments/IPS-campaign/build-cache/vivado-project/teaching_pynqz1.runs/impl_1/rocketchip_wrapper_routed.dcp' has been generated.
Command: write_bitstream -force rocketchip_wrapper.bit
Attempting to get a license for feature 'Implementation' and/or device 'xc7z020'
INFO: [Common 17-349] Got license for feature 'Implementation' and/or device 'xc7z020'
Running DRC as a precondition to command write_bitstream
INFO: [IP_Flow 19-1839] IP Catalog is up to date.
INFO: [DRC 23-27] Running DRC with 8 threads
INFO: [Vivado 12-3199] DRC finished with 0 Errors
INFO: [Vivado 12-3200] Please refer to the DRC report (report_drc) for more information.
Integrating Hard IP ELF/MEM with the PDI.
INFO: [Designutils 20-2272] Running write_bitstream with 8 threads.
Loading data files...
Loading site data...
Loading route data...
Processing options...
Creating bitmap...
Creating bitstream...
Writing bitstream ./rocketchip_wrapper.bit...
INFO: [Vivado 12-1842] Bitgen Completed Successfully.
INFO: [Common 17-83] Releasing license: Implementation
140 Infos, 1 Warnings, 0 Critical Warnings and 0 Errors encountered.
write_bitstream completed successfully
write_bitstream: Time (s): cpu = 00:00:34 ; elapsed = 00:00:29 . Memory (MB): peak = 3385.973 ; gain = 301.609 ; free physical = 8167 ; free virtual = 29904
INFO: [Common 17-206] Exiting Vivado at Fri Sep 25 01:46:38 2026...
