teaching: ready after 50 ms; status=0x00050811 cpu_restart_safe=1 pl_reconfig_safe=0 draining=0 drain_timeout=0 boot_ready=1 boot_timeout=0 epoch=8 ndrained=5

xv6 kernel is booting

blkdev: 4000 sectors (1 MB), max request 16 sectors
init: starting sh
$ echo teaching-xv6-hello
teaching-xv6-hello
$ ls
.              1 1 1024
..             1 1 1024
README         2 2 2441
cat            2 3 36824
echo           2 4 35672
forktest       2 5 17392
grep           2 6 40264
init           2 7 36136
kill           2 8 35616
ln             2 9 35408
ls             2 10 38960
mkdir          2 11 35656
rm             2 12 35648
sh             2 13 58672
stressfs       2 14 36520
usertests      2 15 201632
grind          2 16 52080
wc             2 17 37816
zombie         2 18 35008
logstress      2 19 37592
forphan        2 20 36408
dorphan        2 21 35856
sync           2 22 35072
console        3 23 0
$ cat README
xv6 is a re-implementation of Dennis Ritchie's and Ken Thompson's Unix
Version 6 (v6).  xv6 loosely follows the structure and style of v6,
but is implemented for a modern RISC-V multiprocessor using ANSI C.

ACKNOWLEDGMENTS

xv6 is inspired by John Lions's Commentary on UNIX 6th Edition (Peer
to Peer Communications; ISBN: 1-57398-013-7; 1st edition (June 14,
2000)).  See also https://pdos.csail.mit.edu/6.1810/, which provides
pointers to on-line resources for v6.

The following people have made contributions: Russ Cox (context switching,
locking), Cliff Frey (MP), Xiao Yu (MP), Nickolai Zeldovich, and Austin
Clements.

We are also grateful for the bug reports and patches contributed by
Abhinavpatel00, Takahiro Aoyagi, Marcelo Arroyo, Hirbod Behnam, Silas
Boyd-Wickizer, Anton Burtsev, carlclone, Ian Chen, clivezeng, Dan
Cross, Cody Cutler, Mike CAT, Tej Chajed, Asami Doi,Wenyang Duan,
echtwerner, eyalz800, Nelson Elhage, Saar Ettinger, Alice Ferrazzi,
Nathaniel Filardo, flespark, Peter Froehlich, Yakir Goaron, Shivam
Handa, Matt Harvey, Bryan Henry, jaichenhengjie, Jim Huang, Matúš
Jókay, John Jolly, Alexander Kapshuk, Anders Kaseorg, kehao95,
Wolfgang Keller, Jungwoo Kim, Jonathan Kimmitt, Eddie Kohler, Vadim
Kolontsov, Austin Liew, Bruce Lowekamp, l0stman, Pavan Maddamsetti,
Imbar Marinescu, Yandong Mao, Matan Shabtay, Hitoshi Mitake, Carmi
Merimovich, mes900903, Mark Morrissey, mtasm, Joel Nider, Hayato Ohhashi,
OptimisticSide, papparapa, phosphagos, Harry Porter, Greg Price, Zheng
qhuo, Quancheng, RayAndrew, Jude Rich, segfault, Ayan Shafqat, Eldar
Sehayek, Yongming Shen, Fumiya Shigemitsu, snoire, Taojie, Cam Tenny,
tyfkda, Warren Toomey, Stephen Tu, Alissa Tung, Rafael Ubal, unicornx,
Amane Uehara, Pablo Ventura, Luc Videau, Xi Wang, WaheedHafez, Keiichi
Watanabe, Lucas Wolf, Nicolas Wolovick, wxdao, Grant Wu, x653, Andy
Zhang, Jindong Zhang, Icenowy Zheng, ZhUyU1997, and Zou Chang Wei.

ERROR REPORTS

Please send errors and suggestions to Frans Kaashoek and Robert Morris
(kaashoek,rtm@mit.edu).  The main purpose of xv6 is as a teaching
operating system for MIT's 6.1810, so we are more interested in
simplifications and clarifications than new features.

BUILDING AND RUNNING XV6

You will need a RISC-V "newlib" tool chain from
https://github.com/riscv/riscv-gnu-toolchain, and qemu compiled for
riscv64-softmmu.  Once they are installed, and in your shell
search path, you can run "make qemu".
$ echo abc | wc
1 1 4 
$ 