
### 2026-09-21T06:33:25Z open /dev/ttyUSB1

### 2026-09-21T06:33:25Z send: echo ===BSESSION-ID===; base64 /proc/sys/kernel/random/boot_id; echo ===ESESSION-ID===
echo ===BSESSION-ID===; base64 /proc/sys/kernel/random/boot_id; echo ===ESES
SION-ID===; echo __RC_5411__=$?
===BSESSION-ID===
ZWJlYWI4YTYtMGFjOS00NzRhLTg0YzMtYmQ2ZTBiMzU3ZDNiAA==
===ESESSION-ID===
__RC_5411__=0
~ # 
### 2026-09-21T06:33:25Z exit status: 0

### 2026-09-21T06:33:26Z send: echo ===BDT_ADDRESS-CELLS===; base64 /proc/device-tree/#address-cells; echo ===EDT_ADDRESS-CELLS===
echo ===BDT_ADDRESS-CELLS===; base64 /proc/device-tree/#address-cells; echo 
===EDT_ADDRESS-CELLS===; echo __RC_6022__=$?
===BDT_ADDRESS-CELLS===
AAAAAQ==
===EDT_ADDRESS-CELLS===
__RC_6022__=0
~ # 
### 2026-09-21T06:33:26Z exit status: 0

### 2026-09-21T06:33:26Z send: echo ===BDT_SIZE-CELLS===; base64 /proc/device-tree/#size-cells; echo ===EDT_SIZE-CELLS===
echo ===BDT_SIZE-CELLS===; base64 /proc/device-tree/#size-cells; echo ===EDT
_SIZE-CELLS===; echo __RC_6635__=$?
===BDT_SIZE-CELLS===
AAAAAQ==
===EDT_SIZE-CELLS===
__RC_6635__=0
~ # 
### 2026-09-21T06:33:26Z exit status: 0

### 2026-09-21T06:33:27Z send: echo ===BDT_MEMORY-REG===; base64 /proc/device-tree/memory/reg; echo ===EDT_MEMORY-REG===
echo ===BDT_MEMORY-REG===; base64 /proc/device-tree/memory/reg; echo ===EDT_
MEMORY-REG===; echo __RC_7247__=$?
===BDT_MEMORY-REG===
AAAAABAAAAA=
===EDT_MEMORY-REG===
__RC_7247__=0
~ # 
### 2026-09-21T06:33:27Z exit status: 0

### 2026-09-21T06:33:27Z send: echo ===BPROC-IOMEM===; base64 /proc/iomem; echo ===EPROC-IOMEM===
echo ===BPROC-IOMEM===; base64 /proc/iomem; echo ===EPROC-IOMEM===; echo __R
C_7857__=$?
===BPROC-IOMEM===
MDAwMDAwMDAtMGZmZmZmZmYgOiBTeXN0ZW0gUkFNCiAgMDAwMDgwMDAtMDA2MTY4ZmIgOiBLZXJu
ZWwgY29kZQogIDAwNjUwMDAwLTAwNmQ0MGJmIDogS2VybmVsIGRhdGEKZTAwMDAwMDAtZTAwMDBm
ZmUgOiB4dWFydHBzCmUwMDAyMDAwLWUwMDAyZmZmIDogL2FtYmEvdXNiQGUwMDAyMDAwCiAgZTAw
MDIwMDAtZTAwMDJmZmYgOiAvYW1iYS91c2JAZTAwMDIwMDAKZTAwMGEwMDAtZTAwMGFmZmYgOiAv
YW1iYS9ncGlvQGUwMDBhMDAwCmUwMDBkMDAwLWUwMDBkZmZmIDogL2FtYmEvc3BpQGUwMDBkMDAw
CmUwMTAwMDAwLWUwMTAwZmZmIDogbW1jMApmODAwMzAwMC1mODAwM2ZmZiA6IC9hbWJhL2RtYWNA
ZjgwMDMwMDAKICBmODAwMzAwMC1mODAwM2ZmZiA6IC9hbWJhL2RtYWNAZjgwMDMwMDAKZjgwMDUw
MDAtZjgwMDVmZmYgOiAvYW1iYS93YXRjaGRvZ0BmODAwNTAwMApmODAwNzAwMC1mODAwNzBmZiA6
IC9hbWJhL2RldmNmZ0BmODAwNzAwMApmODAwNzEwMC1mODAwNzExZiA6IC9hbWJhL2FkY0BmODAw
NzEwMApmODAwYzAwMC1mODAwY2ZmZiA6IC9hbWJhL29jbWNAZjgwMGMwMDAKZmZmYzAwMDAtZmZm
ZmZmZmYgOiBmODAwYzAwMC5vY21jCg==
===EPROC-IOMEM===
__RC_7857__=0
~ # 
### 2026-09-21T06:33:28Z exit status: 0

### 2026-09-21T06:33:28Z send: echo ===BPROC-MEMINFO===; base64 /proc/meminfo; echo ===EPROC-MEMINFO===
echo ===BPROC-MEMINFO===; base64 /proc/meminfo; echo ===EPROC-MEMINFO===; ec
ho __RC_8466__=$?
===BPROC-MEMINFO===
TWVtVG90YWw6ICAgICAgICAgMjUyOTU2IGtCCk1lbUZyZWU6ICAgICAgICAgIDIzNzc3MiBrQgpN
ZW1BdmFpbGFibGU6ICAgICAyMzUyNDgga0IKQnVmZmVyczogICAgICAgICAgICAgICAwIGtCCkNh
Y2hlZDogICAgICAgICAgICAxMDY0OCBrQgpTd2FwQ2FjaGVkOiAgICAgICAgICAgIDAga0IKQWN0
aXZlOiAgICAgICAgICAgICAyNjI0IGtCCkluYWN0aXZlOiAgICAgICAgICAgODEyMCBrQgpBY3Rp
dmUoYW5vbik6ICAgICAgIDI2MjQga0IKSW5hY3RpdmUoYW5vbik6ICAgICA4MTIwIGtCCkFjdGl2
ZShmaWxlKTogICAgICAgICAgMCBrQgpJbmFjdGl2ZShmaWxlKTogICAgICAgIDAga0IKVW5ldmlj
dGFibGU6ICAgICAgICAgICAwIGtCCk1sb2NrZWQ6ICAgICAgICAgICAgICAgMCBrQgpIaWdoVG90
YWw6ICAgICAgICAgICAgIDAga0IKSGlnaEZyZWU6ICAgICAgICAgICAgICAwIGtCCkxvd1RvdGFs
OiAgICAgICAgIDI1Mjk1NiBrQgpMb3dGcmVlOiAgICAgICAgICAyMzc3NzIga0IKU3dhcFRvdGFs
OiAgICAgICAgICAgICAwIGtCClN3YXBGcmVlOiAgICAgICAgICAgICAgMCBrQgpEaXJ0eTogICAg
ICAgICAgICAgICAgIDAga0IKV3JpdGViYWNrOiAgICAgICAgICAgICAwIGtCCkFub25QYWdlczog
ICAgICAgICAgIDEyMCBrQgpNYXBwZWQ6ICAgICAgICAgICAgIDExMDQga0IKU2htZW06ICAgICAg
ICAgICAgIDEwNjQ4IGtCClNsYWI6ICAgICAgICAgICAgICAgMjc2NCBrQgpTUmVjbGFpbWFibGU6
ICAgICAgICAyMjAga0IKU1VucmVjbGFpbTogICAgICAgICAyNTQ0IGtCCktlcm5lbFN0YWNrOiAg
ICAgICAgIDI3MiBrQgpQYWdlVGFibGVzOiAgICAgICAgICAgMTIga0IKTkZTX1Vuc3RhYmxlOiAg
ICAgICAgICAwIGtCCkJvdW5jZTogICAgICAgICAgICAgICAgMCBrQgpXcml0ZWJhY2tUbXA6ICAg
ICAgICAgIDAga0IKQ29tbWl0TGltaXQ6ICAgICAgMTI2NDc2IGtCCkNvbW1pdHRlZF9BUzogICAg
ICAxMTQ2MCBrQgpWbWFsbG9jVG90YWw6ICAgICA3NjE4NTYga0IKVm1hbGxvY1VzZWQ6ICAgICAg
ICAyODAwIGtCClZtYWxsb2NDaHVuazogICAgIDY2MTc0MCBrQgo=
===EPROC-MEMINFO===
__RC_8466__=0
~ # 
### 2026-09-21T06:33:28Z exit status: 0

### 2026-09-21T06:33:29Z send: echo ===BRESERVED===; if [ -d /proc/device-tree/reserved-memory ]; then for d in /proc/device-tree/reserved-memory/*/; do n=$(basename $d); if [ -f $d/reg ]; then echo NODE $n; base64 $d/reg; else echo NOREG $n; fi; done; else echo ABSENT; fi; echo ===ERESERVED===
echo ===BRESERVED===; if [ -d /proc/device-tree/reserved-memory ]; then for 
d in /proc/device-tree/reserved-memory/*/; do n=$(basename $d); if [ -f $d/reg ]
; then echo NODE $n; base64 $d/reg; else echo NOREG $n; fi; done; else echo ABSE
NT; fi; echo ===ERESERVED===; echo __RC_9077__=$?
===BRESERVED===
ABSENT
===ERESERVED===
__RC_9077__=0
~ # 
### 2026-09-21T06:33:29Z exit status: 0

### 2026-09-21T06:33:29Z send: echo ===BHEALTH===; dmesg | tail -40; echo ===EHEALTH===
echo ===BHEALTH===; dmesg | tail -40; echo ===EHEALTH===; echo __RC_9705__=$
?
===BHEALTH===
e1000e: Copyright(c) 1999 - 2014 Intel Corporation.
uio_pdrv_genirq 43c00000.htif: failed to get IRQ
uio_pdrv_genirq: probe of 43c00000.htif failed with error -22
ehci_hcd: USB 2.0 'Enhanced' Host Controller (EHCI) Driver
ehci-pci: EHCI PCI platform driver
ULPI transceiver vendor/product ID 0x0451/0x1507
Found TI TUSB1210 ULPI transceiver.
ULPI integrity check: passed.
zynq-ehci zynq-ehci.0: Xilinx Zynq USB EHCI Host Controller
zynq-ehci zynq-ehci.0: new USB bus registered, assigned bus number 1
zynq-ehci zynq-ehci.0: irq 53, io mem 0x00000000
zynq-ehci zynq-ehci.0: USB 2.0 started, EHCI 1.00
hub 1-0:1.0: USB hub found
hub 1-0:1.0: 1 port detected
usbcore: registered new interface driver usb-storage
mousedev: PS/2 mouse device common for all mice
i2c /dev entries driver
cdns-wdt f8005000.watchdog: Xilinx Watchdog Timer at d086e000 with timeout 10s
zynq-edac f8006000.memory-controller: ecc not enabled
cpufreq: __cpufreq_add_dev: CPU0: Running at unlisted freq: 650000 KHz
cpufreq: __cpufreq_add_dev: CPU0: Unlisted initial frequency changed to: 666667 KHz
Xilinx Zynq CpuIdle Driver started
sdhci: Secure Digital Host Controller Interface driver
sdhci: Copyright(c) Pierre Ossman
sdhci-pltfm: SDHCI platform and OF driver helper
mmc0: no vqmmc regulator found
mmc0: no vmmc regulator found
mmc0: SDHCI controller on e0100000.sdhci [e0100000.sdhci] using ADMA
usbcore: registered new interface driver usbhid
usbhid: USB HID core driver
TCP: cubic registered
NET: Registered protocol family 17
Registering SWP/SWPB emulation handler
drivers/rtc/hctosys.c: unable to open rtc device (rtc0)
ALSA device list:
  No soundcards found.
Freeing unused kernel memory: 220K (c0617000 - c064e000)
mmc0: new high speed SD card at address 1234
mmcblk0: mmc0:1234 SA02G 1.83 GiB 
 mmcblk0: p1
===EHEALTH===
__RC_9705__=0
~ # 
### 2026-09-21T06:33:29Z exit status: 0

### 2026-09-21T06:33:30Z closed
