### 06:33:53 boot01_marker.elf -> /root/xv6run/boot01_marker.elf: 5600 bytes, sha256 69ca91994567a44f
mkdir -p $(dirname /root/xv6run/boot01_marker.elf); echo __R433610__=$?
random: nonblocking pool is initialized
__R433610__=0
~ # stty -echo ixoff; echo __R434118__=$?
__R434118__=0
~ # ### 06:33:55 128/7468 b64 chars, 10.6 KB/s, eta 0.0 min
### 06:33:56 stream finished in 2s
__R437784__=0
~ # sha256sum /root/xv6run/boot01_marker.elf; echo __R438287__=$?
69ca91994567a44f9afb0303013bb8412eb6142749c28b631000e92156da61a2  /root/xv6run/boot01_marker.elf
__R438287__=0
~ # ### 06:33:58 sha256 verified on the board: 69ca91994567a44f9afb0303013bb8412eb6142749c28b631000e92156da61a2
### 06:33:58 SEND_OK /root/xv6run/boot01_marker.elf 5600 bytes in 2s (3.3 KB/s)
### 06:33:58 boot02_clint.elf -> /root/xv6run/boot02_clint.elf: 6824 bytes, sha256 0c4ebbb7648a34c0
mkdir -p $(dirname /root/xv6run/boot02_clint.elf); echo __R438845__=$?
__R438845__=0
~ # stty -echo ixoff; echo __R439353__=$?
__R439353__=0
~ # ### 06:34:00 128/9100 b64 chars, 10.5 KB/s, eta 0.0 min
### 06:34:02 stream finished in 2s
__R443159__=0
~ # sha256sum /root/xv6run/boot02_clint.elf; echo __R443664__=$?
0c4ebbb7648a34c013bbf77b0c7a5f03f901993fbe0e690732c46f15f8fb2c0f  /root/xv6run/boot02_clint.elf
__R443664__=0
~ # ### 06:34:04 sha256 verified on the board: 0c4ebbb7648a34c013bbf77b0c7a5f03f901993fbe0e690732c46f15f8fb2c0f
### 06:34:04 SEND_OK /root/xv6run/boot02_clint.elf 6824 bytes in 2s (3.7 KB/s)
### 06:34:04 boot03_ddr.elf -> /root/xv6run/boot03_ddr.elf: 7384 bytes, sha256 3089c7e72514eded
mkdir -p $(dirname /root/xv6run/boot03_ddr.elf); echo __R444225__=$?
__R444225__=0
~ # stty -echo ixoff; echo __R444731__=$?
__R444731__=0
~ # ### 06:34:05 128/9848 b64 chars, 10.5 KB/s, eta 0.0 min
### 06:34:07 stream finished in 2s
__R448604__=0
~ # sha256sum /root/xv6run/boot03_ddr.elf; echo __R449108__=$?
3089c7e72514eded26b80b02f9dcd57c0ee74609ca42803dd800e360daff39d0  /root/xv6run/boot03_ddr.elf
__R449108__=0
~ # ### 06:34:09 sha256 verified on the board: 3089c7e72514eded26b80b02f9dcd57c0ee74609ca42803dd800e360daff39d0
### 06:34:09 SEND_OK /root/xv6run/boot03_ddr.elf 7384 bytes in 2s (3.9 KB/s)
### 06:34:09 boot04_badaddr.elf -> /root/xv6run/boot04_badaddr.elf: 6536 bytes, sha256 fc3b16962f69e53a
mkdir -p $(dirname /root/xv6run/boot04_badaddr.elf); echo __R449662__=$?
__R449662__=0
~ # stty -echo ixoff; echo __R450170__=$?
__R450170__=0
~ # ### 06:34:11 128/8716 b64 chars, 10.6 KB/s, eta 0.0 min
### 06:34:12 stream finished in 2s
__R453945__=0
~ # sha256sum /root/xv6run/boot04_badaddr.elf; echo __R454450__=$?
fc3b16962f69e53abfa37a30ddd1490091926a47f4dda1c16fa04e37ea592380  /root/xv6run/boot04_badaddr.elf
__R454450__=0
~ # ### 06:34:14 sha256 verified on the board: fc3b16962f69e53abfa37a30ddd1490091926a47f4dda1c16fa04e37ea592380
### 06:34:14 SEND_OK /root/xv6run/boot04_badaddr.elf 6536 bytes in 2s (3.6 KB/s)
### 06:34:15 ext01_m.elf -> /root/xv6run/ext01_m.elf: 5880 bytes, sha256 b57e1b63d9d29688
mkdir -p $(dirname /root/xv6run/ext01_m.elf); echo __R455006__=$?
__R455006__=0
~ # stty -echo ixoff; echo __R455514__=$?
__R455514__=0
~ # ### 06:34:16 128/7840 b64 chars, 10.6 KB/s, eta 0.0 min
### 06:34:18 stream finished in 2s
__R459211__=0
~ # sha256sum /root/xv6run/ext01_m.elf; echo __R459715__=$?
b57e1b63d9d29688fd9ce3a04390d5eddf26edc6007e78fd6314da5df11d07e4  /root/xv6run/ext01_m.elf
__R459715__=0
~ # ### 06:34:20 sha256 verified on the board: b57e1b63d9d29688fd9ce3a04390d5eddf26edc6007e78fd6314da5df11d07e4
### 06:34:20 SEND_OK /root/xv6run/ext01_m.elf 5880 bytes in 2s (3.4 KB/s)
### 06:34:20 ext02_c.elf -> /root/xv6run/ext02_c.elf: 5776 bytes, sha256 f8f9f75e2134c084
mkdir -p $(dirname /root/xv6run/ext02_c.elf); echo __R460270__=$?
__R460270__=0
~ # stty -echo ixoff; echo __R460778__=$?
__R460778__=0
~ # ### 06:34:21 128/7704 b64 chars, 10.5 KB/s, eta 0.0 min
### 06:34:23 stream finished in 2s
__R464462__=0
~ # sha256sum /root/xv6run/ext02_c.elf; echo __R464966__=$?
f8f9f75e2134c084f53561efd77ae77e8ed05f6eeaf752b52b2ff86a9711abd6  /root/xv6run/ext02_c.elf
__R464966__=0
~ # ### 06:34:25 sha256 verified on the board: f8f9f75e2134c084f53561efd77ae77e8ed05f6eeaf752b52b2ff86a9711abd6
### 06:34:25 SEND_OK /root/xv6run/ext02_c.elf 5776 bytes in 2s (3.4 KB/s)
### 06:34:25 ext03_a.elf -> /root/xv6run/ext03_a.elf: 6048 bytes, sha256 3d1cda4b1d6af6f8
mkdir -p $(dirname /root/xv6run/ext03_a.elf); echo __R465543__=$?
__R465543__=0
~ # stty -echo ixoff; echo __R466050__=$?
__R466050__=0
~ # ### 06:34:27 128/8064 b64 chars, 10.6 KB/s, eta 0.0 min
### 06:34:28 stream finished in 2s
__R469768__=0
~ # sha256sum /root/xv6run/ext03_a.elf; echo __R470273__=$?
3d1cda4b1d6af6f8a8a3fe3a97277bfc01714a77ad4901993ca36c6addaf8ced  /root/xv6run/ext03_a.elf
__R470273__=0
~ # ### 06:34:30 sha256 verified on the board: 3d1cda4b1d6af6f8a8a3fe3a97277bfc01714a77ad4901993ca36c6addaf8ced
### 06:34:30 SEND_OK /root/xv6run/ext03_a.elf 6048 bytes in 2s (3.5 KB/s)
### 06:34:30 ext04_sv39.elf -> /root/xv6run/ext04_sv39.elf: 13912 bytes, sha256 0251f1512a16cf6b
mkdir -p $(dirname /root/xv6run/ext04_sv39.elf); echo __R470827__=$?
__R470827__=0
~ # stty -echo ixoff; echo __R471336__=$?
__R471336__=0
~ # ### 06:34:32 128/18552 b64 chars, 10.5 KB/s, eta 0.0 min
### 06:34:34 stream finished in 3s
__R475970__=0
~ # sha256sum /root/xv6run/ext04_sv39.elf; echo __R476474__=$?
0251f1512a16cf6b9c3bf2ad98663105a82b5ce304642378a94cc3dc0bf50023  /root/xv6run/ext04_sv39.elf
__R476474__=0
~ # ### 06:34:36 sha256 verified on the board: 0251f1512a16cf6b9c3bf2ad98663105a82b5ce304642378a94cc3dc0bf50023
### 06:34:36 SEND_OK /root/xv6run/ext04_sv39.elf 13912 bytes in 3s (5.2 KB/s)
### 06:34:37 kernel-128mib -> /root/xv6run/kernel-128mib: 274128 bytes, sha256 e990fb31fad483b8
mkdir -p $(dirname /root/xv6run/kernel-128mib); echo __R477035__=$?
__R477035__=0
~ # stty -echo ixoff; echo __R477542__=$?
__R477542__=0
~ # ### 06:34:38 128/365504 b64 chars, 10.5 KB/s, eta 0.6 min
### 06:34:40 25728/365504 b64 chars, 11.2 KB/s, eta 0.5 min
### 06:34:43 51328/365504 b64 chars, 11.2 KB/s, eta 0.5 min
### 06:34:45 76928/365504 b64 chars, 11.2 KB/s, eta 0.4 min
### 06:34:47 102528/365504 b64 chars, 11.2 KB/s, eta 0.4 min
### 06:34:49 128128/365504 b64 chars, 11.2 KB/s, eta 0.3 min
### 06:34:51 153728/365504 b64 chars, 11.2 KB/s, eta 0.3 min
### 06:34:54 179328/365504 b64 chars, 11.2 KB/s, eta 0.3 min
### 06:34:56 204928/365504 b64 chars, 11.2 KB/s, eta 0.2 min
### 06:34:58 230528/365504 b64 chars, 11.2 KB/s, eta 0.2 min
### 06:35:00 256128/365504 b64 chars, 11.2 KB/s, eta 0.2 min
### 06:35:03 281728/365504 b64 chars, 11.2 KB/s, eta 0.1 min
### 06:35:05 307328/365504 b64 chars, 11.2 KB/s, eta 0.1 min
### 06:35:07 332928/365504 b64 chars, 11.2 KB/s, eta 0.0 min
### 06:35:09 358528/365504 b64 chars, 11.2 KB/s, eta 0.0 min
### 06:35:11 stream finished in 33s
__R512528__=0
~ # sha256sum /root/xv6run/kernel-128mib; echo __R513033__=$?
e990fb31fad483b805aaeae77ecaebb3111abcec012d70447c620c9e9b289c2c  /root/xv6run/kernel-128mib
__R513033__=0
~ # ### 06:35:13 sha256 verified on the board: e990fb31fad483b805aaeae77ecaebb3111abcec012d70447c620c9e9b289c2c
### 06:35:13 SEND_OK /root/xv6run/kernel-128mib 274128 bytes in 33s (8.1 KB/s)
### 06:35:13 fesvr-teaching-static -> /root/xv6run/fesvr-teaching-static: 1806656 bytes, sha256 c050eab30f80a21a
mkdir -p $(dirname /root/xv6run/fesvr-teaching-static); echo __R513594__=$?
__R513594__=0
~ # stty -echo ixoff; echo __R514102__=$?
__R514102__=0
~ # ### 06:35:15 128/2408876 b64 chars, 10.6 KB/s, eta 3.7 min
### 06:35:17 25728/2408876 b64 chars, 11.2 KB/s, eta 3.5 min
### 06:35:19 51328/2408876 b64 chars, 11.2 KB/s, eta 3.4 min
### 06:35:21 76928/2408876 b64 chars, 11.2 KB/s, eta 3.4 min
### 06:35:24 102528/2408876 b64 chars, 11.2 KB/s, eta 3.4 min
### 06:35:26 128128/2408876 b64 chars, 11.2 KB/s, eta 3.3 min
### 06:35:28 153728/2408876 b64 chars, 11.2 KB/s, eta 3.3 min
### 06:35:30 179328/2408876 b64 chars, 11.2 KB/s, eta 3.3 min
### 06:35:33 204928/2408876 b64 chars, 11.2 KB/s, eta 3.2 min
### 06:35:35 230528/2408876 b64 chars, 11.2 KB/s, eta 3.2 min
### 06:35:37 256128/2408876 b64 chars, 11.2 KB/s, eta 3.1 min
### 06:35:39 281728/2408876 b64 chars, 11.2 KB/s, eta 3.1 min
### 06:35:41 307328/2408876 b64 chars, 11.2 KB/s, eta 3.1 min
### 06:35:44 332928/2408876 b64 chars, 11.2 KB/s, eta 3.0 min
### 06:35:46 358528/2408876 b64 chars, 11.2 KB/s, eta 3.0 min
### 06:35:48 384128/2408876 b64 chars, 11.2 KB/s, eta 3.0 min
### 06:35:50 409728/2408876 b64 chars, 11.2 KB/s, eta 2.9 min
### 06:35:53 435328/2408876 b64 chars, 11.2 KB/s, eta 2.9 min
### 06:35:55 460928/2408876 b64 chars, 11.2 KB/s, eta 2.8 min
### 06:35:57 486528/2408876 b64 chars, 11.2 KB/s, eta 2.8 min
### 06:35:59 512128/2408876 b64 chars, 11.2 KB/s, eta 2.8 min
### 06:36:02 537728/2408876 b64 chars, 11.2 KB/s, eta 2.7 min
### 06:36:04 563328/2408876 b64 chars, 11.2 KB/s, eta 2.7 min
### 06:36:06 588928/2408876 b64 chars, 11.2 KB/s, eta 2.7 min
### 06:36:08 614528/2408876 b64 chars, 11.2 KB/s, eta 2.6 min
### 06:36:11 640128/2408876 b64 chars, 11.2 KB/s, eta 2.6 min
### 06:36:13 665728/2408876 b64 chars, 11.2 KB/s, eta 2.5 min
### 06:36:15 691328/2408876 b64 chars, 11.2 KB/s, eta 2.5 min
### 06:36:17 716928/2408876 b64 chars, 11.2 KB/s, eta 2.5 min
### 06:36:20 742528/2408876 b64 chars, 11.2 KB/s, eta 2.4 min
### 06:36:22 768128/2408876 b64 chars, 11.2 KB/s, eta 2.4 min
### 06:36:24 793728/2408876 b64 chars, 11.2 KB/s, eta 2.4 min
### 06:36:26 819328/2408876 b64 chars, 11.2 KB/s, eta 2.3 min
### 06:36:29 844928/2408876 b64 chars, 11.2 KB/s, eta 2.3 min
### 06:36:31 870528/2408876 b64 chars, 11.2 KB/s, eta 2.2 min
### 06:36:33 896128/2408876 b64 chars, 11.2 KB/s, eta 2.2 min
### 06:36:35 921728/2408876 b64 chars, 11.2 KB/s, eta 2.2 min
### 06:36:37 947328/2408876 b64 chars, 11.2 KB/s, eta 2.1 min
### 06:36:40 972928/2408876 b64 chars, 11.2 KB/s, eta 2.1 min
### 06:36:42 998528/2408876 b64 chars, 11.2 KB/s, eta 2.1 min
### 06:36:44 1024128/2408876 b64 chars, 11.2 KB/s, eta 2.0 min
### 06:36:46 1049728/2408876 b64 chars, 11.2 KB/s, eta 2.0 min
### 06:36:49 1075328/2408876 b64 chars, 11.2 KB/s, eta 1.9 min
### 06:36:51 1100928/2408876 b64 chars, 11.2 KB/s, eta 1.9 min
### 06:36:53 1126528/2408876 b64 chars, 11.2 KB/s, eta 1.9 min
### 06:36:55 1152128/2408876 b64 chars, 11.2 KB/s, eta 1.8 min
### 06:36:58 1177728/2408876 b64 chars, 11.2 KB/s, eta 1.8 min
### 06:37:00 1203328/2408876 b64 chars, 11.2 KB/s, eta 1.8 min
### 06:37:02 1228928/2408876 b64 chars, 11.2 KB/s, eta 1.7 min
### 06:37:04 1254528/2408876 b64 chars, 11.2 KB/s, eta 1.7 min
### 06:37:07 1280128/2408876 b64 chars, 11.2 KB/s, eta 1.6 min
### 06:37:09 1305728/2408876 b64 chars, 11.2 KB/s, eta 1.6 min
### 06:37:11 1331328/2408876 b64 chars, 11.2 KB/s, eta 1.6 min
### 06:37:13 1356928/2408876 b64 chars, 11.2 KB/s, eta 1.5 min
### 06:37:16 1382528/2408876 b64 chars, 11.2 KB/s, eta 1.5 min
### 06:37:18 1408128/2408876 b64 chars, 11.2 KB/s, eta 1.5 min
### 06:37:20 1433728/2408876 b64 chars, 11.2 KB/s, eta 1.4 min
### 06:37:22 1459328/2408876 b64 chars, 11.2 KB/s, eta 1.4 min
### 06:37:25 1484928/2408876 b64 chars, 11.2 KB/s, eta 1.3 min
### 06:37:27 1510528/2408876 b64 chars, 11.2 KB/s, eta 1.3 min
### 06:37:29 1536128/2408876 b64 chars, 11.2 KB/s, eta 1.3 min
### 06:37:31 1561728/2408876 b64 chars, 11.2 KB/s, eta 1.2 min
### 06:37:33 1587328/2408876 b64 chars, 11.2 KB/s, eta 1.2 min
### 06:37:36 1612928/2408876 b64 chars, 11.2 KB/s, eta 1.2 min
### 06:37:38 1638528/2408876 b64 chars, 11.2 KB/s, eta 1.1 min
### 06:37:40 1664128/2408876 b64 chars, 11.2 KB/s, eta 1.1 min
### 06:37:42 1689728/2408876 b64 chars, 11.2 KB/s, eta 1.0 min
### 06:37:45 1715328/2408876 b64 chars, 11.2 KB/s, eta 1.0 min
### 06:37:47 1740928/2408876 b64 chars, 11.2 KB/s, eta 1.0 min
### 06:37:49 1766528/2408876 b64 chars, 11.2 KB/s, eta 0.9 min
### 06:37:51 1792128/2408876 b64 chars, 11.2 KB/s, eta 0.9 min
### 06:37:54 1817728/2408876 b64 chars, 11.2 KB/s, eta 0.9 min
### 06:37:56 1843328/2408876 b64 chars, 11.2 KB/s, eta 0.8 min
### 06:37:58 1868928/2408876 b64 chars, 11.2 KB/s, eta 0.8 min
### 06:38:00 1894528/2408876 b64 chars, 11.2 KB/s, eta 0.7 min
### 06:38:03 1920128/2408876 b64 chars, 11.2 KB/s, eta 0.7 min
### 06:38:05 1945728/2408876 b64 chars, 11.2 KB/s, eta 0.7 min
### 06:38:07 1971328/2408876 b64 chars, 11.2 KB/s, eta 0.6 min
### 06:38:09 1996928/2408876 b64 chars, 11.2 KB/s, eta 0.6 min
### 06:38:12 2022528/2408876 b64 chars, 11.2 KB/s, eta 0.6 min
### 06:38:14 2048128/2408876 b64 chars, 11.2 KB/s, eta 0.5 min
### 06:38:16 2073728/2408876 b64 chars, 11.2 KB/s, eta 0.5 min
### 06:38:18 2099328/2408876 b64 chars, 11.2 KB/s, eta 0.5 min
### 06:38:20 2124928/2408876 b64 chars, 11.2 KB/s, eta 0.4 min
### 06:38:23 2150528/2408876 b64 chars, 11.2 KB/s, eta 0.4 min
### 06:38:25 2176128/2408876 b64 chars, 11.2 KB/s, eta 0.3 min
### 06:38:27 2201728/2408876 b64 chars, 11.2 KB/s, eta 0.3 min
### 06:38:29 2227328/2408876 b64 chars, 11.2 KB/s, eta 0.3 min
### 06:38:32 2252928/2408876 b64 chars, 11.2 KB/s, eta 0.2 min
### 06:38:34 2278528/2408876 b64 chars, 11.2 KB/s, eta 0.2 min
### 06:38:36 2304128/2408876 b64 chars, 11.2 KB/s, eta 0.2 min
### 06:38:38 2329728/2408876 b64 chars, 11.2 KB/s, eta 0.1 min
### 06:38:41 2355328/2408876 b64 chars, 11.2 KB/s, eta 0.1 min
### 06:38:43 2380928/2408876 b64 chars, 11.2 KB/s, eta 0.0 min
### 06:38:45 2406528/2408876 b64 chars, 11.2 KB/s, eta 0.0 min
### 06:38:46 stream finished in 212s
__R727838__=0
~ # sha256sum /root/xv6run/fesvr-teaching-static; echo __R728344__=$?
c050eab30f80a21a7c92c8688faa2f043c67aa2900fbc08b80f3dd8de2ba1fb9  /root/xv6run/fesvr-teaching-static
__R728344__=0
~ # ### 06:38:48 sha256 verified on the board: c050eab30f80a21a7c92c8688faa2f043c67aa2900fbc08b80f3dd8de2ba1fb9
### 06:38:48 SEND_OK /root/xv6run/fesvr-teaching-static 1806656 bytes in 212s (8.3 KB/s)
### 06:38:48 fs-pristine.img -> /root/xv6run/fs-run.img: 2048000 bytes, sha256 4691ffea6b05562d
mkdir -p $(dirname /root/xv6run/fs-run.img); echo __R728909__=$?
__R728909__=0
~ # stty -echo ixoff; echo __R729415__=$?
__R729415__=0
~ # ### 06:38:50 128/2730668 b64 chars, 10.6 KB/s, eta 4.2 min
### 06:38:52 25728/2730668 b64 chars, 11.2 KB/s, eta 3.9 min
### 06:38:54 51328/2730668 b64 chars, 11.2 KB/s, eta 3.9 min
### 06:38:57 76928/2730668 b64 chars, 11.2 KB/s, eta 3.9 min
### 06:38:59 102528/2730668 b64 chars, 11.2 KB/s, eta 3.8 min
### 06:39:01 128128/2730668 b64 chars, 11.2 KB/s, eta 3.8 min
### 06:39:03 153728/2730668 b64 chars, 11.2 KB/s, eta 3.8 min
### 06:39:06 179328/2730668 b64 chars, 11.2 KB/s, eta 3.7 min
### 06:39:08 204928/2730668 b64 chars, 11.2 KB/s, eta 3.7 min
### 06:39:10 230528/2730668 b64 chars, 11.2 KB/s, eta 3.6 min
### 06:39:12 256128/2730668 b64 chars, 11.2 KB/s, eta 3.6 min
### 06:39:15 281728/2730668 b64 chars, 11.2 KB/s, eta 3.6 min
### 06:39:17 307328/2730668 b64 chars, 11.2 KB/s, eta 3.5 min
### 06:39:19 332928/2730668 b64 chars, 11.2 KB/s, eta 3.5 min
### 06:39:21 358528/2730668 b64 chars, 11.2 KB/s, eta 3.5 min
### 06:39:24 384128/2730668 b64 chars, 11.2 KB/s, eta 3.4 min
### 06:39:26 409728/2730668 b64 chars, 11.2 KB/s, eta 3.4 min
### 06:39:28 435328/2730668 b64 chars, 11.2 KB/s, eta 3.3 min
### 06:39:30 460928/2730668 b64 chars, 11.2 KB/s, eta 3.3 min
### 06:39:32 486528/2730668 b64 chars, 11.2 KB/s, eta 3.3 min
### 06:39:35 512128/2730668 b64 chars, 11.2 KB/s, eta 3.2 min
### 06:39:37 537728/2730668 b64 chars, 11.2 KB/s, eta 3.2 min
### 06:39:39 563328/2730668 b64 chars, 11.2 KB/s, eta 3.2 min
### 06:39:41 588928/2730668 b64 chars, 11.2 KB/s, eta 3.1 min
### 06:39:44 614528/2730668 b64 chars, 11.2 KB/s, eta 3.1 min
### 06:39:46 640128/2730668 b64 chars, 11.2 KB/s, eta 3.0 min
### 06:39:48 665728/2730668 b64 chars, 11.2 KB/s, eta 3.0 min
### 06:39:50 691328/2730668 b64 chars, 11.2 KB/s, eta 3.0 min
### 06:39:53 716928/2730668 b64 chars, 11.2 KB/s, eta 2.9 min
### 06:39:55 742528/2730668 b64 chars, 11.2 KB/s, eta 2.9 min
### 06:39:57 768128/2730668 b64 chars, 11.2 KB/s, eta 2.9 min
### 06:39:59 793728/2730668 b64 chars, 11.2 KB/s, eta 2.8 min
### 06:40:02 819328/2730668 b64 chars, 11.2 KB/s, eta 2.8 min
### 06:40:04 844928/2730668 b64 chars, 11.2 KB/s, eta 2.7 min
### 06:40:06 870528/2730668 b64 chars, 11.2 KB/s, eta 2.7 min
### 06:40:08 896128/2730668 b64 chars, 11.2 KB/s, eta 2.7 min
### 06:40:11 921728/2730668 b64 chars, 11.2 KB/s, eta 2.6 min
### 06:40:13 947328/2730668 b64 chars, 11.2 KB/s, eta 2.6 min
### 06:40:15 972928/2730668 b64 chars, 11.2 KB/s, eta 2.6 min
### 06:40:17 998528/2730668 b64 chars, 11.2 KB/s, eta 2.5 min
### 06:40:20 1024128/2730668 b64 chars, 11.2 KB/s, eta 2.5 min
### 06:40:22 1049728/2730668 b64 chars, 11.2 KB/s, eta 2.5 min
### 06:40:24 1075328/2730668 b64 chars, 11.2 KB/s, eta 2.4 min
### 06:40:26 1100928/2730668 b64 chars, 11.2 KB/s, eta 2.4 min
### 06:40:28 1126528/2730668 b64 chars, 11.2 KB/s, eta 2.3 min
### 06:40:31 1152128/2730668 b64 chars, 11.2 KB/s, eta 2.3 min
### 06:40:33 1177728/2730668 b64 chars, 11.2 KB/s, eta 2.3 min
### 06:40:35 1203328/2730668 b64 chars, 11.2 KB/s, eta 2.2 min
### 06:40:37 1228928/2730668 b64 chars, 11.2 KB/s, eta 2.2 min
### 06:40:40 1254528/2730668 b64 chars, 11.2 KB/s, eta 2.2 min
### 06:40:42 1280128/2730668 b64 chars, 11.2 KB/s, eta 2.1 min
### 06:40:44 1305728/2730668 b64 chars, 11.2 KB/s, eta 2.1 min
### 06:40:46 1331328/2730668 b64 chars, 11.2 KB/s, eta 2.0 min
### 06:40:49 1356928/2730668 b64 chars, 11.2 KB/s, eta 2.0 min
### 06:40:51 1382528/2730668 b64 chars, 11.2 KB/s, eta 2.0 min
### 06:40:53 1408128/2730668 b64 chars, 11.2 KB/s, eta 1.9 min
### 06:40:55 1433728/2730668 b64 chars, 11.2 KB/s, eta 1.9 min
### 06:40:58 1459328/2730668 b64 chars, 11.2 KB/s, eta 1.9 min
### 06:41:00 1484928/2730668 b64 chars, 11.2 KB/s, eta 1.8 min
### 06:41:02 1510528/2730668 b64 chars, 11.2 KB/s, eta 1.8 min
### 06:41:04 1536128/2730668 b64 chars, 11.2 KB/s, eta 1.7 min
### 06:41:07 1561728/2730668 b64 chars, 11.2 KB/s, eta 1.7 min
### 06:41:09 1587328/2730668 b64 chars, 11.2 KB/s, eta 1.7 min
### 06:41:11 1612928/2730668 b64 chars, 11.2 KB/s, eta 1.6 min
### 06:41:13 1638528/2730668 b64 chars, 11.2 KB/s, eta 1.6 min
### 06:41:16 1664128/2730668 b64 chars, 11.2 KB/s, eta 1.6 min
### 06:41:18 1689728/2730668 b64 chars, 11.2 KB/s, eta 1.5 min
### 06:41:20 1715328/2730668 b64 chars, 11.2 KB/s, eta 1.5 min
### 06:41:22 1740928/2730668 b64 chars, 11.2 KB/s, eta 1.4 min
### 06:41:24 1766528/2730668 b64 chars, 11.2 KB/s, eta 1.4 min
### 06:41:27 1792128/2730668 b64 chars, 11.2 KB/s, eta 1.4 min
### 06:41:29 1817728/2730668 b64 chars, 11.2 KB/s, eta 1.3 min
### 06:41:31 1843328/2730668 b64 chars, 11.2 KB/s, eta 1.3 min
### 06:41:33 1868928/2730668 b64 chars, 11.2 KB/s, eta 1.3 min
### 06:41:36 1894528/2730668 b64 chars, 11.2 KB/s, eta 1.2 min
### 06:41:38 1920128/2730668 b64 chars, 11.2 KB/s, eta 1.2 min
### 06:41:40 1945728/2730668 b64 chars, 11.2 KB/s, eta 1.1 min
### 06:41:42 1971328/2730668 b64 chars, 11.2 KB/s, eta 1.1 min
### 06:41:45 1996928/2730668 b64 chars, 11.2 KB/s, eta 1.1 min
### 06:41:47 2022528/2730668 b64 chars, 11.2 KB/s, eta 1.0 min
### 06:41:49 2048128/2730668 b64 chars, 11.2 KB/s, eta 1.0 min
### 06:41:51 2073728/2730668 b64 chars, 11.2 KB/s, eta 1.0 min
### 06:41:54 2099328/2730668 b64 chars, 11.2 KB/s, eta 0.9 min
### 06:41:56 2124928/2730668 b64 chars, 11.2 KB/s, eta 0.9 min
### 06:41:58 2150528/2730668 b64 chars, 11.2 KB/s, eta 0.8 min
### 06:42:00 2176128/2730668 b64 chars, 11.2 KB/s, eta 0.8 min
### 06:42:03 2201728/2730668 b64 chars, 11.2 KB/s, eta 0.8 min
### 06:42:05 2227328/2730668 b64 chars, 11.2 KB/s, eta 0.7 min
### 06:42:07 2252928/2730668 b64 chars, 11.2 KB/s, eta 0.7 min
### 06:42:09 2278528/2730668 b64 chars, 11.2 KB/s, eta 0.7 min
### 06:42:11 2304128/2730668 b64 chars, 11.2 KB/s, eta 0.6 min
### 06:42:14 2329728/2730668 b64 chars, 11.2 KB/s, eta 0.6 min
### 06:42:16 2355328/2730668 b64 chars, 11.2 KB/s, eta 0.5 min
### 06:42:18 2380928/2730668 b64 chars, 11.2 KB/s, eta 0.5 min
### 06:42:20 2406528/2730668 b64 chars, 11.2 KB/s, eta 0.5 min
### 06:42:23 2432128/2730668 b64 chars, 11.2 KB/s, eta 0.4 min
### 06:42:25 2457728/2730668 b64 chars, 11.2 KB/s, eta 0.4 min
### 06:42:27 2483328/2730668 b64 chars, 11.2 KB/s, eta 0.4 min
### 06:42:29 2508928/2730668 b64 chars, 11.2 KB/s, eta 0.3 min
### 06:42:32 2534528/2730668 b64 chars, 11.2 KB/s, eta 0.3 min
### 06:42:34 2560128/2730668 b64 chars, 11.2 KB/s, eta 0.2 min
### 06:42:36 2585728/2730668 b64 chars, 11.2 KB/s, eta 0.2 min
### 06:42:38 2611328/2730668 b64 chars, 11.2 KB/s, eta 0.2 min
### 06:42:41 2636928/2730668 b64 chars, 11.2 KB/s, eta 0.1 min
### 06:42:43 2662528/2730668 b64 chars, 11.2 KB/s, eta 0.1 min
### 06:42:45 2688128/2730668 b64 chars, 11.2 KB/s, eta 0.1 min
### 06:42:47 2713728/2730668 b64 chars, 11.2 KB/s, eta 0.0 min
### 06:42:50 stream finished in 240s
__R971303__=0
~ # sha256sum /root/xv6run/fs-run.img; echo __R971807__=$?
4691ffea6b05562d33a599a3406ab3b6d69e6c2444addb08838f1ef6f97527b7  /root/xv6run/fs-run.img
__R971807__=0
~ # ### 06:42:52 sha256 verified on the board: 4691ffea6b05562d33a599a3406ab3b6d69e6c2444addb08838f1ef6f97527b7
### 06:42:52 SEND_OK /root/xv6run/fs-run.img 2048000 bytes in 240s (8.3 KB/s)
### 06:42:52 teaching.bit.bin -> /root/xv6run/teaching.bit.bin: 4045564 bytes, sha256 20fae71e4661c6c9
mkdir -p $(dirname /root/xv6run/teaching.bit.bin); echo __R972406__=$?
__R972406__=0
~ # stty -echo ixoff; echo __R972915__=$?
__R972915__=0
~ # ### 06:42:53 128/5394088 b64 chars, 9.7 KB/s, eta 9.1 min
### 06:42:56 25728/5394088 b64 chars, 11.2 KB/s, eta 7.8 min
### 06:42:58 51328/5394088 b64 chars, 11.2 KB/s, eta 7.8 min
### 06:43:00 76928/5394088 b64 chars, 11.2 KB/s, eta 7.8 min
### 06:43:02 102528/5394088 b64 chars, 11.2 KB/s, eta 7.7 min
### 06:43:05 128128/5394088 b64 chars, 11.2 KB/s, eta 7.7 min
### 06:43:07 153728/5394088 b64 chars, 11.2 KB/s, eta 7.6 min
### 06:43:09 179328/5394088 b64 chars, 11.2 KB/s, eta 7.6 min
### 06:43:11 204928/5394088 b64 chars, 11.2 KB/s, eta 7.6 min
### 06:43:14 230528/5394088 b64 chars, 11.2 KB/s, eta 7.5 min
### 06:43:16 256128/5394088 b64 chars, 11.2 KB/s, eta 7.5 min
### 06:43:18 281728/5394088 b64 chars, 11.2 KB/s, eta 7.5 min
### 06:43:20 307328/5394088 b64 chars, 11.2 KB/s, eta 7.4 min
### 06:43:23 332928/5394088 b64 chars, 11.2 KB/s, eta 7.4 min
### 06:43:25 358528/5394088 b64 chars, 11.2 KB/s, eta 7.3 min
### 06:43:27 384128/5394088 b64 chars, 11.2 KB/s, eta 7.3 min
### 06:43:29 409728/5394088 b64 chars, 11.2 KB/s, eta 7.3 min
### 06:43:32 435328/5394088 b64 chars, 11.2 KB/s, eta 7.2 min
### 06:43:34 460928/5394088 b64 chars, 11.2 KB/s, eta 7.2 min
### 06:43:36 486528/5394088 b64 chars, 11.2 KB/s, eta 7.2 min
### 06:43:38 512128/5394088 b64 chars, 11.2 KB/s, eta 7.1 min
### 06:43:40 537728/5394088 b64 chars, 11.2 KB/s, eta 7.1 min
### 06:43:43 563328/5394088 b64 chars, 11.2 KB/s, eta 7.0 min
### 06:43:45 588928/5394088 b64 chars, 11.2 KB/s, eta 7.0 min
### 06:43:47 614528/5394088 b64 chars, 11.2 KB/s, eta 7.0 min
### 06:43:49 640128/5394088 b64 chars, 11.2 KB/s, eta 6.9 min
### 06:43:52 665728/5394088 b64 chars, 11.2 KB/s, eta 6.9 min
### 06:43:54 691328/5394088 b64 chars, 11.2 KB/s, eta 6.9 min
### 06:43:56 716928/5394088 b64 chars, 11.2 KB/s, eta 6.8 min
### 06:43:58 742528/5394088 b64 chars, 11.2 KB/s, eta 6.8 min
### 06:44:01 768128/5394088 b64 chars, 11.2 KB/s, eta 6.7 min
### 06:44:03 793728/5394088 b64 chars, 11.2 KB/s, eta 6.7 min
### 06:44:05 819328/5394088 b64 chars, 11.2 KB/s, eta 6.7 min
### 06:44:07 844928/5394088 b64 chars, 11.2 KB/s, eta 6.6 min
### 06:44:10 870528/5394088 b64 chars, 11.2 KB/s, eta 6.6 min
### 06:44:12 896128/5394088 b64 chars, 11.2 KB/s, eta 6.6 min
### 06:44:14 921728/5394088 b64 chars, 11.2 KB/s, eta 6.5 min
### 06:44:16 947328/5394088 b64 chars, 11.2 KB/s, eta 6.5 min
### 06:44:19 972928/5394088 b64 chars, 11.2 KB/s, eta 6.4 min
### 06:44:21 998528/5394088 b64 chars, 11.2 KB/s, eta 6.4 min
### 06:44:23 1024128/5394088 b64 chars, 11.2 KB/s, eta 6.4 min
### 06:44:25 1049728/5394088 b64 chars, 11.2 KB/s, eta 6.3 min
### 06:44:28 1075328/5394088 b64 chars, 11.2 KB/s, eta 6.3 min
### 06:44:30 1100928/5394088 b64 chars, 11.2 KB/s, eta 6.3 min
### 06:44:32 1126528/5394088 b64 chars, 11.2 KB/s, eta 6.2 min
### 06:44:34 1152128/5394088 b64 chars, 11.2 KB/s, eta 6.2 min
### 06:44:36 1177728/5394088 b64 chars, 11.2 KB/s, eta 6.1 min
### 06:44:39 1203328/5394088 b64 chars, 11.2 KB/s, eta 6.1 min
### 06:44:41 1228928/5394088 b64 chars, 11.2 KB/s, eta 6.1 min
### 06:44:43 1254528/5394088 b64 chars, 11.2 KB/s, eta 6.0 min
### 06:44:45 1280128/5394088 b64 chars, 11.2 KB/s, eta 6.0 min
### 06:44:48 1305728/5394088 b64 chars, 11.2 KB/s, eta 6.0 min
### 06:44:50 1331328/5394088 b64 chars, 11.2 KB/s, eta 5.9 min
### 06:44:52 1356928/5394088 b64 chars, 11.2 KB/s, eta 5.9 min
### 06:44:54 1382528/5394088 b64 chars, 11.2 KB/s, eta 5.8 min
### 06:44:57 1408128/5394088 b64 chars, 11.2 KB/s, eta 5.8 min
### 06:44:59 1433728/5394088 b64 chars, 11.2 KB/s, eta 5.8 min
### 06:45:01 1459328/5394088 b64 chars, 11.2 KB/s, eta 5.7 min
### 06:45:03 1484928/5394088 b64 chars, 11.2 KB/s, eta 5.7 min
### 06:45:06 1510528/5394088 b64 chars, 11.2 KB/s, eta 5.7 min
### 06:45:08 1536128/5394088 b64 chars, 11.2 KB/s, eta 5.6 min
### 06:45:10 1561728/5394088 b64 chars, 11.2 KB/s, eta 5.6 min
### 06:45:12 1587328/5394088 b64 chars, 11.2 KB/s, eta 5.6 min
### 06:45:15 1612928/5394088 b64 chars, 11.2 KB/s, eta 5.5 min
### 06:45:17 1638528/5394088 b64 chars, 11.2 KB/s, eta 5.5 min
### 06:45:19 1664128/5394088 b64 chars, 11.2 KB/s, eta 5.4 min
### 06:45:21 1689728/5394088 b64 chars, 11.2 KB/s, eta 5.4 min
### 06:45:23 1715328/5394088 b64 chars, 11.2 KB/s, eta 5.4 min
### 06:45:26 1740928/5394088 b64 chars, 11.2 KB/s, eta 5.3 min
### 06:45:28 1766528/5394088 b64 chars, 11.2 KB/s, eta 5.3 min
### 06:45:30 1792128/5394088 b64 chars, 11.2 KB/s, eta 5.3 min
### 06:45:32 1817728/5394088 b64 chars, 11.2 KB/s, eta 5.2 min
### 06:45:35 1843328/5394088 b64 chars, 11.2 KB/s, eta 5.2 min
### 06:45:37 1868928/5394088 b64 chars, 11.2 KB/s, eta 5.1 min
### 06:45:39 1894528/5394088 b64 chars, 11.2 KB/s, eta 5.1 min
### 06:45:41 1920128/5394088 b64 chars, 11.2 KB/s, eta 5.1 min
### 06:45:44 1945728/5394088 b64 chars, 11.2 KB/s, eta 5.0 min
### 06:45:46 1971328/5394088 b64 chars, 11.2 KB/s, eta 5.0 min
### 06:45:48 1996928/5394088 b64 chars, 11.2 KB/s, eta 5.0 min
### 06:45:50 2022528/5394088 b64 chars, 11.2 KB/s, eta 4.9 min
### 06:45:53 2048128/5394088 b64 chars, 11.2 KB/s, eta 4.9 min
### 06:45:55 2073728/5394088 b64 chars, 11.2 KB/s, eta 4.8 min
### 06:45:57 2099328/5394088 b64 chars, 11.2 KB/s, eta 4.8 min
### 06:45:59 2124928/5394088 b64 chars, 11.2 KB/s, eta 4.8 min
### 06:46:02 2150528/5394088 b64 chars, 11.2 KB/s, eta 4.7 min
### 06:46:04 2176128/5394088 b64 chars, 11.2 KB/s, eta 4.7 min
### 06:46:06 2201728/5394088 b64 chars, 11.2 KB/s, eta 4.7 min
### 06:46:08 2227328/5394088 b64 chars, 11.2 KB/s, eta 4.6 min
### 06:46:11 2252928/5394088 b64 chars, 11.2 KB/s, eta 4.6 min
### 06:46:13 2278528/5394088 b64 chars, 11.2 KB/s, eta 4.5 min
### 06:46:15 2304128/5394088 b64 chars, 11.2 KB/s, eta 4.5 min
### 06:46:17 2329728/5394088 b64 chars, 11.2 KB/s, eta 4.5 min
### 06:46:19 2355328/5394088 b64 chars, 11.2 KB/s, eta 4.4 min
### 06:46:22 2380928/5394088 b64 chars, 11.2 KB/s, eta 4.4 min
### 06:46:24 2406528/5394088 b64 chars, 11.2 KB/s, eta 4.4 min
### 06:46:26 2432128/5394088 b64 chars, 11.2 KB/s, eta 4.3 min
### 06:46:28 2457728/5394088 b64 chars, 11.2 KB/s, eta 4.3 min
### 06:46:31 2483328/5394088 b64 chars, 11.2 KB/s, eta 4.2 min
### 06:46:33 2508928/5394088 b64 chars, 11.2 KB/s, eta 4.2 min
### 06:46:35 2534528/5394088 b64 chars, 11.2 KB/s, eta 4.2 min
### 06:46:37 2560128/5394088 b64 chars, 11.2 KB/s, eta 4.1 min
### 06:46:40 2585728/5394088 b64 chars, 11.2 KB/s, eta 4.1 min
### 06:46:42 2611328/5394088 b64 chars, 11.2 KB/s, eta 4.1 min
### 06:46:44 2636928/5394088 b64 chars, 11.2 KB/s, eta 4.0 min
### 06:46:46 2662528/5394088 b64 chars, 11.2 KB/s, eta 4.0 min
### 06:46:49 2688128/5394088 b64 chars, 11.2 KB/s, eta 3.9 min
### 06:46:51 2713728/5394088 b64 chars, 11.2 KB/s, eta 3.9 min
### 06:46:53 2739328/5394088 b64 chars, 11.2 KB/s, eta 3.9 min
### 06:46:55 2764928/5394088 b64 chars, 11.2 KB/s, eta 3.8 min
### 06:46:58 2790528/5394088 b64 chars, 11.2 KB/s, eta 3.8 min
### 06:47:00 2816128/5394088 b64 chars, 11.2 KB/s, eta 3.8 min
### 06:47:02 2841728/5394088 b64 chars, 11.2 KB/s, eta 3.7 min
### 06:47:04 2867328/5394088 b64 chars, 11.2 KB/s, eta 3.7 min
### 06:47:07 2892928/5394088 b64 chars, 11.2 KB/s, eta 3.6 min
### 06:47:09 2918528/5394088 b64 chars, 11.2 KB/s, eta 3.6 min
### 06:47:11 2944128/5394088 b64 chars, 11.2 KB/s, eta 3.6 min
### 06:47:13 2969728/5394088 b64 chars, 11.2 KB/s, eta 3.5 min
### 06:47:15 2995328/5394088 b64 chars, 11.2 KB/s, eta 3.5 min
### 06:47:18 3020928/5394088 b64 chars, 11.2 KB/s, eta 3.5 min
### 06:47:20 3046528/5394088 b64 chars, 11.2 KB/s, eta 3.4 min
### 06:47:22 3072128/5394088 b64 chars, 11.2 KB/s, eta 3.4 min
### 06:47:24 3097728/5394088 b64 chars, 11.2 KB/s, eta 3.3 min
### 06:47:27 3123328/5394088 b64 chars, 11.2 KB/s, eta 3.3 min
### 06:47:29 3148928/5394088 b64 chars, 11.2 KB/s, eta 3.3 min
### 06:47:31 3174528/5394088 b64 chars, 11.2 KB/s, eta 3.2 min
### 06:47:33 3200128/5394088 b64 chars, 11.2 KB/s, eta 3.2 min
### 06:47:36 3225728/5394088 b64 chars, 11.2 KB/s, eta 3.2 min
### 06:47:38 3251328/5394088 b64 chars, 11.2 KB/s, eta 3.1 min
### 06:47:40 3276928/5394088 b64 chars, 11.2 KB/s, eta 3.1 min
### 06:47:42 3302528/5394088 b64 chars, 11.2 KB/s, eta 3.0 min
### 06:47:45 3328128/5394088 b64 chars, 11.2 KB/s, eta 3.0 min
### 06:47:47 3353728/5394088 b64 chars, 11.2 KB/s, eta 3.0 min
### 06:47:49 3379328/5394088 b64 chars, 11.2 KB/s, eta 2.9 min
### 06:47:51 3404928/5394088 b64 chars, 11.2 KB/s, eta 2.9 min
### 06:47:54 3430528/5394088 b64 chars, 11.2 KB/s, eta 2.9 min
### 06:47:56 3456128/5394088 b64 chars, 11.2 KB/s, eta 2.8 min
### 06:47:58 3481728/5394088 b64 chars, 11.2 KB/s, eta 2.8 min
### 06:48:00 3507328/5394088 b64 chars, 11.2 KB/s, eta 2.8 min
### 06:48:02 3532928/5394088 b64 chars, 11.2 KB/s, eta 2.7 min
### 06:48:05 3558528/5394088 b64 chars, 11.2 KB/s, eta 2.7 min
### 06:48:07 3584128/5394088 b64 chars, 11.2 KB/s, eta 2.6 min
### 06:48:09 3609728/5394088 b64 chars, 11.2 KB/s, eta 2.6 min
### 06:48:11 3635328/5394088 b64 chars, 11.2 KB/s, eta 2.6 min
### 06:48:14 3660928/5394088 b64 chars, 11.2 KB/s, eta 2.5 min
### 06:48:16 3686528/5394088 b64 chars, 11.2 KB/s, eta 2.5 min
### 06:48:18 3712128/5394088 b64 chars, 11.2 KB/s, eta 2.5 min
### 06:48:20 3737728/5394088 b64 chars, 11.2 KB/s, eta 2.4 min
### 06:48:23 3763328/5394088 b64 chars, 11.2 KB/s, eta 2.4 min
### 06:48:25 3788928/5394088 b64 chars, 11.2 KB/s, eta 2.3 min
### 06:48:27 3814528/5394088 b64 chars, 11.2 KB/s, eta 2.3 min
### 06:48:29 3840128/5394088 b64 chars, 11.2 KB/s, eta 2.3 min
### 06:48:32 3865728/5394088 b64 chars, 11.2 KB/s, eta 2.2 min
### 06:48:34 3891328/5394088 b64 chars, 11.2 KB/s, eta 2.2 min
### 06:48:36 3916928/5394088 b64 chars, 11.2 KB/s, eta 2.2 min
### 06:48:38 3942528/5394088 b64 chars, 11.2 KB/s, eta 2.1 min
### 06:48:41 3968128/5394088 b64 chars, 11.2 KB/s, eta 2.1 min
### 06:48:43 3993728/5394088 b64 chars, 11.2 KB/s, eta 2.0 min
### 06:48:45 4019328/5394088 b64 chars, 11.2 KB/s, eta 2.0 min
### 06:48:47 4044928/5394088 b64 chars, 11.2 KB/s, eta 2.0 min
### 06:48:50 4070528/5394088 b64 chars, 11.2 KB/s, eta 1.9 min
### 06:48:52 4096128/5394088 b64 chars, 11.2 KB/s, eta 1.9 min
### 06:48:54 4121728/5394088 b64 chars, 11.2 KB/s, eta 1.9 min
### 06:48:56 4147328/5394088 b64 chars, 11.2 KB/s, eta 1.8 min
### 06:48:58 4172928/5394088 b64 chars, 11.2 KB/s, eta 1.8 min
### 06:49:01 4198528/5394088 b64 chars, 11.2 KB/s, eta 1.7 min
### 06:49:03 4224128/5394088 b64 chars, 11.2 KB/s, eta 1.7 min
### 06:49:05 4249728/5394088 b64 chars, 11.2 KB/s, eta 1.7 min
### 06:49:07 4275328/5394088 b64 chars, 11.2 KB/s, eta 1.6 min
### 06:49:10 4300928/5394088 b64 chars, 11.2 KB/s, eta 1.6 min
### 06:49:12 4326528/5394088 b64 chars, 11.2 KB/s, eta 1.6 min
### 06:49:14 4352128/5394088 b64 chars, 11.2 KB/s, eta 1.5 min
### 06:49:16 4377728/5394088 b64 chars, 11.2 KB/s, eta 1.5 min
### 06:49:19 4403328/5394088 b64 chars, 11.2 KB/s, eta 1.4 min
### 06:49:21 4428928/5394088 b64 chars, 11.2 KB/s, eta 1.4 min
### 06:49:23 4454528/5394088 b64 chars, 11.2 KB/s, eta 1.4 min
### 06:49:25 4480128/5394088 b64 chars, 11.2 KB/s, eta 1.3 min
### 06:49:28 4505728/5394088 b64 chars, 11.2 KB/s, eta 1.3 min
### 06:49:30 4531328/5394088 b64 chars, 11.2 KB/s, eta 1.3 min
### 06:49:32 4556928/5394088 b64 chars, 11.2 KB/s, eta 1.2 min
### 06:49:34 4582528/5394088 b64 chars, 11.2 KB/s, eta 1.2 min
### 06:49:37 4608128/5394088 b64 chars, 11.2 KB/s, eta 1.1 min
### 06:49:39 4633728/5394088 b64 chars, 11.2 KB/s, eta 1.1 min
### 06:49:41 4659328/5394088 b64 chars, 11.2 KB/s, eta 1.1 min
### 06:49:43 4684928/5394088 b64 chars, 11.2 KB/s, eta 1.0 min
### 06:49:46 4710528/5394088 b64 chars, 11.2 KB/s, eta 1.0 min
### 06:49:48 4736128/5394088 b64 chars, 11.2 KB/s, eta 1.0 min
### 06:49:50 4761728/5394088 b64 chars, 11.2 KB/s, eta 0.9 min
### 06:49:52 4787328/5394088 b64 chars, 11.2 KB/s, eta 0.9 min
### 06:49:54 4812928/5394088 b64 chars, 11.2 KB/s, eta 0.8 min
### 06:49:57 4838528/5394088 b64 chars, 11.2 KB/s, eta 0.8 min
### 06:49:59 4864128/5394088 b64 chars, 11.2 KB/s, eta 0.8 min
### 06:50:01 4889728/5394088 b64 chars, 11.2 KB/s, eta 0.7 min
### 06:50:03 4915328/5394088 b64 chars, 11.2 KB/s, eta 0.7 min
### 06:50:06 4940928/5394088 b64 chars, 11.2 KB/s, eta 0.7 min
### 06:50:08 4966528/5394088 b64 chars, 11.2 KB/s, eta 0.6 min
### 06:50:10 4992128/5394088 b64 chars, 11.2 KB/s, eta 0.6 min
### 06:50:12 5017728/5394088 b64 chars, 11.2 KB/s, eta 0.5 min
### 06:50:15 5043328/5394088 b64 chars, 11.2 KB/s, eta 0.5 min
### 06:50:17 5068928/5394088 b64 chars, 11.2 KB/s, eta 0.5 min
### 06:50:19 5094528/5394088 b64 chars, 11.2 KB/s, eta 0.4 min
### 06:50:21 5120128/5394088 b64 chars, 11.2 KB/s, eta 0.4 min
### 06:50:24 5145728/5394088 b64 chars, 11.2 KB/s, eta 0.4 min
### 06:50:26 5171328/5394088 b64 chars, 11.2 KB/s, eta 0.3 min
### 06:50:28 5196928/5394088 b64 chars, 11.2 KB/s, eta 0.3 min
### 06:50:30 5222528/5394088 b64 chars, 11.2 KB/s, eta 0.3 min
### 06:50:33 5248128/5394088 b64 chars, 11.2 KB/s, eta 0.2 min
### 06:50:35 5273728/5394088 b64 chars, 11.2 KB/s, eta 0.2 min
### 06:50:37 5299328/5394088 b64 chars, 11.2 KB/s, eta 0.1 min
### 06:50:39 5324928/5394088 b64 chars, 11.2 KB/s, eta 0.1 min
### 06:50:41 5350528/5394088 b64 chars, 11.2 KB/s, eta 0.1 min
### 06:50:44 5376128/5394088 b64 chars, 11.2 KB/s, eta 0.0 min
### 06:50:46 stream finished in 473s
__R447813__=0
~ # sha256sum /root/xv6run/teaching.bit.bin; echo __R448317__=$?
20fae71e4661c6c93a9826397594e058ef4bf6dc01071a41809ebb3a312c9f5a  /root/xv6run/teaching.bit.bin
__R448317__=0
~ # ### 06:50:48 sha256 verified on the board: 20fae71e4661c6c93a9826397594e058ef4bf6dc01071a41809ebb3a312c9f5a
### 06:50:48 SEND_OK /root/xv6run/teaching.bit.bin 4045564 bytes in 473s (8.4 KB/s)
