### 04:18:35 dual.bit.bin -> /root/xv6run/dual.bit.bin: 4045564 bytes, sha256 43e5b414c093f278
mkdir -p $(dirname /root/xv6run/dual.bit.bin); echo __R115852__=$?
__R115852__=0
~ # stty -echo ixoff; echo __R116360__=$?
__R116360__=0
~ # ### 04:18:37 128/5394088 b64 chars, 10.5 KB/s, eta 8.3 min
### 04:18:39 25728/5394088 b64 chars, 11.2 KB/s, eta 7.8 min
### 04:18:41 51328/5394088 b64 chars, 11.2 KB/s, eta 7.8 min
### 04:18:44 76928/5394088 b64 chars, 11.2 KB/s, eta 7.8 min
### 04:18:46 102528/5394088 b64 chars, 11.2 KB/s, eta 7.7 min
### 04:18:48 128128/5394088 b64 chars, 11.2 KB/s, eta 7.7 min
### 04:18:50 153728/5394088 b64 chars, 11.2 KB/s, eta 7.6 min
### 04:18:53 179328/5394088 b64 chars, 11.2 KB/s, eta 7.6 min
### 04:18:55 204928/5394088 b64 chars, 11.2 KB/s, eta 7.6 min
### 04:18:57 230528/5394088 b64 chars, 11.2 KB/s, eta 7.5 min
### 04:18:59 256128/5394088 b64 chars, 11.2 KB/s, eta 7.5 min
### 04:19:02 281728/5394088 b64 chars, 11.2 KB/s, eta 7.5 min
### 04:19:04 307328/5394088 b64 chars, 11.2 KB/s, eta 7.4 min
### 04:19:06 332928/5394088 b64 chars, 11.2 KB/s, eta 7.4 min
### 04:19:08 358528/5394088 b64 chars, 11.2 KB/s, eta 7.3 min
### 04:19:10 384128/5394088 b64 chars, 11.2 KB/s, eta 7.3 min
### 04:19:13 409728/5394088 b64 chars, 11.2 KB/s, eta 7.3 min
### 04:19:15 435328/5394088 b64 chars, 11.2 KB/s, eta 7.2 min
### 04:19:17 460928/5394088 b64 chars, 11.2 KB/s, eta 7.2 min
### 04:19:19 486528/5394088 b64 chars, 11.2 KB/s, eta 7.2 min
### 04:19:22 512128/5394088 b64 chars, 11.2 KB/s, eta 7.1 min
### 04:19:24 537728/5394088 b64 chars, 11.2 KB/s, eta 7.1 min
### 04:19:26 563328/5394088 b64 chars, 11.2 KB/s, eta 7.0 min
### 04:19:28 588928/5394088 b64 chars, 11.2 KB/s, eta 7.0 min
### 04:19:31 614528/5394088 b64 chars, 11.2 KB/s, eta 7.0 min
### 04:19:33 640128/5394088 b64 chars, 11.2 KB/s, eta 6.9 min
### 04:19:35 665728/5394088 b64 chars, 11.2 KB/s, eta 6.9 min
### 04:19:37 691328/5394088 b64 chars, 11.2 KB/s, eta 6.9 min
### 04:19:40 716928/5394088 b64 chars, 11.2 KB/s, eta 6.8 min
### 04:19:42 742528/5394088 b64 chars, 11.2 KB/s, eta 6.8 min
### 04:19:44 768128/5394088 b64 chars, 11.2 KB/s, eta 6.7 min
### 04:19:46 793728/5394088 b64 chars, 11.2 KB/s, eta 6.7 min
### 04:19:49 819328/5394088 b64 chars, 11.2 KB/s, eta 6.7 min
### 04:19:51 844928/5394088 b64 chars, 11.2 KB/s, eta 6.6 min
### 04:19:53 870528/5394088 b64 chars, 11.2 KB/s, eta 6.6 min
### 04:19:55 896128/5394088 b64 chars, 11.2 KB/s, eta 6.6 min
### 04:19:58 921728/5394088 b64 chars, 11.2 KB/s, eta 6.5 min
### 04:20:00 947328/5394088 b64 chars, 11.2 KB/s, eta 6.5 min
### 04:20:02 972928/5394088 b64 chars, 11.2 KB/s, eta 6.4 min
### 04:20:04 998528/5394088 b64 chars, 11.2 KB/s, eta 6.4 min
### 04:20:06 1024128/5394088 b64 chars, 11.2 KB/s, eta 6.4 min
### 04:20:09 1049728/5394088 b64 chars, 11.2 KB/s, eta 6.3 min
### 04:20:11 1075328/5394088 b64 chars, 11.2 KB/s, eta 6.3 min
### 04:20:13 1100928/5394088 b64 chars, 11.2 KB/s, eta 6.3 min
### 04:20:15 1126528/5394088 b64 chars, 11.2 KB/s, eta 6.2 min
### 04:20:18 1152128/5394088 b64 chars, 11.2 KB/s, eta 6.2 min
### 04:20:20 1177728/5394088 b64 chars, 11.2 KB/s, eta 6.1 min
### 04:20:22 1203328/5394088 b64 chars, 11.2 KB/s, eta 6.1 min
### 04:20:24 1228928/5394088 b64 chars, 11.2 KB/s, eta 6.1 min
### 04:20:27 1254528/5394088 b64 chars, 11.2 KB/s, eta 6.0 min
### 04:20:29 1280128/5394088 b64 chars, 11.2 KB/s, eta 6.0 min
### 04:20:31 1305728/5394088 b64 chars, 11.2 KB/s, eta 6.0 min
### 04:20:33 1331328/5394088 b64 chars, 11.2 KB/s, eta 5.9 min
### 04:20:36 1356928/5394088 b64 chars, 11.2 KB/s, eta 5.9 min
### 04:20:38 1382528/5394088 b64 chars, 11.2 KB/s, eta 5.8 min
### 04:20:40 1408128/5394088 b64 chars, 11.2 KB/s, eta 5.8 min
### 04:20:42 1433728/5394088 b64 chars, 11.2 KB/s, eta 5.8 min
### 04:20:45 1459328/5394088 b64 chars, 11.2 KB/s, eta 5.7 min
### 04:20:47 1484928/5394088 b64 chars, 11.2 KB/s, eta 5.7 min
### 04:20:49 1510528/5394088 b64 chars, 11.2 KB/s, eta 5.7 min
### 04:20:51 1536128/5394088 b64 chars, 11.2 KB/s, eta 5.6 min
### 04:20:54 1561728/5394088 b64 chars, 11.2 KB/s, eta 5.6 min
### 04:20:56 1587328/5394088 b64 chars, 11.2 KB/s, eta 5.6 min
### 04:20:58 1612928/5394088 b64 chars, 11.2 KB/s, eta 5.5 min
### 04:21:00 1638528/5394088 b64 chars, 11.2 KB/s, eta 5.5 min
### 04:21:02 1664128/5394088 b64 chars, 11.2 KB/s, eta 5.4 min
### 04:21:05 1689728/5394088 b64 chars, 11.2 KB/s, eta 5.4 min
### 04:21:07 1715328/5394088 b64 chars, 11.2 KB/s, eta 5.4 min
### 04:21:09 1740928/5394088 b64 chars, 11.2 KB/s, eta 5.3 min
### 04:21:11 1766528/5394088 b64 chars, 11.2 KB/s, eta 5.3 min
### 04:21:14 1792128/5394088 b64 chars, 11.2 KB/s, eta 5.3 min
### 04:21:16 1817728/5394088 b64 chars, 11.2 KB/s, eta 5.2 min
### 04:21:18 1843328/5394088 b64 chars, 11.2 KB/s, eta 5.2 min
### 04:21:20 1868928/5394088 b64 chars, 11.2 KB/s, eta 5.1 min
### 04:21:23 1894528/5394088 b64 chars, 11.2 KB/s, eta 5.1 min
### 04:21:25 1920128/5394088 b64 chars, 11.2 KB/s, eta 5.1 min
### 04:21:27 1945728/5394088 b64 chars, 11.2 KB/s, eta 5.0 min
### 04:21:29 1971328/5394088 b64 chars, 11.2 KB/s, eta 5.0 min
### 04:21:32 1996928/5394088 b64 chars, 11.2 KB/s, eta 5.0 min
### 04:21:34 2022528/5394088 b64 chars, 11.2 KB/s, eta 4.9 min
### 04:21:36 2048128/5394088 b64 chars, 11.2 KB/s, eta 4.9 min
### 04:21:38 2073728/5394088 b64 chars, 11.2 KB/s, eta 4.8 min
### 04:21:41 2099328/5394088 b64 chars, 11.2 KB/s, eta 4.8 min
### 04:21:43 2124928/5394088 b64 chars, 11.2 KB/s, eta 4.8 min
### 04:21:45 2150528/5394088 b64 chars, 11.2 KB/s, eta 4.7 min
### 04:21:47 2176128/5394088 b64 chars, 11.2 KB/s, eta 4.7 min
### 04:21:49 2201728/5394088 b64 chars, 11.2 KB/s, eta 4.7 min
### 04:21:52 2227328/5394088 b64 chars, 11.2 KB/s, eta 4.6 min
### 04:21:54 2252928/5394088 b64 chars, 11.2 KB/s, eta 4.6 min
### 04:21:56 2278528/5394088 b64 chars, 11.2 KB/s, eta 4.5 min
### 04:21:58 2304128/5394088 b64 chars, 11.2 KB/s, eta 4.5 min
### 04:22:01 2329728/5394088 b64 chars, 11.2 KB/s, eta 4.5 min
### 04:22:03 2355328/5394088 b64 chars, 11.2 KB/s, eta 4.4 min
### 04:22:05 2380928/5394088 b64 chars, 11.2 KB/s, eta 4.4 min
### 04:22:07 2406528/5394088 b64 chars, 11.2 KB/s, eta 4.4 min
### 04:22:10 2432128/5394088 b64 chars, 11.2 KB/s, eta 4.3 min
### 04:22:12 2457728/5394088 b64 chars, 11.2 KB/s, eta 4.3 min
### 04:22:14 2483328/5394088 b64 chars, 11.2 KB/s, eta 4.2 min
### 04:22:16 2508928/5394088 b64 chars, 11.2 KB/s, eta 4.2 min
### 04:22:19 2534528/5394088 b64 chars, 11.2 KB/s, eta 4.2 min
### 04:22:21 2560128/5394088 b64 chars, 11.2 KB/s, eta 4.1 min
### 04:22:23 2585728/5394088 b64 chars, 11.2 KB/s, eta 4.1 min
### 04:22:25 2611328/5394088 b64 chars, 11.2 KB/s, eta 4.1 min
### 04:22:28 2636928/5394088 b64 chars, 11.2 KB/s, eta 4.0 min
### 04:22:30 2662528/5394088 b64 chars, 11.2 KB/s, eta 4.0 min
### 04:22:32 2688128/5394088 b64 chars, 11.2 KB/s, eta 3.9 min
### 04:22:34 2713728/5394088 b64 chars, 11.2 KB/s, eta 3.9 min
### 04:22:37 2739328/5394088 b64 chars, 11.2 KB/s, eta 3.9 min
### 04:22:39 2764928/5394088 b64 chars, 11.2 KB/s, eta 3.8 min
### 04:22:41 2790528/5394088 b64 chars, 11.2 KB/s, eta 3.8 min
### 04:22:43 2816128/5394088 b64 chars, 11.2 KB/s, eta 3.8 min
### 04:22:45 2841728/5394088 b64 chars, 11.2 KB/s, eta 3.7 min
### 04:22:48 2867328/5394088 b64 chars, 11.2 KB/s, eta 3.7 min
### 04:22:50 2892928/5394088 b64 chars, 11.2 KB/s, eta 3.6 min
### 04:22:52 2918528/5394088 b64 chars, 11.2 KB/s, eta 3.6 min
### 04:22:54 2944128/5394088 b64 chars, 11.2 KB/s, eta 3.6 min
### 04:22:57 2969728/5394088 b64 chars, 11.2 KB/s, eta 3.5 min
### 04:22:59 2995328/5394088 b64 chars, 11.2 KB/s, eta 3.5 min
### 04:23:01 3020928/5394088 b64 chars, 11.2 KB/s, eta 3.5 min
### 04:23:03 3046528/5394088 b64 chars, 11.2 KB/s, eta 3.4 min
### 04:23:06 3072128/5394088 b64 chars, 11.2 KB/s, eta 3.4 min
### 04:23:08 3097728/5394088 b64 chars, 11.2 KB/s, eta 3.3 min
### 04:23:10 3123328/5394088 b64 chars, 11.2 KB/s, eta 3.3 min
### 04:23:12 3148928/5394088 b64 chars, 11.2 KB/s, eta 3.3 min
### 04:23:15 3174528/5394088 b64 chars, 11.2 KB/s, eta 3.2 min
### 04:23:17 3200128/5394088 b64 chars, 11.2 KB/s, eta 3.2 min
### 04:23:19 3225728/5394088 b64 chars, 11.2 KB/s, eta 3.2 min
### 04:23:21 3251328/5394088 b64 chars, 11.2 KB/s, eta 3.1 min
### 04:23:24 3276928/5394088 b64 chars, 11.2 KB/s, eta 3.1 min
### 04:23:26 3302528/5394088 b64 chars, 11.2 KB/s, eta 3.0 min
### 04:23:28 3328128/5394088 b64 chars, 11.2 KB/s, eta 3.0 min
### 04:23:30 3353728/5394088 b64 chars, 11.2 KB/s, eta 3.0 min
### 04:23:33 3379328/5394088 b64 chars, 11.2 KB/s, eta 2.9 min
### 04:23:35 3404928/5394088 b64 chars, 11.2 KB/s, eta 2.9 min
### 04:23:37 3430528/5394088 b64 chars, 11.2 KB/s, eta 2.9 min
### 04:23:39 3456128/5394088 b64 chars, 11.2 KB/s, eta 2.8 min
### 04:23:41 3481728/5394088 b64 chars, 11.2 KB/s, eta 2.8 min
### 04:23:44 3507328/5394088 b64 chars, 11.2 KB/s, eta 2.8 min
### 04:23:46 3532928/5394088 b64 chars, 11.2 KB/s, eta 2.7 min
### 04:23:48 3558528/5394088 b64 chars, 11.2 KB/s, eta 2.7 min
### 04:23:50 3584128/5394088 b64 chars, 11.2 KB/s, eta 2.6 min
### 04:23:53 3609728/5394088 b64 chars, 11.2 KB/s, eta 2.6 min
### 04:23:55 3635328/5394088 b64 chars, 11.2 KB/s, eta 2.6 min
### 04:23:57 3660928/5394088 b64 chars, 11.2 KB/s, eta 2.5 min
### 04:23:59 3686528/5394088 b64 chars, 11.2 KB/s, eta 2.5 min
### 04:24:02 3712128/5394088 b64 chars, 11.2 KB/s, eta 2.5 min
### 04:24:04 3737728/5394088 b64 chars, 11.2 KB/s, eta 2.4 min
### 04:24:06 3763328/5394088 b64 chars, 11.2 KB/s, eta 2.4 min
### 04:24:08 3788928/5394088 b64 chars, 11.2 KB/s, eta 2.3 min
### 04:24:11 3814528/5394088 b64 chars, 11.2 KB/s, eta 2.3 min
### 04:24:13 3840128/5394088 b64 chars, 11.2 KB/s, eta 2.3 min
### 04:24:15 3865728/5394088 b64 chars, 11.2 KB/s, eta 2.2 min
### 04:24:17 3891328/5394088 b64 chars, 11.2 KB/s, eta 2.2 min
### 04:24:20 3916928/5394088 b64 chars, 11.2 KB/s, eta 2.2 min
### 04:24:22 3942528/5394088 b64 chars, 11.2 KB/s, eta 2.1 min
### 04:24:24 3968128/5394088 b64 chars, 11.2 KB/s, eta 2.1 min
### 04:24:26 3993728/5394088 b64 chars, 11.2 KB/s, eta 2.0 min
### 04:24:29 4019328/5394088 b64 chars, 11.2 KB/s, eta 2.0 min
### 04:24:31 4044928/5394088 b64 chars, 11.2 KB/s, eta 2.0 min
### 04:24:33 4070528/5394088 b64 chars, 11.2 KB/s, eta 1.9 min
### 04:24:35 4096128/5394088 b64 chars, 11.2 KB/s, eta 1.9 min
### 04:24:37 4121728/5394088 b64 chars, 11.2 KB/s, eta 1.9 min
### 04:24:40 4147328/5394088 b64 chars, 11.2 KB/s, eta 1.8 min
### 04:24:42 4172928/5394088 b64 chars, 11.2 KB/s, eta 1.8 min
### 04:24:44 4198528/5394088 b64 chars, 11.2 KB/s, eta 1.7 min
### 04:24:46 4224128/5394088 b64 chars, 11.2 KB/s, eta 1.7 min
### 04:24:49 4249728/5394088 b64 chars, 11.2 KB/s, eta 1.7 min
### 04:24:51 4275328/5394088 b64 chars, 11.2 KB/s, eta 1.6 min
### 04:24:53 4300928/5394088 b64 chars, 11.2 KB/s, eta 1.6 min
### 04:24:55 4326528/5394088 b64 chars, 11.2 KB/s, eta 1.6 min
### 04:24:58 4352128/5394088 b64 chars, 11.2 KB/s, eta 1.5 min
### 04:25:00 4377728/5394088 b64 chars, 11.2 KB/s, eta 1.5 min
### 04:25:02 4403328/5394088 b64 chars, 11.2 KB/s, eta 1.4 min
### 04:25:04 4428928/5394088 b64 chars, 11.2 KB/s, eta 1.4 min
### 04:25:07 4454528/5394088 b64 chars, 11.2 KB/s, eta 1.4 min
### 04:25:09 4480128/5394088 b64 chars, 11.2 KB/s, eta 1.3 min
### 04:25:11 4505728/5394088 b64 chars, 11.2 KB/s, eta 1.3 min
### 04:25:13 4531328/5394088 b64 chars, 11.2 KB/s, eta 1.3 min
### 04:25:16 4556928/5394088 b64 chars, 11.2 KB/s, eta 1.2 min
### 04:25:18 4582528/5394088 b64 chars, 11.2 KB/s, eta 1.2 min
### 04:25:20 4608128/5394088 b64 chars, 11.2 KB/s, eta 1.1 min
### 04:25:22 4633728/5394088 b64 chars, 11.2 KB/s, eta 1.1 min
### 04:25:24 4659328/5394088 b64 chars, 11.2 KB/s, eta 1.1 min
### 04:25:27 4684928/5394088 b64 chars, 11.2 KB/s, eta 1.0 min
### 04:25:29 4710528/5394088 b64 chars, 11.2 KB/s, eta 1.0 min
### 04:25:31 4736128/5394088 b64 chars, 11.2 KB/s, eta 1.0 min
### 04:25:33 4761728/5394088 b64 chars, 11.2 KB/s, eta 0.9 min
### 04:25:36 4787328/5394088 b64 chars, 11.2 KB/s, eta 0.9 min
### 04:25:38 4812928/5394088 b64 chars, 11.2 KB/s, eta 0.8 min
### 04:25:40 4838528/5394088 b64 chars, 11.2 KB/s, eta 0.8 min
### 04:25:42 4864128/5394088 b64 chars, 11.2 KB/s, eta 0.8 min
### 04:25:45 4889728/5394088 b64 chars, 11.2 KB/s, eta 0.7 min
### 04:25:47 4915328/5394088 b64 chars, 11.2 KB/s, eta 0.7 min
### 04:25:49 4940928/5394088 b64 chars, 11.2 KB/s, eta 0.7 min
### 04:25:51 4966528/5394088 b64 chars, 11.2 KB/s, eta 0.6 min
### 04:25:54 4992128/5394088 b64 chars, 11.2 KB/s, eta 0.6 min
### 04:25:56 5017728/5394088 b64 chars, 11.2 KB/s, eta 0.5 min
### 04:25:58 5043328/5394088 b64 chars, 11.2 KB/s, eta 0.5 min
### 04:26:00 5068928/5394088 b64 chars, 11.2 KB/s, eta 0.5 min
### 04:26:03 5094528/5394088 b64 chars, 11.2 KB/s, eta 0.4 min
### 04:26:05 5120128/5394088 b64 chars, 11.2 KB/s, eta 0.4 min
### 04:26:07 5145728/5394088 b64 chars, 11.2 KB/s, eta 0.4 min
### 04:26:09 5171328/5394088 b64 chars, 11.2 KB/s, eta 0.3 min
### 04:26:12 5196928/5394088 b64 chars, 11.2 KB/s, eta 0.3 min
### 04:26:14 5222528/5394088 b64 chars, 11.2 KB/s, eta 0.3 min
### 04:26:16 5248128/5394088 b64 chars, 11.2 KB/s, eta 0.2 min
### 04:26:18 5273728/5394088 b64 chars, 11.2 KB/s, eta 0.2 min
### 04:26:20 5299328/5394088 b64 chars, 11.2 KB/s, eta 0.1 min
### 04:26:23 5324928/5394088 b64 chars, 11.2 KB/s, eta 0.1 min
### 04:26:25 5350528/5394088 b64 chars, 11.2 KB/s, eta 0.1 min
### 04:26:27 5376128/5394088 b64 chars, 11.2 KB/s, eta 0.0 min
### 04:26:30 stream finished in 473s
__R591272__=0
~ # sha256sum /root/xv6run/dual.bit.bin; echo __R591775__=$?
43e5b414c093f27854513f6ae08addbb431c6865b85f822685a824cda66e2841  /root/xv6run/dual.bit.bin
__R591775__=0
~ # ### 04:26:32 sha256 verified on the board: 43e5b414c093f27854513f6ae08addbb431c6865b85f822685a824cda66e2841
### 04:26:32 SEND_OK /root/xv6run/dual.bit.bin 4045564 bytes in 473s (8.4 KB/s)
### 04:26:32 fesvr-teaching-static -> /root/xv6run/fesvr-teaching-static: 1806656 bytes, sha256 c050eab30f80a21a
mkdir -p $(dirname /root/xv6run/fesvr-teaching-static); echo __R592341__=$?
__R592341__=0
~ # stty -echo ixoff; echo __R592849__=$?
__R592849__=0
~ # ### 04:26:33 128/2408876 b64 chars, 9.7 KB/s, eta 4.0 min
### 04:26:36 25728/2408876 b64 chars, 11.2 KB/s, eta 3.5 min
### 04:26:38 51328/2408876 b64 chars, 11.2 KB/s, eta 3.4 min
### 04:26:40 76928/2408876 b64 chars, 11.2 KB/s, eta 3.4 min
### 04:26:42 102528/2408876 b64 chars, 11.2 KB/s, eta 3.4 min
### 04:26:45 128128/2408876 b64 chars, 11.2 KB/s, eta 3.3 min
### 04:26:47 153728/2408876 b64 chars, 11.2 KB/s, eta 3.3 min
### 04:26:49 179328/2408876 b64 chars, 11.2 KB/s, eta 3.3 min
### 04:26:51 204928/2408876 b64 chars, 11.2 KB/s, eta 3.2 min
### 04:26:54 230528/2408876 b64 chars, 11.2 KB/s, eta 3.2 min
### 04:26:56 256128/2408876 b64 chars, 11.2 KB/s, eta 3.1 min
### 04:26:58 281728/2408876 b64 chars, 11.2 KB/s, eta 3.1 min
### 04:27:00 307328/2408876 b64 chars, 11.2 KB/s, eta 3.1 min
### 04:27:02 332928/2408876 b64 chars, 11.2 KB/s, eta 3.0 min
### 04:27:05 358528/2408876 b64 chars, 11.2 KB/s, eta 3.0 min
### 04:27:07 384128/2408876 b64 chars, 11.2 KB/s, eta 3.0 min
### 04:27:09 409728/2408876 b64 chars, 11.2 KB/s, eta 2.9 min
### 04:27:11 435328/2408876 b64 chars, 11.2 KB/s, eta 2.9 min
### 04:27:14 460928/2408876 b64 chars, 11.2 KB/s, eta 2.8 min
### 04:27:16 486528/2408876 b64 chars, 11.2 KB/s, eta 2.8 min
### 04:27:18 512128/2408876 b64 chars, 11.2 KB/s, eta 2.8 min
### 04:27:20 537728/2408876 b64 chars, 11.2 KB/s, eta 2.7 min
### 04:27:23 563328/2408876 b64 chars, 11.2 KB/s, eta 2.7 min
### 04:27:25 588928/2408876 b64 chars, 11.2 KB/s, eta 2.7 min
### 04:27:27 614528/2408876 b64 chars, 11.2 KB/s, eta 2.6 min
### 04:27:29 640128/2408876 b64 chars, 11.2 KB/s, eta 2.6 min
### 04:27:32 665728/2408876 b64 chars, 11.2 KB/s, eta 2.5 min
### 04:27:34 691328/2408876 b64 chars, 11.2 KB/s, eta 2.5 min
### 04:27:36 716928/2408876 b64 chars, 11.2 KB/s, eta 2.5 min
### 04:27:38 742528/2408876 b64 chars, 11.2 KB/s, eta 2.4 min
### 04:27:41 768128/2408876 b64 chars, 11.2 KB/s, eta 2.4 min
### 04:27:43 793728/2408876 b64 chars, 11.2 KB/s, eta 2.4 min
### 04:27:45 819328/2408876 b64 chars, 11.2 KB/s, eta 2.3 min
### 04:27:47 844928/2408876 b64 chars, 11.2 KB/s, eta 2.3 min
### 04:27:50 870528/2408876 b64 chars, 11.2 KB/s, eta 2.2 min
### 04:27:52 896128/2408876 b64 chars, 11.2 KB/s, eta 2.2 min
### 04:27:54 921728/2408876 b64 chars, 11.2 KB/s, eta 2.2 min
### 04:27:56 947328/2408876 b64 chars, 11.2 KB/s, eta 2.1 min
### 04:27:58 972928/2408876 b64 chars, 11.2 KB/s, eta 2.1 min
### 04:28:01 998528/2408876 b64 chars, 11.2 KB/s, eta 2.1 min
### 04:28:03 1024128/2408876 b64 chars, 11.2 KB/s, eta 2.0 min
### 04:28:05 1049728/2408876 b64 chars, 11.2 KB/s, eta 2.0 min
### 04:28:07 1075328/2408876 b64 chars, 11.2 KB/s, eta 1.9 min
### 04:28:10 1100928/2408876 b64 chars, 11.2 KB/s, eta 1.9 min
### 04:28:12 1126528/2408876 b64 chars, 11.2 KB/s, eta 1.9 min
### 04:28:14 1152128/2408876 b64 chars, 11.2 KB/s, eta 1.8 min
### 04:28:16 1177728/2408876 b64 chars, 11.2 KB/s, eta 1.8 min
### 04:28:19 1203328/2408876 b64 chars, 11.2 KB/s, eta 1.8 min
### 04:28:21 1228928/2408876 b64 chars, 11.2 KB/s, eta 1.7 min
### 04:28:23 1254528/2408876 b64 chars, 11.2 KB/s, eta 1.7 min
### 04:28:25 1280128/2408876 b64 chars, 11.2 KB/s, eta 1.6 min
### 04:28:28 1305728/2408876 b64 chars, 11.2 KB/s, eta 1.6 min
### 04:28:30 1331328/2408876 b64 chars, 11.2 KB/s, eta 1.6 min
### 04:28:32 1356928/2408876 b64 chars, 11.2 KB/s, eta 1.5 min
### 04:28:34 1382528/2408876 b64 chars, 11.2 KB/s, eta 1.5 min
### 04:28:37 1408128/2408876 b64 chars, 11.2 KB/s, eta 1.5 min
### 04:28:39 1433728/2408876 b64 chars, 11.2 KB/s, eta 1.4 min
### 04:28:41 1459328/2408876 b64 chars, 11.2 KB/s, eta 1.4 min
### 04:28:43 1484928/2408876 b64 chars, 11.2 KB/s, eta 1.3 min
### 04:28:46 1510528/2408876 b64 chars, 11.2 KB/s, eta 1.3 min
### 04:28:48 1536128/2408876 b64 chars, 11.2 KB/s, eta 1.3 min
### 04:28:50 1561728/2408876 b64 chars, 11.2 KB/s, eta 1.2 min
### 04:28:52 1587328/2408876 b64 chars, 11.2 KB/s, eta 1.2 min
### 04:28:54 1612928/2408876 b64 chars, 11.2 KB/s, eta 1.2 min
### 04:28:57 1638528/2408876 b64 chars, 11.2 KB/s, eta 1.1 min
### 04:28:59 1664128/2408876 b64 chars, 11.2 KB/s, eta 1.1 min
### 04:29:01 1689728/2408876 b64 chars, 11.2 KB/s, eta 1.0 min
### 04:29:03 1715328/2408876 b64 chars, 11.2 KB/s, eta 1.0 min
### 04:29:06 1740928/2408876 b64 chars, 11.2 KB/s, eta 1.0 min
### 04:29:08 1766528/2408876 b64 chars, 11.2 KB/s, eta 0.9 min
### 04:29:10 1792128/2408876 b64 chars, 11.2 KB/s, eta 0.9 min
### 04:29:12 1817728/2408876 b64 chars, 11.2 KB/s, eta 0.9 min
### 04:29:15 1843328/2408876 b64 chars, 11.2 KB/s, eta 0.8 min
### 04:29:17 1868928/2408876 b64 chars, 11.2 KB/s, eta 0.8 min
### 04:29:19 1894528/2408876 b64 chars, 11.2 KB/s, eta 0.7 min
### 04:29:21 1920128/2408876 b64 chars, 11.2 KB/s, eta 0.7 min
### 04:29:24 1945728/2408876 b64 chars, 11.2 KB/s, eta 0.7 min
### 04:29:26 1971328/2408876 b64 chars, 11.2 KB/s, eta 0.6 min
### 04:29:28 1996928/2408876 b64 chars, 11.2 KB/s, eta 0.6 min
### 04:29:30 2022528/2408876 b64 chars, 11.2 KB/s, eta 0.6 min
### 04:29:33 2048128/2408876 b64 chars, 11.2 KB/s, eta 0.5 min
### 04:29:35 2073728/2408876 b64 chars, 11.2 KB/s, eta 0.5 min
### 04:29:37 2099328/2408876 b64 chars, 11.2 KB/s, eta 0.5 min
### 04:29:39 2124928/2408876 b64 chars, 11.2 KB/s, eta 0.4 min
### 04:29:42 2150528/2408876 b64 chars, 11.2 KB/s, eta 0.4 min
### 04:29:44 2176128/2408876 b64 chars, 11.2 KB/s, eta 0.3 min
### 04:29:46 2201728/2408876 b64 chars, 11.2 KB/s, eta 0.3 min
### 04:29:48 2227328/2408876 b64 chars, 11.2 KB/s, eta 0.3 min
### 04:29:50 2252928/2408876 b64 chars, 11.2 KB/s, eta 0.2 min
### 04:29:53 2278528/2408876 b64 chars, 11.2 KB/s, eta 0.2 min
### 04:29:55 2304128/2408876 b64 chars, 11.2 KB/s, eta 0.2 min
### 04:29:57 2329728/2408876 b64 chars, 11.2 KB/s, eta 0.1 min
### 04:29:59 2355328/2408876 b64 chars, 11.2 KB/s, eta 0.1 min
### 04:30:02 2380928/2408876 b64 chars, 11.2 KB/s, eta 0.0 min
### 04:30:04 2406528/2408876 b64 chars, 11.2 KB/s, eta 0.0 min
### 04:30:05 stream finished in 212s
__R806605__=0
~ # sha256sum /root/xv6run/fesvr-teaching-static; echo __R807108__=$?
c050eab30f80a21a7c92c8688faa2f043c67aa2900fbc08b80f3dd8de2ba1fb9  /root/xv6run/fesvr-teaching-static
__R807108__=0
~ # ### 04:30:07 sha256 verified on the board: c050eab30f80a21a7c92c8688faa2f043c67aa2900fbc08b80f3dd8de2ba1fb9
### 04:30:07 SEND_OK /root/xv6run/fesvr-teaching-static 1806656 bytes in 212s (8.3 KB/s)
### 04:30:07 dual01_boot.elf -> /root/xv6run/dual01_boot.elf: 7200 bytes, sha256 aa1faca1d5b1456a
mkdir -p $(dirname /root/xv6run/dual01_boot.elf); echo __R807664__=$?
__R807664__=0
~ # stty -echo ixoff; echo __R808172__=$?
__R808172__=0
~ # ### 04:30:09 128/9600 b64 chars, 10.6 KB/s, eta 0.0 min
### 04:30:11 stream finished in 2s
__R812025__=0
~ # sha256sum /root/xv6run/dual01_boot.elf; echo __R812530__=$?
aa1faca1d5b1456acca9cde25870788f4383603915877646a5077707a72e87bc  /root/xv6run/dual01_boot.elf
__R812530__=0
~ # ### 04:30:13 sha256 verified on the board: aa1faca1d5b1456acca9cde25870788f4383603915877646a5077707a72e87bc
### 04:30:13 SEND_OK /root/xv6run/dual01_boot.elf 7200 bytes in 2s (3.8 KB/s)
### 04:30:13 dual02_clint.elf -> /root/xv6run/dual02_clint.elf: 7744 bytes, sha256 beffce7e53733a29
mkdir -p $(dirname /root/xv6run/dual02_clint.elf); echo __R813109__=$?
__R813109__=0
~ # stty -echo ixoff; echo __R813617__=$?
__R813617__=0
~ # ### 04:30:14 128/10328 b64 chars, 10.5 KB/s, eta 0.0 min
### 04:30:16 stream finished in 2s
__R817531__=0
~ # sha256sum /root/xv6run/dual02_clint.elf; echo __R818037__=$?
beffce7e53733a293c13c14d2f50690ac3728b9ac61cbb8eb429e64ca157e718  /root/xv6run/dual02_clint.elf
__R818037__=0
~ # ### 04:30:18 sha256 verified on the board: beffce7e53733a293c13c14d2f50690ac3728b9ac61cbb8eb429e64ca157e718
### 04:30:18 SEND_OK /root/xv6run/dual02_clint.elf 7744 bytes in 2s (4.0 KB/s)
### 04:30:18 dual03_lock.elf -> /root/xv6run/dual03_lock.elf: 9664 bytes, sha256 7bb6d1df99eea7b7
mkdir -p $(dirname /root/xv6run/dual03_lock.elf); echo __R818616__=$?
__R818616__=0
~ # stty -echo ixoff; echo __R819124__=$?
__R819124__=0
~ # ### 04:30:20 128/12888 b64 chars, 10.5 KB/s, eta 0.0 min
### 04:30:22 stream finished in 2s
__R823263__=0
~ # sha256sum /root/xv6run/dual03_lock.elf; echo __R823767__=$?
7bb6d1df99eea7b7fb548d482f1541292912442879c32d028e46b987e1604767  /root/xv6run/dual03_lock.elf
__R823767__=0
~ # ### 04:30:24 sha256 verified on the board: 7bb6d1df99eea7b7fb548d482f1541292912442879c32d028e46b987e1604767
### 04:30:24 SEND_OK /root/xv6run/dual03_lock.elf 9664 bytes in 2s (4.4 KB/s)
### 04:30:24 dual04_pbus.elf -> /root/xv6run/dual04_pbus.elf: 7408 bytes, sha256 ab568bd79abfbee3
mkdir -p $(dirname /root/xv6run/dual04_pbus.elf); echo __R824351__=$?
__R824351__=0
~ # stty -echo ixoff; echo __R824858__=$?
__R824858__=0
~ # ### 04:30:25 128/9880 b64 chars, 9.7 KB/s, eta 0.0 min
### 04:30:27 stream finished in 2s
__R828736__=0
~ # sha256sum /root/xv6run/dual04_pbus.elf; echo __R829240__=$?
ab568bd79abfbee3e167b8ee4d6a721d4eaec3424b7451d174611a1deea1be8a  /root/xv6run/dual04_pbus.elf
__R829240__=0
~ # ### 04:30:29 sha256 verified on the board: ab568bd79abfbee3e167b8ee4d6a721d4eaec3424b7451d174611a1deea1be8a
### 04:30:29 SEND_OK /root/xv6run/dual04_pbus.elf 7408 bytes in 2s (3.9 KB/s)
### 04:30:29 dual05_fencei.elf -> /root/xv6run/dual05_fencei.elf: 7264 bytes, sha256 495360cb6f21b745
mkdir -p $(dirname /root/xv6run/dual05_fencei.elf); echo __R829795__=$?
__R829795__=0
~ # stty -echo ixoff; echo __R830302__=$?
__R830302__=0
~ # ### 04:30:31 128/9688 b64 chars, 10.6 KB/s, eta 0.0 min
### 04:30:33 stream finished in 2s
__R834161__=0
~ # sha256sum /root/xv6run/dual05_fencei.elf; echo __R834667__=$?
495360cb6f21b745ef5f42084a6e8ccc90badb73b6988fd419754a46dca1ff37  /root/xv6run/dual05_fencei.elf
__R834667__=0
~ # ### 04:30:35 sha256 verified on the board: 495360cb6f21b745ef5f42084a6e8ccc90badb73b6988fd419754a46dca1ff37
### 04:30:35 SEND_OK /root/xv6run/dual05_fencei.elf 7264 bytes in 2s (3.8 KB/s)
### 04:30:35 dual07_long.elf -> /root/xv6run/dual07_long.elf: 26512 bytes, sha256 459347189d79d4f1
mkdir -p $(dirname /root/xv6run/dual07_long.elf); echo __R835223__=$?
__R835223__=0
~ # stty -echo ixoff; echo __R835731__=$?
__R835731__=0
~ # ### 04:30:36 128/35352 b64 chars, 9.7 KB/s, eta 0.1 min
### 04:30:38 25728/35352 b64 chars, 11.2 KB/s, eta 0.0 min
### 04:30:40 stream finished in 4s
__R841835__=0
~ # sha256sum /root/xv6run/dual07_long.elf; echo __R842339__=$?
459347189d79d4f10ba99f68a5119ee12fc2dcbebbdc6ae9eb4b647c8c02f117  /root/xv6run/dual07_long.elf
__R842339__=0
~ # ### 04:30:42 sha256 verified on the board: 459347189d79d4f10ba99f68a5119ee12fc2dcbebbdc6ae9eb4b647c8c02f117
### 04:30:42 SEND_OK /root/xv6run/dual07_long.elf 26512 bytes in 4s (6.3 KB/s)
### 04:30:42 kernel-perf-128mib -> /root/xv6run/kernel-perf-128mib: 274800 bytes, sha256 133f5b72290781ad
mkdir -p $(dirname /root/xv6run/kernel-perf-128mib); echo __R842902__=$?
__R842902__=0
~ # stty -echo ixoff; echo __R843410__=$?
__R843410__=0
~ # ### 04:30:44 128/366400 b64 chars, 10.6 KB/s, eta 0.6 min
### 04:30:46 25728/366400 b64 chars, 11.2 KB/s, eta 0.5 min
### 04:30:48 51328/366400 b64 chars, 11.2 KB/s, eta 0.5 min
### 04:30:51 76928/366400 b64 chars, 11.2 KB/s, eta 0.4 min
### 04:30:53 102528/366400 b64 chars, 11.2 KB/s, eta 0.4 min
### 04:30:55 128128/366400 b64 chars, 11.2 KB/s, eta 0.3 min
### 04:30:57 153728/366400 b64 chars, 11.2 KB/s, eta 0.3 min
### 04:31:00 179328/366400 b64 chars, 11.2 KB/s, eta 0.3 min
### 04:31:02 204928/366400 b64 chars, 11.2 KB/s, eta 0.2 min
### 04:31:04 230528/366400 b64 chars, 11.2 KB/s, eta 0.2 min
### 04:31:06 256128/366400 b64 chars, 11.2 KB/s, eta 0.2 min
### 04:31:09 281728/366400 b64 chars, 11.2 KB/s, eta 0.1 min
### 04:31:11 307328/366400 b64 chars, 11.2 KB/s, eta 0.1 min
### 04:31:13 332928/366400 b64 chars, 11.2 KB/s, eta 0.0 min
### 04:31:15 358528/366400 b64 chars, 11.2 KB/s, eta 0.0 min
### 04:31:17 stream finished in 33s
__R878474__=0
~ # sha256sum /root/xv6run/kernel-perf-128mib; echo __R878978__=$?
133f5b72290781ad47d766beeede7d7a07d9af63985caeb34c669dfeba67081c  /root/xv6run/kernel-perf-128mib
__R878978__=0
~ # ### 04:31:19 sha256 verified on the board: 133f5b72290781ad47d766beeede7d7a07d9af63985caeb34c669dfeba67081c
### 04:31:19 SEND_OK /root/xv6run/kernel-perf-128mib 274800 bytes in 33s (8.1 KB/s)
### 04:31:19 fs-perf.img -> /root/xv6run/fs-run.img: 2048000 bytes, sha256 d558e4444abcea60
mkdir -p $(dirname /root/xv6run/fs-run.img); echo __R879543__=$?
__R879543__=0
~ # stty -echo ixoff; echo __R880051__=$?
__R880051__=0
~ # ### 04:31:21 128/2730668 b64 chars, 10.5 KB/s, eta 4.2 min
### 04:31:23 25728/2730668 b64 chars, 11.2 KB/s, eta 3.9 min
### 04:31:25 51328/2730668 b64 chars, 11.2 KB/s, eta 3.9 min
### 04:31:27 76928/2730668 b64 chars, 11.2 KB/s, eta 3.9 min
### 04:31:30 102528/2730668 b64 chars, 11.2 KB/s, eta 3.8 min
### 04:31:32 128128/2730668 b64 chars, 11.2 KB/s, eta 3.8 min
### 04:31:34 153728/2730668 b64 chars, 11.2 KB/s, eta 3.8 min
### 04:31:36 179328/2730668 b64 chars, 11.2 KB/s, eta 3.7 min
### 04:31:38 204928/2730668 b64 chars, 11.2 KB/s, eta 3.7 min
### 04:31:41 230528/2730668 b64 chars, 11.2 KB/s, eta 3.6 min
### 04:31:43 256128/2730668 b64 chars, 11.2 KB/s, eta 3.6 min
### 04:31:45 281728/2730668 b64 chars, 11.2 KB/s, eta 3.6 min
### 04:31:47 307328/2730668 b64 chars, 11.2 KB/s, eta 3.5 min
### 04:31:50 332928/2730668 b64 chars, 11.2 KB/s, eta 3.5 min
### 04:31:52 358528/2730668 b64 chars, 11.2 KB/s, eta 3.5 min
### 04:31:54 384128/2730668 b64 chars, 11.2 KB/s, eta 3.4 min
### 04:31:56 409728/2730668 b64 chars, 11.2 KB/s, eta 3.4 min
### 04:31:59 435328/2730668 b64 chars, 11.2 KB/s, eta 3.3 min
### 04:32:01 460928/2730668 b64 chars, 11.2 KB/s, eta 3.3 min
### 04:32:03 486528/2730668 b64 chars, 11.2 KB/s, eta 3.3 min
### 04:32:05 512128/2730668 b64 chars, 11.2 KB/s, eta 3.2 min
### 04:32:08 537728/2730668 b64 chars, 11.2 KB/s, eta 3.2 min
### 04:32:10 563328/2730668 b64 chars, 11.2 KB/s, eta 3.2 min
### 04:32:12 588928/2730668 b64 chars, 11.2 KB/s, eta 3.1 min
### 04:32:14 614528/2730668 b64 chars, 11.2 KB/s, eta 3.1 min
### 04:32:17 640128/2730668 b64 chars, 11.2 KB/s, eta 3.0 min
### 04:32:19 665728/2730668 b64 chars, 11.2 KB/s, eta 3.0 min
### 04:32:21 691328/2730668 b64 chars, 11.2 KB/s, eta 3.0 min
### 04:32:23 716928/2730668 b64 chars, 11.2 KB/s, eta 2.9 min
### 04:32:26 742528/2730668 b64 chars, 11.2 KB/s, eta 2.9 min
### 04:32:28 768128/2730668 b64 chars, 11.2 KB/s, eta 2.9 min
### 04:32:30 793728/2730668 b64 chars, 11.2 KB/s, eta 2.8 min
### 04:32:32 819328/2730668 b64 chars, 11.2 KB/s, eta 2.8 min
### 04:32:34 844928/2730668 b64 chars, 11.2 KB/s, eta 2.7 min
### 04:32:37 870528/2730668 b64 chars, 11.2 KB/s, eta 2.7 min
### 04:32:39 896128/2730668 b64 chars, 11.2 KB/s, eta 2.7 min
### 04:32:41 921728/2730668 b64 chars, 11.2 KB/s, eta 2.6 min
### 04:32:43 947328/2730668 b64 chars, 11.2 KB/s, eta 2.6 min
### 04:32:46 972928/2730668 b64 chars, 11.2 KB/s, eta 2.6 min
### 04:32:48 998528/2730668 b64 chars, 11.2 KB/s, eta 2.5 min
### 04:32:50 1024128/2730668 b64 chars, 11.2 KB/s, eta 2.5 min
### 04:32:52 1049728/2730668 b64 chars, 11.2 KB/s, eta 2.5 min
### 04:32:55 1075328/2730668 b64 chars, 11.2 KB/s, eta 2.4 min
### 04:32:57 1100928/2730668 b64 chars, 11.2 KB/s, eta 2.4 min
### 04:32:59 1126528/2730668 b64 chars, 11.2 KB/s, eta 2.3 min
### 04:33:01 1152128/2730668 b64 chars, 11.2 KB/s, eta 2.3 min
### 04:33:04 1177728/2730668 b64 chars, 11.2 KB/s, eta 2.3 min
### 04:33:06 1203328/2730668 b64 chars, 11.2 KB/s, eta 2.2 min
### 04:33:08 1228928/2730668 b64 chars, 11.2 KB/s, eta 2.2 min
### 04:33:10 1254528/2730668 b64 chars, 11.2 KB/s, eta 2.2 min
### 04:33:13 1280128/2730668 b64 chars, 11.2 KB/s, eta 2.1 min
### 04:33:15 1305728/2730668 b64 chars, 11.2 KB/s, eta 2.1 min
### 04:33:17 1331328/2730668 b64 chars, 11.2 KB/s, eta 2.0 min
### 04:33:19 1356928/2730668 b64 chars, 11.2 KB/s, eta 2.0 min
### 04:33:22 1382528/2730668 b64 chars, 11.2 KB/s, eta 2.0 min
### 04:33:24 1408128/2730668 b64 chars, 11.2 KB/s, eta 1.9 min
### 04:33:26 1433728/2730668 b64 chars, 11.2 KB/s, eta 1.9 min
### 04:33:28 1459328/2730668 b64 chars, 11.2 KB/s, eta 1.9 min
### 04:33:30 1484928/2730668 b64 chars, 11.2 KB/s, eta 1.8 min
### 04:33:33 1510528/2730668 b64 chars, 11.2 KB/s, eta 1.8 min
### 04:33:35 1536128/2730668 b64 chars, 11.2 KB/s, eta 1.7 min
### 04:33:37 1561728/2730668 b64 chars, 11.2 KB/s, eta 1.7 min
### 04:33:39 1587328/2730668 b64 chars, 11.2 KB/s, eta 1.7 min
### 04:33:42 1612928/2730668 b64 chars, 11.2 KB/s, eta 1.6 min
### 04:33:44 1638528/2730668 b64 chars, 11.2 KB/s, eta 1.6 min
### 04:33:46 1664128/2730668 b64 chars, 11.2 KB/s, eta 1.6 min
### 04:33:48 1689728/2730668 b64 chars, 11.2 KB/s, eta 1.5 min
### 04:33:51 1715328/2730668 b64 chars, 11.2 KB/s, eta 1.5 min
### 04:33:53 1740928/2730668 b64 chars, 11.2 KB/s, eta 1.4 min
### 04:33:55 1766528/2730668 b64 chars, 11.2 KB/s, eta 1.4 min
### 04:33:57 1792128/2730668 b64 chars, 11.2 KB/s, eta 1.4 min
### 04:34:00 1817728/2730668 b64 chars, 11.2 KB/s, eta 1.3 min
### 04:34:02 1843328/2730668 b64 chars, 11.2 KB/s, eta 1.3 min
### 04:34:04 1868928/2730668 b64 chars, 11.2 KB/s, eta 1.3 min
### 04:34:06 1894528/2730668 b64 chars, 11.2 KB/s, eta 1.2 min
### 04:34:09 1920128/2730668 b64 chars, 11.2 KB/s, eta 1.2 min
### 04:34:11 1945728/2730668 b64 chars, 11.2 KB/s, eta 1.1 min
### 04:34:13 1971328/2730668 b64 chars, 11.2 KB/s, eta 1.1 min
### 04:34:15 1996928/2730668 b64 chars, 11.2 KB/s, eta 1.1 min
### 04:34:18 2022528/2730668 b64 chars, 11.2 KB/s, eta 1.0 min
### 04:34:20 2048128/2730668 b64 chars, 11.2 KB/s, eta 1.0 min
### 04:34:22 2073728/2730668 b64 chars, 11.2 KB/s, eta 1.0 min
### 04:34:24 2099328/2730668 b64 chars, 11.2 KB/s, eta 0.9 min
### 04:34:26 2124928/2730668 b64 chars, 11.2 KB/s, eta 0.9 min
### 04:34:29 2150528/2730668 b64 chars, 11.2 KB/s, eta 0.8 min
### 04:34:31 2176128/2730668 b64 chars, 11.2 KB/s, eta 0.8 min
### 04:34:33 2201728/2730668 b64 chars, 11.2 KB/s, eta 0.8 min
### 04:34:35 2227328/2730668 b64 chars, 11.2 KB/s, eta 0.7 min
### 04:34:38 2252928/2730668 b64 chars, 11.2 KB/s, eta 0.7 min
### 04:34:40 2278528/2730668 b64 chars, 11.2 KB/s, eta 0.7 min
### 04:34:42 2304128/2730668 b64 chars, 11.2 KB/s, eta 0.6 min
### 04:34:44 2329728/2730668 b64 chars, 11.2 KB/s, eta 0.6 min
### 04:34:47 2355328/2730668 b64 chars, 11.2 KB/s, eta 0.5 min
### 04:34:49 2380928/2730668 b64 chars, 11.2 KB/s, eta 0.5 min
### 04:34:51 2406528/2730668 b64 chars, 11.2 KB/s, eta 0.5 min
### 04:34:53 2432128/2730668 b64 chars, 11.2 KB/s, eta 0.4 min
### 04:34:56 2457728/2730668 b64 chars, 11.2 KB/s, eta 0.4 min
### 04:34:58 2483328/2730668 b64 chars, 11.2 KB/s, eta 0.4 min
### 04:35:00 2508928/2730668 b64 chars, 11.2 KB/s, eta 0.3 min
### 04:35:02 2534528/2730668 b64 chars, 11.2 KB/s, eta 0.3 min
### 04:35:05 2560128/2730668 b64 chars, 11.2 KB/s, eta 0.2 min
### 04:35:07 2585728/2730668 b64 chars, 11.2 KB/s, eta 0.2 min
### 04:35:09 2611328/2730668 b64 chars, 11.2 KB/s, eta 0.2 min
### 04:35:11 2636928/2730668 b64 chars, 11.2 KB/s, eta 0.1 min
### 04:35:13 2662528/2730668 b64 chars, 11.2 KB/s, eta 0.1 min
### 04:35:16 2688128/2730668 b64 chars, 11.2 KB/s, eta 0.1 min
### 04:35:18 2713728/2730668 b64 chars, 11.2 KB/s, eta 0.0 min
### 04:35:20 stream finished in 240s
__R121954__=0
~ # sha256sum /root/xv6run/fs-run.img; echo __R122458__=$?
d558e4444abcea6046147d85b81e538ecf604049b6d8ab15552f9a3d32bf688c  /root/xv6run/fs-run.img
__R122458__=0
~ # ### 04:35:22 sha256 verified on the board: d558e4444abcea6046147d85b81e538ecf604049b6d8ab15552f9a3d32bf688c
### 04:35:22 SEND_OK /root/xv6run/fs-run.img 2048000 bytes in 240s (8.3 KB/s)
