Copyright 1986-2022 Xilinx, Inc. All Rights Reserved. Copyright 2022-2026 Advanced Micro Devices, Inc. All Rights Reserved.
--------------------------------------------------------------------------------------------------------------------------------------------------------
| Tool Version : Vivado v.2025.2.1 (lin64) Build 6403652 Thu Mar 19 13:47:00 MDT 2026
| Date         : Thu Sep 24 23:58:46 2026
| Host         : ubuntu running 64-bit Ubuntu 24.04.2 LTS
| Command      : report_utilization -file /home/engineer/fpga/worktrees/ips-cache/experiments/IPS-campaign/build-tlb/reports/post_synth_utilization.rpt
| Design       : rocketchip_wrapper
| Device       : xc7z020clg400-1
| Speed File   : -1
| Design State : Synthesized
--------------------------------------------------------------------------------------------------------------------------------------------------------

Utilization Design Information

Table of Contents
-----------------
1. Slice Logic
1.1 Summary of Registers by Type
2. Memory
3. DSP
4. IO and GT Specific
5. Clocking
6. Specific Feature
7. Primitives
8. Black Boxes
9. Instantiated Netlists

1. Slice Logic
--------------

+----------------------------+-------+-------+------------+-----------+-------+
|          Site Type         |  Used | Fixed | Prohibited | Available | Util% |
+----------------------------+-------+-------+------------+-----------+-------+
| Slice LUTs*                | 14561 |     0 |          0 |     53200 | 27.37 |
|   LUT as Logic             | 13772 |     0 |          0 |     53200 | 25.89 |
|   LUT as Memory            |   789 |     0 |          0 |     17400 |  4.53 |
|     LUT as Distributed RAM |   788 |     0 |            |           |       |
|     LUT as Shift Register  |     1 |     0 |            |           |       |
| Slice Registers            |  6875 |     0 |          0 |    106400 |  6.46 |
|   Register as Flip Flop    |  6875 |     0 |          0 |    106400 |  6.46 |
|   Register as Latch        |     0 |     0 |          0 |    106400 |  0.00 |
| F7 Muxes                   |    21 |     0 |          0 |     26600 |  0.08 |
| F8 Muxes                   |     0 |     0 |          0 |     13300 |  0.00 |
| Unique Control Sets        |   253 |       |          0 |     13300 |  1.90 |
+----------------------------+-------+-------+------------+-----------+-------+
* Warning! The Final LUT count, after physical optimizations and full implementation, is typically lower. Run opt_design after synthesis, if not already completed, for a more realistic count.
Warning! LUT value is adjusted to account for LUT combining.
Warning! For any ECO changes, please run place_design if there are unplaced instances
** Note: Available Control Sets calculated as Slice * 1, Review the Control Sets Report for more information regarding control sets.


1.1 Summary of Registers by Type
--------------------------------

+-------+--------------+-------------+--------------+
| Total | Clock Enable | Synchronous | Asynchronous |
+-------+--------------+-------------+--------------+
| 0     |            _ |           - |            - |
| 0     |            _ |           - |          Set |
| 0     |            _ |           - |        Reset |
| 0     |            _ |         Set |            - |
| 0     |            _ |       Reset |            - |
| 0     |          Yes |           - |            - |
| 33    |          Yes |           - |          Set |
| 69    |          Yes |           - |        Reset |
| 76    |          Yes |         Set |            - |
| 6697  |          Yes |       Reset |            - |
+-------+--------------+-------------+--------------+


2. Memory
---------

+----------------+------+-------+------------+-----------+-------+
|    Site Type   | Used | Fixed | Prohibited | Available | Util% |
+----------------+------+-------+------------+-----------+-------+
| Block RAM Tile |    0 |     0 |          0 |       140 |  0.00 |
|   RAMB36/FIFO* |    0 |     0 |          0 |       140 |  0.00 |
|   RAMB18       |    0 |     0 |          0 |       280 |  0.00 |
+----------------+------+-------+------------+-----------+-------+
* Note: Each Block RAM Tile only has one FIFO logic available and therefore can accommodate only one FIFO36E1 or one FIFO18E1. However, if a FIFO18E1 occupies a Block RAM Tile, that tile can still accommodate a RAMB18E1


3. DSP
------

+-----------+------+-------+------------+-----------+-------+
| Site Type | Used | Fixed | Prohibited | Available | Util% |
+-----------+------+-------+------------+-----------+-------+
| DSPs      |    0 |     0 |          0 |       220 |  0.00 |
+-----------+------+-------+------------+-----------+-------+


4. IO and GT Specific
---------------------

+-----------------------------+------+-------+------------+-----------+--------+
|          Site Type          | Used | Fixed | Prohibited | Available |  Util% |
+-----------------------------+------+-------+------------+-----------+--------+
| Bonded IOB                  |    1 |     1 |          0 |       125 |   0.80 |
|   IOB Master Pads           |    1 |       |            |           |        |
|   IOB Slave Pads            |    0 |       |            |           |        |
| Bonded IPADs                |    0 |     0 |          0 |         2 |   0.00 |
| Bonded IOPADs               |  130 |   130 |          0 |       130 | 100.00 |
| PHY_CONTROL                 |    0 |     0 |          0 |         4 |   0.00 |
| PHASER_REF                  |    0 |     0 |          0 |         4 |   0.00 |
| OUT_FIFO                    |    0 |     0 |          0 |        16 |   0.00 |
| IN_FIFO                     |    0 |     0 |          0 |        16 |   0.00 |
| IDELAYCTRL                  |    0 |     0 |          0 |         4 |   0.00 |
| IBUFDS                      |    0 |     0 |          0 |       121 |   0.00 |
| PHASER_OUT/PHASER_OUT_PHY   |    0 |     0 |          0 |        16 |   0.00 |
| PHASER_IN/PHASER_IN_PHY     |    0 |     0 |          0 |        16 |   0.00 |
| IDELAYE2/IDELAYE2_FINEDELAY |    0 |     0 |          0 |       200 |   0.00 |
| ILOGIC                      |    0 |     0 |          0 |       125 |   0.00 |
| OLOGIC                      |    0 |     0 |          0 |       125 |   0.00 |
+-----------------------------+------+-------+------------+-----------+--------+


5. Clocking
-----------

+------------+------+-------+------------+-----------+-------+
|  Site Type | Used | Fixed | Prohibited | Available | Util% |
+------------+------+-------+------------+-----------+-------+
| BUFGCTRL   |    2 |     0 |          0 |        32 |  6.25 |
| BUFIO      |    0 |     0 |          0 |        16 |  0.00 |
| MMCME2_ADV |    1 |     0 |          0 |         4 | 25.00 |
| PLLE2_ADV  |    0 |     0 |          0 |         4 |  0.00 |
| BUFMRCE    |    0 |     0 |          0 |         8 |  0.00 |
| BUFHCE     |    0 |     0 |          0 |        72 |  0.00 |
| BUFR       |    0 |     0 |          0 |        16 |  0.00 |
+------------+------+-------+------------+-----------+-------+


6. Specific Feature
-------------------

+-------------+------+-------+------------+-----------+-------+
|  Site Type  | Used | Fixed | Prohibited | Available | Util% |
+-------------+------+-------+------------+-----------+-------+
| BSCANE2     |    0 |     0 |          0 |         4 |  0.00 |
| CAPTUREE2   |    0 |     0 |          0 |         1 |  0.00 |
| DNA_PORT    |    0 |     0 |          0 |         1 |  0.00 |
| EFUSE_USR   |    0 |     0 |          0 |         1 |  0.00 |
| FRAME_ECCE2 |    0 |     0 |          0 |         1 |  0.00 |
| ICAPE2      |    0 |     0 |          0 |         2 |  0.00 |
| STARTUPE2   |    0 |     0 |          0 |         1 |  0.00 |
| XADC        |    0 |     0 |          0 |         1 |  0.00 |
+-------------+------+-------+------------+-----------+-------+


7. Primitives
-------------

+------------+------+----------------------+
|  Ref Name  | Used |  Functional Category |
+------------+------+----------------------+
| LUT6       | 6830 |                  LUT |
| FDRE       | 6697 |         Flop & Latch |
| LUT5       | 2670 |                  LUT |
| LUT4       | 2336 |                  LUT |
| LUT3       | 2246 |                  LUT |
| RAMD32     | 1152 |   Distributed Memory |
| LUT2       |  968 |                  LUT |
| CARRY4     |  827 |           CarryLogic |
| LUT1       |  623 |                  LUT |
| RAMS32     |  364 |   Distributed Memory |
| BIBUF      |  130 |                   IO |
| FDSE       |   76 |         Flop & Latch |
| FDCE       |   69 |         Flop & Latch |
| FDPE       |   33 |         Flop & Latch |
| MUXF7      |   21 |                MuxFx |
| BUFG       |    2 |                Clock |
| SRL16E     |    1 |   Distributed Memory |
| PS7        |    1 | Specialized Resource |
| MMCME2_ADV |    1 |                Clock |
| IBUF       |    1 |                   IO |
+------------+------+----------------------+


8. Black Boxes
--------------

+----------+------+
| Ref Name | Used |
+----------+------+


9. Instantiated Netlists
------------------------

+-----------------------------------------+------+
|                 Ref Name                | Used |
+-----------------------------------------+------+
| system_processing_system7_0_0           |    1 |
| system_proc_sys_reset_0_0               |    1 |
| system_axi_interconnect_1_imp_auto_pc_0 |    1 |
| system_axi_interconnect_0_imp_auto_pc_0 |    1 |
+-----------------------------------------+------+


