Copyright 1986-2022 Xilinx, Inc. All Rights Reserved. Copyright 2022-2026 Advanced Micro Devices, Inc. All Rights Reserved.
----------------------------------------------------------------------------------------------------------------------------------------------
| Tool Version : Vivado v.2025.2.1 (lin64) Build 6403652 Thu Mar 19 13:47:00 MDT 2026
| Date         : Fri Sep 25 00:01:21 2026
| Host         : ubuntu running 64-bit Ubuntu 24.04.2 LTS
| Command      : report_clocks -file /home/engineer/fpga/worktrees/ips-cache/experiments/IPS-campaign/build-tlb/reports/post_route_clocks.rpt
| Design       : rocketchip_wrapper
| Device       : 7z020-clg400
| Speed File   : -1  PRODUCTION 1.12 2019-11-22
| Design State : Routed
----------------------------------------------------------------------------------------------------------------------------------------------

Clock Report


Attributes
  P: Propagated
  G: Generated
  A: Auto-derived
  R: Renamed
  V: Virtual
  I: Inverted
  S: Pin phase-shifted with Latency mode

Clock       Period(ns)  Waveform(ns)    Attributes  Sources
clk_fpga_0  10.000      {0.000 5.000}   P           {system_i/processing_system7_0/inst/PS7_i/FCLKCLK[0]}
gclk_0      8.000       {0.000 4.000}   P           {clk}
gclk_fbout  8.000       {0.000 4.000}   P,G,A       {MMCME2_BASE_inst/CLKFBOUT}
host_clk_i  25.000      {0.000 12.500}  P,G,A       {MMCME2_BASE_inst/CLKOUT0}


====================================================
Generated Clocks
====================================================

Generated Clock     : gclk_fbout
Master Source       : MMCME2_BASE_inst/CLKIN1
Master Clock        : gclk_0
Multiply By         : 1
Generated Sources   : {MMCME2_BASE_inst/CLKFBOUT}

Generated Clock     : host_clk_i
Master Source       : MMCME2_BASE_inst/CLKIN1
Master Clock        : gclk_0
Edges               : {1 2 3}
Edge Shifts(ns)     : {0.000 8.500 17.000}
Generated Sources   : {MMCME2_BASE_inst/CLKOUT0}



====================================================
User Uncertainty
====================================================



====================================================
User Jitter
====================================================

Clock       Jitter(ns)
clk_fpga_0  0.300

