#-----------------------------------------------------------
# Vivado v2025.2.1 (64-bit)
# SW Build 6403652 on Thu Mar 19 13:47:00 MDT 2026
# IP Build 6403511 on Thu Mar 19 12:41:45 MDT 2026
# SharedData Build 6403650 on Thu Mar 19 14:02:13 MDT 2026
# Start of session at: Thu Sep 24 23:43:29 2026
# Process ID         : 97
# Current directory  : /home/engineer/fpga/worktrees/ips-fetch32/experiments/IPS-campaign/build-fetch32
# Command line       : vivado -mode batch -nojournal -log /home/engineer/fpga/worktrees/ips-fetch32/experiments/IPS-campaign/build-fetch32/util.log -source /home/engineer/fpga/worktrees/ips-fetch32/experiments/IPS-campaign/build-fetch32/util.tcl
# Log file           : /home/engineer/fpga/worktrees/ips-fetch32/experiments/IPS-campaign/build-fetch32/util.log
# Journal file       : 
# Running On         : ubuntu
# Platform           : Ubuntu
# Operating System   : Ubuntu 24.04.2 LTS
# Processor Detail   : Intel(R) Core(TM) i7-8700B CPU @ 3.20GHz
# CPU Frequency      : 4391.057 MHz
# CPU Physical cores : 6
# CPU Logical cores  : 12
# Host memory        : 32957 MB
# Swap memory        : 8589 MB
# Total Virtual      : 41547 MB
# Available Virtual  : 35584 MB
#-----------------------------------------------------------
source /home/engineer/fpga/worktrees/ips-fetch32/experiments/IPS-campaign/build-fetch32/util.tcl
# open_checkpoint reports/post_route.dcp
Command: open_checkpoint reports/post_route.dcp

Starting open_checkpoint Task

Time (s): cpu = 00:00:00.05 ; elapsed = 00:00:00.03 . Memory (MB): peak = 1575.438 ; gain = 0.000 ; free physical = 9867 ; free virtual = 33500
INFO: [Device 21-403] Loading part xc7z020clg400-1
Netlist sorting complete. Time (s): cpu = 00:00:00.13 ; elapsed = 00:00:00.12 . Memory (MB): peak = 1790.824 ; gain = 0.000 ; free physical = 9691 ; free virtual = 33324
INFO: [Netlist 29-17] Analyzing 1052 Unisim elements for replacement
INFO: [Netlist 29-28] Unisim Transformation completed in 0 CPU seconds
INFO: [Project 1-479] Netlist was created with Vivado 2025.2.1
INFO: [Project 1-570] Preparing netlist for logic optimization
Read ShapeDB Complete: Time (s): cpu = 00:00:00.03 ; elapsed = 00:00:00.03 . Memory (MB): peak = 1900.355 ; gain = 4.000 ; free physical = 9573 ; free virtual = 33207
INFO: [Timing 38-478] Restoring timing data from binary archive.
INFO: [Timing 38-479] Binary timing data restore complete.
INFO: [Project 1-856] Restoring constraints from binary archive.
INFO: [Project 1-853] Binary constraint restore complete.
INFO: [Designutils 20-5722] Start Reading Physical Databases.
Reading placement.
Read Netlist Cache: Time (s): cpu = 00:00:00.02 ; elapsed = 00:00:00.02 . Memory (MB): peak = 2490.824 ; gain = 0.000 ; free physical = 9034 ; free virtual = 32667
Reading placer database...
Read Device Cache: Time (s): cpu = 00:00:00.01 ; elapsed = 00:00:00.01 . Memory (MB): peak = 2490.824 ; gain = 0.000 ; free physical = 9034 ; free virtual = 32667
Read PlaceDB: Time (s): cpu = 00:00:00 ; elapsed = 00:00:00 . Memory (MB): peak = 2490.824 ; gain = 0.000 ; free physical = 9034 ; free virtual = 32667
Read placeStorage: Time (s): cpu = 00:00:00.44 ; elapsed = 00:00:00.45 . Memory (MB): peak = 2490.824 ; gain = 0.000 ; free physical = 9026 ; free virtual = 32659
Read PulsedLatchDB: Time (s): cpu = 00:00:00 ; elapsed = 00:00:00 . Memory (MB): peak = 2490.824 ; gain = 0.000 ; free physical = 9026 ; free virtual = 32659
Reading routing.
Read RouteStorage: Time (s): cpu = 00:00:00.44 ; elapsed = 00:00:00.13 . Memory (MB): peak = 2500.316 ; gain = 9.492 ; free physical = 9018 ; free virtual = 32651
Read Physdb Files: Time (s): cpu = 00:00:00.92 ; elapsed = 00:00:00.61 . Memory (MB): peak = 2500.316 ; gain = 9.492 ; free physical = 9018 ; free virtual = 32651
Restored from archive | CPU: 0.970000 secs | Memory: 19.817780 MB |
Finished XDEF File Restore: Time (s): cpu = 00:00:00.95 ; elapsed = 00:00:00.64 . Memory (MB): peak = 2500.316 ; gain = 16.430 ; free physical = 9018 ; free virtual = 32651
Netlist sorting complete. Time (s): cpu = 00:00:00.01 ; elapsed = 00:00:00 . Memory (MB): peak = 2501.316 ; gain = 0.000 ; free physical = 9017 ; free virtual = 32650
INFO: [Project 1-111] Unisim Transformation Summary:
  A total of 212 instances were transformed.
  RAM16X1D => RAM32X1D (RAMD32(x2)): 15 instances
  RAM32M => RAM32M (RAMD32(x6), RAMS32(x2)): 182 instances
  RAM32X1D => RAM32X1D (RAMD32(x2)): 15 instances

INFO: [Project 1-604] Checkpoint was created with Vivado v2025.2.1 (64-bit) build 6403652
open_checkpoint: Time (s): cpu = 00:00:20 ; elapsed = 00:00:11 . Memory (MB): peak = 2509.352 ; gain = 933.914 ; free physical = 9017 ; free virtual = 32650
# report_utilization -file reports/post_route_util.rpt
# report_utilization -hierarchical -file reports/post_route_util_hier.rpt
# puts "UTIL_DONE"
UTIL_DONE
# exit
INFO: [Common 17-206] Exiting Vivado at Thu Sep 24 23:43:43 2026...
