### 23:10:58 pipe.bit.bin -> /root/xv6run/pipe.bit.bin: 4045564 bytes, sha256 5f97d4abf2778c1a
mkdir -p $(dirname /root/xv6run/pipe.bit.bin); echo __R458703__=$?
__R458703__=0
~ # stty -echo ixoff; echo __R459209__=$?
__R459209__=0
~ # ### 23:11:00 128/5394088 b64 chars, 9.7 KB/s, eta 9.0 min
### 23:11:02 25728/5394088 b64 chars, 11.2 KB/s, eta 7.8 min
### 23:11:04 51328/5394088 b64 chars, 11.2 KB/s, eta 7.8 min
### 23:11:06 76928/5394088 b64 chars, 11.2 KB/s, eta 7.8 min
### 23:11:09 102528/5394088 b64 chars, 11.2 KB/s, eta 7.7 min
### 23:11:11 128128/5394088 b64 chars, 11.2 KB/s, eta 7.7 min
### 23:11:13 153728/5394088 b64 chars, 11.2 KB/s, eta 7.6 min
### 23:11:15 179328/5394088 b64 chars, 11.2 KB/s, eta 7.6 min
### 23:11:18 204928/5394088 b64 chars, 11.2 KB/s, eta 7.6 min
### 23:11:20 230528/5394088 b64 chars, 11.2 KB/s, eta 7.5 min
### 23:11:22 256128/5394088 b64 chars, 11.2 KB/s, eta 7.5 min
### 23:11:24 281728/5394088 b64 chars, 11.2 KB/s, eta 7.5 min
### 23:11:27 307328/5394088 b64 chars, 11.2 KB/s, eta 7.4 min
### 23:11:29 332928/5394088 b64 chars, 11.2 KB/s, eta 7.4 min
### 23:11:31 358528/5394088 b64 chars, 11.2 KB/s, eta 7.3 min
### 23:11:33 384128/5394088 b64 chars, 11.2 KB/s, eta 7.3 min
### 23:11:36 409728/5394088 b64 chars, 11.2 KB/s, eta 7.3 min
### 23:11:38 435328/5394088 b64 chars, 11.2 KB/s, eta 7.2 min
### 23:11:40 460928/5394088 b64 chars, 11.2 KB/s, eta 7.2 min
### 23:11:42 486528/5394088 b64 chars, 11.2 KB/s, eta 7.2 min
### 23:11:45 512128/5394088 b64 chars, 11.2 KB/s, eta 7.1 min
### 23:11:47 537728/5394088 b64 chars, 11.2 KB/s, eta 7.1 min
### 23:11:49 563328/5394088 b64 chars, 11.2 KB/s, eta 7.0 min
### 23:11:51 588928/5394088 b64 chars, 11.2 KB/s, eta 7.0 min
### 23:11:53 614528/5394088 b64 chars, 11.2 KB/s, eta 7.0 min
### 23:11:56 640128/5394088 b64 chars, 11.2 KB/s, eta 6.9 min
### 23:11:58 665728/5394088 b64 chars, 11.2 KB/s, eta 6.9 min
### 23:12:00 691328/5394088 b64 chars, 11.2 KB/s, eta 6.9 min
### 23:12:02 716928/5394088 b64 chars, 11.2 KB/s, eta 6.8 min
### 23:12:05 742528/5394088 b64 chars, 11.2 KB/s, eta 6.8 min
### 23:12:07 768128/5394088 b64 chars, 11.2 KB/s, eta 6.7 min
### 23:12:09 793728/5394088 b64 chars, 11.2 KB/s, eta 6.7 min
### 23:12:11 819328/5394088 b64 chars, 11.2 KB/s, eta 6.7 min
### 23:12:14 844928/5394088 b64 chars, 11.2 KB/s, eta 6.6 min
### 23:12:16 870528/5394088 b64 chars, 11.2 KB/s, eta 6.6 min
### 23:12:18 896128/5394088 b64 chars, 11.2 KB/s, eta 6.6 min
### 23:12:20 921728/5394088 b64 chars, 11.2 KB/s, eta 6.5 min
### 23:12:23 947328/5394088 b64 chars, 11.2 KB/s, eta 6.5 min
### 23:12:25 972928/5394088 b64 chars, 11.2 KB/s, eta 6.4 min
### 23:12:27 998528/5394088 b64 chars, 11.2 KB/s, eta 6.4 min
### 23:12:29 1024128/5394088 b64 chars, 11.2 KB/s, eta 6.4 min
### 23:12:32 1049728/5394088 b64 chars, 11.2 KB/s, eta 6.3 min
### 23:12:34 1075328/5394088 b64 chars, 11.2 KB/s, eta 6.3 min
### 23:12:36 1100928/5394088 b64 chars, 11.2 KB/s, eta 6.3 min
### 23:12:38 1126528/5394088 b64 chars, 11.2 KB/s, eta 6.2 min
### 23:12:41 1152128/5394088 b64 chars, 11.2 KB/s, eta 6.2 min
### 23:12:43 1177728/5394088 b64 chars, 11.2 KB/s, eta 6.1 min
### 23:12:45 1203328/5394088 b64 chars, 11.2 KB/s, eta 6.1 min
### 23:12:47 1228928/5394088 b64 chars, 11.2 KB/s, eta 6.1 min
### 23:12:49 1254528/5394088 b64 chars, 11.2 KB/s, eta 6.0 min
### 23:12:52 1280128/5394088 b64 chars, 11.2 KB/s, eta 6.0 min
### 23:12:54 1305728/5394088 b64 chars, 11.2 KB/s, eta 6.0 min
### 23:12:56 1331328/5394088 b64 chars, 11.2 KB/s, eta 5.9 min
### 23:12:58 1356928/5394088 b64 chars, 11.2 KB/s, eta 5.9 min
### 23:13:01 1382528/5394088 b64 chars, 11.2 KB/s, eta 5.8 min
### 23:13:03 1408128/5394088 b64 chars, 11.2 KB/s, eta 5.8 min
### 23:13:05 1433728/5394088 b64 chars, 11.2 KB/s, eta 5.8 min
### 23:13:07 1459328/5394088 b64 chars, 11.2 KB/s, eta 5.7 min
### 23:13:10 1484928/5394088 b64 chars, 11.2 KB/s, eta 5.7 min
### 23:13:12 1510528/5394088 b64 chars, 11.2 KB/s, eta 5.7 min
### 23:13:14 1536128/5394088 b64 chars, 11.2 KB/s, eta 5.6 min
### 23:13:16 1561728/5394088 b64 chars, 11.2 KB/s, eta 5.6 min
### 23:13:19 1587328/5394088 b64 chars, 11.2 KB/s, eta 5.5 min
### 23:13:21 1612928/5394088 b64 chars, 11.2 KB/s, eta 5.5 min
### 23:13:23 1638528/5394088 b64 chars, 11.2 KB/s, eta 5.5 min
### 23:13:25 1664128/5394088 b64 chars, 11.2 KB/s, eta 5.4 min
### 23:13:28 1689728/5394088 b64 chars, 11.2 KB/s, eta 5.4 min
### 23:13:30 1715328/5394088 b64 chars, 11.2 KB/s, eta 5.4 min
### 23:13:32 1740928/5394088 b64 chars, 11.2 KB/s, eta 5.3 min
### 23:13:34 1766528/5394088 b64 chars, 11.2 KB/s, eta 5.3 min
### 23:13:36 1792128/5394088 b64 chars, 11.2 KB/s, eta 5.3 min
### 23:13:39 1817728/5394088 b64 chars, 11.2 KB/s, eta 5.2 min
### 23:13:41 1843328/5394088 b64 chars, 11.2 KB/s, eta 5.2 min
### 23:13:43 1868928/5394088 b64 chars, 11.2 KB/s, eta 5.1 min
### 23:13:45 1894528/5394088 b64 chars, 11.2 KB/s, eta 5.1 min
### 23:13:48 1920128/5394088 b64 chars, 11.2 KB/s, eta 5.1 min
### 23:13:50 1945728/5394088 b64 chars, 11.2 KB/s, eta 5.0 min
### 23:13:52 1971328/5394088 b64 chars, 11.2 KB/s, eta 5.0 min
### 23:13:54 1996928/5394088 b64 chars, 11.2 KB/s, eta 5.0 min
### 23:13:57 2022528/5394088 b64 chars, 11.2 KB/s, eta 4.9 min
### 23:13:59 2048128/5394088 b64 chars, 11.2 KB/s, eta 4.9 min
### 23:14:01 2073728/5394088 b64 chars, 11.2 KB/s, eta 4.8 min
### 23:14:03 2099328/5394088 b64 chars, 11.2 KB/s, eta 4.8 min
### 23:14:06 2124928/5394088 b64 chars, 11.2 KB/s, eta 4.8 min
### 23:14:08 2150528/5394088 b64 chars, 11.2 KB/s, eta 4.7 min
### 23:14:10 2176128/5394088 b64 chars, 11.2 KB/s, eta 4.7 min
### 23:14:12 2201728/5394088 b64 chars, 11.2 KB/s, eta 4.7 min
### 23:14:15 2227328/5394088 b64 chars, 11.2 KB/s, eta 4.6 min
### 23:14:17 2252928/5394088 b64 chars, 11.2 KB/s, eta 4.6 min
### 23:14:19 2278528/5394088 b64 chars, 11.2 KB/s, eta 4.5 min
### 23:14:21 2304128/5394088 b64 chars, 11.2 KB/s, eta 4.5 min
### 23:14:24 2329728/5394088 b64 chars, 11.2 KB/s, eta 4.5 min
### 23:14:26 2355328/5394088 b64 chars, 11.2 KB/s, eta 4.4 min
### 23:14:28 2380928/5394088 b64 chars, 11.2 KB/s, eta 4.4 min
### 23:14:30 2406528/5394088 b64 chars, 11.2 KB/s, eta 4.4 min
### 23:14:32 2432128/5394088 b64 chars, 11.2 KB/s, eta 4.3 min
### 23:14:35 2457728/5394088 b64 chars, 11.2 KB/s, eta 4.3 min
### 23:14:37 2483328/5394088 b64 chars, 11.2 KB/s, eta 4.2 min
### 23:14:39 2508928/5394088 b64 chars, 11.2 KB/s, eta 4.2 min
### 23:14:41 2534528/5394088 b64 chars, 11.2 KB/s, eta 4.2 min
### 23:14:44 2560128/5394088 b64 chars, 11.2 KB/s, eta 4.1 min
### 23:14:46 2585728/5394088 b64 chars, 11.2 KB/s, eta 4.1 min
### 23:14:48 2611328/5394088 b64 chars, 11.2 KB/s, eta 4.1 min
### 23:14:50 2636928/5394088 b64 chars, 11.2 KB/s, eta 4.0 min
### 23:14:53 2662528/5394088 b64 chars, 11.2 KB/s, eta 4.0 min
### 23:14:55 2688128/5394088 b64 chars, 11.2 KB/s, eta 3.9 min
### 23:14:57 2713728/5394088 b64 chars, 11.2 KB/s, eta 3.9 min
### 23:14:59 2739328/5394088 b64 chars, 11.2 KB/s, eta 3.9 min
### 23:15:02 2764928/5394088 b64 chars, 11.2 KB/s, eta 3.8 min
### 23:15:04 2790528/5394088 b64 chars, 11.2 KB/s, eta 3.8 min
### 23:15:06 2816128/5394088 b64 chars, 11.2 KB/s, eta 3.8 min
### 23:15:08 2841728/5394088 b64 chars, 11.2 KB/s, eta 3.7 min
### 23:15:11 2867328/5394088 b64 chars, 11.2 KB/s, eta 3.7 min
### 23:15:13 2892928/5394088 b64 chars, 11.2 KB/s, eta 3.6 min
### 23:15:15 2918528/5394088 b64 chars, 11.2 KB/s, eta 3.6 min
### 23:15:17 2944128/5394088 b64 chars, 11.2 KB/s, eta 3.6 min
### 23:15:19 2969728/5394088 b64 chars, 11.2 KB/s, eta 3.5 min
### 23:15:22 2995328/5394088 b64 chars, 11.2 KB/s, eta 3.5 min
### 23:15:24 3020928/5394088 b64 chars, 11.2 KB/s, eta 3.5 min
### 23:15:26 3046528/5394088 b64 chars, 11.2 KB/s, eta 3.4 min
### 23:15:28 3072128/5394088 b64 chars, 11.2 KB/s, eta 3.4 min
### 23:15:31 3097728/5394088 b64 chars, 11.2 KB/s, eta 3.3 min
### 23:15:33 3123328/5394088 b64 chars, 11.2 KB/s, eta 3.3 min
### 23:15:35 3148928/5394088 b64 chars, 11.2 KB/s, eta 3.3 min
### 23:15:37 3174528/5394088 b64 chars, 11.2 KB/s, eta 3.2 min
### 23:15:40 3200128/5394088 b64 chars, 11.2 KB/s, eta 3.2 min
### 23:15:42 3225728/5394088 b64 chars, 11.2 KB/s, eta 3.2 min
### 23:15:44 3251328/5394088 b64 chars, 11.2 KB/s, eta 3.1 min
### 23:15:46 3276928/5394088 b64 chars, 11.2 KB/s, eta 3.1 min
### 23:15:49 3302528/5394088 b64 chars, 11.2 KB/s, eta 3.0 min
### 23:15:51 3328128/5394088 b64 chars, 11.2 KB/s, eta 3.0 min
### 23:15:53 3353728/5394088 b64 chars, 11.2 KB/s, eta 3.0 min
### 23:15:55 3379328/5394088 b64 chars, 11.2 KB/s, eta 2.9 min
### 23:15:58 3404928/5394088 b64 chars, 11.2 KB/s, eta 2.9 min
### 23:16:00 3430528/5394088 b64 chars, 11.2 KB/s, eta 2.9 min
### 23:16:02 3456128/5394088 b64 chars, 11.2 KB/s, eta 2.8 min
### 23:16:04 3481728/5394088 b64 chars, 11.2 KB/s, eta 2.8 min
### 23:16:07 3507328/5394088 b64 chars, 11.2 KB/s, eta 2.8 min
### 23:16:09 3532928/5394088 b64 chars, 11.2 KB/s, eta 2.7 min
### 23:16:11 3558528/5394088 b64 chars, 11.2 KB/s, eta 2.7 min
### 23:16:13 3584128/5394088 b64 chars, 11.2 KB/s, eta 2.6 min
### 23:16:15 3609728/5394088 b64 chars, 11.2 KB/s, eta 2.6 min
### 23:16:18 3635328/5394088 b64 chars, 11.2 KB/s, eta 2.6 min
### 23:16:20 3660928/5394088 b64 chars, 11.2 KB/s, eta 2.5 min
### 23:16:22 3686528/5394088 b64 chars, 11.2 KB/s, eta 2.5 min
### 23:16:24 3712128/5394088 b64 chars, 11.2 KB/s, eta 2.5 min
### 23:16:27 3737728/5394088 b64 chars, 11.2 KB/s, eta 2.4 min
### 23:16:29 3763328/5394088 b64 chars, 11.2 KB/s, eta 2.4 min
### 23:16:31 3788928/5394088 b64 chars, 11.2 KB/s, eta 2.3 min
### 23:16:33 3814528/5394088 b64 chars, 11.2 KB/s, eta 2.3 min
### 23:16:36 3840128/5394088 b64 chars, 11.2 KB/s, eta 2.3 min
### 23:16:38 3865728/5394088 b64 chars, 11.2 KB/s, eta 2.2 min
### 23:16:40 3891328/5394088 b64 chars, 11.2 KB/s, eta 2.2 min
### 23:16:42 3916928/5394088 b64 chars, 11.2 KB/s, eta 2.2 min
### 23:16:45 3942528/5394088 b64 chars, 11.2 KB/s, eta 2.1 min
### 23:16:47 3968128/5394088 b64 chars, 11.2 KB/s, eta 2.1 min
### 23:16:49 3993728/5394088 b64 chars, 11.2 KB/s, eta 2.0 min
### 23:16:51 4019328/5394088 b64 chars, 11.2 KB/s, eta 2.0 min
### 23:16:54 4044928/5394088 b64 chars, 11.2 KB/s, eta 2.0 min
### 23:16:56 4070528/5394088 b64 chars, 11.2 KB/s, eta 1.9 min
### 23:16:58 4096128/5394088 b64 chars, 11.2 KB/s, eta 1.9 min
### 23:17:00 4121728/5394088 b64 chars, 11.2 KB/s, eta 1.9 min
### 23:17:03 4147328/5394088 b64 chars, 11.2 KB/s, eta 1.8 min
### 23:17:05 4172928/5394088 b64 chars, 11.2 KB/s, eta 1.8 min
### 23:17:07 4198528/5394088 b64 chars, 11.2 KB/s, eta 1.7 min
### 23:17:09 4224128/5394088 b64 chars, 11.2 KB/s, eta 1.7 min
### 23:17:11 4249728/5394088 b64 chars, 11.2 KB/s, eta 1.7 min
### 23:17:14 4275328/5394088 b64 chars, 11.2 KB/s, eta 1.6 min
### 23:17:16 4300928/5394088 b64 chars, 11.2 KB/s, eta 1.6 min
### 23:17:18 4326528/5394088 b64 chars, 11.2 KB/s, eta 1.6 min
### 23:17:20 4352128/5394088 b64 chars, 11.2 KB/s, eta 1.5 min
### 23:17:23 4377728/5394088 b64 chars, 11.2 KB/s, eta 1.5 min
### 23:17:25 4403328/5394088 b64 chars, 11.2 KB/s, eta 1.4 min
### 23:17:27 4428928/5394088 b64 chars, 11.2 KB/s, eta 1.4 min
### 23:17:29 4454528/5394088 b64 chars, 11.2 KB/s, eta 1.4 min
### 23:17:32 4480128/5394088 b64 chars, 11.2 KB/s, eta 1.3 min
### 23:17:34 4505728/5394088 b64 chars, 11.2 KB/s, eta 1.3 min
### 23:17:36 4531328/5394088 b64 chars, 11.2 KB/s, eta 1.3 min
### 23:17:38 4556928/5394088 b64 chars, 11.2 KB/s, eta 1.2 min
### 23:17:41 4582528/5394088 b64 chars, 11.2 KB/s, eta 1.2 min
### 23:17:43 4608128/5394088 b64 chars, 11.2 KB/s, eta 1.1 min
### 23:17:45 4633728/5394088 b64 chars, 11.2 KB/s, eta 1.1 min
### 23:17:47 4659328/5394088 b64 chars, 11.2 KB/s, eta 1.1 min
### 23:17:50 4684928/5394088 b64 chars, 11.2 KB/s, eta 1.0 min
### 23:17:52 4710528/5394088 b64 chars, 11.2 KB/s, eta 1.0 min
### 23:17:54 4736128/5394088 b64 chars, 11.2 KB/s, eta 1.0 min
### 23:17:56 4761728/5394088 b64 chars, 11.2 KB/s, eta 0.9 min
### 23:17:58 4787328/5394088 b64 chars, 11.2 KB/s, eta 0.9 min
### 23:18:01 4812928/5394088 b64 chars, 11.2 KB/s, eta 0.8 min
### 23:18:03 4838528/5394088 b64 chars, 11.2 KB/s, eta 0.8 min
### 23:18:05 4864128/5394088 b64 chars, 11.2 KB/s, eta 0.8 min
### 23:18:07 4889728/5394088 b64 chars, 11.2 KB/s, eta 0.7 min
### 23:18:10 4915328/5394088 b64 chars, 11.2 KB/s, eta 0.7 min
### 23:18:12 4940928/5394088 b64 chars, 11.2 KB/s, eta 0.7 min
### 23:18:14 4966528/5394088 b64 chars, 11.2 KB/s, eta 0.6 min
### 23:18:16 4992128/5394088 b64 chars, 11.2 KB/s, eta 0.6 min
### 23:18:19 5017728/5394088 b64 chars, 11.2 KB/s, eta 0.5 min
### 23:18:21 5043328/5394088 b64 chars, 11.2 KB/s, eta 0.5 min
### 23:18:23 5068928/5394088 b64 chars, 11.2 KB/s, eta 0.5 min
### 23:18:25 5094528/5394088 b64 chars, 11.2 KB/s, eta 0.4 min
### 23:18:28 5120128/5394088 b64 chars, 11.2 KB/s, eta 0.4 min
### 23:18:30 5145728/5394088 b64 chars, 11.2 KB/s, eta 0.4 min
### 23:18:32 5171328/5394088 b64 chars, 11.2 KB/s, eta 0.3 min
### 23:18:34 5196928/5394088 b64 chars, 11.2 KB/s, eta 0.3 min
### 23:18:37 5222528/5394088 b64 chars, 11.2 KB/s, eta 0.3 min
### 23:18:39 5248128/5394088 b64 chars, 11.2 KB/s, eta 0.2 min
### 23:18:41 5273728/5394088 b64 chars, 11.2 KB/s, eta 0.2 min
### 23:18:43 5299328/5394088 b64 chars, 11.2 KB/s, eta 0.1 min
### 23:18:46 5324928/5394088 b64 chars, 11.2 KB/s, eta 0.1 min
### 23:18:48 5350528/5394088 b64 chars, 11.2 KB/s, eta 0.1 min
### 23:18:50 5376128/5394088 b64 chars, 11.2 KB/s, eta 0.0 min
### 23:18:53 stream finished in 473s
__R934063__=0
~ # sha256sum /root/xv6run/pipe.bit.bin; echo __R934568__=$?
5f97d4abf2778c1a443a1df0932527e415a01dd1a63e82c0c1b4875373d1b460  /root/xv6run/pipe.bit.bin
__R934568__=0
~ # ### 23:18:55 sha256 verified on the board: 5f97d4abf2778c1a443a1df0932527e415a01dd1a63e82c0c1b4875373d1b460
### 23:18:55 SEND_OK /root/xv6run/pipe.bit.bin 4045564 bytes in 473s (8.4 KB/s)
### 23:18:55 fesvr-teaching-static -> /root/xv6run/fesvr-teaching-static: 1806656 bytes, sha256 c050eab30f80a21a
mkdir -p $(dirname /root/xv6run/fesvr-teaching-static); echo __R935130__=$?
__R935130__=0
~ # stty -echo ixoff; echo __R935640__=$?
__R935640__=0
~ # ### 23:18:56 128/2408876 b64 chars, 10.5 KB/s, eta 3.7 min
### 23:18:58 25728/2408876 b64 chars, 11.2 KB/s, eta 3.5 min
### 23:19:01 51328/2408876 b64 chars, 11.2 KB/s, eta 3.4 min
### 23:19:03 76928/2408876 b64 chars, 11.2 KB/s, eta 3.4 min
### 23:19:05 102528/2408876 b64 chars, 11.2 KB/s, eta 3.4 min
### 23:19:07 128128/2408876 b64 chars, 11.2 KB/s, eta 3.3 min
### 23:19:10 153728/2408876 b64 chars, 11.2 KB/s, eta 3.3 min
### 23:19:12 179328/2408876 b64 chars, 11.2 KB/s, eta 3.3 min
### 23:19:14 204928/2408876 b64 chars, 11.2 KB/s, eta 3.2 min
### 23:19:16 230528/2408876 b64 chars, 11.2 KB/s, eta 3.2 min
### 23:19:19 256128/2408876 b64 chars, 11.2 KB/s, eta 3.1 min
### 23:19:21 281728/2408876 b64 chars, 11.2 KB/s, eta 3.1 min
### 23:19:23 307328/2408876 b64 chars, 11.2 KB/s, eta 3.1 min
### 23:19:25 332928/2408876 b64 chars, 11.2 KB/s, eta 3.0 min
### 23:19:28 358528/2408876 b64 chars, 11.2 KB/s, eta 3.0 min
### 23:19:30 384128/2408876 b64 chars, 11.2 KB/s, eta 3.0 min
### 23:19:32 409728/2408876 b64 chars, 11.2 KB/s, eta 2.9 min
### 23:19:34 435328/2408876 b64 chars, 11.2 KB/s, eta 2.9 min
### 23:19:36 460928/2408876 b64 chars, 11.2 KB/s, eta 2.8 min
### 23:19:39 486528/2408876 b64 chars, 11.2 KB/s, eta 2.8 min
### 23:19:41 512128/2408876 b64 chars, 11.2 KB/s, eta 2.8 min
### 23:19:43 537728/2408876 b64 chars, 11.2 KB/s, eta 2.7 min
### 23:19:45 563328/2408876 b64 chars, 11.2 KB/s, eta 2.7 min
### 23:19:48 588928/2408876 b64 chars, 11.2 KB/s, eta 2.7 min
### 23:19:50 614528/2408876 b64 chars, 11.2 KB/s, eta 2.6 min
### 23:19:52 640128/2408876 b64 chars, 11.2 KB/s, eta 2.6 min
### 23:19:54 665728/2408876 b64 chars, 11.2 KB/s, eta 2.5 min
### 23:19:57 691328/2408876 b64 chars, 11.2 KB/s, eta 2.5 min
### 23:19:59 716928/2408876 b64 chars, 11.2 KB/s, eta 2.5 min
### 23:20:01 742528/2408876 b64 chars, 11.2 KB/s, eta 2.4 min
### 23:20:03 768128/2408876 b64 chars, 11.2 KB/s, eta 2.4 min
### 23:20:06 793728/2408876 b64 chars, 11.2 KB/s, eta 2.4 min
### 23:20:08 819328/2408876 b64 chars, 11.2 KB/s, eta 2.3 min
### 23:20:10 844928/2408876 b64 chars, 11.2 KB/s, eta 2.3 min
### 23:20:12 870528/2408876 b64 chars, 11.2 KB/s, eta 2.2 min
### 23:20:15 896128/2408876 b64 chars, 11.2 KB/s, eta 2.2 min
### 23:20:17 921728/2408876 b64 chars, 11.2 KB/s, eta 2.2 min
### 23:20:19 947328/2408876 b64 chars, 11.2 KB/s, eta 2.1 min
### 23:20:21 972928/2408876 b64 chars, 11.2 KB/s, eta 2.1 min
### 23:20:23 998528/2408876 b64 chars, 11.2 KB/s, eta 2.1 min
### 23:20:26 1024128/2408876 b64 chars, 11.2 KB/s, eta 2.0 min
### 23:20:28 1049728/2408876 b64 chars, 11.2 KB/s, eta 2.0 min
### 23:20:30 1075328/2408876 b64 chars, 11.2 KB/s, eta 1.9 min
### 23:20:32 1100928/2408876 b64 chars, 11.2 KB/s, eta 1.9 min
### 23:20:35 1126528/2408876 b64 chars, 11.2 KB/s, eta 1.9 min
### 23:20:37 1152128/2408876 b64 chars, 11.2 KB/s, eta 1.8 min
### 23:20:39 1177728/2408876 b64 chars, 11.2 KB/s, eta 1.8 min
### 23:20:41 1203328/2408876 b64 chars, 11.2 KB/s, eta 1.8 min
### 23:20:44 1228928/2408876 b64 chars, 11.2 KB/s, eta 1.7 min
### 23:20:46 1254528/2408876 b64 chars, 11.2 KB/s, eta 1.7 min
### 23:20:48 1280128/2408876 b64 chars, 11.2 KB/s, eta 1.6 min
### 23:20:50 1305728/2408876 b64 chars, 11.2 KB/s, eta 1.6 min
### 23:20:53 1331328/2408876 b64 chars, 11.2 KB/s, eta 1.6 min
### 23:20:55 1356928/2408876 b64 chars, 11.2 KB/s, eta 1.5 min
### 23:20:57 1382528/2408876 b64 chars, 11.2 KB/s, eta 1.5 min
### 23:20:59 1408128/2408876 b64 chars, 11.2 KB/s, eta 1.5 min
### 23:21:02 1433728/2408876 b64 chars, 11.2 KB/s, eta 1.4 min
### 23:21:04 1459328/2408876 b64 chars, 11.2 KB/s, eta 1.4 min
### 23:21:06 1484928/2408876 b64 chars, 11.2 KB/s, eta 1.3 min
### 23:21:08 1510528/2408876 b64 chars, 11.2 KB/s, eta 1.3 min
### 23:21:11 1536128/2408876 b64 chars, 11.2 KB/s, eta 1.3 min
### 23:21:13 1561728/2408876 b64 chars, 11.2 KB/s, eta 1.2 min
### 23:21:15 1587328/2408876 b64 chars, 11.2 KB/s, eta 1.2 min
### 23:21:17 1612928/2408876 b64 chars, 11.2 KB/s, eta 1.2 min
### 23:21:19 1638528/2408876 b64 chars, 11.2 KB/s, eta 1.1 min
### 23:21:22 1664128/2408876 b64 chars, 11.2 KB/s, eta 1.1 min
### 23:21:24 1689728/2408876 b64 chars, 11.2 KB/s, eta 1.0 min
### 23:21:26 1715328/2408876 b64 chars, 11.2 KB/s, eta 1.0 min
### 23:21:28 1740928/2408876 b64 chars, 11.2 KB/s, eta 1.0 min
### 23:21:31 1766528/2408876 b64 chars, 11.2 KB/s, eta 0.9 min
### 23:21:33 1792128/2408876 b64 chars, 11.2 KB/s, eta 0.9 min
### 23:21:35 1817728/2408876 b64 chars, 11.2 KB/s, eta 0.9 min
### 23:21:37 1843328/2408876 b64 chars, 11.2 KB/s, eta 0.8 min
### 23:21:40 1868928/2408876 b64 chars, 11.2 KB/s, eta 0.8 min
### 23:21:42 1894528/2408876 b64 chars, 11.2 KB/s, eta 0.7 min
### 23:21:44 1920128/2408876 b64 chars, 11.2 KB/s, eta 0.7 min
### 23:21:46 1945728/2408876 b64 chars, 11.2 KB/s, eta 0.7 min
### 23:21:49 1971328/2408876 b64 chars, 11.2 KB/s, eta 0.6 min
### 23:21:51 1996928/2408876 b64 chars, 11.2 KB/s, eta 0.6 min
### 23:21:53 2022528/2408876 b64 chars, 11.2 KB/s, eta 0.6 min
### 23:21:55 2048128/2408876 b64 chars, 11.2 KB/s, eta 0.5 min
### 23:21:58 2073728/2408876 b64 chars, 11.2 KB/s, eta 0.5 min
### 23:22:00 2099328/2408876 b64 chars, 11.2 KB/s, eta 0.5 min
### 23:22:02 2124928/2408876 b64 chars, 11.2 KB/s, eta 0.4 min
### 23:22:04 2150528/2408876 b64 chars, 11.2 KB/s, eta 0.4 min
### 23:22:07 2176128/2408876 b64 chars, 11.2 KB/s, eta 0.3 min
### 23:22:09 2201728/2408876 b64 chars, 11.2 KB/s, eta 0.3 min
### 23:22:11 2227328/2408876 b64 chars, 11.2 KB/s, eta 0.3 min
### 23:22:13 2252928/2408876 b64 chars, 11.2 KB/s, eta 0.2 min
### 23:22:15 2278528/2408876 b64 chars, 11.2 KB/s, eta 0.2 min
### 23:22:18 2304128/2408876 b64 chars, 11.2 KB/s, eta 0.2 min
### 23:22:20 2329728/2408876 b64 chars, 11.2 KB/s, eta 0.1 min
### 23:22:22 2355328/2408876 b64 chars, 11.2 KB/s, eta 0.1 min
### 23:22:24 2380928/2408876 b64 chars, 11.2 KB/s, eta 0.0 min
### 23:22:27 2406528/2408876 b64 chars, 11.2 KB/s, eta 0.0 min
### 23:22:28 stream finished in 212s
__R149366__=0
~ # sha256sum /root/xv6run/fesvr-teaching-static; echo __R149871__=$?
c050eab30f80a21a7c92c8688faa2f043c67aa2900fbc08b80f3dd8de2ba1fb9  /root/xv6run/fesvr-teaching-static
__R149871__=0
~ # ### 23:22:30 sha256 verified on the board: c050eab30f80a21a7c92c8688faa2f043c67aa2900fbc08b80f3dd8de2ba1fb9
### 23:22:30 SEND_OK /root/xv6run/fesvr-teaching-static 1806656 bytes in 212s (8.3 KB/s)
### 23:22:30 boot01_marker.elf -> /root/xv6run/boot01_marker.elf: 5600 bytes, sha256 69ca91994567a44f
mkdir -p $(dirname /root/xv6run/boot01_marker.elf); echo __R150425__=$?
__R150425__=0
~ # stty -echo ixoff; echo __R150932__=$?
__R150932__=0
~ # ### 23:22:31 128/7468 b64 chars, 10.6 KB/s, eta 0.0 min
### 23:22:33 stream finished in 2s
__R154597__=0
~ # sha256sum /root/xv6run/boot01_marker.elf; echo __R155103__=$?
69ca91994567a44f9afb0303013bb8412eb6142749c28b631000e92156da61a2  /root/xv6run/boot01_marker.elf
__R155103__=0
~ # ### 23:22:35 sha256 verified on the board: 69ca91994567a44f9afb0303013bb8412eb6142749c28b631000e92156da61a2
### 23:22:35 SEND_OK /root/xv6run/boot01_marker.elf 5600 bytes in 2s (3.3 KB/s)
### 23:22:35 boot02_clint.elf -> /root/xv6run/boot02_clint.elf: 6824 bytes, sha256 0c4ebbb7648a34c0
mkdir -p $(dirname /root/xv6run/boot02_clint.elf); echo __R155690__=$?
__R155690__=0
~ # stty -echo ixoff; echo __R156200__=$?
__R156200__=0
~ # ### 23:22:37 128/9100 b64 chars, 10.6 KB/s, eta 0.0 min
### 23:22:39 stream finished in 2s
__R160008__=0
~ # sha256sum /root/xv6run/boot02_clint.elf; echo __R160513__=$?
0c4ebbb7648a34c013bbf77b0c7a5f03f901993fbe0e690732c46f15f8fb2c0f  /root/xv6run/boot02_clint.elf
__R160513__=0
~ # ### 23:22:41 sha256 verified on the board: 0c4ebbb7648a34c013bbf77b0c7a5f03f901993fbe0e690732c46f15f8fb2c0f
### 23:22:41 SEND_OK /root/xv6run/boot02_clint.elf 6824 bytes in 2s (3.7 KB/s)
### 23:22:41 boot03_ddr.elf -> /root/xv6run/boot03_ddr.elf: 7384 bytes, sha256 3089c7e72514eded
mkdir -p $(dirname /root/xv6run/boot03_ddr.elf); echo __R161066__=$?
__R161066__=0
~ # stty -echo ixoff; echo __R161575__=$?
__R161575__=0
~ # ### 23:22:42 128/9848 b64 chars, 10.6 KB/s, eta 0.0 min
### 23:22:44 stream finished in 2s
__R165447__=0
~ # sha256sum /root/xv6run/boot03_ddr.elf; echo __R165954__=$?
3089c7e72514eded26b80b02f9dcd57c0ee74609ca42803dd800e360daff39d0  /root/xv6run/boot03_ddr.elf
__R165954__=0
~ # ### 23:22:46 sha256 verified on the board: 3089c7e72514eded26b80b02f9dcd57c0ee74609ca42803dd800e360daff39d0
### 23:22:46 SEND_OK /root/xv6run/boot03_ddr.elf 7384 bytes in 2s (3.9 KB/s)
### 23:22:46 boot04_badaddr.elf -> /root/xv6run/boot04_badaddr.elf: 6536 bytes, sha256 fc3b16962f69e53a
mkdir -p $(dirname /root/xv6run/boot04_badaddr.elf); echo __R166506__=$?
__R166506__=0
~ # stty -echo ixoff; echo __R167014__=$?
__R167014__=0
~ # ### 23:22:48 128/8716 b64 chars, 10.6 KB/s, eta 0.0 min
### 23:22:49 stream finished in 2s
__R170788__=0
~ # sha256sum /root/xv6run/boot04_badaddr.elf; echo __R171292__=$?
fc3b16962f69e53abfa37a30ddd1490091926a47f4dda1c16fa04e37ea592380  /root/xv6run/boot04_badaddr.elf
__R171292__=0
~ # ### 23:22:51 sha256 verified on the board: fc3b16962f69e53abfa37a30ddd1490091926a47f4dda1c16fa04e37ea592380
### 23:22:51 SEND_OK /root/xv6run/boot04_badaddr.elf 6536 bytes in 2s (3.6 KB/s)
### 23:22:51 ext01_m.elf -> /root/xv6run/ext01_m.elf: 5880 bytes, sha256 b57e1b63d9d29688
mkdir -p $(dirname /root/xv6run/ext01_m.elf); echo __R171847__=$?
__R171847__=0
~ # stty -echo ixoff; echo __R172354__=$?
__R172354__=0
~ # ### 23:22:53 128/7840 b64 chars, 10.6 KB/s, eta 0.0 min
### 23:22:55 stream finished in 2s
__R176052__=0
~ # sha256sum /root/xv6run/ext01_m.elf; echo __R176558__=$?
b57e1b63d9d29688fd9ce3a04390d5eddf26edc6007e78fd6314da5df11d07e4  /root/xv6run/ext01_m.elf
__R176558__=0
~ # ### 23:22:57 sha256 verified on the board: b57e1b63d9d29688fd9ce3a04390d5eddf26edc6007e78fd6314da5df11d07e4
### 23:22:57 SEND_OK /root/xv6run/ext01_m.elf 5880 bytes in 2s (3.4 KB/s)
### 23:22:57 ext02_c.elf -> /root/xv6run/ext02_c.elf: 5776 bytes, sha256 f8f9f75e2134c084
mkdir -p $(dirname /root/xv6run/ext02_c.elf); echo __R177110__=$?
__R177110__=0
~ # stty -echo ixoff; echo __R177618__=$?
__R177618__=0
~ # ### 23:22:58 128/7704 b64 chars, 10.6 KB/s, eta 0.0 min
### 23:23:00 stream finished in 2s
__R181304__=0
~ # sha256sum /root/xv6run/ext02_c.elf; echo __R181810__=$?
f8f9f75e2134c084f53561efd77ae77e8ed05f6eeaf752b52b2ff86a9711abd6  /root/xv6run/ext02_c.elf
__R181810__=0
~ # ### 23:23:02 sha256 verified on the board: f8f9f75e2134c084f53561efd77ae77e8ed05f6eeaf752b52b2ff86a9711abd6
### 23:23:02 SEND_OK /root/xv6run/ext02_c.elf 5776 bytes in 2s (3.4 KB/s)
### 23:23:02 ext03_a.elf -> /root/xv6run/ext03_a.elf: 6048 bytes, sha256 3d1cda4b1d6af6f8
mkdir -p $(dirname /root/xv6run/ext03_a.elf); echo __R182362__=$?
__R182362__=0
~ # stty -echo ixoff; echo __R182868__=$?
__R182868__=0
~ # ### 23:23:03 128/8064 b64 chars, 10.6 KB/s, eta 0.0 min
### 23:23:05 stream finished in 2s
__R186586__=0
~ # sha256sum /root/xv6run/ext03_a.elf; echo __R187091__=$?
3d1cda4b1d6af6f8a8a3fe3a97277bfc01714a77ad4901993ca36c6addaf8ced  /root/xv6run/ext03_a.elf
__R187091__=0
~ # ### 23:23:07 sha256 verified on the board: 3d1cda4b1d6af6f8a8a3fe3a97277bfc01714a77ad4901993ca36c6addaf8ced
### 23:23:07 SEND_OK /root/xv6run/ext03_a.elf 6048 bytes in 2s (3.5 KB/s)
### 23:23:07 ext04_sv39.elf -> /root/xv6run/ext04_sv39.elf: 13912 bytes, sha256 0251f1512a16cf6b
mkdir -p $(dirname /root/xv6run/ext04_sv39.elf); echo __R187644__=$?
__R187644__=0
~ # stty -echo ixoff; echo __R188152__=$?
__R188152__=0
~ # ### 23:23:09 128/18552 b64 chars, 10.6 KB/s, eta 0.0 min
### 23:23:11 stream finished in 3s
__R192786__=0
~ # sha256sum /root/xv6run/ext04_sv39.elf; echo __R193291__=$?
0251f1512a16cf6b9c3bf2ad98663105a82b5ce304642378a94cc3dc0bf50023  /root/xv6run/ext04_sv39.elf
__R193291__=0
~ # ### 23:23:13 sha256 verified on the board: 0251f1512a16cf6b9c3bf2ad98663105a82b5ce304642378a94cc3dc0bf50023
### 23:23:13 SEND_OK /root/xv6run/ext04_sv39.elf 13912 bytes in 3s (5.2 KB/s)
### 23:23:13 perf02_sv39.elf -> /root/xv6run/perf02_sv39.elf: 26584 bytes, sha256 bc6185566c5de9da
mkdir -p $(dirname /root/xv6run/perf02_sv39.elf); echo __R193846__=$?
__R193846__=0
~ # stty -echo ixoff; echo __R194354__=$?
__R194354__=0
~ # ### 23:23:15 128/35448 b64 chars, 10.5 KB/s, eta 0.1 min
### 23:23:17 25728/35448 b64 chars, 11.2 KB/s, eta 0.0 min
### 23:23:19 stream finished in 4s
__R200466__=0
~ # sha256sum /root/xv6run/perf02_sv39.elf; echo __R200970__=$?
bc6185566c5de9da7a4dbce1942262dbeb68b1c8e556ac8f72f15fc1465596ab  /root/xv6run/perf02_sv39.elf
__R200970__=0
~ # ### 23:23:21 sha256 verified on the board: bc6185566c5de9da7a4dbce1942262dbeb68b1c8e556ac8f72f15fc1465596ab
### 23:23:21 SEND_OK /root/xv6run/perf02_sv39.elf 26584 bytes in 4s (6.3 KB/s)
### 23:23:21 perf03_fetch.elf -> /root/xv6run/perf03_fetch.elf: 6480 bytes, sha256 6498f89970d429e9
mkdir -p $(dirname /root/xv6run/perf03_fetch.elf); echo __R201524__=$?
__R201524__=0
~ # stty -echo ixoff; echo __R202031__=$?
__R202031__=0
~ # ### 23:23:23 128/8640 b64 chars, 10.5 KB/s, eta 0.0 min
### 23:23:24 stream finished in 2s
__R205800__=0
~ # sha256sum /root/xv6run/perf03_fetch.elf; echo __R206306__=$?
6498f89970d429e92a944036d91b20801410be8b14df88f7f59d6512efff05b5  /root/xv6run/perf03_fetch.elf
__R206306__=0
~ # ### 23:23:26 sha256 verified on the board: 6498f89970d429e92a944036d91b20801410be8b14df88f7f59d6512efff05b5
### 23:23:26 SEND_OK /root/xv6run/perf03_fetch.elf 6480 bytes in 2s (3.6 KB/s)
### 23:23:26 perf04_where.elf -> /root/xv6run/perf04_where.elf: 6408 bytes, sha256 235f2318149ed206
mkdir -p $(dirname /root/xv6run/perf04_where.elf); echo __R206859__=$?
__R206859__=0
~ # stty -echo ixoff; echo __R207366__=$?
__R207366__=0
~ # ### 23:23:28 128/8544 b64 chars, 10.5 KB/s, eta 0.0 min
### 23:23:30 stream finished in 2s
__R211125__=0
~ # sha256sum /root/xv6run/perf04_where.elf; echo __R211630__=$?
235f2318149ed2064904c92d4cab6849115d576fe80f478eea603e77c067315d  /root/xv6run/perf04_where.elf
__R211630__=0
~ # ### 23:23:32 sha256 verified on the board: 235f2318149ed2064904c92d4cab6849115d576fe80f478eea603e77c067315d
### 23:23:32 SEND_OK /root/xv6run/perf04_where.elf 6408 bytes in 2s (3.6 KB/s)
### 23:23:32 perf06_iws.elf -> /root/xv6run/perf06_iws.elf: 10904 bytes, sha256 e6be12db60bd7668
mkdir -p $(dirname /root/xv6run/perf06_iws.elf); echo __R212184__=$?
__R212184__=0
~ # stty -echo ixoff; echo __R212691__=$?
__R212691__=0
~ # ### 23:23:33 128/14540 b64 chars, 10.5 KB/s, eta 0.0 min
### 23:23:35 stream finished in 2s
__R216975__=0
~ # sha256sum /root/xv6run/perf06_iws.elf; echo __R217479__=$?
e6be12db60bd76683f9c5286c759316466cc68c4e79eac9e3d1a3985ccb8d64a  /root/xv6run/perf06_iws.elf
__R217479__=0
~ # ### 23:23:37 sha256 verified on the board: e6be12db60bd76683f9c5286c759316466cc68c4e79eac9e3d1a3985ccb8d64a
### 23:23:37 SEND_OK /root/xv6run/perf06_iws.elf 10904 bytes in 2s (4.7 KB/s)
### 23:23:38 freq_spin_short.elf -> /root/xv6run/freq_spin_short.elf: 5896 bytes, sha256 4d8c3d4402414b72
mkdir -p $(dirname /root/xv6run/freq_spin_short.elf); echo __R218080__=$?
__R218080__=0
~ # stty -echo ixoff; echo __R218590__=$?
__R218590__=0
~ # ### 23:23:39 128/7864 b64 chars, 10.5 KB/s, eta 0.0 min
### 23:23:41 stream finished in 2s
__R222290__=0
~ # sha256sum /root/xv6run/freq_spin_short.elf; echo __R222796__=$?
4d8c3d4402414b72075af19bfb44522d3544cd7786a294c38426891c2f30882c  /root/xv6run/freq_spin_short.elf
__R222796__=0
~ # ### 23:23:43 sha256 verified on the board: 4d8c3d4402414b72075af19bfb44522d3544cd7786a294c38426891c2f30882c
### 23:23:43 SEND_OK /root/xv6run/freq_spin_short.elf 5896 bytes in 2s (3.4 KB/s)
### 23:23:43 freq_spin_long.elf -> /root/xv6run/freq_spin_long.elf: 5896 bytes, sha256 662702ec89d9a3c6
mkdir -p $(dirname /root/xv6run/freq_spin_long.elf); echo __R223349__=$?
__R223349__=0
~ # stty -echo ixoff; echo __R223858__=$?
__R223858__=0
~ # ### 23:23:44 128/7864 b64 chars, 10.5 KB/s, eta 0.0 min
### 23:23:46 stream finished in 2s
__R227556__=0
~ # sha256sum /root/xv6run/freq_spin_long.elf; echo __R228061__=$?
662702ec89d9a3c645376fb481b11b9d0539b5e9e08743a40ec8a877afb8e8e7  /root/xv6run/freq_spin_long.elf
__R228061__=0
~ # ### 23:23:48 sha256 verified on the board: 662702ec89d9a3c645376fb481b11b9d0539b5e9e08743a40ec8a877afb8e8e7
### 23:23:48 SEND_OK /root/xv6run/freq_spin_long.elf 5896 bytes in 2s (3.4 KB/s)
