Copyright 1986-2022 Xilinx, Inc. All Rights Reserved. Copyright 2022-2026 Advanced Micro Devices, Inc. All Rights Reserved.
--------------------------------------------------------------------------------------------------------------------------------------------------------------------------------
| Tool Version : Vivado v.2025.2.1 (lin64) Build 6403652 Thu Mar 19 13:47:00 MDT 2026
| Date         : Wed Sep 30 05:41:40 2026
| Host         : ubuntu running 64-bit Ubuntu 24.04.2 LTS
| Command      : report_utilization -hierarchical -file /home/engineer/fpga/worktrees/pipe-dual/experiments/pipeline/p4b/runs/attempt-1/reports/post_route_utilization_hier.rpt
| Design       : rocketchip_wrapper
| Device       : xc7z020clg400-1
| Speed File   : -1
| Design State : Routed
--------------------------------------------------------------------------------------------------------------------------------------------------------------------------------

Utilization Design Information

Table of Contents
-----------------
1. Utilization by Hierarchy

1. Utilization by Hierarchy
---------------------------

+-----------------------------------------------------+----------------------------------------------------------------------------------------------------+------------+------------+---------+------+-------+--------+--------+------------+
|                       Instance                      |                                               Module                                               | Total LUTs | Logic LUTs | LUTRAMs | SRLs |  FFs  | RAMB36 | RAMB18 | DSP Blocks |
+-----------------------------------------------------+----------------------------------------------------------------------------------------------------+------------+------------+---------+------+-------+--------+--------+------------+
| rocketchip_wrapper                                  |                                                                                              (top) |      29490 |      28227 |    1262 |    1 | 15481 |      0 |      0 |          0 |
|   (rocketchip_wrapper)                              |                                                                                              (top) |          0 |          0 |       0 |    0 |     0 |      0 |      0 |          0 |
|   system_i                                          |                                                                                             system |        203 |        188 |      14 |    1 |   325 |      0 |      0 |          0 |
|     axi_interconnect_1                              |                                                                        system_axi_interconnect_1_0 |        186 |        172 |      14 |    0 |   292 |      0 |      0 |          0 |
|       s00_couplers                                  |                                                                            s00_couplers_imp_8CNLH6 |        186 |        172 |      14 |    0 |   292 |      0 |      0 |          0 |
|         auto_pc                                     |                                                            system_axi_interconnect_1_imp_auto_pc_0 |        186 |        172 |      14 |    0 |   292 |      0 |      0 |          0 |
|           inst                                      |      system_axi_interconnect_1_imp_auto_pc_0_axi_protocol_converter_v2_1_37_axi_protocol_converter |        186 |        172 |      14 |    0 |   292 |      0 |      0 |          0 |
|             gen_axi4_axi3.axi3_conv_inst            |                   system_axi_interconnect_1_imp_auto_pc_0_axi_protocol_converter_v2_1_37_axi3_conv |        186 |        172 |      14 |    0 |   292 |      0 |      0 |          0 |
|               (USE_READ.USE_SPLIT_R.read_addr_inst) | system_axi_interconnect_1_imp_auto_pc_0_axi_protocol_converter_v2_1_37_a_axi3_conv__parameterized0 |          8 |          8 |       0 |    0 |    63 |      0 |      0 |          0 |
|               USE_WRITE.write_addr_inst             |                 system_axi_interconnect_1_imp_auto_pc_0_axi_protocol_converter_v2_1_37_a_axi3_conv |        106 |         94 |      12 |    0 |   175 |      0 |      0 |          0 |
|                 (USE_WRITE.write_addr_inst)         |                 system_axi_interconnect_1_imp_auto_pc_0_axi_protocol_converter_v2_1_37_a_axi3_conv |         13 |         13 |       0 |    0 |    73 |      0 |      0 |          0 |
|                 USE_BURSTS.cmd_queue                |                            system_axi_interconnect_1_imp_auto_pc_0_axi_data_fifo_v2_1_36_axic_fifo |         53 |         45 |       8 |    0 |    56 |      0 |      0 |          0 |
|                   inst                              |                             system_axi_interconnect_1_imp_auto_pc_0_axi_data_fifo_v2_1_36_fifo_gen |         53 |         45 |       8 |    0 |    56 |      0 |      0 |          0 |
|                     fifo_gen_inst                   |                                    system_axi_interconnect_1_imp_auto_pc_0_fifo_generator_v13_2_14 |         34 |         26 |       8 |    0 |    56 |      0 |      0 |          0 |
|                       inst_fifo_gen                 |                              system_axi_interconnect_1_imp_auto_pc_0_fifo_generator_v13_2_14_synth |         34 |         26 |       8 |    0 |    56 |      0 |      0 |          0 |
|                         gconvfifo.rf                |                                         system_axi_interconnect_1_imp_auto_pc_0_fifo_generator_top |         34 |         26 |       8 |    0 |    56 |      0 |      0 |          0 |
|                           grf.rf                    |                                     system_axi_interconnect_1_imp_auto_pc_0_fifo_generator_ramfifo |         34 |         26 |       8 |    0 |    56 |      0 |      0 |          0 |
|   top                                               |                                                                                                Top |      29287 |      28039 |    1248 |    0 | 15156 |      0 |      0 |          0 |
|     teaching_board_top                              |                                                                                        RD2BoardTop |      29287 |      28039 |    1248 |    0 | 15156 |      0 |      0 |          0 |
|       adapter                                       |                                                                                     ZynqAdapterRD2 |        660 |        516 |     144 |    0 |   535 |      0 |      0 |          0 |
|         core                                        |                                                                                 ZynqAdapterRD2Core |        444 |        300 |     144 |    0 |   380 |      0 |      0 |          0 |
|           (core)                                    |                                                                                 ZynqAdapterRD2Core |          2 |          2 |       0 |    0 |    66 |      0 |      0 |          0 |
|           Queue                                     |                                                                                           Queue_90 |        132 |        132 |       0 |    0 |    61 |      0 |      0 |          0 |
|           bdev_serdes                               |                                                                                  BlockDeviceSerdes |        100 |        100 |       0 |    0 |   205 |      0 |      0 |          0 |
|         axi4frag                                    |                                                                                     AXI4Fragmenter |        203 |        203 |       0 |    0 |   155 |      0 |      0 |          0 |
|           (axi4frag)                                |                                                                                     AXI4Fragmenter |          0 |          0 |       0 |    0 |    52 |      0 |      0 |          0 |
|           Queue                                     |                                                                                           Queue_92 |         96 |         96 |       0 |    0 |    33 |      0 |      0 |          0 |
|           Queue_1                                   |                                                                                        Queue_92_87 |         80 |         80 |       0 |    0 |    33 |      0 |      0 |          0 |
|       target                                        |                                                                                         RD2ZynqTop |      28627 |      27523 |    1104 |    0 | 14621 |      0 |      0 |          0 |
|         (target)                                    |                                                                                         RD2ZynqTop |         75 |         75 |       0 |    0 |    53 |      0 |      0 |          0 |
|         backend                                     |                                                                                      AtomicBackend |       1116 |       1116 |       0 |    0 |   269 |      0 |      0 |          0 |
|           (backend)                                 |                                                                                      AtomicBackend |       1115 |       1115 |       0 |    0 |   263 |      0 |      0 |          0 |
|         bdevWatch                                   |                                                                                         RD2Watch_1 |         65 |         65 |       0 |    0 |    50 |      0 |      0 |          0 |
|         bh                                          |                                                                                        TLBroadcast |        557 |        365 |     192 |    0 |   225 |      0 |      0 |          0 |
|           TLBroadcastTracker_3                      |                                                                               TLBroadcastTracker_3 |        149 |        101 |      48 |    0 |    52 |      0 |      0 |          0 |
|             o_data                                  |                                                                                            Queue_8 |        139 |         91 |      48 |    0 |     7 |      0 |      0 |          0 |
|           TLBroadcastTracker                        |                                                                                 TLBroadcastTracker |        240 |        192 |      48 |    0 |    52 |      0 |      0 |          0 |
|             o_data                                  |                                                                                         Queue_8_81 |        225 |        177 |      48 |    0 |     7 |      0 |      0 |          0 |
|           TLBroadcastTracker_1                      |                                                                               TLBroadcastTracker_1 |         78 |         30 |      48 |    0 |    52 |      0 |      0 |          0 |
|             o_data                                  |                                                                                         Queue_8_80 |         68 |         20 |      48 |    0 |     7 |      0 |      0 |          0 |
|           TLBroadcastTracker_2                      |                                                                               TLBroadcastTracker_2 |         79 |         31 |      48 |    0 |    52 |      0 |      0 |          0 |
|             o_data                                  |                                                                                         Queue_8_79 |         67 |         19 |      48 |    0 |     7 |      0 |      0 |          0 |
|         bootrom                                     |                                                                                              TLROM |        309 |        309 |       0 |    0 |     0 |      0 |      0 |          0 |
|         clint                                       |                                                                                              CLINT |          2 |          2 |       0 |    0 |    64 |      0 |      0 |          0 |
|         controller                                  |                                                                           RD2BlockDeviceController |        519 |        515 |       4 |    0 |   453 |      0 |      0 |          0 |
|           frontend                                  |                                                                                BlockDeviceFrontend |         94 |         94 |       0 |    0 |   220 |      0 |      0 |          0 |
|             (frontend)                              |                                                                                BlockDeviceFrontend |          0 |          0 |       0 |    0 |   129 |      0 |      0 |          0 |
|             Queue                                   |                                                                                           Queue_80 |         94 |         94 |       0 |    0 |    91 |      0 |      0 |          0 |
|           trackers                                  |                                                                                 BlockDeviceTracker |        225 |        225 |       0 |    0 |   112 |      0 |      0 |          0 |
|           trackers_1                                |                                                                              BlockDeviceTracker_77 |        183 |        183 |       0 |    0 |   112 |      0 |      0 |          0 |
|         harts                                       |                                                                                       TeachingHart |      11083 |      10795 |     288 |    0 |  5855 |      0 |      0 |          0 |
|           bridge                                    |                                                                                     RD2BridgeV2_70 |        255 |        255 |       0 |    0 |   251 |      0 |      0 |          0 |
|           cpu                                       |                                                                                      TeachingCpuV2 |      10829 |      10541 |     288 |    0 |  5604 |      0 |      0 |          0 |
|             core                                    |                                                                                     tcpu_core_pipe |      10829 |      10541 |     288 |    0 |  5604 |      0 |      0 |          0 |
|               (core)                                |                                                                                     tcpu_core_pipe |       3334 |       3334 |       0 |    0 |  3381 |      0 |      0 |          0 |
|               csrfile                               |                                                                                           tcpu_csr |       1726 |       1726 |       0 |    0 |   848 |      0 |      0 |          0 |
|               g_md.muldiv                           |                                                                                     tcpu_muldiv_71 |       1696 |       1696 |       0 |    0 |   466 |      0 |      0 |          0 |
|               g_sv39.tlb                            |                                                                                       tcpu_tlb2_72 |        790 |        790 |       0 |    0 |   643 |      0 |      0 |          0 |
|               g_sv39.walk                           |                                                                                   tcpu_ptw_wrap_73 |        790 |        790 |       0 |    0 |   202 |      0 |      0 |          0 |
|                 (g_sv39.walk)                       |                                                                                   tcpu_ptw_wrap_73 |         99 |         99 |       0 |    0 |    32 |      0 |      0 |          0 |
|                 walker                              |                                                                                        tcpu_ptw_76 |        691 |        691 |       0 |    0 |   170 |      0 |      0 |          0 |
|               icache                                |                                                                                     tcpu_icache_74 |       2266 |       2066 |     200 |    0 |    64 |      0 |      0 |          0 |
|               rf                                    |                                                                                    tcpu_regfile_75 |        245 |        157 |      88 |    0 |     0 |      0 |      0 |          0 |
|         harts_1                                     |                                                                                     TeachingHart_1 |      10925 |      10637 |     288 |    0 |  5845 |      0 |      0 |          0 |
|           bridge                                    |                                                                                        RD2BridgeV2 |        327 |        327 |       0 |    0 |   243 |      0 |      0 |          0 |
|           cpu                                       |                                                                                    TeachingCpuV2_1 |      10598 |      10310 |     288 |    0 |  5602 |      0 |      0 |          0 |
|             core                                    |                                                                     tcpu_core_pipe__parameterized0 |      10598 |      10310 |     288 |    0 |  5602 |      0 |      0 |          0 |
|               (core)                                |                                                                     tcpu_core_pipe__parameterized0 |       3007 |       3007 |       0 |    0 |  3380 |      0 |      0 |          0 |
|               csrfile                               |                                                                           tcpu_csr__parameterized0 |       2034 |       2034 |       0 |    0 |   848 |      0 |      0 |          0 |
|               g_cdec.cdec                           |                                                                                       tcpu_cdecode |        104 |        104 |       0 |    0 |     0 |      0 |      0 |          0 |
|               g_md.muldiv                           |                                                                                        tcpu_muldiv |       1474 |       1474 |       0 |    0 |   465 |      0 |      0 |          0 |
|               g_sv39.tlb                            |                                                                                          tcpu_tlb2 |        799 |        799 |       0 |    0 |   643 |      0 |      0 |          0 |
|               g_sv39.walk                           |                                                                                      tcpu_ptw_wrap |        873 |        873 |       0 |    0 |   202 |      0 |      0 |          0 |
|                 (g_sv39.walk)                       |                                                                                      tcpu_ptw_wrap |         97 |         97 |       0 |    0 |    32 |      0 |      0 |          0 |
|                 walker                              |                                                                                           tcpu_ptw |        776 |        776 |       0 |    0 |   170 |      0 |      0 |          0 |
|               icache                                |                                                                                        tcpu_icache |       2098 |       1898 |     200 |    0 |    64 |      0 |      0 |          0 |
|               rf                                    |                                                                                       tcpu_regfile |        220 |        132 |      88 |    0 |     0 |      0 |      0 |          0 |
|         mbus                                        |                                                                                          MemoryBus |        486 |        486 |       0 |    0 |   730 |      0 |      0 |          0 |
|           (mbus)                                    |                                                                                          MemoryBus |         67 |         67 |       0 |    0 |     0 |      0 |      0 |          0 |
|           coupler_to_memory_controller_named_axi4   |                                                                                SimpleLazyModule_17 |        419 |        419 |       0 |    0 |   730 |      0 |      0 |          0 |
|             axi4yank                                |                                                                                     AXI4UserYanker |        190 |        190 |       0 |    0 |   576 |      0 |      0 |          0 |
|             tl2axi4                                 |                                                                                           TLToAXI4 |        229 |        229 |       0 |    0 |   154 |      0 |      0 |          0 |
|               Queue_1                               |                                                                                           Queue_77 |        175 |        175 |       0 |    0 |    43 |      0 |      0 |          0 |
|               Queue                                 |                                                                                           Queue_76 |         21 |         21 |       0 |    0 |    73 |      0 |      0 |          0 |
|         pbus                                        |                                                                                       PeripheryBus |       1501 |       1233 |     268 |    0 |   409 |      0 |      0 |          0 |
|           coupler_from_sbus                         |                                                                                 SimpleLazyModule_8 |        762 |        630 |     132 |    0 |   197 |      0 |      0 |          0 |
|             atomics                                 |                                                                                   TLAtomicAutomata |        443 |        443 |       0 |    0 |   191 |      0 |      0 |          0 |
|             buffer                                  |                                                                                       TLBuffer_6_4 |        319 |        187 |     132 |    0 |     6 |      0 |      0 |          0 |
|               Queue                                 |                                                                                          Queue_2_5 |        253 |        173 |      80 |    0 |     3 |      0 |      0 |          0 |
|               Queue_1                               |                                                                                          Queue_3_6 |         66 |         14 |      52 |    0 |     3 |      0 |      0 |          0 |
|           coupler_to_slave_named_debug              |                                                                                SimpleLazyModule_11 |         74 |         74 |       0 |    0 |    28 |      0 |      0 |          0 |
|             fragmenter                              |                                                                                     TLFragmenter_2 |         74 |         74 |       0 |    0 |    28 |      0 |      0 |          0 |
|               Repeater                              |                                                                                         Repeater_2 |         67 |         67 |       0 |    0 |    19 |      0 |      0 |          0 |
|           coupler_to_slave_named_rd2clint           |                                                                              SimpleLazyModule_10_1 |        121 |        121 |       0 |    0 |    32 |      0 |      0 |          0 |
|             fragmenter                              |                                                                                     TLFragmenter_1 |        121 |        121 |       0 |    0 |    32 |      0 |      0 |          0 |
|               Repeater                              |                                                                                         Repeater_1 |        121 |        121 |       0 |    0 |    23 |      0 |      0 |          0 |
|           periphery_bus_xbar                        |                                                                                           TLXbar_1 |        232 |        232 |       0 |    0 |    15 |      0 |      0 |          0 |
|           sync_xing                                 |                                                                                         TLBuffer_6 |        189 |         53 |     136 |    0 |     6 |      0 |      0 |          0 |
|             Queue                                   |                                                                                            Queue_2 |        101 |         17 |      84 |    0 |     3 |      0 |      0 |          0 |
|             Queue_1                                 |                                                                                            Queue_3 |         88 |         36 |      52 |    0 |     3 |      0 |      0 |          0 |
|         plic                                        |                                                                                             TLPLIC |         57 |         57 |       0 |    0 |    73 |      0 |      0 |          0 |
|         rd2clint                                    |                                                                                           RD2Clint |         66 |         66 |       0 |    0 |   194 |      0 |      0 |          0 |
|         rd2serial                                   |                                                                                   RD2SerialAdapter |        643 |        643 |       0 |    0 |   231 |      0 |      0 |          0 |
|         sbus                                        |                                                                                          SystemBus |       1152 |       1132 |      20 |    0 |   135 |      0 |      0 |          0 |
|           system_bus_xbar                           |                                                                                             TLXbar |       1108 |       1108 |       0 |    0 |   129 |      0 |      0 |          0 |
+-----------------------------------------------------+----------------------------------------------------------------------------------------------------+------------+------------+---------+------+-------+--------+--------+------------+
* Note: The sum of lower-level cells may be larger than their parent cells total, due to cross-hierarchy LUT combining


