### 05:13:31 kernel-perf-128mib -> /root/xv6run/kernel-perf-128mib: 274800 bytes, sha256 133f5b72290781ad
mkdir -p $(dirname /root/xv6run/kernel-perf-128mib); echo __R4118
62__=$?
__R411862__=0
/root/xv6run # stty -echo ixoff; echo __R412371__=$?
__R412371__=0
/root/xv6run # ### 05:13:33 128/366400 b64 chars, 9.8 KB/s, eta 0.6 min
### 05:13:35 25728/366400 b64 chars, 11.2 KB/s, eta 0.5 min
### 05:13:37 51328/366400 b64 chars, 11.2 KB/s, eta 0.5 min
### 05:13:40 76928/366400 b64 chars, 11.2 KB/s, eta 0.4 min
### 05:13:42 102528/366400 b64 chars, 11.2 KB/s, eta 0.4 min
### 05:13:44 128128/366400 b64 chars, 11.2 KB/s, eta 0.3 min
### 05:13:46 153728/366400 b64 chars, 11.2 KB/s, eta 0.3 min
### 05:13:49 179328/366400 b64 chars, 11.2 KB/s, eta 0.3 min
### 05:13:51 204928/366400 b64 chars, 11.2 KB/s, eta 0.2 min
### 05:13:53 230528/366400 b64 chars, 11.2 KB/s, eta 0.2 min
### 05:13:55 256128/366400 b64 chars, 11.2 KB/s, eta 0.2 min
### 05:13:58 281728/366400 b64 chars, 11.2 KB/s, eta 0.1 min
### 05:14:00 307328/366400 b64 chars, 11.2 KB/s, eta 0.1 min
### 05:14:02 332928/366400 b64 chars, 11.2 KB/s, eta 0.0 min
### 05:14:04 358528/366400 b64 chars, 11.2 KB/s, eta 0.0 min
### 05:14:06 stream finished in 33s
__R447436__=0
/root/xv6run # sha256sum /root/xv6run/kernel-perf-128mib; echo __R447940__=$?
133f5b72290781ad47d766beeede7d7a07d9af63985caeb34c669dfeba67081c  /root/xv6run/kernel-perf-128mib
__R447940__=0
/root/xv6run # ### 05:14:08 sha256 verified on the board: 133f5b72290781ad47d766beeede7d7a07d9af63985caeb34c669dfeba67081c
### 05:14:08 SEND_OK /root/xv6run/kernel-perf-128mib 274800 bytes in 33s (8.1 KB/s)
### 05:14:08 fs-perf.img -> /root/xv6run/fs-run.img: 2048000 bytes, sha256 d558e4444abcea60
mkdir -p $(dirname /root/xv6run/fs-run.img); echo __R448506__=$?
__R448506__=0
/root/xv6run # stty -echo ixoff; echo __R449013__=$?
__R449013__=0
/root/xv6run # ### 05:14:10 128/2730668 b64 chars, 10.6 KB/s, eta 4.2 min
### 05:14:12 25728/2730668 b64 chars, 11.2 KB/s, eta 3.9 min
### 05:14:14 51328/2730668 b64 chars, 11.2 KB/s, eta 3.9 min
### 05:14:16 76928/2730668 b64 chars, 11.2 KB/s, eta 3.9 min
### 05:14:18 102528/2730668 b64 chars, 11.2 KB/s, eta 3.8 min
### 05:14:21 128128/2730668 b64 chars, 11.2 KB/s, eta 3.8 min
### 05:14:23 153728/2730668 b64 chars, 11.2 KB/s, eta 3.8 min
### 05:14:25 179328/2730668 b64 chars, 11.2 KB/s, eta 3.7 min
### 05:14:27 204928/2730668 b64 chars, 11.2 KB/s, eta 3.7 min
### 05:14:30 230528/2730668 b64 chars, 11.2 KB/s, eta 3.6 min
### 05:14:32 256128/2730668 b64 chars, 11.2 KB/s, eta 3.6 min
### 05:14:34 281728/2730668 b64 chars, 11.2 KB/s, eta 3.6 min
### 05:14:36 307328/2730668 b64 chars, 11.2 KB/s, eta 3.5 min
### 05:14:39 332928/2730668 b64 chars, 11.2 KB/s, eta 3.5 min
### 05:14:41 358528/2730668 b64 chars, 11.2 KB/s, eta 3.5 min
### 05:14:43 384128/2730668 b64 chars, 11.2 KB/s, eta 3.4 min
### 05:14:45 409728/2730668 b64 chars, 11.2 KB/s, eta 3.4 min
### 05:14:48 435328/2730668 b64 chars, 11.2 KB/s, eta 3.3 min
### 05:14:50 460928/2730668 b64 chars, 11.2 KB/s, eta 3.3 min
### 05:14:52 486528/2730668 b64 chars, 11.2 KB/s, eta 3.3 min
### 05:14:54 512128/2730668 b64 chars, 11.2 KB/s, eta 3.2 min
### 05:14:57 537728/2730668 b64 chars, 11.2 KB/s, eta 3.2 min
### 05:14:59 563328/2730668 b64 chars, 11.2 KB/s, eta 3.2 min
### 05:15:01 588928/2730668 b64 chars, 11.2 KB/s, eta 3.1 min
### 05:15:03 614528/2730668 b64 chars, 11.2 KB/s, eta 3.1 min
### 05:15:06 640128/2730668 b64 chars, 11.2 KB/s, eta 3.0 min
### 05:15:08 665728/2730668 b64 chars, 11.2 KB/s, eta 3.0 min
### 05:15:10 691328/2730668 b64 chars, 11.2 KB/s, eta 3.0 min
### 05:15:12 716928/2730668 b64 chars, 11.2 KB/s, eta 2.9 min
### 05:15:14 742528/2730668 b64 chars, 11.2 KB/s, eta 2.9 min
### 05:15:17 768128/2730668 b64 chars, 11.2 KB/s, eta 2.9 min
### 05:15:19 793728/2730668 b64 chars, 11.2 KB/s, eta 2.8 min
### 05:15:21 819328/2730668 b64 chars, 11.2 KB/s, eta 2.8 min
### 05:15:23 844928/2730668 b64 chars, 11.2 KB/s, eta 2.7 min
### 05:15:26 870528/2730668 b64 chars, 11.2 KB/s, eta 2.7 min
### 05:15:28 896128/2730668 b64 chars, 11.2 KB/s, eta 2.7 min
### 05:15:30 921728/2730668 b64 chars, 11.2 KB/s, eta 2.6 min
### 05:15:32 947328/2730668 b64 chars, 11.2 KB/s, eta 2.6 min
### 05:15:35 972928/2730668 b64 chars, 11.2 KB/s, eta 2.6 min
### 05:15:37 998528/2730668 b64 chars, 11.2 KB/s, eta 2.5 min
### 05:15:39 1024128/2730668 b64 chars, 11.2 KB/s, eta 2.5 min
### 05:15:41 1049728/2730668 b64 chars, 11.2 KB/s, eta 2.5 min
### 05:15:44 1075328/2730668 b64 chars, 11.2 KB/s, eta 2.4 min
### 05:15:46 1100928/2730668 b64 chars, 11.2 KB/s, eta 2.4 min
### 05:15:48 1126528/2730668 b64 chars, 11.2 KB/s, eta 2.3 min
### 05:15:50 1152128/2730668 b64 chars, 11.2 KB/s, eta 2.3 min
### 05:15:53 1177728/2730668 b64 chars, 11.2 KB/s, eta 2.3 min
### 05:15:55 1203328/2730668 b64 chars, 11.2 KB/s, eta 2.2 min
### 05:15:57 1228928/2730668 b64 chars, 11.2 KB/s, eta 2.2 min
### 05:15:59 1254528/2730668 b64 chars, 11.2 KB/s, eta 2.2 min
### 05:16:02 1280128/2730668 b64 chars, 11.2 KB/s, eta 2.1 min
### 05:16:04 1305728/2730668 b64 chars, 11.2 KB/s, eta 2.1 min
### 05:16:06 1331328/2730668 b64 chars, 11.2 KB/s, eta 2.0 min
### 05:16:08 1356928/2730668 b64 chars, 11.2 KB/s, eta 2.0 min
### 05:16:10 1382528/2730668 b64 chars, 11.2 KB/s, eta 2.0 min
### 05:16:13 1408128/2730668 b64 chars, 11.2 KB/s, eta 1.9 min
### 05:16:15 1433728/2730668 b64 chars, 11.2 KB/s, eta 1.9 min
### 05:16:17 1459328/2730668 b64 chars, 11.2 KB/s, eta 1.9 min
### 05:16:19 1484928/2730668 b64 chars, 11.2 KB/s, eta 1.8 min
### 05:16:22 1510528/2730668 b64 chars, 11.2 KB/s, eta 1.8 min
### 05:16:24 1536128/2730668 b64 chars, 11.2 KB/s, eta 1.7 min
### 05:16:26 1561728/2730668 b64 chars, 11.2 KB/s, eta 1.7 min
### 05:16:28 1587328/2730668 b64 chars, 11.2 KB/s, eta 1.7 min
### 05:16:31 1612928/2730668 b64 chars, 11.2 KB/s, eta 1.6 min
### 05:16:33 1638528/2730668 b64 chars, 11.2 KB/s, eta 1.6 min
### 05:16:35 1664128/2730668 b64 chars, 11.2 KB/s, eta 1.6 min
### 05:16:37 1689728/2730668 b64 chars, 11.2 KB/s, eta 1.5 min
### 05:16:40 1715328/2730668 b64 chars, 11.2 KB/s, eta 1.5 min
### 05:16:42 1740928/2730668 b64 chars, 11.2 KB/s, eta 1.4 min
### 05:16:44 1766528/2730668 b64 chars, 11.2 KB/s, eta 1.4 min
### 05:16:46 1792128/2730668 b64 chars, 11.2 KB/s, eta 1.4 min
### 05:16:49 1817728/2730668 b64 chars, 11.2 KB/s, eta 1.3 min
### 05:16:51 1843328/2730668 b64 chars, 11.2 KB/s, eta 1.3 min
### 05:16:53 1868928/2730668 b64 chars, 11.2 KB/s, eta 1.3 min
### 05:16:55 1894528/2730668 b64 chars, 11.2 KB/s, eta 1.2 min
### 05:16:57 1920128/2730668 b64 chars, 11.2 KB/s, eta 1.2 min
### 05:17:00 1945728/2730668 b64 chars, 11.2 KB/s, eta 1.1 min
### 05:17:02 1971328/2730668 b64 chars, 11.2 KB/s, eta 1.1 min
### 05:17:04 1996928/2730668 b64 chars, 11.2 KB/s, eta 1.1 min
### 05:17:06 2022528/2730668 b64 chars, 11.2 KB/s, eta 1.0 min
### 05:17:09 2048128/2730668 b64 chars, 11.2 KB/s, eta 1.0 min
### 05:17:11 2073728/2730668 b64 chars, 11.2 KB/s, eta 1.0 min
### 05:17:13 2099328/2730668 b64 chars, 11.2 KB/s, eta 0.9 min
### 05:17:15 2124928/2730668 b64 chars, 11.2 KB/s, eta 0.9 min
### 05:17:18 2150528/2730668 b64 chars, 11.2 KB/s, eta 0.8 min
### 05:17:20 2176128/2730668 b64 chars, 11.2 KB/s, eta 0.8 min
### 05:17:22 2201728/2730668 b64 chars, 11.2 KB/s, eta 0.8 min
### 05:17:24 2227328/2730668 b64 chars, 11.2 KB/s, eta 0.7 min
### 05:17:27 2252928/2730668 b64 chars, 11.2 KB/s, eta 0.7 min
### 05:17:29 2278528/2730668 b64 chars, 11.2 KB/s, eta 0.7 min
### 05:17:31 2304128/2730668 b64 chars, 11.2 KB/s, eta 0.6 min
### 05:17:33 2329728/2730668 b64 chars, 11.2 KB/s, eta 0.6 min
### 05:17:36 2355328/2730668 b64 chars, 11.2 KB/s, eta 0.5 min
### 05:17:38 2380928/2730668 b64 chars, 11.2 KB/s, eta 0.5 min
### 05:17:40 2406528/2730668 b64 chars, 11.2 KB/s, eta 0.5 min
### 05:17:42 2432128/2730668 b64 chars, 11.2 KB/s, eta 0.4 min
### 05:17:45 2457728/2730668 b64 chars, 11.2 KB/s, eta 0.4 min
### 05:17:47 2483328/2730668 b64 chars, 11.2 KB/s, eta 0.4 min
### 05:17:49 2508928/2730668 b64 chars, 11.2 KB/s, eta 0.3 min
### 05:17:51 2534528/2730668 b64 chars, 11.2 KB/s, eta 0.3 min
### 05:17:53 2560128/2730668 b64 chars, 11.2 KB/s, eta 0.2 min
### 05:17:56 2585728/2730668 b64 chars, 11.2 KB/s, eta 0.2 min
### 05:17:58 2611328/2730668 b64 chars, 11.2 KB/s, eta 0.2 min
### 05:18:00 2636928/2730668 b64 chars, 11.2 KB/s, eta 0.1 min
### 05:18:02 2662528/2730668 b64 chars, 11.2 KB/s, eta 0.1 min
### 05:18:05 2688128/2730668 b64 chars, 11.2 KB/s, eta 0.1 min
### 05:18:07 2713728/2730668 b64 chars, 11.2 KB/s, eta 0.0 min
### 05:18:09 stream finished in 240s
__R690908__=0
/root/xv6run # sha256sum /root/xv6run/fs-run.img; echo __R691413__=$?
d558e4444abcea6046147d85b81e538ecf604049b6d8ab15552f9a3d32bf688c  /root/xv6run/fs-run.img
__R691413__=0
/root/xv6run # ### 05:18:11 sha256 verified on the board: d558e4444abcea6046147d85b81e538ecf604049b6d8ab15552f9a3d32bf688c
### 05:18:11 SEND_OK /root/xv6run/fs-run.img 2048000 bytes in 240s (8.3 KB/s)
