SV39-CYC-BARE-ALU=000000000008e0f9
SV39-INS-BARE-ALU=0000000000007532
SV39-CYC-BARE-LD=000000000009ff34
SV39-INS-BARE-LD=0000000000007532
SV39-CYC-MEGA-ALU=0000000000123cc3
SV39-INS-MEGA-ALU=0000000000007532
SV39-CYC-MEGA-LD=000000000014c33d
SV39-INS-MEGA-LD=0000000000007532
SV39-CYC-4K-ALU=00000000002175ea
SV39-INS-4K-ALU=0000000000007532
SV39-CYC-4K-LD=0000000000268f47
SV39-INS-4K-LD=0000000000007532
TEACHING-PERF-SV39-OK
EVH 1 ASSERTS armed (cold reset released; cpu soft reset=1)
EVH 3 CPURESET released restart_safe=1
EVH 9234664 HOSTDONE_WHY tsi_done=1 io_success=1 tsi_exit=0
EVH 9234664 HOSTDONE exit_code=0 busy=1
EVH 9234671 SETTLED after 8 cycles
Completed after 9234671 cycles
AXI ar=1083488 r=1083488 rlast=1083488 aw=3148 w=3148 wlast=3148 b=3148
RD2HOST restarts_requested=0 restarts_completed=0
RD2HOST FINAL aWaits=222252 aFires=989148 dFires=989148 epoch=1 injections=0 boot_ready=0 boot_timeout=0 bdev_queued=0
CYCLES total=9234671 host_done_at=9234664 drained=8
