
*** Running vivado
    with args -log rocketchip_wrapper.vdi -applog -m64 -product Vivado -messageDb vivado.pb -mode batch -source rocketchip_wrapper.tcl -notrace


****** Vivado v2025.2.1 (64-bit)
  **** SW Build 6403652 on Thu Mar 19 13:47:00 MDT 2026
  **** IP Build 6403511 on Thu Mar 19 12:41:45 MDT 2026
  **** SharedData Build 6403650 on Thu Mar 19 14:02:13 MDT 2026
  **** Start of session at: Thu Sep 24 23:58:54 2026
    ** Copyright 1986-2022 Xilinx, Inc. All Rights Reserved.
    ** Copyright 2022-2026 Advanced Micro Devices, Inc. All Rights Reserved.

source rocketchip_wrapper.tcl -notrace
Command: open_checkpoint /home/engineer/fpga/worktrees/ips-cache/experiments/IPS-campaign/build-tlb/vivado-project/teaching_pynqz1.runs/impl_1/rocketchip_wrapper.dcp
INFO: [Device 21-403] Loading part xc7z020clg400-1
Netlist sorting complete. Time (s): cpu = 00:00:00.13 ; elapsed = 00:00:00.13 . Memory (MB): peak = 1789.816 ; gain = 0.000 ; free physical = 9839 ; free virtual = 31886
INFO: [Netlist 29-17] Analyzing 1061 Unisim elements for replacement
INFO: [Netlist 29-28] Unisim Transformation completed in 0 CPU seconds
INFO: [Project 1-479] Netlist was created with Vivado 2025.2.1
INFO: [Project 1-570] Preparing netlist for logic optimization
Read ShapeDB Complete: Time (s): cpu = 00:00:00.03 ; elapsed = 00:00:00.03 . Memory (MB): peak = 1901.348 ; gain = 3.000 ; free physical = 9726 ; free virtual = 31774
INFO: [Timing 38-478] Restoring timing data from binary archive.
INFO: [Timing 38-479] Binary timing data restore complete.
INFO: [Project 1-856] Restoring constraints from binary archive.
INFO: [Project 1-853] Binary constraint restore complete.
INFO: [Designutils 20-5722] Start Reading Physical Databases.
Reading placement.
Read Netlist Cache: Time (s): cpu = 00:00:00 ; elapsed = 00:00:00.01 . Memory (MB): peak = 2374.020 ; gain = 0.000 ; free physical = 9287 ; free virtual = 31335
Reading placer database...
Read Device Cache: Time (s): cpu = 00:00:00.01 ; elapsed = 00:00:00.01 . Memory (MB): peak = 2374.020 ; gain = 0.000 ; free physical = 9287 ; free virtual = 31335
Read PlaceDB: Time (s): cpu = 00:00:00 ; elapsed = 00:00:00 . Memory (MB): peak = 2374.020 ; gain = 0.000 ; free physical = 9287 ; free virtual = 31335
Read placeStorage: Time (s): cpu = 00:00:00.07 ; elapsed = 00:00:00.06 . Memory (MB): peak = 2406.035 ; gain = 0.000 ; free physical = 9287 ; free virtual = 31335
Read PulsedLatchDB: Time (s): cpu = 00:00:00 ; elapsed = 00:00:00 . Memory (MB): peak = 2406.035 ; gain = 0.000 ; free physical = 9287 ; free virtual = 31335
Reading routing.
Read RouteStorage: Time (s): cpu = 00:00:00 ; elapsed = 00:00:00.01 . Memory (MB): peak = 2406.035 ; gain = 0.000 ; free physical = 9287 ; free virtual = 31335
Read Physdb Files: Time (s): cpu = 00:00:00.08 ; elapsed = 00:00:00.09 . Memory (MB): peak = 2406.035 ; gain = 32.016 ; free physical = 9287 ; free virtual = 31335
Restored from archive | CPU: 0.110000 secs | Memory: 1.280884 MB |
Finished XDEF File Restore: Time (s): cpu = 00:00:00.11 ; elapsed = 00:00:00.12 . Memory (MB): peak = 2406.035 ; gain = 32.016 ; free physical = 9287 ; free virtual = 31335
Netlist sorting complete. Time (s): cpu = 00:00:00.01 ; elapsed = 00:00:00.01 . Memory (MB): peak = 2406.035 ; gain = 0.000 ; free physical = 9287 ; free virtual = 31335
INFO: [Project 1-111] Unisim Transformation Summary:
  A total of 212 instances were transformed.
  RAM16X1D => RAM32X1D (RAMD32(x2)): 15 instances
  RAM32M => RAM32M (RAMD32(x6), RAMS32(x2)): 182 instances
  RAM32X1D => RAM32X1D (RAMD32(x2)): 15 instances

INFO: [Project 1-604] Checkpoint was created with Vivado v2025.2.1 (64-bit) build 6403652
open_checkpoint: Time (s): cpu = 00:00:19 ; elapsed = 00:00:11 . Memory (MB): peak = 2406.070 ; gain = 830.625 ; free physical = 9287 ; free virtual = 31335
Command: opt_design
Attempting to get a license for feature 'Implementation' and/or device 'xc7z020'
INFO: [Common 17-349] Got license for feature 'Implementation' and/or device 'xc7z020'
Running DRC as a precondition to command opt_design

Starting DRC Task
INFO: [DRC 23-27] Running DRC with 8 threads
INFO: [Project 1-461] DRC finished with 0 Errors
INFO: [Project 1-462] Please refer to the DRC report (report_drc) for more information.

Time (s): cpu = 00:00:00.9 ; elapsed = 00:00:00.36 . Memory (MB): peak = 2503.020 ; gain = 96.949 ; free physical = 9245 ; free virtual = 31293

Starting Cache Timing Information Task
INFO: [Timing 38-35] Done setting XDC timing constraints.
Ending Cache Timing Information Task | Checksum: 1770cc553

Time (s): cpu = 00:00:01 ; elapsed = 00:00:00.34 . Memory (MB): peak = 2526.832 ; gain = 23.812 ; free physical = 9233 ; free virtual = 31281

Starting Logic Optimization Task

Phase 1 Initialization

Phase 1.1 Core Generation And Design Setup
Phase 1.1 Core Generation And Design Setup | Checksum: 1770cc553

Time (s): cpu = 00:00:00.03 ; elapsed = 00:00:00.02 . Memory (MB): peak = 2884.613 ; gain = 0.000 ; free physical = 8867 ; free virtual = 30915

Phase 1.2 Setup Constraints And Sort Netlist
Phase 1.2 Setup Constraints And Sort Netlist | Checksum: 1770cc553

Time (s): cpu = 00:00:00.03 ; elapsed = 00:00:00.03 . Memory (MB): peak = 2884.613 ; gain = 0.000 ; free physical = 8867 ; free virtual = 30915
Phase 1 Initialization | Checksum: 1770cc553

Time (s): cpu = 00:00:00.03 ; elapsed = 00:00:00.03 . Memory (MB): peak = 2884.613 ; gain = 0.000 ; free physical = 8867 ; free virtual = 30915

Phase 2 Timer Update And Timing Data Collection

Phase 2.1 Detect if minReqCache needed
Phase 2.1 Detect if minReqCache needed | Checksum: 1770cc553

Time (s): cpu = 00:00:00.05 ; elapsed = 00:00:00.04 . Memory (MB): peak = 2887.582 ; gain = 2.969 ; free physical = 8867 ; free virtual = 30915

Phase 2.2 Timer Update
Phase 2.2 Timer Update | Checksum: 1770cc553

Time (s): cpu = 00:00:00.93 ; elapsed = 00:00:00.25 . Memory (MB): peak = 2887.582 ; gain = 2.969 ; free physical = 8867 ; free virtual = 30915

Phase 2.3 Timing Data Collection
Phase 2.3 Timing Data Collection | Checksum: 1770cc553

Time (s): cpu = 00:00:00.94 ; elapsed = 00:00:00.26 . Memory (MB): peak = 2887.582 ; gain = 2.969 ; free physical = 8859 ; free virtual = 30907
Phase 2 Timer Update And Timing Data Collection | Checksum: 1770cc553

Time (s): cpu = 00:00:00.95 ; elapsed = 00:00:00.26 . Memory (MB): peak = 2887.582 ; gain = 2.969 ; free physical = 8859 ; free virtual = 30907

Phase 3 Retarget
INFO: [Opt 31-1851] Number of loadless carry chains removed were: 0
INFO: [Opt 31-1834] Total Chains To Be Transformed Were: 0 AND Number of Transformed insts Created are: 0
INFO: [Opt 31-1566] Pulled 17 inverters resulting in an inversion of 1446 pins
INFO: [Opt 31-138] Pushed 0 inverter(s) to 0 load pin(s).
INFO: [Opt 31-49] Retargeted 0 cell(s).
Phase 3 Retarget | Checksum: 199856012

Time (s): cpu = 00:00:01 ; elapsed = 00:00:00.59 . Memory (MB): peak = 2943.609 ; gain = 58.996 ; free physical = 8859 ; free virtual = 30907
Retarget | Checksum: 199856012
INFO: [Opt 31-389] Phase Retarget created 71 cells and removed 134 cells
INFO: [Opt 31-1021] In phase Retarget, 28 netlist objects are constrained preventing optimization. Please run opt_design with -debug_log to get more detail. 

Phase 4 Constant propagation
INFO: [Opt 31-138] Pushed 7 inverter(s) to 7 load pin(s).
Phase 4 Constant propagation | Checksum: 1aa760b96

Time (s): cpu = 00:00:02 ; elapsed = 00:00:00.78 . Memory (MB): peak = 2943.609 ; gain = 58.996 ; free physical = 8859 ; free virtual = 30907
Constant propagation | Checksum: 1aa760b96
INFO: [Opt 31-389] Phase Constant propagation created 75 cells and removed 350 cells
INFO: [Opt 31-1021] In phase Constant propagation, 27 netlist objects are constrained preventing optimization. Please run opt_design with -debug_log to get more detail. 

Phase 5 Sweep
INFO: [Constraints 18-11670] Building netlist checker database with flags, 0x8
Done building netlist checker database: Time (s): cpu = 00:00:00.01 ; elapsed = 00:00:00 . Memory (MB): peak = 2943.609 ; gain = 0.000 ; free physical = 8859 ; free virtual = 30907
INFO: [Constraints 18-11670] Building netlist checker database with flags, 0x8
Done building netlist checker database: Time (s): cpu = 00:00:00 ; elapsed = 00:00:00 . Memory (MB): peak = 2943.609 ; gain = 0.000 ; free physical = 8860 ; free virtual = 30908
Phase 5 Sweep | Checksum: 1f176d172

Time (s): cpu = 00:00:02 ; elapsed = 00:00:01 . Memory (MB): peak = 2943.609 ; gain = 58.996 ; free physical = 8860 ; free virtual = 30908
Sweep | Checksum: 1f176d172
INFO: [Opt 31-389] Phase Sweep created 0 cells and removed 195 cells
INFO: [Opt 31-1021] In phase Sweep, 96 netlist objects are constrained preventing optimization. Please run opt_design with -debug_log to get more detail. 

Phase 6 BUFG optimization
Phase 6 BUFG optimization | Checksum: 1f176d172

Time (s): cpu = 00:00:02 ; elapsed = 00:00:01 . Memory (MB): peak = 2975.625 ; gain = 91.012 ; free physical = 8860 ; free virtual = 30908
BUFG optimization | Checksum: 1f176d172
INFO: [Opt 31-662] Phase BUFG optimization created 0 cells of which 0 are BUFGs and removed 0 cells.

Phase 7 Shift Register Optimization
INFO: [Opt 31-1064] SRL Remap converted 0 SRLs to 0 registers and converted 0 registers of register chains to 0 SRLs
Phase 7 Shift Register Optimization | Checksum: 1f176d172

Time (s): cpu = 00:00:02 ; elapsed = 00:00:01 . Memory (MB): peak = 2975.625 ; gain = 91.012 ; free physical = 8860 ; free virtual = 30908
Shift Register Optimization | Checksum: 1f176d172
INFO: [Opt 31-389] Phase Shift Register Optimization created 0 cells and removed 0 cells

Phase 8 Post Processing Netlist
INFO: [Opt 31-1566] Pulled 1 inverters resulting in an inversion of 1 pins
Phase 8 Post Processing Netlist | Checksum: 1ba91e2ed

Time (s): cpu = 00:00:02 ; elapsed = 00:00:01 . Memory (MB): peak = 2975.625 ; gain = 91.012 ; free physical = 8860 ; free virtual = 30908
Post Processing Netlist | Checksum: 1ba91e2ed
INFO: [Opt 31-389] Phase Post Processing Netlist created 0 cells and removed 1 cells
INFO: [Opt 31-1021] In phase Post Processing Netlist, 33 netlist objects are constrained preventing optimization. Please run opt_design with -debug_log to get more detail. 

Phase 9 Finalization

Phase 9.1 Finalizing Design Cores and Updating Shapes
Phase 9.1 Finalizing Design Cores and Updating Shapes | Checksum: 2197d24c7

Time (s): cpu = 00:00:03 ; elapsed = 00:00:02 . Memory (MB): peak = 2975.625 ; gain = 91.012 ; free physical = 8860 ; free virtual = 30908

Phase 9.2 Verifying Netlist Connectivity

Starting Connectivity Check Task

Time (s): cpu = 00:00:00.03 ; elapsed = 00:00:00.04 . Memory (MB): peak = 2975.625 ; gain = 0.000 ; free physical = 8860 ; free virtual = 30908
Phase 9.2 Verifying Netlist Connectivity | Checksum: 2197d24c7

Time (s): cpu = 00:00:03 ; elapsed = 00:00:02 . Memory (MB): peak = 2975.625 ; gain = 91.012 ; free physical = 8860 ; free virtual = 30908
Phase 9 Finalization | Checksum: 2197d24c7

Time (s): cpu = 00:00:03 ; elapsed = 00:00:02 . Memory (MB): peak = 2975.625 ; gain = 91.012 ; free physical = 8860 ; free virtual = 30908
Opt_design Change Summary
=========================


-------------------------------------------------------------------------------------------------------------------------
|  Phase                        |  #Cells created  |  #Cells Removed  |  #Constrained objects preventing optimizations  |
-------------------------------------------------------------------------------------------------------------------------
|  Retarget                     |              71  |             134  |                                             28  |
|  Constant propagation         |              75  |             350  |                                             27  |
|  Sweep                        |               0  |             195  |                                             96  |
|  BUFG optimization            |               0  |               0  |                                              0  |
|  Shift Register Optimization  |               0  |               0  |                                              0  |
|  Post Processing Netlist      |               0  |               1  |                                             33  |
-------------------------------------------------------------------------------------------------------------------------


Ending Logic Optimization Task | Checksum: 2197d24c7

Time (s): cpu = 00:00:03 ; elapsed = 00:00:02 . Memory (MB): peak = 2975.625 ; gain = 91.012 ; free physical = 8860 ; free virtual = 30908

Starting Power Optimization Task
INFO: [Pwropt 34-132] Skipping clock gating for clocks with a period < 2.00 ns.
Ending Power Optimization Task | Checksum: 2197d24c7

Time (s): cpu = 00:00:00.01 ; elapsed = 00:00:00.02 . Memory (MB): peak = 2975.625 ; gain = 0.000 ; free physical = 8860 ; free virtual = 30908

Starting Final Cleanup Task
Ending Final Cleanup Task | Checksum: 2197d24c7

Time (s): cpu = 00:00:00 ; elapsed = 00:00:00 . Memory (MB): peak = 2975.625 ; gain = 0.000 ; free physical = 8860 ; free virtual = 30908
Netlist sorting complete. Time (s): cpu = 00:00:00 ; elapsed = 00:00:00 . Memory (MB): peak = 2975.625 ; gain = 0.000 ; free physical = 8860 ; free virtual = 30908
INFO: [Common 17-83] Releasing license: Implementation
39 Infos, 0 Warnings, 0 Critical Warnings and 0 Errors encountered.
opt_design completed successfully
INFO: [Vivado 12-24828] Executing command : report_drc -file rocketchip_wrapper_drc_opted.rpt -pb rocketchip_wrapper_drc_opted.pb -rpx rocketchip_wrapper_drc_opted.rpx
Command: report_drc -file rocketchip_wrapper_drc_opted.rpt -pb rocketchip_wrapper_drc_opted.pb -rpx rocketchip_wrapper_drc_opted.rpx
INFO: [IP_Flow 19-234] Refreshing IP repositories
INFO: [IP_Flow 19-1704] No user IP repositories specified
INFO: [IP_Flow 19-2313] Loaded Vivado IP repository '/opt/Xilinx/2025.2.1/data/ip'.
INFO: [DRC 23-27] Running DRC with 8 threads
INFO: [Vivado_Tcl 2-168] The results of DRC are in file /home/engineer/fpga/worktrees/ips-cache/experiments/IPS-campaign/build-tlb/vivado-project/teaching_pynqz1.runs/impl_1/rocketchip_wrapper_drc_opted.rpt.
report_drc completed successfully
INFO: [Timing 38-480] Writing timing data to binary archive.
Wrote PlaceDB: Time (s): cpu = 00:00:00 ; elapsed = 00:00:00 . Memory (MB): peak = 2975.625 ; gain = 0.000 ; free physical = 8859 ; free virtual = 30907
Wrote PulsedLatchDB: Time (s): cpu = 00:00:00 ; elapsed = 00:00:00 . Memory (MB): peak = 2975.625 ; gain = 0.000 ; free physical = 8859 ; free virtual = 30907
Writing XDEF routing.
Writing XDEF routing logical nets.
Write ShapeDB Complete: Time (s): cpu = 00:00:00.11 ; elapsed = 00:00:00.02 . Memory (MB): peak = 2975.625 ; gain = 0.000 ; free physical = 8858 ; free virtual = 30908
Writing XDEF routing special nets.
Wrote RouteStorage: Time (s): cpu = 00:00:00.16 ; elapsed = 00:00:00.04 . Memory (MB): peak = 2975.625 ; gain = 0.000 ; free physical = 8858 ; free virtual = 30908
Wrote PlaceStorage: Time (s): cpu = 00:00:00.02 ; elapsed = 00:00:00 . Memory (MB): peak = 2975.625 ; gain = 0.000 ; free physical = 8858 ; free virtual = 30908
Wrote Netlist Cache: Time (s): cpu = 00:00:00 ; elapsed = 00:00:00 . Memory (MB): peak = 2975.625 ; gain = 0.000 ; free physical = 8858 ; free virtual = 30908
Wrote Device Cache: Time (s): cpu = 00:00:00.02 ; elapsed = 00:00:00 . Memory (MB): peak = 2975.625 ; gain = 0.000 ; free physical = 8858 ; free virtual = 30909
Write Physdb Complete: Time (s): cpu = 00:00:00.22 ; elapsed = 00:00:00.06 . Memory (MB): peak = 2975.625 ; gain = 0.000 ; free physical = 8858 ; free virtual = 30909
INFO: [Common 17-1381] The checkpoint '/home/engineer/fpga/worktrees/ips-cache/experiments/IPS-campaign/build-tlb/vivado-project/teaching_pynqz1.runs/impl_1/rocketchip_wrapper_opt.dcp' has been generated.
Command: place_design
Attempting to get a license for feature 'Implementation' and/or device 'xc7z020'
INFO: [Common 17-349] Got license for feature 'Implementation' and/or device 'xc7z020'
INFO: [Common 17-83] Releasing license: Implementation
INFO: [DRC 23-27] Running DRC with 8 threads
INFO: [Vivado_Tcl 4-198] DRC finished with 0 Errors
INFO: [Vivado_Tcl 4-199] Please refer to the DRC report (report_drc) for more information.
INFO: [Timing 38-35] Done setting XDC timing constraints.
Running DRC as a precondition to command place_design
INFO: [DRC 23-27] Running DRC with 8 threads
INFO: [Vivado_Tcl 4-198] DRC finished with 0 Errors
INFO: [Vivado_Tcl 4-199] Please refer to the DRC report (report_drc) for more information.
INFO: [Place 30-611] Multithreading enabled for place_design using a maximum of 8 CPUs

Starting Placer Task

Phase 1 Placer Initialization

Phase 1.1 Placer Initialization Netlist Sorting
Netlist sorting complete. Time (s): cpu = 00:00:00 ; elapsed = 00:00:00 . Memory (MB): peak = 2975.625 ; gain = 0.000 ; free physical = 8863 ; free virtual = 30916
Phase 1.1 Placer Initialization Netlist Sorting | Checksum: 1803e40e8

Time (s): cpu = 00:00:00.01 ; elapsed = 00:00:00.01 . Memory (MB): peak = 2975.625 ; gain = 0.000 ; free physical = 8863 ; free virtual = 30916
Netlist sorting complete. Time (s): cpu = 00:00:00 ; elapsed = 00:00:00 . Memory (MB): peak = 2975.625 ; gain = 0.000 ; free physical = 8863 ; free virtual = 30916

Phase 1.2 IO Placement/ Clock Placement/ Build Placer Device
Phase 1.2 IO Placement/ Clock Placement/ Build Placer Device | Checksum: e7dc48a1

Time (s): cpu = 00:00:02 ; elapsed = 00:00:00.85 . Memory (MB): peak = 2975.625 ; gain = 0.000 ; free physical = 8863 ; free virtual = 30916

Phase 1.3 Build Placer Netlist Model
Phase 1.3 Build Placer Netlist Model | Checksum: 7627a5fc

Time (s): cpu = 00:00:09 ; elapsed = 00:00:03 . Memory (MB): peak = 3014.668 ; gain = 39.043 ; free physical = 8861 ; free virtual = 30914

Phase 1.4 Constrain Clocks/Macros
Phase 1.4 Constrain Clocks/Macros | Checksum: 7627a5fc

Time (s): cpu = 00:00:09 ; elapsed = 00:00:03 . Memory (MB): peak = 3014.668 ; gain = 39.043 ; free physical = 8861 ; free virtual = 30914
Phase 1 Placer Initialization | Checksum: 7627a5fc

Time (s): cpu = 00:00:09 ; elapsed = 00:00:03 . Memory (MB): peak = 3014.668 ; gain = 39.043 ; free physical = 8861 ; free virtual = 30914

Phase 2 Global Placement

Phase 2.1 Floorplanning
Phase 2.1 Floorplanning | Checksum: befb3176

Time (s): cpu = 00:00:14 ; elapsed = 00:00:04 . Memory (MB): peak = 3014.668 ; gain = 39.043 ; free physical = 8886 ; free virtual = 30938

Phase 2.2 Update Timing before SLR Path Opt
Phase 2.2 Update Timing before SLR Path Opt | Checksum: c6f6051d

Time (s): cpu = 00:00:18 ; elapsed = 00:00:05 . Memory (MB): peak = 3014.668 ; gain = 39.043 ; free physical = 8885 ; free virtual = 30938

Phase 2.3 Post-Processing in Floorplanning
Phase 2.3 Post-Processing in Floorplanning | Checksum: c6f6051d

Time (s): cpu = 00:00:18 ; elapsed = 00:00:05 . Memory (MB): peak = 3014.668 ; gain = 39.043 ; free physical = 8885 ; free virtual = 30938

Phase 2.4 Global Place Phase1
Phase 2.4 Global Place Phase1 | Checksum: 9cc36039

Time (s): cpu = 00:00:41 ; elapsed = 00:00:11 . Memory (MB): peak = 3014.668 ; gain = 39.043 ; free physical = 8877 ; free virtual = 30930

Phase 2.5 Global Place Phase2

Phase 2.5.1 UpdateTiming Before Physical Synthesis
Phase 2.5.1 UpdateTiming Before Physical Synthesis | Checksum: 615f16f8

Time (s): cpu = 00:00:45 ; elapsed = 00:00:12 . Memory (MB): peak = 3014.668 ; gain = 39.043 ; free physical = 8877 ; free virtual = 30930

Phase 2.5.2 Physical Synthesis In Placer
INFO: [Physopt 32-1035] Found 16 LUTNM shape to break, 523 LUT instances to create LUTNM shape
INFO: [Physopt 32-1044] Break lutnm for timing: one critical 9, two critical 7, total 16, new lutff created 0
INFO: [Physopt 32-1138] End 1 Pass. Optimized 209 nets or LUTs. Breaked 16 LUTs, combined 193 existing LUTs and moved 0 existing LUT
INFO: [Physopt 32-65] No nets found for high-fanout optimization.
INFO: [Physopt 32-232] Optimized 0 net. Created 0 new instance.
INFO: [Physopt 32-775] End 1 Pass. Optimized 0 net or cell. Created 0 new cell, deleted 0 existing cell and moved 0 existing cell
INFO: [Physopt 32-456] No candidate cells for DSP register optimization found in the design.
INFO: [Physopt 32-775] End 2 Pass. Optimized 0 net or cell. Created 0 new cell, deleted 0 existing cell and moved 0 existing cell
INFO: [Physopt 32-1123] No candidate cells found for Shift Register to Pipeline optimization
INFO: [Physopt 32-775] End 2 Pass. Optimized 0 net or cell. Created 0 new cell, deleted 0 existing cell and moved 0 existing cell
INFO: [Physopt 32-1401] No candidate cells found for Shift Register optimization.
INFO: [Physopt 32-677] No candidate cells for Shift Register optimization found in the design
INFO: [Physopt 32-775] End 1 Pass. Optimized 0 net or cell. Created 0 new cell, deleted 0 existing cell and moved 0 existing cell
INFO: [Physopt 32-526] No candidate cells for BRAM register optimization found in the design
INFO: [Physopt 32-775] End 1 Pass. Optimized 0 net or cell. Created 0 new cell, deleted 0 existing cell and moved 0 existing cell
INFO: [Physopt 32-846] No candidate cells for URAM register optimization found in the design
INFO: [Physopt 32-775] End 1 Pass. Optimized 0 net or cell. Created 0 new cell, deleted 0 existing cell and moved 0 existing cell
INFO: [Physopt 32-846] No candidate cells for URAM register optimization found in the design
INFO: [Physopt 32-775] End 1 Pass. Optimized 0 net or cell. Created 0 new cell, deleted 0 existing cell and moved 0 existing cell
INFO: [Physopt 32-949] No candidate nets found for dynamic/static region interface net replication
INFO: [Physopt 32-775] End 1 Pass. Optimized 0 net or cell. Created 0 new cell, deleted 0 existing cell and moved 0 existing cell
Netlist sorting complete. Time (s): cpu = 00:00:00 ; elapsed = 00:00:00.01 . Memory (MB): peak = 3014.668 ; gain = 0.000 ; free physical = 8877 ; free virtual = 30930

Summary of Physical Synthesis Optimizations
============================================


-----------------------------------------------------------------------------------------------------------------------------------------------------------
|  Optimization                                     |  Added Cells  |  Removed Cells  |  Optimized Cells/Nets  |  Dont Touch  |  Iterations  |  Elapsed   |
-----------------------------------------------------------------------------------------------------------------------------------------------------------
|  LUT Combining                                    |           16  |            193  |                   209  |           0  |           1  |  00:00:00  |
|  Retime                                           |            0  |              0  |                     0  |           0  |           1  |  00:00:00  |
|  Very High Fanout                                 |            0  |              0  |                     0  |           0  |           1  |  00:00:00  |
|  DSP Register                                     |            0  |              0  |                     0  |           0  |           1  |  00:00:00  |
|  Shift Register to Pipeline                       |            0  |              0  |                     0  |           0  |           1  |  00:00:00  |
|  Shift Register                                   |            0  |              0  |                     0  |           0  |           1  |  00:00:00  |
|  BRAM Register                                    |            0  |              0  |                     0  |           0  |           1  |  00:00:00  |
|  URAM Register                                    |            0  |              0  |                     0  |           0  |           1  |  00:00:00  |
|  Dynamic/Static Region Interface Net Replication  |            0  |              0  |                     0  |           0  |           1  |  00:00:00  |
|  Total                                            |           16  |            193  |                   209  |           0  |           9  |  00:00:01  |
-----------------------------------------------------------------------------------------------------------------------------------------------------------


Phase 2.5.2 Physical Synthesis In Placer | Checksum: 10313a0a0

Time (s): cpu = 00:00:50 ; elapsed = 00:00:14 . Memory (MB): peak = 3014.668 ; gain = 39.043 ; free physical = 8877 ; free virtual = 30930
Phase 2.5 Global Place Phase2 | Checksum: f7a29b54

Time (s): cpu = 00:00:52 ; elapsed = 00:00:15 . Memory (MB): peak = 3014.668 ; gain = 39.043 ; free physical = 8877 ; free virtual = 30930
Phase 2 Global Placement | Checksum: f7a29b54

Time (s): cpu = 00:00:52 ; elapsed = 00:00:15 . Memory (MB): peak = 3014.668 ; gain = 39.043 ; free physical = 8877 ; free virtual = 30930

Phase 3 Detail Placement

Phase 3.1 Commit Multi Column Macros
Phase 3.1 Commit Multi Column Macros | Checksum: baf8f343

Time (s): cpu = 00:00:56 ; elapsed = 00:00:15 . Memory (MB): peak = 3014.668 ; gain = 39.043 ; free physical = 8877 ; free virtual = 30930

Phase 3.2 Commit Most Macros & LUTRAMs
Phase 3.2 Commit Most Macros & LUTRAMs | Checksum: 18eda4b23

Time (s): cpu = 00:01:04 ; elapsed = 00:00:17 . Memory (MB): peak = 3014.668 ; gain = 39.043 ; free physical = 8876 ; free virtual = 30929

Phase 3.3 Area Swap Optimization
Phase 3.3 Area Swap Optimization | Checksum: f310d535

Time (s): cpu = 00:01:04 ; elapsed = 00:00:17 . Memory (MB): peak = 3014.668 ; gain = 39.043 ; free physical = 8876 ; free virtual = 30929

Phase 3.4 Pipeline Register Optimization
Phase 3.4 Pipeline Register Optimization | Checksum: fcc6ffa5

Time (s): cpu = 00:01:04 ; elapsed = 00:00:17 . Memory (MB): peak = 3014.668 ; gain = 39.043 ; free physical = 8876 ; free virtual = 30929

Phase 3.5 Fast Optimization
Phase 3.5 Fast Optimization | Checksum: 197124ca8

Time (s): cpu = 00:01:13 ; elapsed = 00:00:19 . Memory (MB): peak = 3014.668 ; gain = 39.043 ; free physical = 8870 ; free virtual = 30923

Phase 3.6 Small Shape Detail Placement
Phase 3.6 Small Shape Detail Placement | Checksum: 953aca24

Time (s): cpu = 00:01:19 ; elapsed = 00:00:25 . Memory (MB): peak = 3014.668 ; gain = 39.043 ; free physical = 8879 ; free virtual = 30932

Phase 3.7 Re-assign LUT pins
Phase 3.7 Re-assign LUT pins | Checksum: 8682347c

Time (s): cpu = 00:01:21 ; elapsed = 00:00:26 . Memory (MB): peak = 3014.668 ; gain = 39.043 ; free physical = 8882 ; free virtual = 30935

Phase 3.8 Pipeline Register Optimization
Phase 3.8 Pipeline Register Optimization | Checksum: 90c84b6c

Time (s): cpu = 00:01:21 ; elapsed = 00:00:26 . Memory (MB): peak = 3014.668 ; gain = 39.043 ; free physical = 8882 ; free virtual = 30935
Phase 3 Detail Placement | Checksum: 90c84b6c

Time (s): cpu = 00:01:21 ; elapsed = 00:00:26 . Memory (MB): peak = 3014.668 ; gain = 39.043 ; free physical = 8882 ; free virtual = 30935

Phase 4 Post Placement Optimization and Clean-Up

Phase 4.1 Post Commit Optimization
INFO: [Timing 38-35] Done setting XDC timing constraints.

Phase 4.1.1 Post Placement Optimization
Post Placement Optimization Initialization | Checksum: 4299b10f

Phase 4.1.1.1 BUFG Insertion

Starting Physical Synthesis Task

Phase 1 Physical Synthesis Initialization
INFO: [Physopt 32-721] Multithreading enabled for phys_opt_design using a maximum of 8 CPUs
INFO: [Physopt 32-619] Estimated Timing Summary | WNS=-0.029 | TNS=-0.029 |
Phase 1 Physical Synthesis Initialization | Checksum: b1393c3e

Time (s): cpu = 00:00:00.78 ; elapsed = 00:00:00.17 . Memory (MB): peak = 3014.668 ; gain = 0.000 ; free physical = 8883 ; free virtual = 30936
INFO: [Place 46-33] Processed net top/teaching_board_top/target/bridgeV2/cpuV2_reset, BUFG insertion was skipped due to placement/routing conflicts.
INFO: [Place 46-56] BUFG insertion identified 1 candidate nets. Inserted BUFG: 0, Replicated BUFG Driver: 0, Skipped due to Placement/Routing Conflicts: 1, Skipped due to Timing Degradation: 0, Skipped due to netlist editing failed: 0.
Ending Physical Synthesis Task | Checksum: c899d339

Time (s): cpu = 00:00:01 ; elapsed = 00:00:00.38 . Memory (MB): peak = 3014.668 ; gain = 0.000 ; free physical = 8883 ; free virtual = 30936
Phase 4.1.1.1 BUFG Insertion | Checksum: 4299b10f

Time (s): cpu = 00:01:31 ; elapsed = 00:00:29 . Memory (MB): peak = 3014.668 ; gain = 39.043 ; free physical = 8883 ; free virtual = 30936

Phase 4.1.1.2 Post Placement Timing Optimization
INFO: [Place 30-746] Post Placement Timing Summary WNS=0.536. For the most accurate timing information please run report_timing.
Phase 4.1.1.2 Post Placement Timing Optimization | Checksum: 66b1233d

Time (s): cpu = 00:01:32 ; elapsed = 00:00:29 . Memory (MB): peak = 3014.668 ; gain = 39.043 ; free physical = 8883 ; free virtual = 30936

Time (s): cpu = 00:01:32 ; elapsed = 00:00:29 . Memory (MB): peak = 3014.668 ; gain = 39.043 ; free physical = 8883 ; free virtual = 30936
Phase 4.1 Post Commit Optimization | Checksum: 66b1233d

Time (s): cpu = 00:01:32 ; elapsed = 00:00:29 . Memory (MB): peak = 3014.668 ; gain = 39.043 ; free physical = 8883 ; free virtual = 30936

Phase 4.2 Post Placement Cleanup
Phase 4.2 Post Placement Cleanup | Checksum: 66b1233d

Time (s): cpu = 00:01:32 ; elapsed = 00:00:29 . Memory (MB): peak = 3014.668 ; gain = 39.043 ; free physical = 8883 ; free virtual = 30936

Phase 4.3 Placer Reporting

Phase 4.3.1 Print Estimated Congestion
INFO: [Place 30-612] Post-Placement Estimated Congestion 
 ____________________________________________________
|           | Global Congestion | Short Congestion  |
| Direction | Region Size       | Region Size       |
|___________|___________________|___________________|
|      North|                1x1|                4x4|
|___________|___________________|___________________|
|      South|                1x1|                1x1|
|___________|___________________|___________________|
|       East|                1x1|                4x4|
|___________|___________________|___________________|
|       West|                1x1|                2x2|
|___________|___________________|___________________|

Phase 4.3.1 Print Estimated Congestion | Checksum: 66b1233d

Time (s): cpu = 00:01:32 ; elapsed = 00:00:29 . Memory (MB): peak = 3014.668 ; gain = 39.043 ; free physical = 8883 ; free virtual = 30936
Phase 4.3 Placer Reporting | Checksum: 66b1233d

Time (s): cpu = 00:01:33 ; elapsed = 00:00:29 . Memory (MB): peak = 3014.668 ; gain = 39.043 ; free physical = 8883 ; free virtual = 30936

Phase 4.4 Final Placement Cleanup
Netlist sorting complete. Time (s): cpu = 00:00:00 ; elapsed = 00:00:00 . Memory (MB): peak = 3014.668 ; gain = 0.000 ; free physical = 8883 ; free virtual = 30936

Time (s): cpu = 00:01:33 ; elapsed = 00:00:29 . Memory (MB): peak = 3014.668 ; gain = 39.043 ; free physical = 8883 ; free virtual = 30936
Phase 4 Post Placement Optimization and Clean-Up | Checksum: 1280a27da

Time (s): cpu = 00:01:33 ; elapsed = 00:00:30 . Memory (MB): peak = 3014.668 ; gain = 39.043 ; free physical = 8883 ; free virtual = 30936
Ending Placer Task | Checksum: 114f07cdc

Time (s): cpu = 00:01:33 ; elapsed = 00:00:30 . Memory (MB): peak = 3014.668 ; gain = 39.043 ; free physical = 8883 ; free virtual = 30936
85 Infos, 0 Warnings, 0 Critical Warnings and 0 Errors encountered.
place_design completed successfully
place_design: Time (s): cpu = 00:01:36 ; elapsed = 00:00:31 . Memory (MB): peak = 3014.668 ; gain = 39.043 ; free physical = 8883 ; free virtual = 30936
INFO: [Vivado 12-24838] Running report commands "report_control_sets, report_io, report_utilization" in parallel.
Running report generation with 3 threads.
INFO: [Vivado 12-24828] Executing command : report_control_sets -verbose -file rocketchip_wrapper_control_sets_placed.rpt
report_control_sets: Time (s): cpu = 00:00:00.19 ; elapsed = 00:00:00.1 . Memory (MB): peak = 3014.668 ; gain = 0.000 ; free physical = 8863 ; free virtual = 30916
INFO: [Vivado 12-24828] Executing command : report_io -file rocketchip_wrapper_io_placed.rpt
report_io: Time (s): cpu = 00:00:00.26 ; elapsed = 00:00:00.16 . Memory (MB): peak = 3014.668 ; gain = 0.000 ; free physical = 8844 ; free virtual = 30897
INFO: [Vivado 12-24828] Executing command : report_utilization -file rocketchip_wrapper_utilization_placed.rpt -pb rocketchip_wrapper_utilization_placed.pb
INFO: [Timing 38-480] Writing timing data to binary archive.
Wrote PlaceDB: Time (s): cpu = 00:00:00 ; elapsed = 00:00:00 . Memory (MB): peak = 3014.668 ; gain = 0.000 ; free physical = 8839 ; free virtual = 30892
Wrote PulsedLatchDB: Time (s): cpu = 00:00:00 ; elapsed = 00:00:00 . Memory (MB): peak = 3014.668 ; gain = 0.000 ; free physical = 8839 ; free virtual = 30892
Writing XDEF routing.
Writing XDEF routing logical nets.
Write ShapeDB Complete: Time (s): cpu = 00:00:00.15 ; elapsed = 00:00:00.03 . Memory (MB): peak = 3014.668 ; gain = 0.000 ; free physical = 8838 ; free virtual = 30893
Writing XDEF routing special nets.
Wrote RouteStorage: Time (s): cpu = 00:00:00.16 ; elapsed = 00:00:00.04 . Memory (MB): peak = 3014.668 ; gain = 0.000 ; free physical = 8838 ; free virtual = 30893
Wrote PlaceStorage: Time (s): cpu = 00:00:02 ; elapsed = 00:00:00.59 . Memory (MB): peak = 3014.668 ; gain = 0.000 ; free physical = 8816 ; free virtual = 30890
Wrote Netlist Cache: Time (s): cpu = 00:00:00.03 ; elapsed = 00:00:00.01 . Memory (MB): peak = 3014.668 ; gain = 0.000 ; free physical = 8813 ; free virtual = 30889
Wrote Device Cache: Time (s): cpu = 00:00:00.02 ; elapsed = 00:00:00.01 . Memory (MB): peak = 3014.668 ; gain = 0.000 ; free physical = 8813 ; free virtual = 30890
Write Physdb Complete: Time (s): cpu = 00:00:02 ; elapsed = 00:00:00.66 . Memory (MB): peak = 3014.668 ; gain = 0.000 ; free physical = 8813 ; free virtual = 30890
INFO: [Common 17-1381] The checkpoint '/home/engineer/fpga/worktrees/ips-cache/experiments/IPS-campaign/build-tlb/vivado-project/teaching_pynqz1.runs/impl_1/rocketchip_wrapper_placed.dcp' has been generated.
Command: phys_opt_design
Attempting to get a license for feature 'Implementation' and/or device 'xc7z020'
INFO: [Common 17-349] Got license for feature 'Implementation' and/or device 'xc7z020'

Starting Initial Update Timing Task

Time (s): cpu = 00:00:08 ; elapsed = 00:00:01 . Memory (MB): peak = 3014.668 ; gain = 0.000 ; free physical = 8836 ; free virtual = 30897
INFO: [Vivado_Tcl 4-2279] Estimated Timing Summary | WNS= 0.536 | TNS= 0.000 | 
INFO: [Vivado_Tcl 4-383] Design worst setup slack (WNS) is greater than or equal to 0.000 ns. All physical synthesis setup optimizations will be skipped.
INFO: [Vivado_Tcl 4-232] No setup violation found. The netlist was not modified.
INFO: [Common 17-83] Releasing license: Implementation
96 Infos, 0 Warnings, 0 Critical Warnings and 0 Errors encountered.
phys_opt_design completed successfully
INFO: [Timing 38-480] Writing timing data to binary archive.
Wrote PlaceDB: Time (s): cpu = 00:00:00 ; elapsed = 00:00:00 . Memory (MB): peak = 3014.668 ; gain = 0.000 ; free physical = 8836 ; free virtual = 30897
Wrote PulsedLatchDB: Time (s): cpu = 00:00:00 ; elapsed = 00:00:00 . Memory (MB): peak = 3014.668 ; gain = 0.000 ; free physical = 8836 ; free virtual = 30897
Writing XDEF routing.
Writing XDEF routing logical nets.
Write ShapeDB Complete: Time (s): cpu = 00:00:00.13 ; elapsed = 00:00:00.03 . Memory (MB): peak = 3014.668 ; gain = 0.000 ; free physical = 8834 ; free virtual = 30897
Writing XDEF routing special nets.
Wrote RouteStorage: Time (s): cpu = 00:00:00.16 ; elapsed = 00:00:00.03 . Memory (MB): peak = 3014.668 ; gain = 0.000 ; free physical = 8834 ; free virtual = 30897
Wrote PlaceStorage: Time (s): cpu = 00:00:02 ; elapsed = 00:00:00.59 . Memory (MB): peak = 3014.668 ; gain = 0.000 ; free physical = 8820 ; free virtual = 30901
Wrote Netlist Cache: Time (s): cpu = 00:00:00.03 ; elapsed = 00:00:00.02 . Memory (MB): peak = 3014.668 ; gain = 0.000 ; free physical = 8820 ; free virtual = 30903
Wrote Device Cache: Time (s): cpu = 00:00:00.01 ; elapsed = 00:00:00 . Memory (MB): peak = 3014.668 ; gain = 0.000 ; free physical = 8812 ; free virtual = 30896
Write Physdb Complete: Time (s): cpu = 00:00:02 ; elapsed = 00:00:00.65 . Memory (MB): peak = 3014.668 ; gain = 0.000 ; free physical = 8812 ; free virtual = 30896
INFO: [Common 17-1381] The checkpoint '/home/engineer/fpga/worktrees/ips-cache/experiments/IPS-campaign/build-tlb/vivado-project/teaching_pynqz1.runs/impl_1/rocketchip_wrapper_physopt.dcp' has been generated.
Command: route_design
Attempting to get a license for feature 'Implementation' and/or device 'xc7z020'
INFO: [Common 17-349] Got license for feature 'Implementation' and/or device 'xc7z020'


Starting Routing Task
INFO: [Route 35-254] Multithreading enabled for route_design using a maximum of 8 CPUs

Phase 1 Build RT Design
Checksum: PlaceDB: 458a2200 ConstDB: 0 ShapeSum: b96ce7ec RouteDB: 15f972f0
Post Restoration Checksum: NetGraph: ca017877 | NumContArr: a7a82be3 | Constraints: c2a8fa9d | Timing: c2a8fa9d
Phase 1 Build RT Design | Checksum: 2f6fb9994

Time (s): cpu = 00:00:28 ; elapsed = 00:00:18 . Memory (MB): peak = 3014.668 ; gain = 0.000 ; free physical = 8811 ; free virtual = 30880

Phase 2 Router Initialization

Phase 2.1 Fix Topology Constraints
Phase 2.1 Fix Topology Constraints | Checksum: 2f6fb9994

Time (s): cpu = 00:00:28 ; elapsed = 00:00:18 . Memory (MB): peak = 3014.668 ; gain = 0.000 ; free physical = 8811 ; free virtual = 30880

Phase 2.2 Pre Route Cleanup
Phase 2.2 Pre Route Cleanup | Checksum: 2f6fb9994

Time (s): cpu = 00:00:28 ; elapsed = 00:00:18 . Memory (MB): peak = 3014.668 ; gain = 0.000 ; free physical = 8811 ; free virtual = 30880
 Number of Nodes with overlaps = 0

Phase 2.3 Update Timing
Phase 2.3 Update Timing | Checksum: 1ddf4f0e1

Time (s): cpu = 00:00:39 ; elapsed = 00:00:20 . Memory (MB): peak = 3014.668 ; gain = 0.000 ; free physical = 8809 ; free virtual = 30878
INFO: [Route 35-416] Intermediate Timing Summary | WNS=0.964  | TNS=0.000  | WHS=-0.205 | THS=-147.230|


Phase 2.4 Soft Constraint Pins - Fast Budgeting
Phase 2.4 Soft Constraint Pins - Fast Budgeting | Checksum: 1fd6e688b

Time (s): cpu = 00:00:42 ; elapsed = 00:00:21 . Memory (MB): peak = 3014.668 ; gain = 0.000 ; free physical = 8807 ; free virtual = 30876

Router Utilization Summary
  Global Vertical Routing Utilization    = 0 %
  Global Horizontal Routing Utilization  = 0 %
  Routable Net Status*
  *Does not include unroutable nets such as driverless and loadless.
  Run report_route_status for detailed report.
  Number of Failed Nets               = 20536
    (Failed Nets is the sum of unrouted and partially routed nets)
  Number of Unrouted Nets             = 20536
  Number of Partially Routed Nets     = 0
  Number of Node Overlaps             = 0

Phase 2 Router Initialization | Checksum: 24af9b280

Time (s): cpu = 00:00:43 ; elapsed = 00:00:21 . Memory (MB): peak = 3014.668 ; gain = 0.000 ; free physical = 8792 ; free virtual = 30861

Phase 3 Global Routing
Phase 3 Global Routing | Checksum: 24af9b280

Time (s): cpu = 00:00:43 ; elapsed = 00:00:21 . Memory (MB): peak = 3014.668 ; gain = 0.000 ; free physical = 8792 ; free virtual = 30861

Phase 4 Initial Routing

Phase 4.1 Initial Net Routing Pass
Phase 4.1 Initial Net Routing Pass | Checksum: 2f8a5fe89

Time (s): cpu = 00:00:48 ; elapsed = 00:00:22 . Memory (MB): peak = 3014.668 ; gain = 0.000 ; free physical = 8792 ; free virtual = 30861
Phase 4 Initial Routing | Checksum: 2f8a5fe89

Time (s): cpu = 00:00:48 ; elapsed = 00:00:22 . Memory (MB): peak = 3014.668 ; gain = 0.000 ; free physical = 8792 ; free virtual = 30861

Phase 5 Rip-up And Reroute

Phase 5.1 Global Iteration 0
 Number of Nodes with overlaps = 3671
 Number of Nodes with overlaps = 490
 Number of Nodes with overlaps = 165
 Number of Nodes with overlaps = 109
 Number of Nodes with overlaps = 27
 Number of Nodes with overlaps = 10
 Number of Nodes with overlaps = 2
 Number of Nodes with overlaps = 2
 Number of Nodes with overlaps = 0
INFO: [Route 35-416] Intermediate Timing Summary | WNS=0.431  | TNS=0.000  | WHS=N/A    | THS=N/A    |

Phase 5.1 Global Iteration 0 | Checksum: 288c3f64b

Time (s): cpu = 00:01:14 ; elapsed = 00:00:38 . Memory (MB): peak = 3014.668 ; gain = 0.000 ; free physical = 8788 ; free virtual = 30859

Phase 5.2 Global Iteration 1
 Number of Nodes with overlaps = 24
 Number of Nodes with overlaps = 22
 Number of Nodes with overlaps = 5
 Number of Nodes with overlaps = 2
 Number of Nodes with overlaps = 0
INFO: [Route 35-416] Intermediate Timing Summary | WNS=0.280  | TNS=0.000  | WHS=N/A    | THS=N/A    |

Phase 5.2 Global Iteration 1 | Checksum: 239d9d630

Time (s): cpu = 00:01:17 ; elapsed = 00:00:40 . Memory (MB): peak = 3014.668 ; gain = 0.000 ; free physical = 8790 ; free virtual = 30861
Phase 5 Rip-up And Reroute | Checksum: 239d9d630

Time (s): cpu = 00:01:17 ; elapsed = 00:00:40 . Memory (MB): peak = 3014.668 ; gain = 0.000 ; free physical = 8790 ; free virtual = 30861

Phase 6 Delay and Skew Optimization

Phase 6.1 Delay CleanUp
Phase 6.1 Delay CleanUp | Checksum: 239d9d630

Time (s): cpu = 00:01:17 ; elapsed = 00:00:40 . Memory (MB): peak = 3014.668 ; gain = 0.000 ; free physical = 8790 ; free virtual = 30861

Phase 6.2 Clock Skew Optimization
Phase 6.2 Clock Skew Optimization | Checksum: 239d9d630

Time (s): cpu = 00:01:17 ; elapsed = 00:00:40 . Memory (MB): peak = 3014.668 ; gain = 0.000 ; free physical = 8790 ; free virtual = 30861
Phase 6 Delay and Skew Optimization | Checksum: 239d9d630

Time (s): cpu = 00:01:17 ; elapsed = 00:00:40 . Memory (MB): peak = 3014.668 ; gain = 0.000 ; free physical = 8790 ; free virtual = 30861

Phase 7 Post Hold Fix

Phase 7.1 Hold Fix Iter
INFO: [Route 35-416] Intermediate Timing Summary | WNS=0.293  | TNS=0.000  | WHS=0.033  | THS=0.000  |

Phase 7.1 Hold Fix Iter | Checksum: 2bc8587a5

Time (s): cpu = 00:01:19 ; elapsed = 00:00:41 . Memory (MB): peak = 3014.668 ; gain = 0.000 ; free physical = 8790 ; free virtual = 30861
Phase 7 Post Hold Fix | Checksum: 2bc8587a5

Time (s): cpu = 00:01:19 ; elapsed = 00:00:41 . Memory (MB): peak = 3014.668 ; gain = 0.000 ; free physical = 8790 ; free virtual = 30861

Phase 8 Route finalize

Router Utilization Summary
  Global Vertical Routing Utilization    = 5.36202 %
  Global Horizontal Routing Utilization  = 7.95047 %
  Routable Net Status*
  *Does not include unroutable nets such as driverless and loadless.
  Run report_route_status for detailed report.
  Number of Failed Nets               = 0
    (Failed Nets is the sum of unrouted and partially routed nets)
  Number of Unrouted Nets             = 0
  Number of Partially Routed Nets     = 0
  Number of Node Overlaps             = 0

Phase 8 Route finalize | Checksum: 2bc8587a5

Time (s): cpu = 00:01:19 ; elapsed = 00:00:41 . Memory (MB): peak = 3014.668 ; gain = 0.000 ; free physical = 8790 ; free virtual = 30861

Phase 9 Verifying routed nets

 Verification completed successfully
Phase 9 Verifying routed nets | Checksum: 2bc8587a5

Time (s): cpu = 00:01:19 ; elapsed = 00:00:41 . Memory (MB): peak = 3014.668 ; gain = 0.000 ; free physical = 8790 ; free virtual = 30861

Phase 10 Depositing Routes
Phase 10 Depositing Routes | Checksum: 2ddd42ded

Time (s): cpu = 00:01:22 ; elapsed = 00:00:42 . Memory (MB): peak = 3014.668 ; gain = 0.000 ; free physical = 8790 ; free virtual = 30861

Phase 11 Post Process Routing
Phase 11 Post Process Routing | Checksum: 2ddd42ded

Time (s): cpu = 00:01:22 ; elapsed = 00:00:42 . Memory (MB): peak = 3014.668 ; gain = 0.000 ; free physical = 8790 ; free virtual = 30861

Phase 12 Post Router Timing
INFO: [Route 35-57] Estimated Timing Summary | WNS=0.293  | TNS=0.000  | WHS=0.033  | THS=0.000  |

INFO: [Route 35-327] The final timing numbers are based on the router estimated timing analysis. For a complete and accurate timing signoff, please run report_timing_summary.
Phase 12 Post Router Timing | Checksum: 2ddd42ded

Time (s): cpu = 00:01:22 ; elapsed = 00:00:42 . Memory (MB): peak = 3014.668 ; gain = 0.000 ; free physical = 8790 ; free virtual = 30861
Total Elapsed time in route_design: 42.46 secs

Phase 13 Post-Route Event Processing
Phase 13 Post-Route Event Processing | Checksum: 1cc12bd45

Time (s): cpu = 00:01:22 ; elapsed = 00:00:42 . Memory (MB): peak = 3014.668 ; gain = 0.000 ; free physical = 8790 ; free virtual = 30861
INFO: [Route 35-16] Router Completed Successfully
Ending Routing Task | Checksum: 1cc12bd45

Time (s): cpu = 00:01:22 ; elapsed = 00:00:43 . Memory (MB): peak = 3014.668 ; gain = 0.000 ; free physical = 8790 ; free virtual = 30861

Routing Is Done.
INFO: [Common 17-83] Releasing license: Implementation
108 Infos, 0 Warnings, 0 Critical Warnings and 0 Errors encountered.
route_design completed successfully
route_design: Time (s): cpu = 00:01:22 ; elapsed = 00:00:43 . Memory (MB): peak = 3014.668 ; gain = 0.000 ; free physical = 8790 ; free virtual = 30861
INFO: [Vivado 12-24828] Executing command : report_drc -file rocketchip_wrapper_drc_routed.rpt -pb rocketchip_wrapper_drc_routed.pb -rpx rocketchip_wrapper_drc_routed.rpx
Command: report_drc -file rocketchip_wrapper_drc_routed.rpt -pb rocketchip_wrapper_drc_routed.pb -rpx rocketchip_wrapper_drc_routed.rpx
INFO: [IP_Flow 19-1839] IP Catalog is up to date.
INFO: [DRC 23-27] Running DRC with 8 threads
INFO: [Vivado_Tcl 2-168] The results of DRC are in file /home/engineer/fpga/worktrees/ips-cache/experiments/IPS-campaign/build-tlb/vivado-project/teaching_pynqz1.runs/impl_1/rocketchip_wrapper_drc_routed.rpt.
report_drc completed successfully
INFO: [Vivado 12-24828] Executing command : report_methodology -file rocketchip_wrapper_methodology_drc_routed.rpt -pb rocketchip_wrapper_methodology_drc_routed.pb -rpx rocketchip_wrapper_methodology_drc_routed.rpx
Command: report_methodology -file rocketchip_wrapper_methodology_drc_routed.rpt -pb rocketchip_wrapper_methodology_drc_routed.pb -rpx rocketchip_wrapper_methodology_drc_routed.rpx
INFO: [Timing 38-35] Done setting XDC timing constraints.
INFO: [DRC 23-133] Running Methodology with 8 threads
INFO: [Vivado_Tcl 2-1520] The results of Report Methodology are in file /home/engineer/fpga/worktrees/ips-cache/experiments/IPS-campaign/build-tlb/vivado-project/teaching_pynqz1.runs/impl_1/rocketchip_wrapper_methodology_drc_routed.rpt.
report_methodology completed successfully
INFO: [Vivado 12-24828] Executing command : report_timing_summary -max_paths 10 -routable_nets -report_unconstrained -file rocketchip_wrapper_timing_summary_routed.rpt -pb rocketchip_wrapper_timing_summary_routed.pb -rpx rocketchip_wrapper_timing_summary_routed.rpx -warn_on_violation 
INFO: [Timing 38-35] Done setting XDC timing constraints.
INFO: [Timing 38-91] UpdateTimingParams: Speed grade: -1, Delay Type: min_max.
INFO: [Timing 38-191] Multithreading enabled for timing update using a maximum of 8 CPUs
INFO: [Vivado 12-24838] Running report commands "report_bus_skew, report_incremental_reuse, report_route_status" in parallel.
Running report generation with 3 threads.
INFO: [Vivado 12-24828] Executing command : report_incremental_reuse -file rocketchip_wrapper_incremental_reuse_routed.rpt
INFO: [Vivado_Tcl 4-1062] Incremental flow is disabled. No incremental reuse Info to report.
INFO: [Vivado 12-24828] Executing command : report_bus_skew -warn_on_violation -file rocketchip_wrapper_bus_skew_routed.rpt -pb rocketchip_wrapper_bus_skew_routed.pb -rpx rocketchip_wrapper_bus_skew_routed.rpx
INFO: [Timing 38-91] UpdateTimingParams: Speed grade: -1, Delay Type: min_max.
INFO: [Timing 38-191] Multithreading enabled for timing update using a maximum of 8 CPUs
INFO: [Vivado 12-24828] Executing command : report_route_status -file rocketchip_wrapper_route_status.rpt -pb rocketchip_wrapper_route_status.pb
INFO: [Vivado 12-24828] Executing command : report_power -file rocketchip_wrapper_power_routed.rpt -pb rocketchip_wrapper_power_summary_routed.pb -rpx rocketchip_wrapper_power_routed.rpx
Command: report_power -file rocketchip_wrapper_power_routed.rpt -pb rocketchip_wrapper_power_summary_routed.pb -rpx rocketchip_wrapper_power_routed.rpx
Running Vector-less Activity Propagation...

Finished Running Vector-less Activity Propagation
WARNING: [Power 33-332] Found switching activity that implies high-fanout reset nets being asserted for excessive periods of time which may result in inaccurate power analysis.
Resolution: To review and fix problems, please run Power Constraints Advisor in the GUI from Tools > Power Constraints Advisor or run report_power with the -advisory option to generate a text report.
128 Infos, 1 Warnings, 0 Critical Warnings and 0 Errors encountered.
report_power completed successfully
INFO: [Vivado 12-24828] Executing command : report_clock_utilization -file rocketchip_wrapper_clock_utilization_routed.rpt
generate_parallel_reports: Time (s): cpu = 00:00:38 ; elapsed = 00:00:11 . Memory (MB): peak = 3090.875 ; gain = 76.207 ; free physical = 8717 ; free virtual = 30797
INFO: [Timing 38-480] Writing timing data to binary archive.
Wrote PlaceDB: Time (s): cpu = 00:00:00 ; elapsed = 00:00:00 . Memory (MB): peak = 3090.875 ; gain = 0.000 ; free physical = 8717 ; free virtual = 30798
Wrote PulsedLatchDB: Time (s): cpu = 00:00:00 ; elapsed = 00:00:00 . Memory (MB): peak = 3090.875 ; gain = 0.000 ; free physical = 8717 ; free virtual = 30798
Writing XDEF routing.
Writing XDEF routing logical nets.
Write ShapeDB Complete: Time (s): cpu = 00:00:00.16 ; elapsed = 00:00:00.04 . Memory (MB): peak = 3090.875 ; gain = 0.000 ; free physical = 8711 ; free virtual = 30793
Writing XDEF routing special nets.
Wrote RouteStorage: Time (s): cpu = 00:00:01 ; elapsed = 00:00:00.28 . Memory (MB): peak = 3090.875 ; gain = 0.000 ; free physical = 8696 ; free virtual = 30787
Wrote PlaceStorage: Time (s): cpu = 00:00:01 ; elapsed = 00:00:00.57 . Memory (MB): peak = 3090.875 ; gain = 0.000 ; free physical = 8674 ; free virtual = 30779
Wrote Netlist Cache: Time (s): cpu = 00:00:00.01 ; elapsed = 00:00:00.02 . Memory (MB): peak = 3090.875 ; gain = 0.000 ; free physical = 8674 ; free virtual = 30781
Wrote Device Cache: Time (s): cpu = 00:00:00.01 ; elapsed = 00:00:00 . Memory (MB): peak = 3090.875 ; gain = 0.000 ; free physical = 8667 ; free virtual = 30774
Write Physdb Complete: Time (s): cpu = 00:00:03 ; elapsed = 00:00:00.88 . Memory (MB): peak = 3090.875 ; gain = 0.000 ; free physical = 8667 ; free virtual = 30774
INFO: [Common 17-1381] The checkpoint '/home/engineer/fpga/worktrees/ips-cache/experiments/IPS-campaign/build-tlb/vivado-project/teaching_pynqz1.runs/impl_1/rocketchip_wrapper_routed.dcp' has been generated.
Command: write_bitstream -force rocketchip_wrapper.bit
Attempting to get a license for feature 'Implementation' and/or device 'xc7z020'
INFO: [Common 17-349] Got license for feature 'Implementation' and/or device 'xc7z020'
Running DRC as a precondition to command write_bitstream
INFO: [IP_Flow 19-1839] IP Catalog is up to date.
INFO: [DRC 23-27] Running DRC with 8 threads
INFO: [Vivado 12-3199] DRC finished with 0 Errors
INFO: [Vivado 12-3200] Please refer to the DRC report (report_drc) for more information.
Integrating Hard IP ELF/MEM with the PDI.
INFO: [Designutils 20-2272] Running write_bitstream with 8 threads.
Loading data files...
Loading site data...
Loading route data...
Processing options...
Creating bitmap...
Creating bitstream...
Writing bitstream ./rocketchip_wrapper.bit...
INFO: [Vivado 12-1842] Bitgen Completed Successfully.
INFO: [Common 17-83] Releasing license: Implementation
139 Infos, 1 Warnings, 0 Critical Warnings and 0 Errors encountered.
write_bitstream completed successfully
write_bitstream: Time (s): cpu = 00:00:29 ; elapsed = 00:00:28 . Memory (MB): peak = 3381.590 ; gain = 290.715 ; free physical = 8361 ; free virtual = 30455
INFO: [Common 17-206] Exiting Vivado at Fri Sep 25 00:01:12 2026...
